2026-02-28 12:30:57,595 [INFO] ============================================================
2026-02-28 12:30:57,595 [INFO] Checkpoint daemon started
2026-02-28 12:30:57,595 [INFO]   run_dir:            /shared/matan/code/pass_at_k/logs/VerlRun/02/28/hidden_biomath_qwen3_4bi_17_30_q8zy0i69
2026-02-28 12:30:57,595 [INFO]   verl_pid:           1816844
2026-02-28 12:30:57,595 [INFO]   poll_interval:      300.0s
2026-02-28 12:30:57,595 [INFO]   clean_after_backup: True
2026-02-28 12:30:57,601 [INFO]   dvc_root:           /shared/matan/code/pass_at_k
2026-02-28 12:30:57,601 [INFO] ============================================================
2026-02-28 12:30:57,607 [DEBUG] No non-empty checkpoints found
2026-02-28 12:30:57,608 [DEBUG] Sleeping 300.0s until next poll
2026-02-28 12:35:57,710 [DEBUG] No non-empty checkpoints found
2026-02-28 12:35:57,712 [DEBUG] Sleeping 300.0s until next poll
2026-02-28 12:40:57,830 [DEBUG] No non-empty checkpoints found
2026-02-28 12:40:57,832 [DEBUG] Sleeping 300.0s until next poll
2026-02-28 12:45:57,914 [DEBUG] No non-empty checkpoints found
2026-02-28 12:45:57,915 [DEBUG] Sleeping 300.0s until next poll
2026-02-28 12:50:58,015 [DEBUG] No non-empty checkpoints found
2026-02-28 12:50:58,017 [DEBUG] Sleeping 300.0s until next poll
2026-02-28 12:55:58,128 [DEBUG] No non-empty checkpoints found
2026-02-28 12:55:58,129 [DEBUG] Sleeping 300.0s until next poll
2026-02-28 13:00:58,206 [INFO] Verl process (PID 1816844) has exited. Running final backup pass.
2026-02-28 13:00:58,228 [DEBUG] No non-empty checkpoints found
2026-02-28 13:00:58,228 [INFO] Final backup pass complete. Daemon exiting.
