2026-03-01 13:22:03,873 [INFO] ============================================================
2026-03-01 13:22:03,873 [INFO] Checkpoint daemon started
2026-03-01 13:22:03,873 [INFO]   run_dir:            /shared/matan/code/pass_at_k/logs/VerlRun/03/01/hidden_biomath_qwen3_4bi_18_21_1kjyb3bz
2026-03-01 13:22:03,873 [INFO]   verl_pid:           2890991
2026-03-01 13:22:03,873 [INFO]   poll_interval:      300.0s
2026-03-01 13:22:03,873 [INFO]   clean_after_backup: True
2026-03-01 13:22:03,873 [INFO]   dvc_root:           /shared/matan/code/pass_at_k
2026-03-01 13:22:03,873 [INFO] ============================================================
2026-03-01 13:22:03,873 [DEBUG] No non-empty checkpoints found
2026-03-01 13:22:03,873 [DEBUG] Sleeping 300.0s until next poll
2026-03-01 13:27:03,970 [DEBUG] No non-empty checkpoints found
2026-03-01 13:27:03,970 [DEBUG] Sleeping 300.0s until next poll
2026-03-01 13:32:04,067 [DEBUG] No non-empty checkpoints found
2026-03-01 13:32:04,067 [DEBUG] Sleeping 300.0s until next poll
2026-03-01 13:37:04,166 [DEBUG] No non-empty checkpoints found
2026-03-01 13:37:04,166 [DEBUG] Sleeping 300.0s until next poll
2026-03-01 13:42:04,266 [DEBUG] No non-empty checkpoints found
2026-03-01 13:42:04,266 [DEBUG] Sleeping 300.0s until next poll
2026-03-01 13:47:04,367 [DEBUG] No non-empty checkpoints found
2026-03-01 13:47:04,367 [DEBUG] Sleeping 300.0s until next poll
2026-03-01 13:52:04,467 [DEBUG] No non-empty checkpoints found
2026-03-01 13:52:04,467 [DEBUG] Sleeping 300.0s until next poll
2026-03-01 13:57:04,567 [DEBUG] No non-empty checkpoints found
2026-03-01 13:57:04,568 [DEBUG] Sleeping 300.0s until next poll
2026-03-01 14:02:04,668 [DEBUG] No non-empty checkpoints found
2026-03-01 14:02:04,668 [DEBUG] Sleeping 300.0s until next poll
2026-03-01 14:07:04,767 [DEBUG] No non-empty checkpoints found
2026-03-01 14:07:04,768 [DEBUG] Sleeping 300.0s until next poll
2026-03-01 14:12:04,867 [DEBUG] No non-empty checkpoints found
2026-03-01 14:12:04,867 [DEBUG] Sleeping 300.0s until next poll
2026-03-01 14:17:04,964 [DEBUG] No non-empty checkpoints found
2026-03-01 14:17:04,965 [DEBUG] Sleeping 300.0s until next poll
2026-03-01 14:22:05,061 [DEBUG] No non-empty checkpoints found
2026-03-01 14:22:05,061 [DEBUG] Sleeping 300.0s until next poll
2026-03-01 14:27:05,157 [DEBUG] No non-empty checkpoints found
2026-03-01 14:27:05,157 [DEBUG] Sleeping 300.0s until next poll
2026-03-01 14:32:05,252 [DEBUG] No non-empty checkpoints found
2026-03-01 14:32:05,252 [DEBUG] Sleeping 300.0s until next poll
2026-03-01 14:37:05,353 [DEBUG] No non-empty checkpoints found
2026-03-01 14:37:05,353 [DEBUG] Sleeping 300.0s until next poll
2026-03-01 14:42:05,441 [DEBUG] No non-empty checkpoints found
2026-03-01 14:42:05,442 [DEBUG] Sleeping 300.0s until next poll
2026-03-01 14:47:05,538 [DEBUG] No non-empty checkpoints found
2026-03-01 14:47:05,538 [DEBUG] Sleeping 300.0s until next poll
2026-03-01 14:52:05,638 [DEBUG] No non-empty checkpoints found
2026-03-01 14:52:05,638 [DEBUG] Sleeping 300.0s until next poll
2026-03-01 14:57:05,737 [DEBUG] No non-empty checkpoints found
2026-03-01 14:57:05,737 [DEBUG] Sleeping 300.0s until next poll
2026-03-01 15:02:05,834 [DEBUG] No non-empty checkpoints found
2026-03-01 15:02:05,834 [DEBUG] Sleeping 300.0s until next poll
2026-03-01 15:07:05,934 [INFO] New complete checkpoints to backup: [40]
2026-03-01 15:07:05,934 [INFO] Running: dvc add logs/VerlRun/03/01/hidden_biomath_qwen3_4bi_18_21_1kjyb3bz/checkpoints/global_step_40
2026-03-01 15:07:06,240 [ERROR] dvc add failed for global_step_40: ERROR: unexpected error - cannot import name '_DIR_MARK' from 'pathspec.patterns.gitwildmatch' (/home/matan/shared/.conda/envs/hope/lib/python3.10/site-packages/pathspec/patterns/gitwildmatch.py)

Having any troubles? Hit us up at https://dvc.org/support, we are always happy to help!
2026-03-01 15:07:06,240 [WARNING] DVC add/push failed for global_step_40 — will retry next poll
2026-03-01 15:07:06,240 [DEBUG] Sleeping 300.0s until next poll
2026-03-01 15:12:06,338 [INFO] New complete checkpoints to backup: [40]
2026-03-01 15:12:06,339 [INFO] Running: dvc add logs/VerlRun/03/01/hidden_biomath_qwen3_4bi_18_21_1kjyb3bz/checkpoints/global_step_40
2026-03-01 15:12:06,646 [ERROR] dvc add failed for global_step_40: ERROR: unexpected error - cannot import name '_DIR_MARK' from 'pathspec.patterns.gitwildmatch' (/home/matan/shared/.conda/envs/hope/lib/python3.10/site-packages/pathspec/patterns/gitwildmatch.py)

Having any troubles? Hit us up at https://dvc.org/support, we are always happy to help!
2026-03-01 15:12:06,646 [WARNING] DVC add/push failed for global_step_40 — will retry next poll
2026-03-01 15:12:06,646 [DEBUG] Sleeping 300.0s until next poll
2026-03-01 15:17:06,742 [INFO] New complete checkpoints to backup: [40]
2026-03-01 15:17:06,742 [INFO] Running: dvc add logs/VerlRun/03/01/hidden_biomath_qwen3_4bi_18_21_1kjyb3bz/checkpoints/global_step_40
2026-03-01 15:17:07,042 [ERROR] dvc add failed for global_step_40: ERROR: unexpected error - cannot import name '_DIR_MARK' from 'pathspec.patterns.gitwildmatch' (/home/matan/shared/.conda/envs/hope/lib/python3.10/site-packages/pathspec/patterns/gitwildmatch.py)

Having any troubles? Hit us up at https://dvc.org/support, we are always happy to help!
2026-03-01 15:17:07,042 [WARNING] DVC add/push failed for global_step_40 — will retry next poll
2026-03-01 15:17:07,042 [DEBUG] Sleeping 300.0s until next poll
2026-03-01 15:22:07,139 [INFO] New complete checkpoints to backup: [40]
2026-03-01 15:22:07,140 [INFO] Running: dvc add logs/VerlRun/03/01/hidden_biomath_qwen3_4bi_18_21_1kjyb3bz/checkpoints/global_step_40
2026-03-01 15:22:07,445 [ERROR] dvc add failed for global_step_40: ERROR: unexpected error - cannot import name '_DIR_MARK' from 'pathspec.patterns.gitwildmatch' (/home/matan/shared/.conda/envs/hope/lib/python3.10/site-packages/pathspec/patterns/gitwildmatch.py)

Having any troubles? Hit us up at https://dvc.org/support, we are always happy to help!
2026-03-01 15:22:07,445 [WARNING] DVC add/push failed for global_step_40 — will retry next poll
2026-03-01 15:22:07,445 [DEBUG] Sleeping 300.0s until next poll
2026-03-01 15:27:07,543 [INFO] New complete checkpoints to backup: [40]
2026-03-01 15:27:07,543 [INFO] Running: dvc add logs/VerlRun/03/01/hidden_biomath_qwen3_4bi_18_21_1kjyb3bz/checkpoints/global_step_40
2026-03-01 15:27:07,854 [ERROR] dvc add failed for global_step_40: ERROR: unexpected error - cannot import name '_DIR_MARK' from 'pathspec.patterns.gitwildmatch' (/home/matan/shared/.conda/envs/hope/lib/python3.10/site-packages/pathspec/patterns/gitwildmatch.py)

Having any troubles? Hit us up at https://dvc.org/support, we are always happy to help!
2026-03-01 15:27:07,855 [WARNING] DVC add/push failed for global_step_40 — will retry next poll
2026-03-01 15:27:07,855 [DEBUG] Sleeping 300.0s until next poll
2026-03-01 15:32:07,954 [INFO] New complete checkpoints to backup: [40]
2026-03-01 15:32:07,954 [INFO] Running: dvc add logs/VerlRun/03/01/hidden_biomath_qwen3_4bi_18_21_1kjyb3bz/checkpoints/global_step_40
2026-03-01 15:32:08,265 [ERROR] dvc add failed for global_step_40: ERROR: unexpected error - cannot import name '_DIR_MARK' from 'pathspec.patterns.gitwildmatch' (/home/matan/shared/.conda/envs/hope/lib/python3.10/site-packages/pathspec/patterns/gitwildmatch.py)

Having any troubles? Hit us up at https://dvc.org/support, we are always happy to help!
2026-03-01 15:32:08,265 [WARNING] DVC add/push failed for global_step_40 — will retry next poll
2026-03-01 15:32:08,265 [DEBUG] Sleeping 300.0s until next poll
2026-03-01 15:37:08,364 [INFO] New complete checkpoints to backup: [40]
2026-03-01 15:37:08,365 [INFO] Running: dvc add logs/VerlRun/03/01/hidden_biomath_qwen3_4bi_18_21_1kjyb3bz/checkpoints/global_step_40
2026-03-01 15:37:08,670 [ERROR] dvc add failed for global_step_40: ERROR: unexpected error - cannot import name '_DIR_MARK' from 'pathspec.patterns.gitwildmatch' (/home/matan/shared/.conda/envs/hope/lib/python3.10/site-packages/pathspec/patterns/gitwildmatch.py)

Having any troubles? Hit us up at https://dvc.org/support, we are always happy to help!
2026-03-01 15:37:08,670 [WARNING] DVC add/push failed for global_step_40 — will retry next poll
2026-03-01 15:37:08,670 [DEBUG] Sleeping 300.0s until next poll
2026-03-01 15:42:08,767 [INFO] New complete checkpoints to backup: [40]
2026-03-01 15:42:08,768 [INFO] Running: dvc add logs/VerlRun/03/01/hidden_biomath_qwen3_4bi_18_21_1kjyb3bz/checkpoints/global_step_40
2026-03-01 15:42:09,092 [ERROR] dvc add failed for global_step_40: ERROR: unexpected error - cannot import name '_DIR_MARK' from 'pathspec.patterns.gitwildmatch' (/home/matan/shared/.conda/envs/hope/lib/python3.10/site-packages/pathspec/patterns/gitwildmatch.py)

Having any troubles? Hit us up at https://dvc.org/support, we are always happy to help!
2026-03-01 15:42:09,092 [WARNING] DVC add/push failed for global_step_40 — will retry next poll
2026-03-01 15:42:09,092 [DEBUG] Sleeping 300.0s until next poll
2026-03-01 15:47:09,190 [INFO] New complete checkpoints to backup: [40]
2026-03-01 15:47:09,190 [INFO] Running: dvc add logs/VerlRun/03/01/hidden_biomath_qwen3_4bi_18_21_1kjyb3bz/checkpoints/global_step_40
2026-03-01 15:47:09,499 [ERROR] dvc add failed for global_step_40: ERROR: unexpected error - cannot import name '_DIR_MARK' from 'pathspec.patterns.gitwildmatch' (/home/matan/shared/.conda/envs/hope/lib/python3.10/site-packages/pathspec/patterns/gitwildmatch.py)

Having any troubles? Hit us up at https://dvc.org/support, we are always happy to help!
2026-03-01 15:47:09,499 [WARNING] DVC add/push failed for global_step_40 — will retry next poll
2026-03-01 15:47:09,499 [DEBUG] Sleeping 300.0s until next poll
2026-03-01 15:52:09,596 [INFO] New complete checkpoints to backup: [40]
2026-03-01 15:52:09,596 [INFO] Running: dvc add logs/VerlRun/03/01/hidden_biomath_qwen3_4bi_18_21_1kjyb3bz/checkpoints/global_step_40
2026-03-01 15:52:09,904 [ERROR] dvc add failed for global_step_40: ERROR: unexpected error - cannot import name '_DIR_MARK' from 'pathspec.patterns.gitwildmatch' (/home/matan/shared/.conda/envs/hope/lib/python3.10/site-packages/pathspec/patterns/gitwildmatch.py)

Having any troubles? Hit us up at https://dvc.org/support, we are always happy to help!
2026-03-01 15:52:09,904 [WARNING] DVC add/push failed for global_step_40 — will retry next poll
2026-03-01 15:52:09,904 [DEBUG] Sleeping 300.0s until next poll
2026-03-01 15:57:10,003 [INFO] New complete checkpoints to backup: [40]
2026-03-01 15:57:10,003 [INFO] Running: dvc add logs/VerlRun/03/01/hidden_biomath_qwen3_4bi_18_21_1kjyb3bz/checkpoints/global_step_40
2026-03-01 15:57:10,323 [ERROR] dvc add failed for global_step_40: ERROR: unexpected error - cannot import name '_DIR_MARK' from 'pathspec.patterns.gitwildmatch' (/home/matan/shared/.conda/envs/hope/lib/python3.10/site-packages/pathspec/patterns/gitwildmatch.py)

Having any troubles? Hit us up at https://dvc.org/support, we are always happy to help!
2026-03-01 15:57:10,323 [WARNING] DVC add/push failed for global_step_40 — will retry next poll
2026-03-01 15:57:10,323 [DEBUG] Sleeping 300.0s until next poll
2026-03-01 16:02:10,423 [INFO] New complete checkpoints to backup: [40]
2026-03-01 16:02:10,423 [INFO] Running: dvc add logs/VerlRun/03/01/hidden_biomath_qwen3_4bi_18_21_1kjyb3bz/checkpoints/global_step_40
2026-03-01 16:02:10,740 [ERROR] dvc add failed for global_step_40: ERROR: unexpected error - cannot import name '_DIR_MARK' from 'pathspec.patterns.gitwildmatch' (/home/matan/shared/.conda/envs/hope/lib/python3.10/site-packages/pathspec/patterns/gitwildmatch.py)

Having any troubles? Hit us up at https://dvc.org/support, we are always happy to help!
2026-03-01 16:02:10,740 [WARNING] DVC add/push failed for global_step_40 — will retry next poll
2026-03-01 16:02:10,740 [DEBUG] Sleeping 300.0s until next poll
2026-03-01 16:07:10,840 [INFO] New complete checkpoints to backup: [40]
2026-03-01 16:07:10,840 [INFO] Running: dvc add logs/VerlRun/03/01/hidden_biomath_qwen3_4bi_18_21_1kjyb3bz/checkpoints/global_step_40
2026-03-01 16:07:11,150 [ERROR] dvc add failed for global_step_40: ERROR: unexpected error - cannot import name '_DIR_MARK' from 'pathspec.patterns.gitwildmatch' (/home/matan/shared/.conda/envs/hope/lib/python3.10/site-packages/pathspec/patterns/gitwildmatch.py)

Having any troubles? Hit us up at https://dvc.org/support, we are always happy to help!
2026-03-01 16:07:11,150 [WARNING] DVC add/push failed for global_step_40 — will retry next poll
2026-03-01 16:07:11,150 [DEBUG] Sleeping 300.0s until next poll
2026-03-01 16:12:11,247 [INFO] New complete checkpoints to backup: [40]
2026-03-01 16:12:11,247 [INFO] Running: dvc add logs/VerlRun/03/01/hidden_biomath_qwen3_4bi_18_21_1kjyb3bz/checkpoints/global_step_40
2026-03-01 16:12:11,584 [ERROR] dvc add failed for global_step_40: ERROR: unexpected error - cannot import name '_DIR_MARK' from 'pathspec.patterns.gitwildmatch' (/home/matan/shared/.conda/envs/hope/lib/python3.10/site-packages/pathspec/patterns/gitwildmatch.py)

Having any troubles? Hit us up at https://dvc.org/support, we are always happy to help!
2026-03-01 16:12:11,584 [WARNING] DVC add/push failed for global_step_40 — will retry next poll
2026-03-01 16:12:11,584 [DEBUG] Sleeping 300.0s until next poll
2026-03-01 16:17:11,681 [INFO] New complete checkpoints to backup: [40]
2026-03-01 16:17:11,681 [INFO] Running: dvc add logs/VerlRun/03/01/hidden_biomath_qwen3_4bi_18_21_1kjyb3bz/checkpoints/global_step_40
2026-03-01 16:17:11,995 [ERROR] dvc add failed for global_step_40: ERROR: unexpected error - cannot import name '_DIR_MARK' from 'pathspec.patterns.gitwildmatch' (/home/matan/shared/.conda/envs/hope/lib/python3.10/site-packages/pathspec/patterns/gitwildmatch.py)

Having any troubles? Hit us up at https://dvc.org/support, we are always happy to help!
2026-03-01 16:17:11,995 [WARNING] DVC add/push failed for global_step_40 — will retry next poll
2026-03-01 16:17:11,995 [DEBUG] Sleeping 300.0s until next poll
2026-03-01 16:22:12,095 [INFO] New complete checkpoints to backup: [40]
2026-03-01 16:22:12,096 [INFO] Running: dvc add logs/VerlRun/03/01/hidden_biomath_qwen3_4bi_18_21_1kjyb3bz/checkpoints/global_step_40
2026-03-01 16:22:12,412 [ERROR] dvc add failed for global_step_40: ERROR: unexpected error - cannot import name '_DIR_MARK' from 'pathspec.patterns.gitwildmatch' (/home/matan/shared/.conda/envs/hope/lib/python3.10/site-packages/pathspec/patterns/gitwildmatch.py)

Having any troubles? Hit us up at https://dvc.org/support, we are always happy to help!
2026-03-01 16:22:12,412 [WARNING] DVC add/push failed for global_step_40 — will retry next poll
2026-03-01 16:22:12,412 [DEBUG] Sleeping 300.0s until next poll
2026-03-01 16:27:12,510 [INFO] New complete checkpoints to backup: [40]
2026-03-01 16:27:12,510 [INFO] Running: dvc add logs/VerlRun/03/01/hidden_biomath_qwen3_4bi_18_21_1kjyb3bz/checkpoints/global_step_40
2026-03-01 16:27:12,822 [ERROR] dvc add failed for global_step_40: ERROR: unexpected error - cannot import name '_DIR_MARK' from 'pathspec.patterns.gitwildmatch' (/home/matan/shared/.conda/envs/hope/lib/python3.10/site-packages/pathspec/patterns/gitwildmatch.py)

Having any troubles? Hit us up at https://dvc.org/support, we are always happy to help!
2026-03-01 16:27:12,822 [WARNING] DVC add/push failed for global_step_40 — will retry next poll
2026-03-01 16:27:12,822 [DEBUG] Sleeping 300.0s until next poll
2026-03-01 16:32:12,921 [INFO] New complete checkpoints to backup: [40]
2026-03-01 16:32:12,921 [INFO] Running: dvc add logs/VerlRun/03/01/hidden_biomath_qwen3_4bi_18_21_1kjyb3bz/checkpoints/global_step_40
2026-03-01 16:32:13,223 [ERROR] dvc add failed for global_step_40: ERROR: unexpected error - cannot import name '_DIR_MARK' from 'pathspec.patterns.gitwildmatch' (/home/matan/shared/.conda/envs/hope/lib/python3.10/site-packages/pathspec/patterns/gitwildmatch.py)

Having any troubles? Hit us up at https://dvc.org/support, we are always happy to help!
2026-03-01 16:32:13,223 [WARNING] DVC add/push failed for global_step_40 — will retry next poll
2026-03-01 16:32:13,223 [DEBUG] Sleeping 300.0s until next poll
2026-03-01 16:37:13,275 [INFO] Verl process (PID 2890991) has exited. Running final backup pass.
2026-03-01 16:37:13,276 [INFO] New complete checkpoints to backup: [40]
2026-03-01 16:37:13,276 [INFO] Running: dvc add logs/VerlRun/03/01/hidden_biomath_qwen3_4bi_18_21_1kjyb3bz/checkpoints/global_step_40
2026-03-01 16:37:13,588 [ERROR] dvc add failed for global_step_40: ERROR: unexpected error - cannot import name '_DIR_MARK' from 'pathspec.patterns.gitwildmatch' (/home/matan/shared/.conda/envs/hope/lib/python3.10/site-packages/pathspec/patterns/gitwildmatch.py)

Having any troubles? Hit us up at https://dvc.org/support, we are always happy to help!
2026-03-01 16:37:13,588 [WARNING] DVC add/push failed for global_step_40 — will retry next poll
2026-03-01 16:37:13,588 [INFO] Final backup pass complete. Daemon exiting.
