2026-02-26 15:44:57,949 [INFO] ============================================================
2026-02-26 15:44:57,949 [INFO] Checkpoint daemon started
2026-02-26 15:44:57,949 [INFO]   run_dir:            /shared/matan/code/pass_at_k/logs/VerlRun/02/26/benign_llama3_1_8b_defmain_20_44_wzrtmado
2026-02-26 15:44:57,949 [INFO]   verl_pid:           2049149
2026-02-26 15:44:57,949 [INFO]   poll_interval:      300.0s
2026-02-26 15:44:57,949 [INFO]   clean_after_backup: True
2026-02-26 15:44:57,949 [INFO]   dvc_root:           /shared/matan/code/pass_at_k
2026-02-26 15:44:57,949 [INFO] ============================================================
2026-02-26 15:44:57,949 [DEBUG] No non-empty checkpoints found
2026-02-26 15:44:57,949 [DEBUG] Sleeping 300.0s until next poll
2026-02-26 15:49:58,049 [DEBUG] No non-empty checkpoints found
2026-02-26 15:49:58,049 [DEBUG] Sleeping 300.0s until next poll
2026-02-26 15:54:58,148 [DEBUG] No non-empty checkpoints found
2026-02-26 15:54:58,150 [DEBUG] Sleeping 300.0s until next poll
2026-02-26 15:59:58,244 [DEBUG] No non-empty checkpoints found
2026-02-26 15:59:58,245 [DEBUG] Sleeping 300.0s until next poll
2026-02-26 16:04:58,344 [DEBUG] No non-empty checkpoints found
2026-02-26 16:04:58,344 [DEBUG] Sleeping 300.0s until next poll
2026-02-26 16:09:58,444 [DEBUG] No non-empty checkpoints found
2026-02-26 16:09:58,444 [DEBUG] Sleeping 300.0s until next poll
2026-02-26 16:14:58,544 [DEBUG] No non-empty checkpoints found
2026-02-26 16:14:58,544 [DEBUG] Sleeping 300.0s until next poll
2026-02-26 16:19:58,642 [DEBUG] No non-empty checkpoints found
2026-02-26 16:19:58,642 [DEBUG] Sleeping 300.0s until next poll
2026-02-26 16:24:58,743 [DEBUG] No non-empty checkpoints found
2026-02-26 16:24:58,743 [DEBUG] Sleeping 300.0s until next poll
2026-02-26 16:29:58,842 [DEBUG] No non-empty checkpoints found
2026-02-26 16:29:58,842 [DEBUG] Sleeping 300.0s until next poll
2026-02-26 16:34:58,937 [DEBUG] No non-empty checkpoints found
2026-02-26 16:34:58,937 [DEBUG] Sleeping 300.0s until next poll
2026-02-26 16:39:59,036 [INFO] New complete checkpoints to backup: [40]
2026-02-26 16:39:59,036 [INFO] Running: dvc add logs/VerlRun/02/26/benign_llama3_1_8b_defmain_20_44_wzrtmado/checkpoints/global_step_40
2026-02-26 16:39:59,587 [ERROR] dvc add failed for global_step_40: ERROR: bad DVC file name 'logs/VerlRun/02/26/benign_llama3_1_8b_defmain_20_44_wzrtmado/checkpoints/global_step_40.dvc' is git-ignored.
2026-02-26 16:39:59,587 [WARNING] DVC add/push failed for global_step_40 — will retry next poll
2026-02-26 16:39:59,587 [DEBUG] Sleeping 300.0s until next poll
2026-02-26 16:44:59,686 [INFO] New complete checkpoints to backup: [40]
2026-02-26 16:44:59,686 [INFO] Running: dvc add logs/VerlRun/02/26/benign_llama3_1_8b_defmain_20_44_wzrtmado/checkpoints/global_step_40
2026-02-26 16:45:00,267 [ERROR] dvc add failed for global_step_40: ERROR: bad DVC file name 'logs/VerlRun/02/26/benign_llama3_1_8b_defmain_20_44_wzrtmado/checkpoints/global_step_40.dvc' is git-ignored.
2026-02-26 16:45:00,267 [WARNING] DVC add/push failed for global_step_40 — will retry next poll
2026-02-26 16:45:00,267 [DEBUG] Sleeping 300.0s until next poll
2026-02-26 16:50:00,367 [INFO] New complete checkpoints to backup: [40]
2026-02-26 16:50:00,367 [INFO] Running: dvc add logs/VerlRun/02/26/benign_llama3_1_8b_defmain_20_44_wzrtmado/checkpoints/global_step_40
2026-02-26 16:50:00,947 [ERROR] dvc add failed for global_step_40: ERROR: bad DVC file name 'logs/VerlRun/02/26/benign_llama3_1_8b_defmain_20_44_wzrtmado/checkpoints/global_step_40.dvc' is git-ignored.
2026-02-26 16:50:00,947 [WARNING] DVC add/push failed for global_step_40 — will retry next poll
2026-02-26 16:50:00,947 [DEBUG] Sleeping 300.0s until next poll
2026-02-26 16:55:01,046 [INFO] New complete checkpoints to backup: [40]
2026-02-26 16:55:01,046 [INFO] Running: dvc add logs/VerlRun/02/26/benign_llama3_1_8b_defmain_20_44_wzrtmado/checkpoints/global_step_40
2026-02-26 16:55:01,720 [ERROR] dvc add failed for global_step_40: ERROR: bad DVC file name 'logs/VerlRun/02/26/benign_llama3_1_8b_defmain_20_44_wzrtmado/checkpoints/global_step_40.dvc' is git-ignored.
2026-02-26 16:55:01,721 [WARNING] DVC add/push failed for global_step_40 — will retry next poll
2026-02-26 16:55:01,721 [DEBUG] Sleeping 300.0s until next poll
2026-02-26 17:00:01,821 [INFO] New complete checkpoints to backup: [40]
2026-02-26 17:00:01,821 [INFO] Running: dvc add logs/VerlRun/02/26/benign_llama3_1_8b_defmain_20_44_wzrtmado/checkpoints/global_step_40
2026-02-26 17:00:02,378 [ERROR] dvc add failed for global_step_40: ERROR: bad DVC file name 'logs/VerlRun/02/26/benign_llama3_1_8b_defmain_20_44_wzrtmado/checkpoints/global_step_40.dvc' is git-ignored.
2026-02-26 17:00:02,378 [WARNING] DVC add/push failed for global_step_40 — will retry next poll
2026-02-26 17:00:02,378 [DEBUG] Sleeping 300.0s until next poll
2026-02-26 17:05:02,477 [INFO] New complete checkpoints to backup: [40]
2026-02-26 17:05:02,477 [INFO] Running: dvc add logs/VerlRun/02/26/benign_llama3_1_8b_defmain_20_44_wzrtmado/checkpoints/global_step_40
2026-02-26 17:05:03,034 [ERROR] dvc add failed for global_step_40: ERROR: bad DVC file name 'logs/VerlRun/02/26/benign_llama3_1_8b_defmain_20_44_wzrtmado/checkpoints/global_step_40.dvc' is git-ignored.
2026-02-26 17:05:03,034 [WARNING] DVC add/push failed for global_step_40 — will retry next poll
2026-02-26 17:05:03,034 [DEBUG] Sleeping 300.0s until next poll
2026-02-26 17:10:03,134 [INFO] New complete checkpoints to backup: [40]
2026-02-26 17:10:03,135 [INFO] Running: dvc add logs/VerlRun/02/26/benign_llama3_1_8b_defmain_20_44_wzrtmado/checkpoints/global_step_40
2026-02-26 17:10:04,348 [ERROR] dvc add failed for global_step_40: ERROR: bad DVC file name 'logs/VerlRun/02/26/benign_llama3_1_8b_defmain_20_44_wzrtmado/checkpoints/global_step_40.dvc' is git-ignored.
2026-02-26 17:10:04,349 [WARNING] DVC add/push failed for global_step_40 — will retry next poll
2026-02-26 17:10:04,349 [DEBUG] Sleeping 300.0s until next poll
2026-02-26 17:15:04,449 [INFO] New complete checkpoints to backup: [40]
2026-02-26 17:15:04,449 [INFO] Running: dvc add logs/VerlRun/02/26/benign_llama3_1_8b_defmain_20_44_wzrtmado/checkpoints/global_step_40
2026-02-26 17:15:04,984 [ERROR] dvc add failed for global_step_40: ERROR: bad DVC file name 'logs/VerlRun/02/26/benign_llama3_1_8b_defmain_20_44_wzrtmado/checkpoints/global_step_40.dvc' is git-ignored.
2026-02-26 17:15:04,984 [WARNING] DVC add/push failed for global_step_40 — will retry next poll
2026-02-26 17:15:04,984 [DEBUG] Sleeping 300.0s until next poll
2026-02-26 17:20:05,083 [INFO] New complete checkpoints to backup: [40, 80]
2026-02-26 17:20:05,084 [INFO] Running: dvc add logs/VerlRun/02/26/benign_llama3_1_8b_defmain_20_44_wzrtmado/checkpoints/global_step_40
2026-02-26 17:20:05,632 [ERROR] dvc add failed for global_step_40: ERROR: bad DVC file name 'logs/VerlRun/02/26/benign_llama3_1_8b_defmain_20_44_wzrtmado/checkpoints/global_step_40.dvc' is git-ignored.
2026-02-26 17:20:05,632 [WARNING] DVC add/push failed for global_step_40 — will retry next poll
2026-02-26 17:20:05,632 [INFO] Running: dvc add logs/VerlRun/02/26/benign_llama3_1_8b_defmain_20_44_wzrtmado/checkpoints/global_step_80
2026-02-26 17:20:06,142 [ERROR] dvc add failed for global_step_80: ERROR: bad DVC file name 'logs/VerlRun/02/26/benign_llama3_1_8b_defmain_20_44_wzrtmado/checkpoints/global_step_80.dvc' is git-ignored.
2026-02-26 17:20:06,142 [WARNING] DVC add/push failed for global_step_80 — will retry next poll
2026-02-26 17:20:06,142 [DEBUG] Sleeping 300.0s until next poll
2026-02-26 17:25:06,242 [INFO] New complete checkpoints to backup: [40, 80]
2026-02-26 17:25:06,242 [INFO] Running: dvc add logs/VerlRun/02/26/benign_llama3_1_8b_defmain_20_44_wzrtmado/checkpoints/global_step_40
2026-02-26 17:25:06,779 [ERROR] dvc add failed for global_step_40: ERROR: bad DVC file name 'logs/VerlRun/02/26/benign_llama3_1_8b_defmain_20_44_wzrtmado/checkpoints/global_step_40.dvc' is git-ignored.
2026-02-26 17:25:06,780 [WARNING] DVC add/push failed for global_step_40 — will retry next poll
2026-02-26 17:25:06,780 [INFO] Running: dvc add logs/VerlRun/02/26/benign_llama3_1_8b_defmain_20_44_wzrtmado/checkpoints/global_step_80
2026-02-26 17:25:07,308 [ERROR] dvc add failed for global_step_80: ERROR: bad DVC file name 'logs/VerlRun/02/26/benign_llama3_1_8b_defmain_20_44_wzrtmado/checkpoints/global_step_80.dvc' is git-ignored.
2026-02-26 17:25:07,308 [WARNING] DVC add/push failed for global_step_80 — will retry next poll
2026-02-26 17:25:07,308 [DEBUG] Sleeping 300.0s until next poll
2026-02-26 17:30:07,409 [INFO] New complete checkpoints to backup: [40, 80]
2026-02-26 17:30:07,409 [INFO] Running: dvc add logs/VerlRun/02/26/benign_llama3_1_8b_defmain_20_44_wzrtmado/checkpoints/global_step_40
2026-02-26 17:30:08,076 [ERROR] dvc add failed for global_step_40: ERROR: bad DVC file name 'logs/VerlRun/02/26/benign_llama3_1_8b_defmain_20_44_wzrtmado/checkpoints/global_step_40.dvc' is git-ignored.
2026-02-26 17:30:08,076 [WARNING] DVC add/push failed for global_step_40 — will retry next poll
2026-02-26 17:30:08,076 [INFO] Running: dvc add logs/VerlRun/02/26/benign_llama3_1_8b_defmain_20_44_wzrtmado/checkpoints/global_step_80
2026-02-26 17:30:08,701 [ERROR] dvc add failed for global_step_80: ERROR: bad DVC file name 'logs/VerlRun/02/26/benign_llama3_1_8b_defmain_20_44_wzrtmado/checkpoints/global_step_80.dvc' is git-ignored.
2026-02-26 17:30:08,701 [WARNING] DVC add/push failed for global_step_80 — will retry next poll
2026-02-26 17:30:08,701 [DEBUG] Sleeping 300.0s until next poll
2026-02-26 17:35:08,798 [INFO] New complete checkpoints to backup: [40, 80]
2026-02-26 17:35:08,798 [INFO] Running: dvc add logs/VerlRun/02/26/benign_llama3_1_8b_defmain_20_44_wzrtmado/checkpoints/global_step_40
2026-02-26 17:35:09,424 [ERROR] dvc add failed for global_step_40: ERROR: bad DVC file name 'logs/VerlRun/02/26/benign_llama3_1_8b_defmain_20_44_wzrtmado/checkpoints/global_step_40.dvc' is git-ignored.
2026-02-26 17:35:09,424 [WARNING] DVC add/push failed for global_step_40 — will retry next poll
2026-02-26 17:35:09,424 [INFO] Running: dvc add logs/VerlRun/02/26/benign_llama3_1_8b_defmain_20_44_wzrtmado/checkpoints/global_step_80
2026-02-26 17:35:10,038 [ERROR] dvc add failed for global_step_80: ERROR: bad DVC file name 'logs/VerlRun/02/26/benign_llama3_1_8b_defmain_20_44_wzrtmado/checkpoints/global_step_80.dvc' is git-ignored.
2026-02-26 17:35:10,038 [WARNING] DVC add/push failed for global_step_80 — will retry next poll
2026-02-26 17:35:10,038 [DEBUG] Sleeping 300.0s until next poll
2026-02-26 17:40:10,138 [INFO] New complete checkpoints to backup: [40, 80]
2026-02-26 17:40:10,139 [INFO] Running: dvc add logs/VerlRun/02/26/benign_llama3_1_8b_defmain_20_44_wzrtmado/checkpoints/global_step_40
2026-02-26 17:40:11,105 [ERROR] dvc add failed for global_step_40: ERROR: bad DVC file name 'logs/VerlRun/02/26/benign_llama3_1_8b_defmain_20_44_wzrtmado/checkpoints/global_step_40.dvc' is git-ignored.
2026-02-26 17:40:11,105 [WARNING] DVC add/push failed for global_step_40 — will retry next poll
2026-02-26 17:40:11,106 [INFO] Running: dvc add logs/VerlRun/02/26/benign_llama3_1_8b_defmain_20_44_wzrtmado/checkpoints/global_step_80
2026-02-26 17:40:11,984 [ERROR] dvc add failed for global_step_80: ERROR: bad DVC file name 'logs/VerlRun/02/26/benign_llama3_1_8b_defmain_20_44_wzrtmado/checkpoints/global_step_80.dvc' is git-ignored.
2026-02-26 17:40:11,985 [WARNING] DVC add/push failed for global_step_80 — will retry next poll
2026-02-26 17:40:11,985 [DEBUG] Sleeping 300.0s until next poll
2026-02-26 17:45:12,082 [INFO] New complete checkpoints to backup: [40, 80]
2026-02-26 17:45:12,083 [INFO] Running: dvc add logs/VerlRun/02/26/benign_llama3_1_8b_defmain_20_44_wzrtmado/checkpoints/global_step_40
2026-02-26 17:45:13,065 [ERROR] dvc add failed for global_step_40: ERROR: bad DVC file name 'logs/VerlRun/02/26/benign_llama3_1_8b_defmain_20_44_wzrtmado/checkpoints/global_step_40.dvc' is git-ignored.
2026-02-26 17:45:13,065 [WARNING] DVC add/push failed for global_step_40 — will retry next poll
2026-02-26 17:45:13,065 [INFO] Running: dvc add logs/VerlRun/02/26/benign_llama3_1_8b_defmain_20_44_wzrtmado/checkpoints/global_step_80
2026-02-26 17:45:14,212 [ERROR] dvc add failed for global_step_80: ERROR: bad DVC file name 'logs/VerlRun/02/26/benign_llama3_1_8b_defmain_20_44_wzrtmado/checkpoints/global_step_80.dvc' is git-ignored.
2026-02-26 17:45:14,212 [WARNING] DVC add/push failed for global_step_80 — will retry next poll
2026-02-26 17:45:14,212 [DEBUG] Sleeping 300.0s until next poll
2026-02-26 17:50:14,313 [INFO] New complete checkpoints to backup: [40, 80]
2026-02-26 17:50:14,313 [INFO] Running: dvc add logs/VerlRun/02/26/benign_llama3_1_8b_defmain_20_44_wzrtmado/checkpoints/global_step_40
2026-02-26 17:50:14,879 [ERROR] dvc add failed for global_step_40: ERROR: bad DVC file name 'logs/VerlRun/02/26/benign_llama3_1_8b_defmain_20_44_wzrtmado/checkpoints/global_step_40.dvc' is git-ignored.
2026-02-26 17:50:14,879 [WARNING] DVC add/push failed for global_step_40 — will retry next poll
2026-02-26 17:50:14,880 [INFO] Running: dvc add logs/VerlRun/02/26/benign_llama3_1_8b_defmain_20_44_wzrtmado/checkpoints/global_step_80
2026-02-26 17:50:15,400 [ERROR] dvc add failed for global_step_80: ERROR: bad DVC file name 'logs/VerlRun/02/26/benign_llama3_1_8b_defmain_20_44_wzrtmado/checkpoints/global_step_80.dvc' is git-ignored.
2026-02-26 17:50:15,400 [WARNING] DVC add/push failed for global_step_80 — will retry next poll
2026-02-26 17:50:15,400 [DEBUG] Sleeping 300.0s until next poll
2026-02-26 17:55:15,498 [INFO] New complete checkpoints to backup: [40, 80]
2026-02-26 17:55:15,499 [INFO] Running: dvc add logs/VerlRun/02/26/benign_llama3_1_8b_defmain_20_44_wzrtmado/checkpoints/global_step_40
2026-02-26 17:55:16,635 [ERROR] dvc add failed for global_step_40: ERROR: bad DVC file name 'logs/VerlRun/02/26/benign_llama3_1_8b_defmain_20_44_wzrtmado/checkpoints/global_step_40.dvc' is git-ignored.
2026-02-26 17:55:16,635 [WARNING] DVC add/push failed for global_step_40 — will retry next poll
2026-02-26 17:55:16,636 [INFO] Running: dvc add logs/VerlRun/02/26/benign_llama3_1_8b_defmain_20_44_wzrtmado/checkpoints/global_step_80
2026-02-26 17:55:17,654 [ERROR] dvc add failed for global_step_80: ERROR: bad DVC file name 'logs/VerlRun/02/26/benign_llama3_1_8b_defmain_20_44_wzrtmado/checkpoints/global_step_80.dvc' is git-ignored.
2026-02-26 17:55:17,654 [WARNING] DVC add/push failed for global_step_80 — will retry next poll
2026-02-26 17:55:17,654 [DEBUG] Sleeping 300.0s until next poll
2026-02-26 18:00:17,740 [INFO] New complete checkpoints to backup: [40, 80, 120]
2026-02-26 18:00:17,740 [INFO] Running: dvc add logs/VerlRun/02/26/benign_llama3_1_8b_defmain_20_44_wzrtmado/checkpoints/global_step_40
2026-02-26 18:00:18,291 [ERROR] dvc add failed for global_step_40: ERROR: bad DVC file name 'logs/VerlRun/02/26/benign_llama3_1_8b_defmain_20_44_wzrtmado/checkpoints/global_step_40.dvc' is git-ignored.
2026-02-26 18:00:18,291 [WARNING] DVC add/push failed for global_step_40 — will retry next poll
2026-02-26 18:00:18,291 [INFO] Running: dvc add logs/VerlRun/02/26/benign_llama3_1_8b_defmain_20_44_wzrtmado/checkpoints/global_step_80
2026-02-26 18:00:18,822 [ERROR] dvc add failed for global_step_80: ERROR: bad DVC file name 'logs/VerlRun/02/26/benign_llama3_1_8b_defmain_20_44_wzrtmado/checkpoints/global_step_80.dvc' is git-ignored.
2026-02-26 18:00:18,822 [WARNING] DVC add/push failed for global_step_80 — will retry next poll
2026-02-26 18:00:18,822 [INFO] Running: dvc add logs/VerlRun/02/26/benign_llama3_1_8b_defmain_20_44_wzrtmado/checkpoints/global_step_120
2026-02-26 18:00:19,349 [ERROR] dvc add failed for global_step_120: ERROR: bad DVC file name 'logs/VerlRun/02/26/benign_llama3_1_8b_defmain_20_44_wzrtmado/checkpoints/global_step_120.dvc' is git-ignored.
2026-02-26 18:00:19,349 [WARNING] DVC add/push failed for global_step_120 — will retry next poll
2026-02-26 18:00:19,349 [DEBUG] Sleeping 300.0s until next poll
2026-02-26 18:05:19,449 [INFO] New complete checkpoints to backup: [40, 80, 120]
2026-02-26 18:05:19,449 [INFO] Running: dvc add logs/VerlRun/02/26/benign_llama3_1_8b_defmain_20_44_wzrtmado/checkpoints/global_step_40
2026-02-26 18:05:20,013 [ERROR] dvc add failed for global_step_40: ERROR: bad DVC file name 'logs/VerlRun/02/26/benign_llama3_1_8b_defmain_20_44_wzrtmado/checkpoints/global_step_40.dvc' is git-ignored.
2026-02-26 18:05:20,014 [WARNING] DVC add/push failed for global_step_40 — will retry next poll
2026-02-26 18:05:20,014 [INFO] Running: dvc add logs/VerlRun/02/26/benign_llama3_1_8b_defmain_20_44_wzrtmado/checkpoints/global_step_80
2026-02-26 18:05:20,532 [ERROR] dvc add failed for global_step_80: ERROR: bad DVC file name 'logs/VerlRun/02/26/benign_llama3_1_8b_defmain_20_44_wzrtmado/checkpoints/global_step_80.dvc' is git-ignored.
2026-02-26 18:05:20,532 [WARNING] DVC add/push failed for global_step_80 — will retry next poll
2026-02-26 18:05:20,532 [INFO] Running: dvc add logs/VerlRun/02/26/benign_llama3_1_8b_defmain_20_44_wzrtmado/checkpoints/global_step_120
2026-02-26 18:05:21,046 [ERROR] dvc add failed for global_step_120: ERROR: bad DVC file name 'logs/VerlRun/02/26/benign_llama3_1_8b_defmain_20_44_wzrtmado/checkpoints/global_step_120.dvc' is git-ignored.
2026-02-26 18:05:21,046 [WARNING] DVC add/push failed for global_step_120 — will retry next poll
2026-02-26 18:05:21,046 [DEBUG] Sleeping 300.0s until next poll
2026-02-26 18:10:21,146 [INFO] New complete checkpoints to backup: [40, 80, 120]
2026-02-26 18:10:21,146 [INFO] Running: dvc add logs/VerlRun/02/26/benign_llama3_1_8b_defmain_20_44_wzrtmado/checkpoints/global_step_40
2026-02-26 18:10:21,894 [ERROR] dvc add failed for global_step_40: ERROR: bad DVC file name 'logs/VerlRun/02/26/benign_llama3_1_8b_defmain_20_44_wzrtmado/checkpoints/global_step_40.dvc' is git-ignored.
2026-02-26 18:10:21,894 [WARNING] DVC add/push failed for global_step_40 — will retry next poll
2026-02-26 18:10:21,895 [INFO] Running: dvc add logs/VerlRun/02/26/benign_llama3_1_8b_defmain_20_44_wzrtmado/checkpoints/global_step_80
2026-02-26 18:10:22,575 [ERROR] dvc add failed for global_step_80: ERROR: bad DVC file name 'logs/VerlRun/02/26/benign_llama3_1_8b_defmain_20_44_wzrtmado/checkpoints/global_step_80.dvc' is git-ignored.
2026-02-26 18:10:22,575 [WARNING] DVC add/push failed for global_step_80 — will retry next poll
2026-02-26 18:10:22,575 [INFO] Running: dvc add logs/VerlRun/02/26/benign_llama3_1_8b_defmain_20_44_wzrtmado/checkpoints/global_step_120
2026-02-26 18:10:23,285 [ERROR] dvc add failed for global_step_120: ERROR: bad DVC file name 'logs/VerlRun/02/26/benign_llama3_1_8b_defmain_20_44_wzrtmado/checkpoints/global_step_120.dvc' is git-ignored.
2026-02-26 18:10:23,285 [WARNING] DVC add/push failed for global_step_120 — will retry next poll
2026-02-26 18:10:23,285 [DEBUG] Sleeping 300.0s until next poll
2026-02-26 18:15:23,385 [INFO] New complete checkpoints to backup: [40, 80, 120]
2026-02-26 18:15:23,385 [INFO] Running: dvc add logs/VerlRun/02/26/benign_llama3_1_8b_defmain_20_44_wzrtmado/checkpoints/global_step_40
2026-02-26 18:15:23,940 [ERROR] dvc add failed for global_step_40: ERROR: bad DVC file name 'logs/VerlRun/02/26/benign_llama3_1_8b_defmain_20_44_wzrtmado/checkpoints/global_step_40.dvc' is git-ignored.
2026-02-26 18:15:23,940 [WARNING] DVC add/push failed for global_step_40 — will retry next poll
2026-02-26 18:15:23,941 [INFO] Running: dvc add logs/VerlRun/02/26/benign_llama3_1_8b_defmain_20_44_wzrtmado/checkpoints/global_step_80
2026-02-26 18:15:24,508 [ERROR] dvc add failed for global_step_80: ERROR: bad DVC file name 'logs/VerlRun/02/26/benign_llama3_1_8b_defmain_20_44_wzrtmado/checkpoints/global_step_80.dvc' is git-ignored.
2026-02-26 18:15:24,508 [WARNING] DVC add/push failed for global_step_80 — will retry next poll
2026-02-26 18:15:24,509 [INFO] Running: dvc add logs/VerlRun/02/26/benign_llama3_1_8b_defmain_20_44_wzrtmado/checkpoints/global_step_120
2026-02-26 18:15:25,024 [ERROR] dvc add failed for global_step_120: ERROR: bad DVC file name 'logs/VerlRun/02/26/benign_llama3_1_8b_defmain_20_44_wzrtmado/checkpoints/global_step_120.dvc' is git-ignored.
2026-02-26 18:15:25,024 [WARNING] DVC add/push failed for global_step_120 — will retry next poll
2026-02-26 18:15:25,024 [DEBUG] Sleeping 300.0s until next poll
2026-02-26 18:20:25,122 [INFO] New complete checkpoints to backup: [40, 80, 120]
2026-02-26 18:20:25,122 [INFO] Running: dvc add logs/VerlRun/02/26/benign_llama3_1_8b_defmain_20_44_wzrtmado/checkpoints/global_step_40
2026-02-26 18:20:25,672 [ERROR] dvc add failed for global_step_40: ERROR: bad DVC file name 'logs/VerlRun/02/26/benign_llama3_1_8b_defmain_20_44_wzrtmado/checkpoints/global_step_40.dvc' is git-ignored.
2026-02-26 18:20:25,672 [WARNING] DVC add/push failed for global_step_40 — will retry next poll
2026-02-26 18:20:25,672 [INFO] Running: dvc add logs/VerlRun/02/26/benign_llama3_1_8b_defmain_20_44_wzrtmado/checkpoints/global_step_80
2026-02-26 18:20:26,198 [ERROR] dvc add failed for global_step_80: ERROR: bad DVC file name 'logs/VerlRun/02/26/benign_llama3_1_8b_defmain_20_44_wzrtmado/checkpoints/global_step_80.dvc' is git-ignored.
2026-02-26 18:20:26,198 [WARNING] DVC add/push failed for global_step_80 — will retry next poll
2026-02-26 18:20:26,199 [INFO] Running: dvc add logs/VerlRun/02/26/benign_llama3_1_8b_defmain_20_44_wzrtmado/checkpoints/global_step_120
2026-02-26 18:20:26,698 [ERROR] dvc add failed for global_step_120: ERROR: bad DVC file name 'logs/VerlRun/02/26/benign_llama3_1_8b_defmain_20_44_wzrtmado/checkpoints/global_step_120.dvc' is git-ignored.
2026-02-26 18:20:26,698 [WARNING] DVC add/push failed for global_step_120 — will retry next poll
2026-02-26 18:20:26,698 [DEBUG] Sleeping 300.0s until next poll
2026-02-26 18:25:26,798 [INFO] New complete checkpoints to backup: [40, 80, 120]
2026-02-26 18:25:26,799 [INFO] Running: dvc add logs/VerlRun/02/26/benign_llama3_1_8b_defmain_20_44_wzrtmado/checkpoints/global_step_40
2026-02-26 18:25:27,383 [ERROR] dvc add failed for global_step_40: ERROR: bad DVC file name 'logs/VerlRun/02/26/benign_llama3_1_8b_defmain_20_44_wzrtmado/checkpoints/global_step_40.dvc' is git-ignored.
2026-02-26 18:25:27,384 [WARNING] DVC add/push failed for global_step_40 — will retry next poll
2026-02-26 18:25:27,384 [INFO] Running: dvc add logs/VerlRun/02/26/benign_llama3_1_8b_defmain_20_44_wzrtmado/checkpoints/global_step_80
2026-02-26 18:25:27,943 [ERROR] dvc add failed for global_step_80: ERROR: bad DVC file name 'logs/VerlRun/02/26/benign_llama3_1_8b_defmain_20_44_wzrtmado/checkpoints/global_step_80.dvc' is git-ignored.
2026-02-26 18:25:27,943 [WARNING] DVC add/push failed for global_step_80 — will retry next poll
2026-02-26 18:25:27,944 [INFO] Running: dvc add logs/VerlRun/02/26/benign_llama3_1_8b_defmain_20_44_wzrtmado/checkpoints/global_step_120
2026-02-26 18:25:28,469 [ERROR] dvc add failed for global_step_120: ERROR: bad DVC file name 'logs/VerlRun/02/26/benign_llama3_1_8b_defmain_20_44_wzrtmado/checkpoints/global_step_120.dvc' is git-ignored.
2026-02-26 18:25:28,469 [WARNING] DVC add/push failed for global_step_120 — will retry next poll
2026-02-26 18:25:28,469 [DEBUG] Sleeping 300.0s until next poll
2026-02-26 18:30:28,568 [INFO] New complete checkpoints to backup: [40, 80, 120]
2026-02-26 18:30:28,569 [INFO] Running: dvc add logs/VerlRun/02/26/benign_llama3_1_8b_defmain_20_44_wzrtmado/checkpoints/global_step_40
2026-02-26 18:30:29,127 [ERROR] dvc add failed for global_step_40: ERROR: bad DVC file name 'logs/VerlRun/02/26/benign_llama3_1_8b_defmain_20_44_wzrtmado/checkpoints/global_step_40.dvc' is git-ignored.
2026-02-26 18:30:29,127 [WARNING] DVC add/push failed for global_step_40 — will retry next poll
2026-02-26 18:30:29,128 [INFO] Running: dvc add logs/VerlRun/02/26/benign_llama3_1_8b_defmain_20_44_wzrtmado/checkpoints/global_step_80
2026-02-26 18:30:29,743 [ERROR] dvc add failed for global_step_80: ERROR: bad DVC file name 'logs/VerlRun/02/26/benign_llama3_1_8b_defmain_20_44_wzrtmado/checkpoints/global_step_80.dvc' is git-ignored.
2026-02-26 18:30:29,743 [WARNING] DVC add/push failed for global_step_80 — will retry next poll
2026-02-26 18:30:29,743 [INFO] Running: dvc add logs/VerlRun/02/26/benign_llama3_1_8b_defmain_20_44_wzrtmado/checkpoints/global_step_120
2026-02-26 18:30:30,283 [ERROR] dvc add failed for global_step_120: ERROR: bad DVC file name 'logs/VerlRun/02/26/benign_llama3_1_8b_defmain_20_44_wzrtmado/checkpoints/global_step_120.dvc' is git-ignored.
2026-02-26 18:30:30,283 [WARNING] DVC add/push failed for global_step_120 — will retry next poll
2026-02-26 18:30:30,283 [DEBUG] Sleeping 300.0s until next poll
2026-02-26 18:35:30,382 [INFO] New complete checkpoints to backup: [40, 80, 120]
2026-02-26 18:35:30,382 [INFO] Running: dvc add logs/VerlRun/02/26/benign_llama3_1_8b_defmain_20_44_wzrtmado/checkpoints/global_step_40
2026-02-26 18:35:31,238 [ERROR] dvc add failed for global_step_40: ERROR: bad DVC file name 'logs/VerlRun/02/26/benign_llama3_1_8b_defmain_20_44_wzrtmado/checkpoints/global_step_40.dvc' is git-ignored.
2026-02-26 18:35:31,238 [WARNING] DVC add/push failed for global_step_40 — will retry next poll
2026-02-26 18:35:31,239 [INFO] Running: dvc add logs/VerlRun/02/26/benign_llama3_1_8b_defmain_20_44_wzrtmado/checkpoints/global_step_80
2026-02-26 18:35:32,091 [ERROR] dvc add failed for global_step_80: ERROR: bad DVC file name 'logs/VerlRun/02/26/benign_llama3_1_8b_defmain_20_44_wzrtmado/checkpoints/global_step_80.dvc' is git-ignored.
2026-02-26 18:35:32,091 [WARNING] DVC add/push failed for global_step_80 — will retry next poll
2026-02-26 18:35:32,092 [INFO] Running: dvc add logs/VerlRun/02/26/benign_llama3_1_8b_defmain_20_44_wzrtmado/checkpoints/global_step_120
2026-02-26 18:35:32,785 [ERROR] dvc add failed for global_step_120: ERROR: bad DVC file name 'logs/VerlRun/02/26/benign_llama3_1_8b_defmain_20_44_wzrtmado/checkpoints/global_step_120.dvc' is git-ignored.
2026-02-26 18:35:32,785 [WARNING] DVC add/push failed for global_step_120 — will retry next poll
2026-02-26 18:35:32,785 [DEBUG] Sleeping 300.0s until next poll
2026-02-26 18:40:32,885 [INFO] New complete checkpoints to backup: [40, 80, 120, 160]
2026-02-26 18:40:32,885 [INFO] Running: dvc add logs/VerlRun/02/26/benign_llama3_1_8b_defmain_20_44_wzrtmado/checkpoints/global_step_40
2026-02-26 18:40:33,562 [ERROR] dvc add failed for global_step_40: ERROR: bad DVC file name 'logs/VerlRun/02/26/benign_llama3_1_8b_defmain_20_44_wzrtmado/checkpoints/global_step_40.dvc' is git-ignored.
2026-02-26 18:40:33,563 [WARNING] DVC add/push failed for global_step_40 — will retry next poll
2026-02-26 18:40:33,563 [INFO] Running: dvc add logs/VerlRun/02/26/benign_llama3_1_8b_defmain_20_44_wzrtmado/checkpoints/global_step_80
2026-02-26 18:40:34,345 [ERROR] dvc add failed for global_step_80: ERROR: bad DVC file name 'logs/VerlRun/02/26/benign_llama3_1_8b_defmain_20_44_wzrtmado/checkpoints/global_step_80.dvc' is git-ignored.
2026-02-26 18:40:34,345 [WARNING] DVC add/push failed for global_step_80 — will retry next poll
2026-02-26 18:40:34,345 [INFO] Running: dvc add logs/VerlRun/02/26/benign_llama3_1_8b_defmain_20_44_wzrtmado/checkpoints/global_step_120
2026-02-26 18:40:35,448 [ERROR] dvc add failed for global_step_120: ERROR: bad DVC file name 'logs/VerlRun/02/26/benign_llama3_1_8b_defmain_20_44_wzrtmado/checkpoints/global_step_120.dvc' is git-ignored.
2026-02-26 18:40:35,448 [WARNING] DVC add/push failed for global_step_120 — will retry next poll
2026-02-26 18:40:35,449 [INFO] Running: dvc add logs/VerlRun/02/26/benign_llama3_1_8b_defmain_20_44_wzrtmado/checkpoints/global_step_160
2026-02-26 18:40:36,512 [ERROR] dvc add failed for global_step_160: ERROR: bad DVC file name 'logs/VerlRun/02/26/benign_llama3_1_8b_defmain_20_44_wzrtmado/checkpoints/global_step_160.dvc' is git-ignored.
2026-02-26 18:40:36,513 [WARNING] DVC add/push failed for global_step_160 — will retry next poll
2026-02-26 18:40:36,513 [DEBUG] Sleeping 300.0s until next poll
2026-02-26 18:45:36,613 [INFO] New complete checkpoints to backup: [40, 80, 120, 160]
2026-02-26 18:45:36,613 [INFO] Running: dvc add logs/VerlRun/02/26/benign_llama3_1_8b_defmain_20_44_wzrtmado/checkpoints/global_step_40
2026-02-26 18:45:37,164 [ERROR] dvc add failed for global_step_40: ERROR: bad DVC file name 'logs/VerlRun/02/26/benign_llama3_1_8b_defmain_20_44_wzrtmado/checkpoints/global_step_40.dvc' is git-ignored.
2026-02-26 18:45:37,164 [WARNING] DVC add/push failed for global_step_40 — will retry next poll
2026-02-26 18:45:37,164 [INFO] Running: dvc add logs/VerlRun/02/26/benign_llama3_1_8b_defmain_20_44_wzrtmado/checkpoints/global_step_80
2026-02-26 18:45:37,699 [ERROR] dvc add failed for global_step_80: ERROR: bad DVC file name 'logs/VerlRun/02/26/benign_llama3_1_8b_defmain_20_44_wzrtmado/checkpoints/global_step_80.dvc' is git-ignored.
2026-02-26 18:45:37,700 [WARNING] DVC add/push failed for global_step_80 — will retry next poll
2026-02-26 18:45:37,700 [INFO] Running: dvc add logs/VerlRun/02/26/benign_llama3_1_8b_defmain_20_44_wzrtmado/checkpoints/global_step_120
2026-02-26 18:45:38,225 [ERROR] dvc add failed for global_step_120: ERROR: bad DVC file name 'logs/VerlRun/02/26/benign_llama3_1_8b_defmain_20_44_wzrtmado/checkpoints/global_step_120.dvc' is git-ignored.
2026-02-26 18:45:38,226 [WARNING] DVC add/push failed for global_step_120 — will retry next poll
2026-02-26 18:45:38,226 [INFO] Running: dvc add logs/VerlRun/02/26/benign_llama3_1_8b_defmain_20_44_wzrtmado/checkpoints/global_step_160
2026-02-26 18:45:38,744 [ERROR] dvc add failed for global_step_160: ERROR: bad DVC file name 'logs/VerlRun/02/26/benign_llama3_1_8b_defmain_20_44_wzrtmado/checkpoints/global_step_160.dvc' is git-ignored.
2026-02-26 18:45:38,744 [WARNING] DVC add/push failed for global_step_160 — will retry next poll
2026-02-26 18:45:38,744 [DEBUG] Sleeping 300.0s until next poll
2026-02-26 18:50:38,844 [INFO] New complete checkpoints to backup: [40, 80, 120, 160]
2026-02-26 18:50:38,844 [INFO] Running: dvc add logs/VerlRun/02/26/benign_llama3_1_8b_defmain_20_44_wzrtmado/checkpoints/global_step_40
2026-02-26 18:50:39,402 [ERROR] dvc add failed for global_step_40: ERROR: bad DVC file name 'logs/VerlRun/02/26/benign_llama3_1_8b_defmain_20_44_wzrtmado/checkpoints/global_step_40.dvc' is git-ignored.
2026-02-26 18:50:39,403 [WARNING] DVC add/push failed for global_step_40 — will retry next poll
2026-02-26 18:50:39,403 [INFO] Running: dvc add logs/VerlRun/02/26/benign_llama3_1_8b_defmain_20_44_wzrtmado/checkpoints/global_step_80
2026-02-26 18:50:39,930 [ERROR] dvc add failed for global_step_80: ERROR: bad DVC file name 'logs/VerlRun/02/26/benign_llama3_1_8b_defmain_20_44_wzrtmado/checkpoints/global_step_80.dvc' is git-ignored.
2026-02-26 18:50:39,931 [WARNING] DVC add/push failed for global_step_80 — will retry next poll
2026-02-26 18:50:39,931 [INFO] Running: dvc add logs/VerlRun/02/26/benign_llama3_1_8b_defmain_20_44_wzrtmado/checkpoints/global_step_120
2026-02-26 18:50:40,460 [ERROR] dvc add failed for global_step_120: ERROR: bad DVC file name 'logs/VerlRun/02/26/benign_llama3_1_8b_defmain_20_44_wzrtmado/checkpoints/global_step_120.dvc' is git-ignored.
2026-02-26 18:50:40,460 [WARNING] DVC add/push failed for global_step_120 — will retry next poll
2026-02-26 18:50:40,460 [INFO] Running: dvc add logs/VerlRun/02/26/benign_llama3_1_8b_defmain_20_44_wzrtmado/checkpoints/global_step_160
2026-02-26 18:50:40,971 [ERROR] dvc add failed for global_step_160: ERROR: bad DVC file name 'logs/VerlRun/02/26/benign_llama3_1_8b_defmain_20_44_wzrtmado/checkpoints/global_step_160.dvc' is git-ignored.
2026-02-26 18:50:40,971 [WARNING] DVC add/push failed for global_step_160 — will retry next poll
2026-02-26 18:50:40,971 [DEBUG] Sleeping 300.0s until next poll
2026-02-26 18:55:41,070 [INFO] New complete checkpoints to backup: [40, 80, 120, 160]
2026-02-26 18:55:41,071 [INFO] Running: dvc add logs/VerlRun/02/26/benign_llama3_1_8b_defmain_20_44_wzrtmado/checkpoints/global_step_40
2026-02-26 18:55:42,127 [ERROR] dvc add failed for global_step_40: ERROR: bad DVC file name 'logs/VerlRun/02/26/benign_llama3_1_8b_defmain_20_44_wzrtmado/checkpoints/global_step_40.dvc' is git-ignored.
2026-02-26 18:55:42,128 [WARNING] DVC add/push failed for global_step_40 — will retry next poll
2026-02-26 18:55:42,128 [INFO] Running: dvc add logs/VerlRun/02/26/benign_llama3_1_8b_defmain_20_44_wzrtmado/checkpoints/global_step_80
2026-02-26 18:55:43,140 [ERROR] dvc add failed for global_step_80: ERROR: bad DVC file name 'logs/VerlRun/02/26/benign_llama3_1_8b_defmain_20_44_wzrtmado/checkpoints/global_step_80.dvc' is git-ignored.
2026-02-26 18:55:43,140 [WARNING] DVC add/push failed for global_step_80 — will retry next poll
2026-02-26 18:55:43,141 [INFO] Running: dvc add logs/VerlRun/02/26/benign_llama3_1_8b_defmain_20_44_wzrtmado/checkpoints/global_step_120
2026-02-26 18:55:43,908 [ERROR] dvc add failed for global_step_120: ERROR: bad DVC file name 'logs/VerlRun/02/26/benign_llama3_1_8b_defmain_20_44_wzrtmado/checkpoints/global_step_120.dvc' is git-ignored.
2026-02-26 18:55:43,908 [WARNING] DVC add/push failed for global_step_120 — will retry next poll
2026-02-26 18:55:43,908 [INFO] Running: dvc add logs/VerlRun/02/26/benign_llama3_1_8b_defmain_20_44_wzrtmado/checkpoints/global_step_160
2026-02-26 18:55:44,801 [ERROR] dvc add failed for global_step_160: ERROR: bad DVC file name 'logs/VerlRun/02/26/benign_llama3_1_8b_defmain_20_44_wzrtmado/checkpoints/global_step_160.dvc' is git-ignored.
2026-02-26 18:55:44,801 [WARNING] DVC add/push failed for global_step_160 — will retry next poll
2026-02-26 18:55:44,802 [DEBUG] Sleeping 300.0s until next poll
2026-02-26 19:00:44,898 [INFO] New complete checkpoints to backup: [40, 80, 120, 160]
2026-02-26 19:00:44,899 [INFO] Running: dvc add logs/VerlRun/02/26/benign_llama3_1_8b_defmain_20_44_wzrtmado/checkpoints/global_step_40
2026-02-26 19:00:46,108 [ERROR] dvc add failed for global_step_40: ERROR: bad DVC file name 'logs/VerlRun/02/26/benign_llama3_1_8b_defmain_20_44_wzrtmado/checkpoints/global_step_40.dvc' is git-ignored.
2026-02-26 19:00:46,108 [WARNING] DVC add/push failed for global_step_40 — will retry next poll
2026-02-26 19:00:46,109 [INFO] Running: dvc add logs/VerlRun/02/26/benign_llama3_1_8b_defmain_20_44_wzrtmado/checkpoints/global_step_80
2026-02-26 19:00:47,177 [ERROR] dvc add failed for global_step_80: ERROR: bad DVC file name 'logs/VerlRun/02/26/benign_llama3_1_8b_defmain_20_44_wzrtmado/checkpoints/global_step_80.dvc' is git-ignored.
2026-02-26 19:00:47,177 [WARNING] DVC add/push failed for global_step_80 — will retry next poll
2026-02-26 19:00:47,177 [INFO] Running: dvc add logs/VerlRun/02/26/benign_llama3_1_8b_defmain_20_44_wzrtmado/checkpoints/global_step_120
2026-02-26 19:00:47,929 [ERROR] dvc add failed for global_step_120: ERROR: bad DVC file name 'logs/VerlRun/02/26/benign_llama3_1_8b_defmain_20_44_wzrtmado/checkpoints/global_step_120.dvc' is git-ignored.
2026-02-26 19:00:47,929 [WARNING] DVC add/push failed for global_step_120 — will retry next poll
2026-02-26 19:00:47,929 [INFO] Running: dvc add logs/VerlRun/02/26/benign_llama3_1_8b_defmain_20_44_wzrtmado/checkpoints/global_step_160
2026-02-26 19:00:48,840 [ERROR] dvc add failed for global_step_160: ERROR: bad DVC file name 'logs/VerlRun/02/26/benign_llama3_1_8b_defmain_20_44_wzrtmado/checkpoints/global_step_160.dvc' is git-ignored.
2026-02-26 19:00:48,840 [WARNING] DVC add/push failed for global_step_160 — will retry next poll
2026-02-26 19:00:48,840 [DEBUG] Sleeping 300.0s until next poll
2026-02-26 19:05:48,940 [INFO] New complete checkpoints to backup: [40, 80, 120, 160]
2026-02-26 19:05:48,940 [INFO] Running: dvc add logs/VerlRun/02/26/benign_llama3_1_8b_defmain_20_44_wzrtmado/checkpoints/global_step_40
2026-02-26 19:05:49,509 [ERROR] dvc add failed for global_step_40: ERROR: bad DVC file name 'logs/VerlRun/02/26/benign_llama3_1_8b_defmain_20_44_wzrtmado/checkpoints/global_step_40.dvc' is git-ignored.
2026-02-26 19:05:49,509 [WARNING] DVC add/push failed for global_step_40 — will retry next poll
2026-02-26 19:05:49,509 [INFO] Running: dvc add logs/VerlRun/02/26/benign_llama3_1_8b_defmain_20_44_wzrtmado/checkpoints/global_step_80
2026-02-26 19:05:50,031 [ERROR] dvc add failed for global_step_80: ERROR: bad DVC file name 'logs/VerlRun/02/26/benign_llama3_1_8b_defmain_20_44_wzrtmado/checkpoints/global_step_80.dvc' is git-ignored.
2026-02-26 19:05:50,031 [WARNING] DVC add/push failed for global_step_80 — will retry next poll
2026-02-26 19:05:50,031 [INFO] Running: dvc add logs/VerlRun/02/26/benign_llama3_1_8b_defmain_20_44_wzrtmado/checkpoints/global_step_120
2026-02-26 19:05:50,550 [ERROR] dvc add failed for global_step_120: ERROR: bad DVC file name 'logs/VerlRun/02/26/benign_llama3_1_8b_defmain_20_44_wzrtmado/checkpoints/global_step_120.dvc' is git-ignored.
2026-02-26 19:05:50,550 [WARNING] DVC add/push failed for global_step_120 — will retry next poll
2026-02-26 19:05:50,550 [INFO] Running: dvc add logs/VerlRun/02/26/benign_llama3_1_8b_defmain_20_44_wzrtmado/checkpoints/global_step_160
2026-02-26 19:05:51,063 [ERROR] dvc add failed for global_step_160: ERROR: bad DVC file name 'logs/VerlRun/02/26/benign_llama3_1_8b_defmain_20_44_wzrtmado/checkpoints/global_step_160.dvc' is git-ignored.
2026-02-26 19:05:51,063 [WARNING] DVC add/push failed for global_step_160 — will retry next poll
2026-02-26 19:05:51,063 [DEBUG] Sleeping 300.0s until next poll
2026-02-26 19:10:51,163 [INFO] New complete checkpoints to backup: [40, 80, 120, 160]
2026-02-26 19:10:51,164 [INFO] Running: dvc add logs/VerlRun/02/26/benign_llama3_1_8b_defmain_20_44_wzrtmado/checkpoints/global_step_40
2026-02-26 19:10:51,728 [ERROR] dvc add failed for global_step_40: ERROR: bad DVC file name 'logs/VerlRun/02/26/benign_llama3_1_8b_defmain_20_44_wzrtmado/checkpoints/global_step_40.dvc' is git-ignored.
2026-02-26 19:10:51,728 [WARNING] DVC add/push failed for global_step_40 — will retry next poll
2026-02-26 19:10:51,728 [INFO] Running: dvc add logs/VerlRun/02/26/benign_llama3_1_8b_defmain_20_44_wzrtmado/checkpoints/global_step_80
2026-02-26 19:10:52,329 [ERROR] dvc add failed for global_step_80: ERROR: bad DVC file name 'logs/VerlRun/02/26/benign_llama3_1_8b_defmain_20_44_wzrtmado/checkpoints/global_step_80.dvc' is git-ignored.
2026-02-26 19:10:52,329 [WARNING] DVC add/push failed for global_step_80 — will retry next poll
2026-02-26 19:10:52,329 [INFO] Running: dvc add logs/VerlRun/02/26/benign_llama3_1_8b_defmain_20_44_wzrtmado/checkpoints/global_step_120
2026-02-26 19:10:52,909 [ERROR] dvc add failed for global_step_120: ERROR: bad DVC file name 'logs/VerlRun/02/26/benign_llama3_1_8b_defmain_20_44_wzrtmado/checkpoints/global_step_120.dvc' is git-ignored.
2026-02-26 19:10:52,910 [WARNING] DVC add/push failed for global_step_120 — will retry next poll
2026-02-26 19:10:52,910 [INFO] Running: dvc add logs/VerlRun/02/26/benign_llama3_1_8b_defmain_20_44_wzrtmado/checkpoints/global_step_160
2026-02-26 19:10:53,554 [ERROR] dvc add failed for global_step_160: ERROR: bad DVC file name 'logs/VerlRun/02/26/benign_llama3_1_8b_defmain_20_44_wzrtmado/checkpoints/global_step_160.dvc' is git-ignored.
2026-02-26 19:10:53,554 [WARNING] DVC add/push failed for global_step_160 — will retry next poll
2026-02-26 19:10:53,554 [DEBUG] Sleeping 300.0s until next poll
2026-02-26 19:15:53,654 [INFO] New complete checkpoints to backup: [40, 80, 120, 160]
2026-02-26 19:15:53,655 [INFO] Running: dvc add logs/VerlRun/02/26/benign_llama3_1_8b_defmain_20_44_wzrtmado/checkpoints/global_step_40
2026-02-26 19:15:54,228 [ERROR] dvc add failed for global_step_40: ERROR: bad DVC file name 'logs/VerlRun/02/26/benign_llama3_1_8b_defmain_20_44_wzrtmado/checkpoints/global_step_40.dvc' is git-ignored.
2026-02-26 19:15:54,228 [WARNING] DVC add/push failed for global_step_40 — will retry next poll
2026-02-26 19:15:54,229 [INFO] Running: dvc add logs/VerlRun/02/26/benign_llama3_1_8b_defmain_20_44_wzrtmado/checkpoints/global_step_80
2026-02-26 19:15:54,764 [ERROR] dvc add failed for global_step_80: ERROR: bad DVC file name 'logs/VerlRun/02/26/benign_llama3_1_8b_defmain_20_44_wzrtmado/checkpoints/global_step_80.dvc' is git-ignored.
2026-02-26 19:15:54,765 [WARNING] DVC add/push failed for global_step_80 — will retry next poll
2026-02-26 19:15:54,765 [INFO] Running: dvc add logs/VerlRun/02/26/benign_llama3_1_8b_defmain_20_44_wzrtmado/checkpoints/global_step_120
2026-02-26 19:15:55,296 [ERROR] dvc add failed for global_step_120: ERROR: bad DVC file name 'logs/VerlRun/02/26/benign_llama3_1_8b_defmain_20_44_wzrtmado/checkpoints/global_step_120.dvc' is git-ignored.
2026-02-26 19:15:55,297 [WARNING] DVC add/push failed for global_step_120 — will retry next poll
2026-02-26 19:15:55,297 [INFO] Running: dvc add logs/VerlRun/02/26/benign_llama3_1_8b_defmain_20_44_wzrtmado/checkpoints/global_step_160
2026-02-26 19:15:55,818 [ERROR] dvc add failed for global_step_160: ERROR: bad DVC file name 'logs/VerlRun/02/26/benign_llama3_1_8b_defmain_20_44_wzrtmado/checkpoints/global_step_160.dvc' is git-ignored.
2026-02-26 19:15:55,819 [WARNING] DVC add/push failed for global_step_160 — will retry next poll
2026-02-26 19:15:55,819 [DEBUG] Sleeping 300.0s until next poll
2026-02-26 19:20:55,917 [INFO] New complete checkpoints to backup: [40, 80, 120, 160, 200]
2026-02-26 19:20:55,917 [INFO] Running: dvc add logs/VerlRun/02/26/benign_llama3_1_8b_defmain_20_44_wzrtmado/checkpoints/global_step_40
2026-02-26 19:20:56,467 [ERROR] dvc add failed for global_step_40: ERROR: bad DVC file name 'logs/VerlRun/02/26/benign_llama3_1_8b_defmain_20_44_wzrtmado/checkpoints/global_step_40.dvc' is git-ignored.
2026-02-26 19:20:56,467 [WARNING] DVC add/push failed for global_step_40 — will retry next poll
2026-02-26 19:20:56,467 [INFO] Running: dvc add logs/VerlRun/02/26/benign_llama3_1_8b_defmain_20_44_wzrtmado/checkpoints/global_step_80
2026-02-26 19:20:56,983 [ERROR] dvc add failed for global_step_80: ERROR: bad DVC file name 'logs/VerlRun/02/26/benign_llama3_1_8b_defmain_20_44_wzrtmado/checkpoints/global_step_80.dvc' is git-ignored.
2026-02-26 19:20:56,983 [WARNING] DVC add/push failed for global_step_80 — will retry next poll
2026-02-26 19:20:56,983 [INFO] Running: dvc add logs/VerlRun/02/26/benign_llama3_1_8b_defmain_20_44_wzrtmado/checkpoints/global_step_120
2026-02-26 19:20:57,490 [ERROR] dvc add failed for global_step_120: ERROR: bad DVC file name 'logs/VerlRun/02/26/benign_llama3_1_8b_defmain_20_44_wzrtmado/checkpoints/global_step_120.dvc' is git-ignored.
2026-02-26 19:20:57,490 [WARNING] DVC add/push failed for global_step_120 — will retry next poll
2026-02-26 19:20:57,490 [INFO] Running: dvc add logs/VerlRun/02/26/benign_llama3_1_8b_defmain_20_44_wzrtmado/checkpoints/global_step_160
2026-02-26 19:20:57,993 [ERROR] dvc add failed for global_step_160: ERROR: bad DVC file name 'logs/VerlRun/02/26/benign_llama3_1_8b_defmain_20_44_wzrtmado/checkpoints/global_step_160.dvc' is git-ignored.
2026-02-26 19:20:57,993 [WARNING] DVC add/push failed for global_step_160 — will retry next poll
2026-02-26 19:20:57,994 [INFO] Running: dvc add logs/VerlRun/02/26/benign_llama3_1_8b_defmain_20_44_wzrtmado/checkpoints/global_step_200
2026-02-26 19:20:58,509 [ERROR] dvc add failed for global_step_200: ERROR: bad DVC file name 'logs/VerlRun/02/26/benign_llama3_1_8b_defmain_20_44_wzrtmado/checkpoints/global_step_200.dvc' is git-ignored.
2026-02-26 19:20:58,509 [WARNING] DVC add/push failed for global_step_200 — will retry next poll
2026-02-26 19:20:58,509 [DEBUG] Sleeping 300.0s until next poll
2026-02-26 19:25:58,606 [INFO] New complete checkpoints to backup: [40, 80, 120, 160, 200]
2026-02-26 19:25:58,607 [INFO] Running: dvc add logs/VerlRun/02/26/benign_llama3_1_8b_defmain_20_44_wzrtmado/checkpoints/global_step_40
2026-02-26 19:25:59,674 [ERROR] dvc add failed for global_step_40: ERROR: bad DVC file name 'logs/VerlRun/02/26/benign_llama3_1_8b_defmain_20_44_wzrtmado/checkpoints/global_step_40.dvc' is git-ignored.
2026-02-26 19:25:59,674 [WARNING] DVC add/push failed for global_step_40 — will retry next poll
2026-02-26 19:25:59,674 [INFO] Running: dvc add logs/VerlRun/02/26/benign_llama3_1_8b_defmain_20_44_wzrtmado/checkpoints/global_step_80
2026-02-26 19:26:00,869 [ERROR] dvc add failed for global_step_80: ERROR: bad DVC file name 'logs/VerlRun/02/26/benign_llama3_1_8b_defmain_20_44_wzrtmado/checkpoints/global_step_80.dvc' is git-ignored.
2026-02-26 19:26:00,869 [WARNING] DVC add/push failed for global_step_80 — will retry next poll
2026-02-26 19:26:00,869 [INFO] Running: dvc add logs/VerlRun/02/26/benign_llama3_1_8b_defmain_20_44_wzrtmado/checkpoints/global_step_120
2026-02-26 19:26:01,802 [ERROR] dvc add failed for global_step_120: ERROR: bad DVC file name 'logs/VerlRun/02/26/benign_llama3_1_8b_defmain_20_44_wzrtmado/checkpoints/global_step_120.dvc' is git-ignored.
2026-02-26 19:26:01,803 [WARNING] DVC add/push failed for global_step_120 — will retry next poll
2026-02-26 19:26:01,803 [INFO] Running: dvc add logs/VerlRun/02/26/benign_llama3_1_8b_defmain_20_44_wzrtmado/checkpoints/global_step_160
2026-02-26 19:26:02,578 [ERROR] dvc add failed for global_step_160: ERROR: bad DVC file name 'logs/VerlRun/02/26/benign_llama3_1_8b_defmain_20_44_wzrtmado/checkpoints/global_step_160.dvc' is git-ignored.
2026-02-26 19:26:02,579 [WARNING] DVC add/push failed for global_step_160 — will retry next poll
2026-02-26 19:26:02,579 [INFO] Running: dvc add logs/VerlRun/02/26/benign_llama3_1_8b_defmain_20_44_wzrtmado/checkpoints/global_step_200
2026-02-26 19:26:03,365 [ERROR] dvc add failed for global_step_200: ERROR: bad DVC file name 'logs/VerlRun/02/26/benign_llama3_1_8b_defmain_20_44_wzrtmado/checkpoints/global_step_200.dvc' is git-ignored.
2026-02-26 19:26:03,365 [WARNING] DVC add/push failed for global_step_200 — will retry next poll
2026-02-26 19:26:03,365 [DEBUG] Sleeping 300.0s until next poll
2026-02-26 19:31:03,465 [INFO] New complete checkpoints to backup: [40, 80, 120, 160, 200]
2026-02-26 19:31:03,465 [INFO] Running: dvc add logs/VerlRun/02/26/benign_llama3_1_8b_defmain_20_44_wzrtmado/checkpoints/global_step_40
2026-02-26 19:31:04,033 [ERROR] dvc add failed for global_step_40: ERROR: bad DVC file name 'logs/VerlRun/02/26/benign_llama3_1_8b_defmain_20_44_wzrtmado/checkpoints/global_step_40.dvc' is git-ignored.
2026-02-26 19:31:04,034 [WARNING] DVC add/push failed for global_step_40 — will retry next poll
2026-02-26 19:31:04,034 [INFO] Running: dvc add logs/VerlRun/02/26/benign_llama3_1_8b_defmain_20_44_wzrtmado/checkpoints/global_step_80
2026-02-26 19:31:04,543 [ERROR] dvc add failed for global_step_80: ERROR: bad DVC file name 'logs/VerlRun/02/26/benign_llama3_1_8b_defmain_20_44_wzrtmado/checkpoints/global_step_80.dvc' is git-ignored.
2026-02-26 19:31:04,543 [WARNING] DVC add/push failed for global_step_80 — will retry next poll
2026-02-26 19:31:04,543 [INFO] Running: dvc add logs/VerlRun/02/26/benign_llama3_1_8b_defmain_20_44_wzrtmado/checkpoints/global_step_120
2026-02-26 19:31:05,055 [ERROR] dvc add failed for global_step_120: ERROR: bad DVC file name 'logs/VerlRun/02/26/benign_llama3_1_8b_defmain_20_44_wzrtmado/checkpoints/global_step_120.dvc' is git-ignored.
2026-02-26 19:31:05,055 [WARNING] DVC add/push failed for global_step_120 — will retry next poll
2026-02-26 19:31:05,055 [INFO] Running: dvc add logs/VerlRun/02/26/benign_llama3_1_8b_defmain_20_44_wzrtmado/checkpoints/global_step_160
2026-02-26 19:31:05,572 [ERROR] dvc add failed for global_step_160: ERROR: bad DVC file name 'logs/VerlRun/02/26/benign_llama3_1_8b_defmain_20_44_wzrtmado/checkpoints/global_step_160.dvc' is git-ignored.
2026-02-26 19:31:05,572 [WARNING] DVC add/push failed for global_step_160 — will retry next poll
2026-02-26 19:31:05,572 [INFO] Running: dvc add logs/VerlRun/02/26/benign_llama3_1_8b_defmain_20_44_wzrtmado/checkpoints/global_step_200
2026-02-26 19:31:06,067 [ERROR] dvc add failed for global_step_200: ERROR: bad DVC file name 'logs/VerlRun/02/26/benign_llama3_1_8b_defmain_20_44_wzrtmado/checkpoints/global_step_200.dvc' is git-ignored.
2026-02-26 19:31:06,067 [WARNING] DVC add/push failed for global_step_200 — will retry next poll
2026-02-26 19:31:06,067 [DEBUG] Sleeping 300.0s until next poll
2026-02-26 19:36:06,167 [INFO] New complete checkpoints to backup: [40, 80, 120, 160, 200]
2026-02-26 19:36:06,167 [INFO] Running: dvc add logs/VerlRun/02/26/benign_llama3_1_8b_defmain_20_44_wzrtmado/checkpoints/global_step_40
2026-02-26 19:36:07,316 [ERROR] dvc add failed for global_step_40: ERROR: bad DVC file name 'logs/VerlRun/02/26/benign_llama3_1_8b_defmain_20_44_wzrtmado/checkpoints/global_step_40.dvc' is git-ignored.
2026-02-26 19:36:07,316 [WARNING] DVC add/push failed for global_step_40 — will retry next poll
2026-02-26 19:36:07,317 [INFO] Running: dvc add logs/VerlRun/02/26/benign_llama3_1_8b_defmain_20_44_wzrtmado/checkpoints/global_step_80
2026-02-26 19:36:08,285 [ERROR] dvc add failed for global_step_80: ERROR: bad DVC file name 'logs/VerlRun/02/26/benign_llama3_1_8b_defmain_20_44_wzrtmado/checkpoints/global_step_80.dvc' is git-ignored.
2026-02-26 19:36:08,285 [WARNING] DVC add/push failed for global_step_80 — will retry next poll
2026-02-26 19:36:08,285 [INFO] Running: dvc add logs/VerlRun/02/26/benign_llama3_1_8b_defmain_20_44_wzrtmado/checkpoints/global_step_120
2026-02-26 19:36:09,413 [ERROR] dvc add failed for global_step_120: ERROR: bad DVC file name 'logs/VerlRun/02/26/benign_llama3_1_8b_defmain_20_44_wzrtmado/checkpoints/global_step_120.dvc' is git-ignored.
2026-02-26 19:36:09,413 [WARNING] DVC add/push failed for global_step_120 — will retry next poll
2026-02-26 19:36:09,414 [INFO] Running: dvc add logs/VerlRun/02/26/benign_llama3_1_8b_defmain_20_44_wzrtmado/checkpoints/global_step_160
2026-02-26 19:36:10,419 [ERROR] dvc add failed for global_step_160: ERROR: bad DVC file name 'logs/VerlRun/02/26/benign_llama3_1_8b_defmain_20_44_wzrtmado/checkpoints/global_step_160.dvc' is git-ignored.
2026-02-26 19:36:10,419 [WARNING] DVC add/push failed for global_step_160 — will retry next poll
2026-02-26 19:36:10,419 [INFO] Running: dvc add logs/VerlRun/02/26/benign_llama3_1_8b_defmain_20_44_wzrtmado/checkpoints/global_step_200
2026-02-26 19:36:11,261 [ERROR] dvc add failed for global_step_200: ERROR: bad DVC file name 'logs/VerlRun/02/26/benign_llama3_1_8b_defmain_20_44_wzrtmado/checkpoints/global_step_200.dvc' is git-ignored.
2026-02-26 19:36:11,261 [WARNING] DVC add/push failed for global_step_200 — will retry next poll
2026-02-26 19:36:11,261 [DEBUG] Sleeping 300.0s until next poll
