2026-03-01 18:47:10,868 [INFO] ============================================================
2026-03-01 18:47:10,868 [INFO] Checkpoint daemon started
2026-03-01 18:47:10,868 [INFO]   run_dir:            /shared/matan/code/pass_at_k/logs/VerlRun/03/01/hidden_wmonitor_backdoor_qwen3_8b_remove_23_46_v5tmf24z
2026-03-01 18:47:10,868 [INFO]   verl_pid:           528725
2026-03-01 18:47:10,868 [INFO]   poll_interval:      300.0s
2026-03-01 18:47:10,868 [INFO]   clean_after_backup: True
2026-03-01 18:47:10,876 [INFO]   dvc_root:           /shared/matan/code/pass_at_k
2026-03-01 18:47:10,876 [INFO] ============================================================
2026-03-01 18:47:10,886 [DEBUG] No non-empty checkpoints found
2026-03-01 18:47:10,886 [DEBUG] Sleeping 300.0s until next poll
2026-03-01 18:52:10,998 [DEBUG] No non-empty checkpoints found
2026-03-01 18:52:11,000 [DEBUG] Sleeping 300.0s until next poll
2026-03-01 18:57:11,119 [DEBUG] No non-empty checkpoints found
2026-03-01 18:57:11,121 [DEBUG] Sleeping 300.0s until next poll
2026-03-01 19:02:11,263 [DEBUG] No non-empty checkpoints found
2026-03-01 19:02:11,267 [DEBUG] Sleeping 300.0s until next poll
2026-03-01 19:07:11,380 [DEBUG] No non-empty checkpoints found
2026-03-01 19:07:11,382 [DEBUG] Sleeping 300.0s until next poll
2026-03-01 19:12:11,496 [DEBUG] No non-empty checkpoints found
2026-03-01 19:12:11,498 [DEBUG] Sleeping 300.0s until next poll
2026-03-01 19:17:11,604 [DEBUG] No non-empty checkpoints found
2026-03-01 19:17:11,606 [DEBUG] Sleeping 300.0s until next poll
2026-03-01 19:22:11,708 [DEBUG] No non-empty checkpoints found
2026-03-01 19:22:11,710 [DEBUG] Sleeping 300.0s until next poll
2026-03-01 19:27:11,834 [DEBUG] No non-empty checkpoints found
2026-03-01 19:27:11,837 [DEBUG] Sleeping 300.0s until next poll
2026-03-01 19:32:11,950 [DEBUG] No non-empty checkpoints found
2026-03-01 19:32:11,952 [DEBUG] Sleeping 300.0s until next poll
2026-03-01 19:37:12,067 [DEBUG] No non-empty checkpoints found
2026-03-01 19:37:12,070 [DEBUG] Sleeping 300.0s until next poll
2026-03-01 19:42:12,172 [DEBUG] No non-empty checkpoints found
2026-03-01 19:42:12,175 [DEBUG] Sleeping 300.0s until next poll
2026-03-01 19:47:12,276 [DEBUG] No non-empty checkpoints found
2026-03-01 19:47:12,278 [DEBUG] Sleeping 300.0s until next poll
2026-03-01 19:52:12,393 [DEBUG] No non-empty checkpoints found
2026-03-01 19:52:12,395 [DEBUG] Sleeping 300.0s until next poll
2026-03-01 19:57:12,523 [DEBUG] No non-empty checkpoints found
2026-03-01 19:57:12,525 [DEBUG] Sleeping 300.0s until next poll
2026-03-01 20:02:12,652 [DEBUG] No non-empty checkpoints found
2026-03-01 20:02:12,655 [DEBUG] Sleeping 300.0s until next poll
2026-03-01 20:07:12,771 [DEBUG] No non-empty checkpoints found
2026-03-01 20:07:12,774 [DEBUG] Sleeping 300.0s until next poll
2026-03-01 20:12:12,898 [DEBUG] No non-empty checkpoints found
2026-03-01 20:12:12,900 [DEBUG] Sleeping 300.0s until next poll
2026-03-01 20:17:13,003 [DEBUG] No non-empty checkpoints found
2026-03-01 20:17:13,006 [DEBUG] Sleeping 300.0s until next poll
2026-03-01 20:22:13,128 [DEBUG] No non-empty checkpoints found
2026-03-01 20:22:13,130 [DEBUG] Sleeping 300.0s until next poll
2026-03-01 20:27:13,248 [DEBUG] No non-empty checkpoints found
2026-03-01 20:27:13,250 [DEBUG] Sleeping 300.0s until next poll
2026-03-01 20:32:13,352 [DEBUG] No non-empty checkpoints found
2026-03-01 20:32:13,354 [DEBUG] Sleeping 300.0s until next poll
2026-03-01 20:37:13,482 [DEBUG] No non-empty checkpoints found
2026-03-01 20:37:13,484 [DEBUG] Sleeping 300.0s until next poll
2026-03-01 20:42:13,602 [DEBUG] No non-empty checkpoints found
2026-03-01 20:42:13,604 [DEBUG] Sleeping 300.0s until next poll
2026-03-01 20:47:13,707 [DEBUG] No non-empty checkpoints found
2026-03-01 20:47:13,709 [DEBUG] Sleeping 300.0s until next poll
2026-03-01 20:52:14,413 [DEBUG] New steps [360] but none confirmed complete (complete_step=None)
2026-03-01 20:52:14,460 [DEBUG] Sleeping 300.0s until next poll
2026-03-01 20:57:15,176 [DEBUG] New steps [360] but none confirmed complete (complete_step=None)
2026-03-01 20:57:15,227 [DEBUG] Sleeping 300.0s until next poll
2026-03-01 21:02:15,347 [INFO] New complete checkpoints to backup: [360]
2026-03-01 21:02:15,354 [INFO] Running: dvc add logs/VerlRun/03/01/hidden_wmonitor_backdoor_qwen3_8b_remove_23_46_v5tmf24z/checkpoints/global_step_360
2026-03-01 21:02:20,761 [ERROR] dvc add failed for global_step_360: ERROR: unexpected error - cannot import name '_DIR_MARK' from 'pathspec.patterns.gitwildmatch' (/home/matan/shared/.conda/envs/hope/lib/python3.10/site-packages/pathspec/patterns/gitwildmatch.py)

Having any troubles? Hit us up at https://dvc.org/support, we are always happy to help!
2026-03-01 21:02:20,761 [WARNING] DVC add/push failed for global_step_360 — will retry next poll
2026-03-01 21:02:20,761 [DEBUG] Sleeping 300.0s until next poll
2026-03-01 21:07:20,882 [INFO] New complete checkpoints to backup: [360]
2026-03-01 21:07:20,884 [INFO] Running: dvc add logs/VerlRun/03/01/hidden_wmonitor_backdoor_qwen3_8b_remove_23_46_v5tmf24z/checkpoints/global_step_360
2026-03-01 21:07:27,153 [ERROR] dvc add failed for global_step_360: ERROR: unexpected error - cannot import name '_DIR_MARK' from 'pathspec.patterns.gitwildmatch' (/home/matan/shared/.conda/envs/hope/lib/python3.10/site-packages/pathspec/patterns/gitwildmatch.py)

Having any troubles? Hit us up at https://dvc.org/support, we are always happy to help!
2026-03-01 21:07:27,153 [WARNING] DVC add/push failed for global_step_360 — will retry next poll
2026-03-01 21:07:27,153 [DEBUG] Sleeping 300.0s until next poll
2026-03-01 21:12:27,266 [INFO] New complete checkpoints to backup: [360]
2026-03-01 21:12:27,269 [INFO] Running: dvc add logs/VerlRun/03/01/hidden_wmonitor_backdoor_qwen3_8b_remove_23_46_v5tmf24z/checkpoints/global_step_360
2026-03-01 21:12:34,042 [ERROR] dvc add failed for global_step_360: ERROR: unexpected error - cannot import name '_DIR_MARK' from 'pathspec.patterns.gitwildmatch' (/home/matan/shared/.conda/envs/hope/lib/python3.10/site-packages/pathspec/patterns/gitwildmatch.py)

Having any troubles? Hit us up at https://dvc.org/support, we are always happy to help!
2026-03-01 21:12:34,042 [WARNING] DVC add/push failed for global_step_360 — will retry next poll
2026-03-01 21:12:34,042 [DEBUG] Sleeping 300.0s until next poll
2026-03-01 21:17:34,149 [INFO] New complete checkpoints to backup: [360]
2026-03-01 21:17:34,151 [INFO] Running: dvc add logs/VerlRun/03/01/hidden_wmonitor_backdoor_qwen3_8b_remove_23_46_v5tmf24z/checkpoints/global_step_360
2026-03-01 21:17:40,458 [ERROR] dvc add failed for global_step_360: ERROR: unexpected error - cannot import name '_DIR_MARK' from 'pathspec.patterns.gitwildmatch' (/home/matan/shared/.conda/envs/hope/lib/python3.10/site-packages/pathspec/patterns/gitwildmatch.py)

Having any troubles? Hit us up at https://dvc.org/support, we are always happy to help!
2026-03-01 21:17:40,458 [WARNING] DVC add/push failed for global_step_360 — will retry next poll
2026-03-01 21:17:40,458 [DEBUG] Sleeping 300.0s until next poll
2026-03-01 21:22:40,586 [INFO] New complete checkpoints to backup: [360]
2026-03-01 21:22:40,588 [INFO] Running: dvc add logs/VerlRun/03/01/hidden_wmonitor_backdoor_qwen3_8b_remove_23_46_v5tmf24z/checkpoints/global_step_360
2026-03-01 21:22:47,200 [ERROR] dvc add failed for global_step_360: ERROR: unexpected error - cannot import name '_DIR_MARK' from 'pathspec.patterns.gitwildmatch' (/home/matan/shared/.conda/envs/hope/lib/python3.10/site-packages/pathspec/patterns/gitwildmatch.py)

Having any troubles? Hit us up at https://dvc.org/support, we are always happy to help!
2026-03-01 21:22:47,200 [WARNING] DVC add/push failed for global_step_360 — will retry next poll
2026-03-01 21:22:47,200 [DEBUG] Sleeping 300.0s until next poll
2026-03-01 21:27:47,331 [INFO] New complete checkpoints to backup: [360]
2026-03-01 21:27:47,334 [INFO] Running: dvc add logs/VerlRun/03/01/hidden_wmonitor_backdoor_qwen3_8b_remove_23_46_v5tmf24z/checkpoints/global_step_360
2026-03-01 21:27:52,187 [ERROR] dvc add failed for global_step_360: ERROR: unexpected error - cannot import name '_DIR_MARK' from 'pathspec.patterns.gitwildmatch' (/home/matan/shared/.conda/envs/hope/lib/python3.10/site-packages/pathspec/patterns/gitwildmatch.py)

Having any troubles? Hit us up at https://dvc.org/support, we are always happy to help!
2026-03-01 21:27:52,187 [WARNING] DVC add/push failed for global_step_360 — will retry next poll
2026-03-01 21:27:52,187 [DEBUG] Sleeping 300.0s until next poll
2026-03-01 21:32:52,321 [INFO] New complete checkpoints to backup: [360]
2026-03-01 21:32:52,323 [INFO] Running: dvc add logs/VerlRun/03/01/hidden_wmonitor_backdoor_qwen3_8b_remove_23_46_v5tmf24z/checkpoints/global_step_360
2026-03-01 21:32:58,478 [ERROR] dvc add failed for global_step_360: ERROR: unexpected error - cannot import name '_DIR_MARK' from 'pathspec.patterns.gitwildmatch' (/home/matan/shared/.conda/envs/hope/lib/python3.10/site-packages/pathspec/patterns/gitwildmatch.py)

Having any troubles? Hit us up at https://dvc.org/support, we are always happy to help!
2026-03-01 21:32:58,478 [WARNING] DVC add/push failed for global_step_360 — will retry next poll
2026-03-01 21:32:58,478 [DEBUG] Sleeping 300.0s until next poll
2026-03-01 21:37:58,590 [INFO] New complete checkpoints to backup: [360]
2026-03-01 21:37:58,592 [INFO] Running: dvc add logs/VerlRun/03/01/hidden_wmonitor_backdoor_qwen3_8b_remove_23_46_v5tmf24z/checkpoints/global_step_360
2026-03-01 21:38:05,307 [ERROR] dvc add failed for global_step_360: ERROR: unexpected error - cannot import name '_DIR_MARK' from 'pathspec.patterns.gitwildmatch' (/home/matan/shared/.conda/envs/hope/lib/python3.10/site-packages/pathspec/patterns/gitwildmatch.py)

Having any troubles? Hit us up at https://dvc.org/support, we are always happy to help!
2026-03-01 21:38:05,307 [WARNING] DVC add/push failed for global_step_360 — will retry next poll
2026-03-01 21:38:05,307 [DEBUG] Sleeping 300.0s until next poll
2026-03-01 21:43:05,437 [INFO] New complete checkpoints to backup: [360]
2026-03-01 21:43:05,440 [INFO] Running: dvc add logs/VerlRun/03/01/hidden_wmonitor_backdoor_qwen3_8b_remove_23_46_v5tmf24z/checkpoints/global_step_360
2026-03-01 21:43:12,332 [ERROR] dvc add failed for global_step_360: ERROR: unexpected error - cannot import name '_DIR_MARK' from 'pathspec.patterns.gitwildmatch' (/home/matan/shared/.conda/envs/hope/lib/python3.10/site-packages/pathspec/patterns/gitwildmatch.py)

Having any troubles? Hit us up at https://dvc.org/support, we are always happy to help!
2026-03-01 21:43:12,332 [WARNING] DVC add/push failed for global_step_360 — will retry next poll
2026-03-01 21:43:12,333 [DEBUG] Sleeping 300.0s until next poll
2026-03-01 21:48:12,458 [INFO] New complete checkpoints to backup: [360]
2026-03-01 21:48:12,461 [INFO] Running: dvc add logs/VerlRun/03/01/hidden_wmonitor_backdoor_qwen3_8b_remove_23_46_v5tmf24z/checkpoints/global_step_360
2026-03-01 21:48:18,691 [ERROR] dvc add failed for global_step_360: ERROR: unexpected error - cannot import name '_DIR_MARK' from 'pathspec.patterns.gitwildmatch' (/home/matan/shared/.conda/envs/hope/lib/python3.10/site-packages/pathspec/patterns/gitwildmatch.py)

Having any troubles? Hit us up at https://dvc.org/support, we are always happy to help!
2026-03-01 21:48:18,691 [WARNING] DVC add/push failed for global_step_360 — will retry next poll
2026-03-01 21:48:18,691 [DEBUG] Sleeping 300.0s until next poll
2026-03-01 21:53:18,805 [INFO] New complete checkpoints to backup: [360]
2026-03-01 21:53:18,807 [INFO] Running: dvc add logs/VerlRun/03/01/hidden_wmonitor_backdoor_qwen3_8b_remove_23_46_v5tmf24z/checkpoints/global_step_360
2026-03-01 21:53:25,678 [ERROR] dvc add failed for global_step_360: ERROR: unexpected error - cannot import name '_DIR_MARK' from 'pathspec.patterns.gitwildmatch' (/home/matan/shared/.conda/envs/hope/lib/python3.10/site-packages/pathspec/patterns/gitwildmatch.py)

Having any troubles? Hit us up at https://dvc.org/support, we are always happy to help!
2026-03-01 21:53:25,678 [WARNING] DVC add/push failed for global_step_360 — will retry next poll
2026-03-01 21:53:25,678 [DEBUG] Sleeping 300.0s until next poll
2026-03-01 21:58:25,808 [INFO] New complete checkpoints to backup: [360]
2026-03-01 21:58:25,810 [INFO] Running: dvc add logs/VerlRun/03/01/hidden_wmonitor_backdoor_qwen3_8b_remove_23_46_v5tmf24z/checkpoints/global_step_360
2026-03-01 21:58:32,545 [ERROR] dvc add failed for global_step_360: ERROR: unexpected error - cannot import name '_DIR_MARK' from 'pathspec.patterns.gitwildmatch' (/home/matan/shared/.conda/envs/hope/lib/python3.10/site-packages/pathspec/patterns/gitwildmatch.py)

Having any troubles? Hit us up at https://dvc.org/support, we are always happy to help!
2026-03-01 21:58:32,545 [WARNING] DVC add/push failed for global_step_360 — will retry next poll
2026-03-01 21:58:32,545 [DEBUG] Sleeping 300.0s until next poll
2026-03-01 22:03:32,669 [INFO] New complete checkpoints to backup: [360]
2026-03-01 22:03:32,671 [INFO] Running: dvc add logs/VerlRun/03/01/hidden_wmonitor_backdoor_qwen3_8b_remove_23_46_v5tmf24z/checkpoints/global_step_360
2026-03-01 22:03:39,213 [ERROR] dvc add failed for global_step_360: ERROR: unexpected error - cannot import name '_DIR_MARK' from 'pathspec.patterns.gitwildmatch' (/home/matan/shared/.conda/envs/hope/lib/python3.10/site-packages/pathspec/patterns/gitwildmatch.py)

Having any troubles? Hit us up at https://dvc.org/support, we are always happy to help!
2026-03-01 22:03:39,213 [WARNING] DVC add/push failed for global_step_360 — will retry next poll
2026-03-01 22:03:39,213 [DEBUG] Sleeping 300.0s until next poll
2026-03-01 22:08:39,346 [INFO] New complete checkpoints to backup: [360]
2026-03-01 22:08:39,348 [INFO] Running: dvc add logs/VerlRun/03/01/hidden_wmonitor_backdoor_qwen3_8b_remove_23_46_v5tmf24z/checkpoints/global_step_360
2026-03-01 22:08:46,057 [ERROR] dvc add failed for global_step_360: ERROR: unexpected error - cannot import name '_DIR_MARK' from 'pathspec.patterns.gitwildmatch' (/home/matan/shared/.conda/envs/hope/lib/python3.10/site-packages/pathspec/patterns/gitwildmatch.py)

Having any troubles? Hit us up at https://dvc.org/support, we are always happy to help!
2026-03-01 22:08:46,057 [WARNING] DVC add/push failed for global_step_360 — will retry next poll
2026-03-01 22:08:46,057 [DEBUG] Sleeping 300.0s until next poll
2026-03-01 22:13:46,173 [INFO] New complete checkpoints to backup: [360]
2026-03-01 22:13:46,176 [INFO] Running: dvc add logs/VerlRun/03/01/hidden_wmonitor_backdoor_qwen3_8b_remove_23_46_v5tmf24z/checkpoints/global_step_360
2026-03-01 22:13:52,900 [ERROR] dvc add failed for global_step_360: ERROR: unexpected error - cannot import name '_DIR_MARK' from 'pathspec.patterns.gitwildmatch' (/home/matan/shared/.conda/envs/hope/lib/python3.10/site-packages/pathspec/patterns/gitwildmatch.py)

Having any troubles? Hit us up at https://dvc.org/support, we are always happy to help!
2026-03-01 22:13:52,900 [WARNING] DVC add/push failed for global_step_360 — will retry next poll
2026-03-01 22:13:52,900 [DEBUG] Sleeping 300.0s until next poll
2026-03-01 22:18:53,039 [INFO] New complete checkpoints to backup: [360]
2026-03-01 22:18:53,041 [INFO] Running: dvc add logs/VerlRun/03/01/hidden_wmonitor_backdoor_qwen3_8b_remove_23_46_v5tmf24z/checkpoints/global_step_360
2026-03-01 22:18:59,924 [ERROR] dvc add failed for global_step_360: ERROR: unexpected error - cannot import name '_DIR_MARK' from 'pathspec.patterns.gitwildmatch' (/home/matan/shared/.conda/envs/hope/lib/python3.10/site-packages/pathspec/patterns/gitwildmatch.py)

Having any troubles? Hit us up at https://dvc.org/support, we are always happy to help!
2026-03-01 22:18:59,924 [WARNING] DVC add/push failed for global_step_360 — will retry next poll
2026-03-01 22:18:59,924 [DEBUG] Sleeping 300.0s until next poll
2026-03-01 22:24:00,065 [INFO] New complete checkpoints to backup: [360]
2026-03-01 22:24:00,068 [INFO] Running: dvc add logs/VerlRun/03/01/hidden_wmonitor_backdoor_qwen3_8b_remove_23_46_v5tmf24z/checkpoints/global_step_360
2026-03-01 22:24:06,688 [ERROR] dvc add failed for global_step_360: ERROR: unexpected error - cannot import name '_DIR_MARK' from 'pathspec.patterns.gitwildmatch' (/home/matan/shared/.conda/envs/hope/lib/python3.10/site-packages/pathspec/patterns/gitwildmatch.py)

Having any troubles? Hit us up at https://dvc.org/support, we are always happy to help!
2026-03-01 22:24:06,689 [WARNING] DVC add/push failed for global_step_360 — will retry next poll
2026-03-01 22:24:06,689 [DEBUG] Sleeping 300.0s until next poll
2026-03-01 22:29:06,804 [INFO] New complete checkpoints to backup: [360]
2026-03-01 22:29:06,807 [INFO] Running: dvc add logs/VerlRun/03/01/hidden_wmonitor_backdoor_qwen3_8b_remove_23_46_v5tmf24z/checkpoints/global_step_360
2026-03-01 22:29:13,276 [ERROR] dvc add failed for global_step_360: ERROR: unexpected error - cannot import name '_DIR_MARK' from 'pathspec.patterns.gitwildmatch' (/home/matan/shared/.conda/envs/hope/lib/python3.10/site-packages/pathspec/patterns/gitwildmatch.py)

Having any troubles? Hit us up at https://dvc.org/support, we are always happy to help!
2026-03-01 22:29:13,276 [WARNING] DVC add/push failed for global_step_360 — will retry next poll
2026-03-01 22:29:13,276 [DEBUG] Sleeping 300.0s until next poll
2026-03-01 22:34:13,401 [INFO] New complete checkpoints to backup: [360]
2026-03-01 22:34:13,403 [INFO] Running: dvc add logs/VerlRun/03/01/hidden_wmonitor_backdoor_qwen3_8b_remove_23_46_v5tmf24z/checkpoints/global_step_360
2026-03-01 22:34:18,890 [ERROR] dvc add failed for global_step_360: ERROR: unexpected error - cannot import name '_DIR_MARK' from 'pathspec.patterns.gitwildmatch' (/home/matan/shared/.conda/envs/hope/lib/python3.10/site-packages/pathspec/patterns/gitwildmatch.py)

Having any troubles? Hit us up at https://dvc.org/support, we are always happy to help!
2026-03-01 22:34:18,890 [WARNING] DVC add/push failed for global_step_360 — will retry next poll
2026-03-01 22:34:18,890 [DEBUG] Sleeping 300.0s until next poll
2026-03-01 22:39:19,020 [INFO] New complete checkpoints to backup: [360]
2026-03-01 22:39:19,023 [INFO] Running: dvc add logs/VerlRun/03/01/hidden_wmonitor_backdoor_qwen3_8b_remove_23_46_v5tmf24z/checkpoints/global_step_360
2026-03-01 22:39:25,663 [ERROR] dvc add failed for global_step_360: ERROR: unexpected error - cannot import name '_DIR_MARK' from 'pathspec.patterns.gitwildmatch' (/home/matan/shared/.conda/envs/hope/lib/python3.10/site-packages/pathspec/patterns/gitwildmatch.py)

Having any troubles? Hit us up at https://dvc.org/support, we are always happy to help!
2026-03-01 22:39:25,663 [WARNING] DVC add/push failed for global_step_360 — will retry next poll
2026-03-01 22:39:25,663 [DEBUG] Sleeping 300.0s until next poll
2026-03-01 22:44:25,780 [INFO] New complete checkpoints to backup: [360]
2026-03-01 22:44:25,782 [INFO] Running: dvc add logs/VerlRun/03/01/hidden_wmonitor_backdoor_qwen3_8b_remove_23_46_v5tmf24z/checkpoints/global_step_360
2026-03-01 22:44:32,320 [ERROR] dvc add failed for global_step_360: ERROR: unexpected error - cannot import name '_DIR_MARK' from 'pathspec.patterns.gitwildmatch' (/home/matan/shared/.conda/envs/hope/lib/python3.10/site-packages/pathspec/patterns/gitwildmatch.py)

Having any troubles? Hit us up at https://dvc.org/support, we are always happy to help!
2026-03-01 22:44:32,320 [WARNING] DVC add/push failed for global_step_360 — will retry next poll
2026-03-01 22:44:32,320 [DEBUG] Sleeping 300.0s until next poll
2026-03-01 22:49:32,436 [INFO] New complete checkpoints to backup: [360]
2026-03-01 22:49:32,439 [INFO] Running: dvc add logs/VerlRun/03/01/hidden_wmonitor_backdoor_qwen3_8b_remove_23_46_v5tmf24z/checkpoints/global_step_360
2026-03-01 22:49:38,867 [ERROR] dvc add failed for global_step_360: ERROR: unexpected error - cannot import name '_DIR_MARK' from 'pathspec.patterns.gitwildmatch' (/home/matan/shared/.conda/envs/hope/lib/python3.10/site-packages/pathspec/patterns/gitwildmatch.py)

Having any troubles? Hit us up at https://dvc.org/support, we are always happy to help!
2026-03-01 22:49:38,868 [WARNING] DVC add/push failed for global_step_360 — will retry next poll
2026-03-01 22:49:38,868 [DEBUG] Sleeping 300.0s until next poll
2026-03-01 22:54:38,992 [INFO] New complete checkpoints to backup: [360]
2026-03-01 22:54:38,995 [INFO] Running: dvc add logs/VerlRun/03/01/hidden_wmonitor_backdoor_qwen3_8b_remove_23_46_v5tmf24z/checkpoints/global_step_360
2026-03-01 22:54:45,385 [ERROR] dvc add failed for global_step_360: ERROR: unexpected error - cannot import name '_DIR_MARK' from 'pathspec.patterns.gitwildmatch' (/home/matan/shared/.conda/envs/hope/lib/python3.10/site-packages/pathspec/patterns/gitwildmatch.py)

Having any troubles? Hit us up at https://dvc.org/support, we are always happy to help!
2026-03-01 22:54:45,385 [WARNING] DVC add/push failed for global_step_360 — will retry next poll
2026-03-01 22:54:45,385 [DEBUG] Sleeping 300.0s until next poll
2026-03-01 22:59:45,510 [INFO] New complete checkpoints to backup: [360]
2026-03-01 22:59:45,513 [INFO] Running: dvc add logs/VerlRun/03/01/hidden_wmonitor_backdoor_qwen3_8b_remove_23_46_v5tmf24z/checkpoints/global_step_360
2026-03-01 22:59:52,238 [ERROR] dvc add failed for global_step_360: ERROR: unexpected error - cannot import name '_DIR_MARK' from 'pathspec.patterns.gitwildmatch' (/home/matan/shared/.conda/envs/hope/lib/python3.10/site-packages/pathspec/patterns/gitwildmatch.py)

Having any troubles? Hit us up at https://dvc.org/support, we are always happy to help!
2026-03-01 22:59:52,238 [WARNING] DVC add/push failed for global_step_360 — will retry next poll
2026-03-01 22:59:52,238 [DEBUG] Sleeping 300.0s until next poll
2026-03-01 23:04:52,380 [INFO] New complete checkpoints to backup: [360]
2026-03-01 23:04:52,383 [INFO] Running: dvc add logs/VerlRun/03/01/hidden_wmonitor_backdoor_qwen3_8b_remove_23_46_v5tmf24z/checkpoints/global_step_360
2026-03-01 23:04:58,633 [ERROR] dvc add failed for global_step_360: ERROR: unexpected error - cannot import name '_DIR_MARK' from 'pathspec.patterns.gitwildmatch' (/home/matan/shared/.conda/envs/hope/lib/python3.10/site-packages/pathspec/patterns/gitwildmatch.py)

Having any troubles? Hit us up at https://dvc.org/support, we are always happy to help!
2026-03-01 23:04:58,634 [WARNING] DVC add/push failed for global_step_360 — will retry next poll
2026-03-01 23:04:58,634 [DEBUG] Sleeping 300.0s until next poll
2026-03-01 23:09:59,565 [INFO] New complete checkpoints to backup: [360]
2026-03-01 23:09:59,675 [INFO] Running: dvc add logs/VerlRun/03/01/hidden_wmonitor_backdoor_qwen3_8b_remove_23_46_v5tmf24z/checkpoints/global_step_360
2026-03-01 23:12:23,883 [ERROR] dvc add failed for global_step_360: ERROR: unexpected error - cannot import name '_DIR_MARK' from 'pathspec.patterns.gitwildmatch' (/home/matan/shared/.conda/envs/hope/lib/python3.10/site-packages/pathspec/patterns/gitwildmatch.py)

Having any troubles? Hit us up at https://dvc.org/support, we are always happy to help!
2026-03-01 23:12:23,939 [WARNING] DVC add/push failed for global_step_360 — will retry next poll
2026-03-01 23:12:23,939 [DEBUG] Sleeping 300.0s until next poll
2026-03-01 23:17:24,005 [INFO] New complete checkpoints to backup: [360, 400]
2026-03-01 23:17:24,008 [INFO] Running: dvc add logs/VerlRun/03/01/hidden_wmonitor_backdoor_qwen3_8b_remove_23_46_v5tmf24z/checkpoints/global_step_360
2026-03-01 23:17:30,634 [ERROR] dvc add failed for global_step_360: ERROR: unexpected error - cannot import name '_DIR_MARK' from 'pathspec.patterns.gitwildmatch' (/home/matan/shared/.conda/envs/hope/lib/python3.10/site-packages/pathspec/patterns/gitwildmatch.py)

Having any troubles? Hit us up at https://dvc.org/support, we are always happy to help!
2026-03-01 23:17:30,634 [WARNING] DVC add/push failed for global_step_360 — will retry next poll
2026-03-01 23:17:30,649 [INFO] Running: dvc add logs/VerlRun/03/01/hidden_wmonitor_backdoor_qwen3_8b_remove_23_46_v5tmf24z/checkpoints/global_step_400
2026-03-01 23:17:31,207 [ERROR] dvc add failed for global_step_400: ERROR: unexpected error - cannot import name '_DIR_MARK' from 'pathspec.patterns.gitwildmatch' (/home/matan/shared/.conda/envs/hope/lib/python3.10/site-packages/pathspec/patterns/gitwildmatch.py)

Having any troubles? Hit us up at https://dvc.org/support, we are always happy to help!
2026-03-01 23:17:31,207 [WARNING] DVC add/push failed for global_step_400 — will retry next poll
2026-03-01 23:17:31,207 [DEBUG] Sleeping 300.0s until next poll
2026-03-01 23:22:31,344 [INFO] New complete checkpoints to backup: [360, 400]
2026-03-01 23:22:31,347 [INFO] Running: dvc add logs/VerlRun/03/01/hidden_wmonitor_backdoor_qwen3_8b_remove_23_46_v5tmf24z/checkpoints/global_step_360
2026-03-01 23:22:38,373 [ERROR] dvc add failed for global_step_360: ERROR: unexpected error - cannot import name '_DIR_MARK' from 'pathspec.patterns.gitwildmatch' (/home/matan/shared/.conda/envs/hope/lib/python3.10/site-packages/pathspec/patterns/gitwildmatch.py)

Having any troubles? Hit us up at https://dvc.org/support, we are always happy to help!
2026-03-01 23:22:38,374 [WARNING] DVC add/push failed for global_step_360 — will retry next poll
2026-03-01 23:22:38,374 [INFO] Running: dvc add logs/VerlRun/03/01/hidden_wmonitor_backdoor_qwen3_8b_remove_23_46_v5tmf24z/checkpoints/global_step_400
2026-03-01 23:22:38,915 [ERROR] dvc add failed for global_step_400: ERROR: unexpected error - cannot import name '_DIR_MARK' from 'pathspec.patterns.gitwildmatch' (/home/matan/shared/.conda/envs/hope/lib/python3.10/site-packages/pathspec/patterns/gitwildmatch.py)

Having any troubles? Hit us up at https://dvc.org/support, we are always happy to help!
2026-03-01 23:22:38,915 [WARNING] DVC add/push failed for global_step_400 — will retry next poll
2026-03-01 23:22:38,915 [DEBUG] Sleeping 300.0s until next poll
2026-03-01 23:27:39,045 [INFO] New complete checkpoints to backup: [360, 400]
2026-03-01 23:27:39,048 [INFO] Running: dvc add logs/VerlRun/03/01/hidden_wmonitor_backdoor_qwen3_8b_remove_23_46_v5tmf24z/checkpoints/global_step_360
2026-03-01 23:27:43,252 [ERROR] dvc add failed for global_step_360: ERROR: unexpected error - cannot import name '_DIR_MARK' from 'pathspec.patterns.gitwildmatch' (/home/matan/shared/.conda/envs/hope/lib/python3.10/site-packages/pathspec/patterns/gitwildmatch.py)

Having any troubles? Hit us up at https://dvc.org/support, we are always happy to help!
2026-03-01 23:27:43,253 [WARNING] DVC add/push failed for global_step_360 — will retry next poll
2026-03-01 23:27:43,253 [INFO] Running: dvc add logs/VerlRun/03/01/hidden_wmonitor_backdoor_qwen3_8b_remove_23_46_v5tmf24z/checkpoints/global_step_400
2026-03-01 23:27:43,770 [ERROR] dvc add failed for global_step_400: ERROR: unexpected error - cannot import name '_DIR_MARK' from 'pathspec.patterns.gitwildmatch' (/home/matan/shared/.conda/envs/hope/lib/python3.10/site-packages/pathspec/patterns/gitwildmatch.py)

Having any troubles? Hit us up at https://dvc.org/support, we are always happy to help!
2026-03-01 23:27:43,770 [WARNING] DVC add/push failed for global_step_400 — will retry next poll
2026-03-01 23:27:43,770 [DEBUG] Sleeping 300.0s until next poll
2026-03-01 23:32:43,900 [INFO] New complete checkpoints to backup: [360, 400]
2026-03-01 23:32:43,902 [INFO] Running: dvc add logs/VerlRun/03/01/hidden_wmonitor_backdoor_qwen3_8b_remove_23_46_v5tmf24z/checkpoints/global_step_360
2026-03-01 23:32:49,806 [ERROR] dvc add failed for global_step_360: ERROR: unexpected error - cannot import name '_DIR_MARK' from 'pathspec.patterns.gitwildmatch' (/home/matan/shared/.conda/envs/hope/lib/python3.10/site-packages/pathspec/patterns/gitwildmatch.py)

Having any troubles? Hit us up at https://dvc.org/support, we are always happy to help!
2026-03-01 23:32:49,806 [WARNING] DVC add/push failed for global_step_360 — will retry next poll
2026-03-01 23:32:49,806 [INFO] Running: dvc add logs/VerlRun/03/01/hidden_wmonitor_backdoor_qwen3_8b_remove_23_46_v5tmf24z/checkpoints/global_step_400
2026-03-01 23:32:50,320 [ERROR] dvc add failed for global_step_400: ERROR: unexpected error - cannot import name '_DIR_MARK' from 'pathspec.patterns.gitwildmatch' (/home/matan/shared/.conda/envs/hope/lib/python3.10/site-packages/pathspec/patterns/gitwildmatch.py)

Having any troubles? Hit us up at https://dvc.org/support, we are always happy to help!
2026-03-01 23:32:50,320 [WARNING] DVC add/push failed for global_step_400 — will retry next poll
2026-03-01 23:32:50,320 [DEBUG] Sleeping 300.0s until next poll
2026-03-01 23:37:50,449 [INFO] New complete checkpoints to backup: [360, 400]
2026-03-01 23:37:50,451 [INFO] Running: dvc add logs/VerlRun/03/01/hidden_wmonitor_backdoor_qwen3_8b_remove_23_46_v5tmf24z/checkpoints/global_step_360
2026-03-01 23:37:56,573 [ERROR] dvc add failed for global_step_360: ERROR: unexpected error - cannot import name '_DIR_MARK' from 'pathspec.patterns.gitwildmatch' (/home/matan/shared/.conda/envs/hope/lib/python3.10/site-packages/pathspec/patterns/gitwildmatch.py)

Having any troubles? Hit us up at https://dvc.org/support, we are always happy to help!
2026-03-01 23:37:56,573 [WARNING] DVC add/push failed for global_step_360 — will retry next poll
2026-03-01 23:37:56,573 [INFO] Running: dvc add logs/VerlRun/03/01/hidden_wmonitor_backdoor_qwen3_8b_remove_23_46_v5tmf24z/checkpoints/global_step_400
2026-03-01 23:37:57,102 [ERROR] dvc add failed for global_step_400: ERROR: unexpected error - cannot import name '_DIR_MARK' from 'pathspec.patterns.gitwildmatch' (/home/matan/shared/.conda/envs/hope/lib/python3.10/site-packages/pathspec/patterns/gitwildmatch.py)

Having any troubles? Hit us up at https://dvc.org/support, we are always happy to help!
2026-03-01 23:37:57,102 [WARNING] DVC add/push failed for global_step_400 — will retry next poll
2026-03-01 23:37:57,102 [DEBUG] Sleeping 300.0s until next poll
2026-03-01 23:42:57,244 [INFO] New complete checkpoints to backup: [360, 400]
2026-03-01 23:42:57,246 [INFO] Running: dvc add logs/VerlRun/03/01/hidden_wmonitor_backdoor_qwen3_8b_remove_23_46_v5tmf24z/checkpoints/global_step_360
2026-03-01 23:43:03,681 [ERROR] dvc add failed for global_step_360: ERROR: unexpected error - cannot import name '_DIR_MARK' from 'pathspec.patterns.gitwildmatch' (/home/matan/shared/.conda/envs/hope/lib/python3.10/site-packages/pathspec/patterns/gitwildmatch.py)

Having any troubles? Hit us up at https://dvc.org/support, we are always happy to help!
2026-03-01 23:43:03,681 [WARNING] DVC add/push failed for global_step_360 — will retry next poll
2026-03-01 23:43:03,681 [INFO] Running: dvc add logs/VerlRun/03/01/hidden_wmonitor_backdoor_qwen3_8b_remove_23_46_v5tmf24z/checkpoints/global_step_400
2026-03-01 23:43:04,221 [ERROR] dvc add failed for global_step_400: ERROR: unexpected error - cannot import name '_DIR_MARK' from 'pathspec.patterns.gitwildmatch' (/home/matan/shared/.conda/envs/hope/lib/python3.10/site-packages/pathspec/patterns/gitwildmatch.py)

Having any troubles? Hit us up at https://dvc.org/support, we are always happy to help!
2026-03-01 23:43:04,221 [WARNING] DVC add/push failed for global_step_400 — will retry next poll
2026-03-01 23:43:04,222 [DEBUG] Sleeping 300.0s until next poll
2026-03-01 23:48:04,349 [INFO] New complete checkpoints to backup: [360, 400]
2026-03-01 23:48:04,351 [INFO] Running: dvc add logs/VerlRun/03/01/hidden_wmonitor_backdoor_qwen3_8b_remove_23_46_v5tmf24z/checkpoints/global_step_360
2026-03-01 23:48:10,570 [ERROR] dvc add failed for global_step_360: ERROR: unexpected error - cannot import name '_DIR_MARK' from 'pathspec.patterns.gitwildmatch' (/home/matan/shared/.conda/envs/hope/lib/python3.10/site-packages/pathspec/patterns/gitwildmatch.py)

Having any troubles? Hit us up at https://dvc.org/support, we are always happy to help!
2026-03-01 23:48:10,570 [WARNING] DVC add/push failed for global_step_360 — will retry next poll
2026-03-01 23:48:10,570 [INFO] Running: dvc add logs/VerlRun/03/01/hidden_wmonitor_backdoor_qwen3_8b_remove_23_46_v5tmf24z/checkpoints/global_step_400
2026-03-01 23:48:11,093 [ERROR] dvc add failed for global_step_400: ERROR: unexpected error - cannot import name '_DIR_MARK' from 'pathspec.patterns.gitwildmatch' (/home/matan/shared/.conda/envs/hope/lib/python3.10/site-packages/pathspec/patterns/gitwildmatch.py)

Having any troubles? Hit us up at https://dvc.org/support, we are always happy to help!
2026-03-01 23:48:11,093 [WARNING] DVC add/push failed for global_step_400 — will retry next poll
2026-03-01 23:48:11,093 [DEBUG] Sleeping 300.0s until next poll
2026-03-01 23:53:11,212 [INFO] New complete checkpoints to backup: [360, 400]
2026-03-01 23:53:11,214 [INFO] Running: dvc add logs/VerlRun/03/01/hidden_wmonitor_backdoor_qwen3_8b_remove_23_46_v5tmf24z/checkpoints/global_step_360
2026-03-01 23:53:17,779 [ERROR] dvc add failed for global_step_360: ERROR: unexpected error - cannot import name '_DIR_MARK' from 'pathspec.patterns.gitwildmatch' (/home/matan/shared/.conda/envs/hope/lib/python3.10/site-packages/pathspec/patterns/gitwildmatch.py)

Having any troubles? Hit us up at https://dvc.org/support, we are always happy to help!
2026-03-01 23:53:17,779 [WARNING] DVC add/push failed for global_step_360 — will retry next poll
2026-03-01 23:53:17,779 [INFO] Running: dvc add logs/VerlRun/03/01/hidden_wmonitor_backdoor_qwen3_8b_remove_23_46_v5tmf24z/checkpoints/global_step_400
2026-03-01 23:53:18,349 [ERROR] dvc add failed for global_step_400: ERROR: unexpected error - cannot import name '_DIR_MARK' from 'pathspec.patterns.gitwildmatch' (/home/matan/shared/.conda/envs/hope/lib/python3.10/site-packages/pathspec/patterns/gitwildmatch.py)

Having any troubles? Hit us up at https://dvc.org/support, we are always happy to help!
2026-03-01 23:53:18,349 [WARNING] DVC add/push failed for global_step_400 — will retry next poll
2026-03-01 23:53:18,349 [DEBUG] Sleeping 300.0s until next poll
2026-03-01 23:58:18,485 [INFO] New complete checkpoints to backup: [360, 400]
2026-03-01 23:58:18,487 [INFO] Running: dvc add logs/VerlRun/03/01/hidden_wmonitor_backdoor_qwen3_8b_remove_23_46_v5tmf24z/checkpoints/global_step_360
2026-03-01 23:58:25,394 [ERROR] dvc add failed for global_step_360: ERROR: unexpected error - cannot import name '_DIR_MARK' from 'pathspec.patterns.gitwildmatch' (/home/matan/shared/.conda/envs/hope/lib/python3.10/site-packages/pathspec/patterns/gitwildmatch.py)

Having any troubles? Hit us up at https://dvc.org/support, we are always happy to help!
2026-03-01 23:58:25,394 [WARNING] DVC add/push failed for global_step_360 — will retry next poll
2026-03-01 23:58:25,394 [INFO] Running: dvc add logs/VerlRun/03/01/hidden_wmonitor_backdoor_qwen3_8b_remove_23_46_v5tmf24z/checkpoints/global_step_400
2026-03-01 23:58:25,926 [ERROR] dvc add failed for global_step_400: ERROR: unexpected error - cannot import name '_DIR_MARK' from 'pathspec.patterns.gitwildmatch' (/home/matan/shared/.conda/envs/hope/lib/python3.10/site-packages/pathspec/patterns/gitwildmatch.py)

Having any troubles? Hit us up at https://dvc.org/support, we are always happy to help!
2026-03-01 23:58:25,927 [WARNING] DVC add/push failed for global_step_400 — will retry next poll
2026-03-01 23:58:25,927 [DEBUG] Sleeping 300.0s until next poll
2026-03-02 00:03:26,057 [INFO] New complete checkpoints to backup: [360, 400]
2026-03-02 00:03:26,059 [INFO] Running: dvc add logs/VerlRun/03/01/hidden_wmonitor_backdoor_qwen3_8b_remove_23_46_v5tmf24z/checkpoints/global_step_360
2026-03-02 00:03:30,360 [ERROR] dvc add failed for global_step_360: ERROR: unexpected error - cannot import name '_DIR_MARK' from 'pathspec.patterns.gitwildmatch' (/home/matan/shared/.conda/envs/hope/lib/python3.10/site-packages/pathspec/patterns/gitwildmatch.py)

Having any troubles? Hit us up at https://dvc.org/support, we are always happy to help!
2026-03-02 00:03:30,360 [WARNING] DVC add/push failed for global_step_360 — will retry next poll
2026-03-02 00:03:30,360 [INFO] Running: dvc add logs/VerlRun/03/01/hidden_wmonitor_backdoor_qwen3_8b_remove_23_46_v5tmf24z/checkpoints/global_step_400
2026-03-02 00:03:31,043 [ERROR] dvc add failed for global_step_400: ERROR: unexpected error - cannot import name '_DIR_MARK' from 'pathspec.patterns.gitwildmatch' (/home/matan/shared/.conda/envs/hope/lib/python3.10/site-packages/pathspec/patterns/gitwildmatch.py)

Having any troubles? Hit us up at https://dvc.org/support, we are always happy to help!
2026-03-02 00:03:31,043 [WARNING] DVC add/push failed for global_step_400 — will retry next poll
2026-03-02 00:03:31,043 [DEBUG] Sleeping 300.0s until next poll
2026-03-02 00:08:31,162 [INFO] New complete checkpoints to backup: [360, 400]
2026-03-02 00:08:31,165 [INFO] Running: dvc add logs/VerlRun/03/01/hidden_wmonitor_backdoor_qwen3_8b_remove_23_46_v5tmf24z/checkpoints/global_step_360
2026-03-02 00:08:38,163 [ERROR] dvc add failed for global_step_360: ERROR: unexpected error - cannot import name '_DIR_MARK' from 'pathspec.patterns.gitwildmatch' (/home/matan/shared/.conda/envs/hope/lib/python3.10/site-packages/pathspec/patterns/gitwildmatch.py)

Having any troubles? Hit us up at https://dvc.org/support, we are always happy to help!
2026-03-02 00:08:38,163 [WARNING] DVC add/push failed for global_step_360 — will retry next poll
2026-03-02 00:08:38,163 [INFO] Running: dvc add logs/VerlRun/03/01/hidden_wmonitor_backdoor_qwen3_8b_remove_23_46_v5tmf24z/checkpoints/global_step_400
2026-03-02 00:08:38,704 [ERROR] dvc add failed for global_step_400: ERROR: unexpected error - cannot import name '_DIR_MARK' from 'pathspec.patterns.gitwildmatch' (/home/matan/shared/.conda/envs/hope/lib/python3.10/site-packages/pathspec/patterns/gitwildmatch.py)

Having any troubles? Hit us up at https://dvc.org/support, we are always happy to help!
2026-03-02 00:08:38,704 [WARNING] DVC add/push failed for global_step_400 — will retry next poll
2026-03-02 00:08:38,704 [DEBUG] Sleeping 300.0s until next poll
2026-03-02 00:13:38,833 [INFO] New complete checkpoints to backup: [360, 400]
2026-03-02 00:13:38,836 [INFO] Running: dvc add logs/VerlRun/03/01/hidden_wmonitor_backdoor_qwen3_8b_remove_23_46_v5tmf24z/checkpoints/global_step_360
2026-03-02 00:13:45,410 [ERROR] dvc add failed for global_step_360: ERROR: unexpected error - cannot import name '_DIR_MARK' from 'pathspec.patterns.gitwildmatch' (/home/matan/shared/.conda/envs/hope/lib/python3.10/site-packages/pathspec/patterns/gitwildmatch.py)

Having any troubles? Hit us up at https://dvc.org/support, we are always happy to help!
2026-03-02 00:13:45,410 [WARNING] DVC add/push failed for global_step_360 — will retry next poll
2026-03-02 00:13:45,410 [INFO] Running: dvc add logs/VerlRun/03/01/hidden_wmonitor_backdoor_qwen3_8b_remove_23_46_v5tmf24z/checkpoints/global_step_400
2026-03-02 00:13:45,955 [ERROR] dvc add failed for global_step_400: ERROR: unexpected error - cannot import name '_DIR_MARK' from 'pathspec.patterns.gitwildmatch' (/home/matan/shared/.conda/envs/hope/lib/python3.10/site-packages/pathspec/patterns/gitwildmatch.py)

Having any troubles? Hit us up at https://dvc.org/support, we are always happy to help!
2026-03-02 00:13:45,955 [WARNING] DVC add/push failed for global_step_400 — will retry next poll
2026-03-02 00:13:45,955 [DEBUG] Sleeping 300.0s until next poll
2026-03-02 00:18:46,093 [INFO] New complete checkpoints to backup: [360, 400]
2026-03-02 00:18:46,096 [INFO] Running: dvc add logs/VerlRun/03/01/hidden_wmonitor_backdoor_qwen3_8b_remove_23_46_v5tmf24z/checkpoints/global_step_360
2026-03-02 00:18:52,601 [ERROR] dvc add failed for global_step_360: ERROR: unexpected error - cannot import name '_DIR_MARK' from 'pathspec.patterns.gitwildmatch' (/home/matan/shared/.conda/envs/hope/lib/python3.10/site-packages/pathspec/patterns/gitwildmatch.py)

Having any troubles? Hit us up at https://dvc.org/support, we are always happy to help!
2026-03-02 00:18:52,602 [WARNING] DVC add/push failed for global_step_360 — will retry next poll
2026-03-02 00:18:52,602 [INFO] Running: dvc add logs/VerlRun/03/01/hidden_wmonitor_backdoor_qwen3_8b_remove_23_46_v5tmf24z/checkpoints/global_step_400
2026-03-02 00:18:53,145 [ERROR] dvc add failed for global_step_400: ERROR: unexpected error - cannot import name '_DIR_MARK' from 'pathspec.patterns.gitwildmatch' (/home/matan/shared/.conda/envs/hope/lib/python3.10/site-packages/pathspec/patterns/gitwildmatch.py)

Having any troubles? Hit us up at https://dvc.org/support, we are always happy to help!
2026-03-02 00:18:53,145 [WARNING] DVC add/push failed for global_step_400 — will retry next poll
2026-03-02 00:18:53,145 [DEBUG] Sleeping 300.0s until next poll
2026-03-02 00:23:53,264 [INFO] New complete checkpoints to backup: [360, 400]
2026-03-02 00:23:53,266 [INFO] Running: dvc add logs/VerlRun/03/01/hidden_wmonitor_backdoor_qwen3_8b_remove_23_46_v5tmf24z/checkpoints/global_step_360
2026-03-02 00:23:59,918 [ERROR] dvc add failed for global_step_360: ERROR: unexpected error - cannot import name '_DIR_MARK' from 'pathspec.patterns.gitwildmatch' (/home/matan/shared/.conda/envs/hope/lib/python3.10/site-packages/pathspec/patterns/gitwildmatch.py)

Having any troubles? Hit us up at https://dvc.org/support, we are always happy to help!
2026-03-02 00:23:59,918 [WARNING] DVC add/push failed for global_step_360 — will retry next poll
2026-03-02 00:23:59,918 [INFO] Running: dvc add logs/VerlRun/03/01/hidden_wmonitor_backdoor_qwen3_8b_remove_23_46_v5tmf24z/checkpoints/global_step_400
2026-03-02 00:24:00,465 [ERROR] dvc add failed for global_step_400: ERROR: unexpected error - cannot import name '_DIR_MARK' from 'pathspec.patterns.gitwildmatch' (/home/matan/shared/.conda/envs/hope/lib/python3.10/site-packages/pathspec/patterns/gitwildmatch.py)

Having any troubles? Hit us up at https://dvc.org/support, we are always happy to help!
2026-03-02 00:24:00,465 [WARNING] DVC add/push failed for global_step_400 — will retry next poll
2026-03-02 00:24:00,465 [DEBUG] Sleeping 300.0s until next poll
2026-03-02 00:29:00,591 [INFO] New complete checkpoints to backup: [360, 400]
2026-03-02 00:29:00,593 [INFO] Running: dvc add logs/VerlRun/03/01/hidden_wmonitor_backdoor_qwen3_8b_remove_23_46_v5tmf24z/checkpoints/global_step_360
2026-03-02 00:29:06,527 [ERROR] dvc add failed for global_step_360: ERROR: unexpected error - cannot import name '_DIR_MARK' from 'pathspec.patterns.gitwildmatch' (/home/matan/shared/.conda/envs/hope/lib/python3.10/site-packages/pathspec/patterns/gitwildmatch.py)

Having any troubles? Hit us up at https://dvc.org/support, we are always happy to help!
2026-03-02 00:29:06,527 [WARNING] DVC add/push failed for global_step_360 — will retry next poll
2026-03-02 00:29:06,528 [INFO] Running: dvc add logs/VerlRun/03/01/hidden_wmonitor_backdoor_qwen3_8b_remove_23_46_v5tmf24z/checkpoints/global_step_400
2026-03-02 00:29:07,083 [ERROR] dvc add failed for global_step_400: ERROR: unexpected error - cannot import name '_DIR_MARK' from 'pathspec.patterns.gitwildmatch' (/home/matan/shared/.conda/envs/hope/lib/python3.10/site-packages/pathspec/patterns/gitwildmatch.py)

Having any troubles? Hit us up at https://dvc.org/support, we are always happy to help!
2026-03-02 00:29:07,083 [WARNING] DVC add/push failed for global_step_400 — will retry next poll
2026-03-02 00:29:07,083 [DEBUG] Sleeping 300.0s until next poll
2026-03-02 00:34:07,204 [INFO] New complete checkpoints to backup: [360, 400]
2026-03-02 00:34:07,206 [INFO] Running: dvc add logs/VerlRun/03/01/hidden_wmonitor_backdoor_qwen3_8b_remove_23_46_v5tmf24z/checkpoints/global_step_360
2026-03-02 00:34:13,917 [ERROR] dvc add failed for global_step_360: ERROR: unexpected error - cannot import name '_DIR_MARK' from 'pathspec.patterns.gitwildmatch' (/home/matan/shared/.conda/envs/hope/lib/python3.10/site-packages/pathspec/patterns/gitwildmatch.py)

Having any troubles? Hit us up at https://dvc.org/support, we are always happy to help!
2026-03-02 00:34:13,917 [WARNING] DVC add/push failed for global_step_360 — will retry next poll
2026-03-02 00:34:13,917 [INFO] Running: dvc add logs/VerlRun/03/01/hidden_wmonitor_backdoor_qwen3_8b_remove_23_46_v5tmf24z/checkpoints/global_step_400
2026-03-02 00:34:14,498 [ERROR] dvc add failed for global_step_400: ERROR: unexpected error - cannot import name '_DIR_MARK' from 'pathspec.patterns.gitwildmatch' (/home/matan/shared/.conda/envs/hope/lib/python3.10/site-packages/pathspec/patterns/gitwildmatch.py)

Having any troubles? Hit us up at https://dvc.org/support, we are always happy to help!
2026-03-02 00:34:14,498 [WARNING] DVC add/push failed for global_step_400 — will retry next poll
2026-03-02 00:34:14,498 [DEBUG] Sleeping 300.0s until next poll
2026-03-02 00:39:14,636 [INFO] New complete checkpoints to backup: [360, 400]
2026-03-02 00:39:14,638 [INFO] Running: dvc add logs/VerlRun/03/01/hidden_wmonitor_backdoor_qwen3_8b_remove_23_46_v5tmf24z/checkpoints/global_step_360
2026-03-02 00:39:20,519 [ERROR] dvc add failed for global_step_360: ERROR: unexpected error - cannot import name '_DIR_MARK' from 'pathspec.patterns.gitwildmatch' (/home/matan/shared/.conda/envs/hope/lib/python3.10/site-packages/pathspec/patterns/gitwildmatch.py)

Having any troubles? Hit us up at https://dvc.org/support, we are always happy to help!
2026-03-02 00:39:20,519 [WARNING] DVC add/push failed for global_step_360 — will retry next poll
2026-03-02 00:39:20,520 [INFO] Running: dvc add logs/VerlRun/03/01/hidden_wmonitor_backdoor_qwen3_8b_remove_23_46_v5tmf24z/checkpoints/global_step_400
2026-03-02 00:39:21,143 [ERROR] dvc add failed for global_step_400: ERROR: unexpected error - cannot import name '_DIR_MARK' from 'pathspec.patterns.gitwildmatch' (/home/matan/shared/.conda/envs/hope/lib/python3.10/site-packages/pathspec/patterns/gitwildmatch.py)

Having any troubles? Hit us up at https://dvc.org/support, we are always happy to help!
2026-03-02 00:39:21,143 [WARNING] DVC add/push failed for global_step_400 — will retry next poll
2026-03-02 00:39:21,143 [DEBUG] Sleeping 300.0s until next poll
2026-03-02 00:44:21,263 [INFO] New complete checkpoints to backup: [360, 400]
2026-03-02 00:44:21,266 [INFO] Running: dvc add logs/VerlRun/03/01/hidden_wmonitor_backdoor_qwen3_8b_remove_23_46_v5tmf24z/checkpoints/global_step_360
2026-03-02 00:44:28,176 [ERROR] dvc add failed for global_step_360: ERROR: unexpected error - cannot import name '_DIR_MARK' from 'pathspec.patterns.gitwildmatch' (/home/matan/shared/.conda/envs/hope/lib/python3.10/site-packages/pathspec/patterns/gitwildmatch.py)

Having any troubles? Hit us up at https://dvc.org/support, we are always happy to help!
2026-03-02 00:44:28,177 [WARNING] DVC add/push failed for global_step_360 — will retry next poll
2026-03-02 00:44:28,177 [INFO] Running: dvc add logs/VerlRun/03/01/hidden_wmonitor_backdoor_qwen3_8b_remove_23_46_v5tmf24z/checkpoints/global_step_400
2026-03-02 00:44:28,739 [ERROR] dvc add failed for global_step_400: ERROR: unexpected error - cannot import name '_DIR_MARK' from 'pathspec.patterns.gitwildmatch' (/home/matan/shared/.conda/envs/hope/lib/python3.10/site-packages/pathspec/patterns/gitwildmatch.py)

Having any troubles? Hit us up at https://dvc.org/support, we are always happy to help!
2026-03-02 00:44:28,739 [WARNING] DVC add/push failed for global_step_400 — will retry next poll
2026-03-02 00:44:28,739 [DEBUG] Sleeping 300.0s until next poll
