2026-02-22 00:14:52,818 [INFO] ============================================================
2026-02-22 00:14:52,819 [INFO] Checkpoint daemon started
2026-02-22 00:14:52,819 [INFO]   run_dir:            /shared/matan/code/pass_at_k/logs/VerlRun/02/22/cont_benign_qwen3_8b_defmain_00_14_zunbd9t6
2026-02-22 00:14:52,819 [INFO]   verl_pid:           1073983
2026-02-22 00:14:52,819 [INFO]   poll_interval:      300.0s
2026-02-22 00:14:52,819 [INFO]   clean_after_backup: True
2026-02-22 00:14:52,819 [INFO]   dvc_root:           /shared/matan/code/pass_at_k
2026-02-22 00:14:52,819 [INFO] ============================================================
2026-02-22 00:14:52,819 [DEBUG] No non-empty checkpoints found
2026-02-22 00:14:52,819 [DEBUG] Sleeping 300.0s until next poll
2026-02-22 00:19:52,918 [DEBUG] No non-empty checkpoints found
2026-02-22 00:19:52,919 [DEBUG] Sleeping 300.0s until next poll
2026-02-22 00:24:53,018 [DEBUG] No non-empty checkpoints found
2026-02-22 00:24:53,018 [DEBUG] Sleeping 300.0s until next poll
2026-02-22 00:29:53,117 [DEBUG] New steps [40] but none confirmed complete (complete_step=None)
2026-02-22 00:29:53,118 [DEBUG] Sleeping 300.0s until next poll
2026-02-22 00:34:53,216 [INFO] New complete checkpoints to backup: [40]
2026-02-22 00:34:53,216 [INFO] Running: dvc add logs/VerlRun/02/22/cont_benign_qwen3_8b_defmain_00_14_zunbd9t6/checkpoints
2026-02-22 00:36:18,639 [DEBUG] dvc add stdout: 
2026-02-22 00:36:18,639 [INFO] Running: dvc push
2026-02-22 00:36:21,943 [INFO] dvc push complete: Everything is up to date.
2026-02-22 00:36:21,943 [INFO] Running: dvc gc --not-in-remote -w -f -v
2026-02-22 00:37:54,337 [INFO] dvc gc complete: 2026-02-22 00:36:22,031 DEBUG: v3.66.1 (conda), CPython 3.10.19 on Linux-5.15.0-170-generic-x86_64-with-glibc2.35
2026-02-22 00:36:22,031 DEBUG: command: /home/matan/shared/.conda/envs/hope/bin/dvc gc --not-in-remote -w -f -v
2026-02-22 00:36:22,922 DEBUG: Querying 1248 oids via object_exists
2026-02-22 00:36:42,973 DEBUG: Querying 1248 oids via object_exists
2026-02-22 00:37:47,287 DEBUG: Estimated remote size: 256 files
2026-02-22 00:37:47,289 DEBUG: Removing '/shared/matan/code/pass_at_k/.dvc/cache/files/md5/57/e6ad92d563948f0c4f40fef99c2180.dir.unpacked'
2026-02-22 00:37:47,289 DEBUG: Removing '/shared/matan/code/pass_at_k/.dvc/cache/files/md5/fc/0ffa8944f37610c10324c17ce6a541.dir.unpacked'
2026-02-22 00:37:47,290 DEBUG: Removing '/shared/matan/code/pass_at_k/.dvc/cache/files/md5/04/47acdc4ad2233a43e92ff9ca9eddb0.dir.unpacked'
2026-02-22 00:37:47,290 DEBUG: Removing '/shared/matan/code/pass_at_k/.dvc/cache/files/md5/57/e6ad92d563948f0c4f40fef99c2180.dir'
2026-02-22 00:37:47,290 DEBUG: Removing '/shared/matan/code/pass_at_k/.dvc/cache/files/md5/fc/0ffa8944f37610c10324c17ce6a541.dir'
2026-02-22 00:37:47,290 DEBUG: Removing '/shared/matan/code/pass_at_k/.dvc/cache/files/md5/04/47acdc4ad2233a43e92ff9ca9eddb0.dir'
2026-02-22 00:37:47,290 DEBUG: Removing '/shared/matan/code/pass_at_k/.dvc/cache/files/md5/62/5230c581c8487c90f59ac78d78c86e'
2026-02-22 00:37:47,858 DEBUG: Removing '/shared/matan/code/pass_at_k/.dvc/cache/files/md5/64/23133b9cc1a2077b57822c30c211aa'
2026-02-22 00:37:47,859 DEBUG: Removing '/shared/matan/code/pass_at_k/.dvc/cache/files/md5/01/86f2a450158e12f04c131aa11eaf1a'
2026-02-22 00:37:47,859 DEBUG: Removing '/shared/matan/code/pass_at_k/.dvc/cache/files/md5/01/d18457eaf5504d9ec8f4a0941cd4f8'
2026-02-22 00:37:47,859 DEBUG: Removing '/shared/matan/code/pass_at_k/.dvc/cache/files/md5/89/a16d157b01180256d62972b90cec77'
2026-02-22 00:37:48,967 DEBUG: Removing '/shared/matan/code/pass_at_k/.dvc/cache/files/md5/7d/b05f457509366923da1980a4da773a'
2026-02-22 00:37:48,967 DEBUG: Removing '/shared/matan/code/pass_at_k/.dvc/cache/files/md5/d6/45920e395fedad7bbbed0eca3fe2e0'
2026-02-22 00:37:48,967 DEBUG: Removing '/shared/matan/code/pass_at_k/.dvc/cache/files/md5/e8/78086b2d4c4972ea3925d71353d68e'
2026-02-22 00:37:48,967 DEBUG: Removing '/shared/matan/code/pass_at_k/.dvc/cache/files/md5/05/f066f2c6d887d24f7e7a865e73a4c5'
2026-02-22 00:37:48,967 DEBUG: Removing '/shared/matan/code/pass_at_k/.dvc/cache/files/md5/77/4652cf0eb7731f526c66dd0031d877'
2026-02-22 00:37:48,967 DEBUG: Removing '/shared/matan/code/pass_at_k/.dvc/cache/files/md5/61/3b8e4a622c4a2c90e9e1245fc540d6'
2026-02-22 00:37:48,968 DEBUG: Removing '/shared/matan/code/pass_at_k/.dvc/cache/files/md5/57/08ee87a0925280424b5caa0906752f'
2026-02-22 00:37:48,968 DEBUG: Removing '/shared/matan/code/pass_at_k/.dvc/cache/files/md5/ff/de42d83bf61b426a21509c9387c4b4'
2026-02-22 00:37:49,526 DEBUG: Removing '/shared/matan/code/pass_at_k/.dvc/cache/files/md5/4e/6d7381b084bb04b0d35f8fd4b0d185'
2026-02-22 00:37:49,527 DEBUG: Removing '/shared/matan/code/pass_at_k/.dvc/cache/files/md5/48/624e10d885268076e65a61daa7ddd4'
2026-02-22 00:37:49,527 DEBUG: Removing '/shared/matan/code/pass_at_k/.dvc/cache/files/md5/d4/1d8cd98f00b204e9800998ecf8427e'
2026-02-22 00:37:49,528 DEBUG: Removing '/shared/matan/code/pass_at_k/.dvc/cache/files/md5/d1/e5f69a42a56c039abc4c6d9764291f'
2026-02-22 00:37:50,097 DEBUG: Removing '/shared/matan/code/pass_at_k/.dvc/cache/files/md5/e7/c071bc6d40b37abaf68a29d757dee0'
2026-02-22 00:37:50,097 DEBUG: Removing '/shared/matan/code/pass_at_k/.dvc/cache/files/md5/b1/32519f6f12fc23cfdae088429be0f0'
2026-02-22 00:37:50,097 DEBUG: Removing '/shared/matan/code/pass_at_k/.dvc/cache/files/md5/ae/518d20e400c6e67716982491e5c37d'
2026-02-22 00:37:50,098 DEBUG: Removing '/shared/matan/code/pass_at_k/.dvc/cache/files/md5/ba/dee0c9cfa4d7a50267cf6a21b93fe6'
2026-02-22 00:37:50,704 DEBUG: Removing '/shared/matan/code/pass_at_k/.dvc/cache/files/md5/fd/c0ffb20fb38b37b2c0f08441778cb3'
2026-02-22 00:37:51,816 DEBUG: Removing '/shared/matan/code/pass_at_k/.dvc/cache/files/md5/f5/005a0b4341c75f2bee488f3f9f29b6'
2026-02-22 00:37:52,928 DEBUG: Removing '/shared/matan/code/pass_at_k/.dvc/cache/files/md5/72/dacf1de43bc354dc3c521e44ed0b24'
2026-02-22 00:37:52,929 DEBUG: Removing '/shared/matan/code/pass_at_k/.dvc/cache/files/md5/c6/d828ef2e43b124eff05d045f639411'
Removed 28 objects from repo cache.
2026-02-22 00:37:54,055 DEBUG: Estimated remote size: 256 files
No unused 'legacy' cache to remove.
2026-02-22 00:37:54,073 DEBUG: Analytics is enabled.
2026-02-22 00:37:54,120 DEBUG: Trying to spawn ['daemon', 'analytics', '/tmp/tmphjzodvw8', '-v']
2026-02-22 00:37:54,128 DEBUG: Spawned ['daemon', 'analytics', '/tmp/tmphjzodvw8', '-v'] with pid 1133108
2026-02-22 00:37:54,337 [INFO] Verifying backup status with dvc status --cloud
2026-02-22 00:37:59,110 [DEBUG] Not backed up: 0 items
2026-02-22 00:37:59,110 [INFO] global_step_40: backup confirmed
2026-02-22 00:37:59,110 [DEBUG] global_step_40: not cleaning (latest non-empty checkpoint)
2026-02-22 00:37:59,110 [DEBUG] Sleeping 300.0s until next poll
2026-02-22 00:42:59,211 [DEBUG] No new checkpoints to backup (already backed up: [40])
2026-02-22 00:42:59,211 [DEBUG] Sleeping 300.0s until next poll
2026-02-22 00:47:59,308 [DEBUG] No new checkpoints to backup (already backed up: [40])
2026-02-22 00:47:59,308 [DEBUG] Sleeping 300.0s until next poll
2026-02-22 00:52:59,407 [DEBUG] No new checkpoints to backup (already backed up: [40])
2026-02-22 00:52:59,407 [DEBUG] Sleeping 300.0s until next poll
2026-02-22 00:57:59,507 [DEBUG] No new checkpoints to backup (already backed up: [40])
2026-02-22 00:57:59,507 [DEBUG] Sleeping 300.0s until next poll
2026-02-22 01:02:59,606 [DEBUG] No new checkpoints to backup (already backed up: [40])
2026-02-22 01:02:59,606 [DEBUG] Sleeping 300.0s until next poll
2026-02-22 01:07:59,707 [DEBUG] No new checkpoints to backup (already backed up: [40])
2026-02-22 01:07:59,707 [DEBUG] Sleeping 300.0s until next poll
2026-02-22 01:12:59,804 [DEBUG] No new checkpoints to backup (already backed up: [40])
2026-02-22 01:12:59,804 [DEBUG] Sleeping 300.0s until next poll
2026-02-22 01:17:59,904 [DEBUG] No new checkpoints to backup (already backed up: [40])
2026-02-22 01:17:59,904 [DEBUG] Sleeping 300.0s until next poll
2026-02-22 01:23:00,004 [DEBUG] No new checkpoints to backup (already backed up: [40])
2026-02-22 01:23:00,004 [DEBUG] Sleeping 300.0s until next poll
2026-02-22 01:28:00,104 [DEBUG] No new checkpoints to backup (already backed up: [40])
2026-02-22 01:28:00,104 [DEBUG] Sleeping 300.0s until next poll
2026-02-22 01:33:00,204 [DEBUG] No new checkpoints to backup (already backed up: [40])
2026-02-22 01:33:00,204 [DEBUG] Sleeping 300.0s until next poll
2026-02-22 01:38:00,303 [DEBUG] No new checkpoints to backup (already backed up: [40])
2026-02-22 01:38:00,303 [DEBUG] Sleeping 300.0s until next poll
2026-02-22 01:43:00,401 [DEBUG] No new checkpoints to backup (already backed up: [40])
2026-02-22 01:43:00,401 [DEBUG] Sleeping 300.0s until next poll
2026-02-22 01:48:00,500 [DEBUG] No new checkpoints to backup (already backed up: [40])
2026-02-22 01:48:00,500 [DEBUG] Sleeping 300.0s until next poll
2026-02-22 01:53:00,599 [DEBUG] No new checkpoints to backup (already backed up: [40])
2026-02-22 01:53:00,600 [DEBUG] Sleeping 300.0s until next poll
2026-02-22 01:58:00,699 [DEBUG] No new checkpoints to backup (already backed up: [40])
2026-02-22 01:58:00,699 [DEBUG] Sleeping 300.0s until next poll
2026-02-22 02:03:00,798 [DEBUG] No new checkpoints to backup (already backed up: [40])
2026-02-22 02:03:00,798 [DEBUG] Sleeping 300.0s until next poll
2026-02-22 02:08:00,891 [DEBUG] No new checkpoints to backup (already backed up: [40])
2026-02-22 02:08:00,891 [DEBUG] Sleeping 300.0s until next poll
2026-02-22 02:13:00,989 [DEBUG] No new checkpoints to backup (already backed up: [40])
2026-02-22 02:13:00,989 [DEBUG] Sleeping 300.0s until next poll
2026-02-22 02:18:01,089 [DEBUG] No new checkpoints to backup (already backed up: [40])
2026-02-22 02:18:01,090 [DEBUG] Sleeping 300.0s until next poll
2026-02-22 02:23:01,189 [DEBUG] No new checkpoints to backup (already backed up: [40])
2026-02-22 02:23:01,189 [DEBUG] Sleeping 300.0s until next poll
2026-02-22 02:28:01,289 [DEBUG] No new checkpoints to backup (already backed up: [40])
2026-02-22 02:28:01,289 [DEBUG] Sleeping 300.0s until next poll
2026-02-22 02:33:01,388 [DEBUG] No new checkpoints to backup (already backed up: [40])
2026-02-22 02:33:01,388 [DEBUG] Sleeping 300.0s until next poll
2026-02-22 02:38:01,485 [DEBUG] No new checkpoints to backup (already backed up: [40])
2026-02-22 02:38:01,485 [DEBUG] Sleeping 300.0s until next poll
2026-02-22 02:43:01,584 [DEBUG] No new checkpoints to backup (already backed up: [40])
2026-02-22 02:43:01,584 [DEBUG] Sleeping 300.0s until next poll
2026-02-22 02:48:01,685 [INFO] New complete checkpoints to backup: [80]
2026-02-22 02:48:01,685 [INFO] Running: dvc add logs/VerlRun/02/22/cont_benign_qwen3_8b_defmain_00_14_zunbd9t6/checkpoints
2026-02-22 02:51:35,929 [DEBUG] dvc add stdout: 
2026-02-22 02:51:35,929 [INFO] Running: dvc push
2026-02-22 02:51:39,350 [INFO] dvc push complete: Everything is up to date.
2026-02-22 02:51:39,351 [INFO] Running: dvc gc --not-in-remote -w -f -v
2026-02-22 02:53:14,838 [INFO] dvc gc complete: 2026-02-22 02:51:39,440 DEBUG: v3.66.1 (conda), CPython 3.10.19 on Linux-5.15.0-170-generic-x86_64-with-glibc2.35
2026-02-22 02:51:39,440 DEBUG: command: /home/matan/shared/.conda/envs/hope/bin/dvc gc --not-in-remote -w -f -v
2026-02-22 02:51:39,942 DEBUG: Querying 1248 oids via object_exists
2026-02-22 02:51:59,881 DEBUG: Querying 1248 oids via object_exists
2026-02-22 02:53:01,143 DEBUG: Estimated remote size: 256 files
2026-02-22 02:53:01,145 DEBUG: Removing '/shared/matan/code/pass_at_k/.dvc/cache/files/md5/57/e6ad92d563948f0c4f40fef99c2180.dir.unpacked'
2026-02-22 02:53:01,146 DEBUG: Removing '/shared/matan/code/pass_at_k/.dvc/cache/files/md5/04/47acdc4ad2233a43e92ff9ca9eddb0.dir.unpacked'
2026-02-22 02:53:01,146 DEBUG: Removing '/shared/matan/code/pass_at_k/.dvc/cache/files/md5/c5/aedd1f282586e56f3ae71a4a2ccafb.dir.unpacked'
2026-02-22 02:53:01,147 DEBUG: Removing '/shared/matan/code/pass_at_k/.dvc/cache/files/md5/57/e6ad92d563948f0c4f40fef99c2180.dir'
2026-02-22 02:53:01,147 DEBUG: Removing '/shared/matan/code/pass_at_k/.dvc/cache/files/md5/04/47acdc4ad2233a43e92ff9ca9eddb0.dir'
2026-02-22 02:53:01,147 DEBUG: Removing '/shared/matan/code/pass_at_k/.dvc/cache/files/md5/c5/aedd1f282586e56f3ae71a4a2ccafb.dir'
2026-02-22 02:53:01,147 DEBUG: Removing '/shared/matan/code/pass_at_k/.dvc/cache/files/md5/62/5230c581c8487c90f59ac78d78c86e'
2026-02-22 02:53:01,697 DEBUG: Removing '/shared/matan/code/pass_at_k/.dvc/cache/files/md5/64/23133b9cc1a2077b57822c30c211aa'
2026-02-22 02:53:01,698 DEBUG: Removing '/shared/matan/code/pass_at_k/.dvc/cache/files/md5/3c/318a983dc381fc734c6147a112c6ab'
2026-02-22 02:53:02,256 DEBUG: Removing '/shared/matan/code/pass_at_k/.dvc/cache/files/md5/01/86f2a450158e12f04c131aa11eaf1a'
2026-02-22 02:53:02,256 DEBUG: Removing '/shared/matan/code/pass_at_k/.dvc/cache/files/md5/01/d18457eaf5504d9ec8f4a0941cd4f8'
2026-02-22 02:53:02,256 DEBUG: Removing '/shared/matan/code/pass_at_k/.dvc/cache/files/md5/89/a16d157b01180256d62972b90cec77'
2026-02-22 02:53:03,367 DEBUG: Removing '/shared/matan/code/pass_at_k/.dvc/cache/files/md5/7d/b05f457509366923da1980a4da773a'
2026-02-22 02:53:03,374 DEBUG: Removing '/shared/matan/code/pass_at_k/.dvc/cache/files/md5/e8/78086b2d4c4972ea3925d71353d68e'
2026-02-22 02:53:03,374 DEBUG: Removing '/shared/matan/code/pass_at_k/.dvc/cache/files/md5/05/f066f2c6d887d24f7e7a865e73a4c5'
2026-02-22 02:53:03,374 DEBUG: Removing '/shared/matan/code/pass_at_k/.dvc/cache/files/md5/bd/7a449587b390bf01bf1defda507437'
2026-02-22 02:53:04,473 DEBUG: Removing '/shared/matan/code/pass_at_k/.dvc/cache/files/md5/77/4652cf0eb7731f526c66dd0031d877'
2026-02-22 02:53:04,474 DEBUG: Removing '/shared/matan/code/pass_at_k/.dvc/cache/files/md5/61/3b8e4a622c4a2c90e9e1245fc540d6'
2026-02-22 02:53:04,474 DEBUG: Removing '/shared/matan/code/pass_at_k/.dvc/cache/files/md5/57/08ee87a0925280424b5caa0906752f'
2026-02-22 02:53:04,474 DEBUG: Removing '/shared/matan/code/pass_at_k/.dvc/cache/files/md5/ff/de42d83bf61b426a21509c9387c4b4'
2026-02-22 02:53:05,027 DEBUG: Removing '/shared/matan/code/pass_at_k/.dvc/cache/files/md5/4e/6d7381b084bb04b0d35f8fd4b0d185'
2026-02-22 02:53:05,027 DEBUG: Removing '/shared/matan/code/pass_at_k/.dvc/cache/files/md5/48/624e10d885268076e65a61daa7ddd4'
2026-02-22 02:53:05,027 DEBUG: Removing '/shared/matan/code/pass_at_k/.dvc/cache/files/md5/2a/3cf422be7eaf5ff9ca1e42314cb5de'
2026-02-22 02:53:05,027 DEBUG: Removing '/shared/matan/code/pass_at_k/.dvc/cache/files/md5/d4/1d8cd98f00b204e9800998ecf8427e'
2026-02-22 02:53:05,027 DEBUG: Removing '/shared/matan/code/pass_at_k/.dvc/cache/files/md5/d1/e5f69a42a56c039abc4c6d9764291f'
2026-02-22 02:53:05,584 DEBUG: Removing '/shared/matan/code/pass_at_k/.dvc/cache/files/md5/e7/c071bc6d40b37abaf68a29d757dee0'
2026-02-22 02:53:05,585 DEBUG: Removing '/shared/matan/code/pass_at_k/.dvc/cache/files/md5/b1/32519f6f12fc23cfdae088429be0f0'
2026-02-22 02:53:05,585 DEBUG: Removing '/shared/matan/code/pass_at_k/.dvc/cache/files/md5/2e/a9eb0b1b6c80d86bc15f690169a28b'
2026-02-22 02:53:06,137 DEBUG: Removing '/shared/matan/code/pass_at_k/.dvc/cache/files/md5/40/e8b4cd8645af511e627f4e52379d9f'
2026-02-22 02:53:07,248 DEBUG: Removing '/shared/matan/code/pass_at_k/.dvc/cache/files/md5/a5/62a827727d1103878c8e1cba617c6f'
2026-02-22 02:53:08,403 DEBUG: Removing '/shared/matan/code/pass_at_k/.dvc/cache/files/md5/ae/518d20e400c6e67716982491e5c37d'
2026-02-22 02:53:08,403 DEBUG: Removing '/shared/matan/code/pass_at_k/.dvc/cache/files/md5/ba/dee0c9cfa4d7a50267cf6a21b93fe6'
2026-02-22 02:53:08,958 DEBUG: Removing '/shared/matan/code/pass_at_k/.dvc/cache/files/md5/f0/33ab37c30201f73f142449d037028d'
2026-02-22 02:53:08,959 DEBUG: Removing '/shared/matan/code/pass_at_k/.dvc/cache/files/md5/95/e49b8d65db760e5a5961bfc177214a'
2026-02-22 02:53:08,959 DEBUG: Removing '/shared/matan/code/pass_at_k/.dvc/cache/files/md5/fd/c0ffb20fb38b37b2c0f08441778cb3'
2026-02-22 02:53:10,079 DEBUG: Removing '/shared/matan/code/pass_at_k/.dvc/cache/files/md5/f5/005a0b4341c75f2bee488f3f9f29b6'
2026-02-22 02:53:11,245 DEBUG: Removing '/shared/matan/code/pass_at_k/.dvc/cache/files/md5/e0/b428ae032d82d5b21f8efaa3373fd3'
2026-02-22 02:53:11,245 DEBUG: Removing '/shared/matan/code/pass_at_k/.dvc/cache/files/md5/72/dacf1de43bc354dc3c521e44ed0b24'
2026-02-22 02:53:11,246 DEBUG: Removing '/shared/matan/code/pass_at_k/.dvc/cache/files/md5/e5/9054c6e538aab72553b18abcefbb7f'
2026-02-22 02:53:11,246 DEBUG: Removing '/shared/matan/code/pass_at_k/.dvc/cache/files/md5/f1/ee580410b4f8a47157b52b9066226c'
2026-02-22 02:53:11,800 DEBUG: Removing '/shared/matan/code/pass_at_k/.dvc/cache/files/md5/f1/c1cc65c95f11e2004c9617ddb33861'
2026-02-22 02:53:11,800 DEBUG: Removing '/shared/matan/code/pass_at_k/.dvc/cache/files/md5/c6/d828ef2e43b124eff05d045f639411'
2026-02-22 02:53:12,930 DEBUG: Removing '/shared/matan/code/pass_at_k/.dvc/cache/files/md5/55/e03e910052b2ea80c1e535fbd7de2c'
2026-02-22 02:53:14,039 DEBUG: Removing '/shared/matan/code/pass_at_k/.dvc/cache/files/md5/8e/ea749fe00588772ecc45030000406d'
Removed 41 objects from repo cache.
2026-02-22 02:53:14,590 DEBUG: Estimated remote size: 256 files
No unused 'legacy' cache to remove.
2026-02-22 02:53:14,598 DEBUG: Analytics is enabled.
2026-02-22 02:53:14,644 DEBUG: Trying to spawn ['daemon', 'analytics', '/tmp/tmpr_bnv_mj', '-v']
2026-02-22 02:53:14,651 DEBUG: Spawned ['daemon', 'analytics', '/tmp/tmpr_bnv_mj', '-v'] with pid 1431758
2026-02-22 02:53:14,838 [INFO] Verifying backup status with dvc status --cloud
2026-02-22 02:53:19,189 [DEBUG] Not backed up: 0 items
2026-02-22 02:53:19,189 [INFO] global_step_80: backup confirmed
2026-02-22 02:53:19,189 [DEBUG] global_step_80: not cleaning (latest non-empty checkpoint)
2026-02-22 02:53:19,189 [DEBUG] Sleeping 300.0s until next poll
2026-02-22 02:58:19,289 [DEBUG] No new checkpoints to backup (already backed up: [40, 80])
2026-02-22 02:58:19,289 [DEBUG] Sleeping 300.0s until next poll
2026-02-22 03:03:19,388 [DEBUG] No new checkpoints to backup (already backed up: [40, 80])
2026-02-22 03:03:19,388 [DEBUG] Sleeping 300.0s until next poll
2026-02-22 03:08:19,487 [DEBUG] No new checkpoints to backup (already backed up: [40, 80])
2026-02-22 03:08:19,487 [DEBUG] Sleeping 300.0s until next poll
2026-02-22 03:13:19,577 [DEBUG] No new checkpoints to backup (already backed up: [40, 80])
2026-02-22 03:13:19,577 [DEBUG] Sleeping 300.0s until next poll
2026-02-22 03:18:19,674 [DEBUG] No new checkpoints to backup (already backed up: [40, 80])
2026-02-22 03:18:19,674 [DEBUG] Sleeping 300.0s until next poll
2026-02-22 03:23:19,774 [DEBUG] No new checkpoints to backup (already backed up: [40, 80])
2026-02-22 03:23:19,774 [DEBUG] Sleeping 300.0s until next poll
2026-02-22 03:28:19,874 [DEBUG] No new checkpoints to backup (already backed up: [40, 80])
2026-02-22 03:28:19,874 [DEBUG] Sleeping 300.0s until next poll
2026-02-22 03:33:19,972 [DEBUG] No new checkpoints to backup (already backed up: [40, 80])
2026-02-22 03:33:19,972 [DEBUG] Sleeping 300.0s until next poll
2026-02-22 03:38:20,069 [DEBUG] No new checkpoints to backup (already backed up: [40, 80])
2026-02-22 03:38:20,069 [DEBUG] Sleeping 300.0s until next poll
2026-02-22 03:43:20,167 [DEBUG] No new checkpoints to backup (already backed up: [40, 80])
2026-02-22 03:43:20,167 [DEBUG] Sleeping 300.0s until next poll
2026-02-22 03:48:20,263 [DEBUG] No new checkpoints to backup (already backed up: [40, 80])
2026-02-22 03:48:20,263 [DEBUG] Sleeping 300.0s until next poll
2026-02-22 03:53:20,363 [DEBUG] No new checkpoints to backup (already backed up: [40, 80])
2026-02-22 03:53:20,363 [DEBUG] Sleeping 300.0s until next poll
2026-02-22 03:58:20,463 [DEBUG] No new checkpoints to backup (already backed up: [40, 80])
2026-02-22 03:58:20,464 [DEBUG] Sleeping 300.0s until next poll
2026-02-22 04:03:20,562 [DEBUG] No new checkpoints to backup (already backed up: [40, 80])
2026-02-22 04:03:20,562 [DEBUG] Sleeping 300.0s until next poll
2026-02-22 04:08:20,658 [DEBUG] No new checkpoints to backup (already backed up: [40, 80])
2026-02-22 04:08:20,658 [DEBUG] Sleeping 300.0s until next poll
2026-02-22 04:13:20,755 [DEBUG] No new checkpoints to backup (already backed up: [40, 80])
2026-02-22 04:13:20,755 [DEBUG] Sleeping 300.0s until next poll
2026-02-22 04:18:20,850 [DEBUG] No new checkpoints to backup (already backed up: [40, 80])
2026-02-22 04:18:20,850 [DEBUG] Sleeping 300.0s until next poll
2026-02-22 04:23:20,948 [DEBUG] No new checkpoints to backup (already backed up: [40, 80])
2026-02-22 04:23:20,948 [DEBUG] Sleeping 300.0s until next poll
2026-02-22 04:28:21,048 [DEBUG] No new checkpoints to backup (already backed up: [40, 80])
2026-02-22 04:28:21,048 [DEBUG] Sleeping 300.0s until next poll
2026-02-22 04:33:21,148 [DEBUG] No new checkpoints to backup (already backed up: [40, 80])
2026-02-22 04:33:21,148 [DEBUG] Sleeping 300.0s until next poll
2026-02-22 04:38:21,247 [DEBUG] No new checkpoints to backup (already backed up: [40, 80])
2026-02-22 04:38:21,247 [DEBUG] Sleeping 300.0s until next poll
2026-02-22 04:43:21,344 [DEBUG] No new checkpoints to backup (already backed up: [40, 80])
2026-02-22 04:43:21,344 [DEBUG] Sleeping 300.0s until next poll
2026-02-22 04:48:21,438 [DEBUG] No new checkpoints to backup (already backed up: [40, 80])
2026-02-22 04:48:21,438 [DEBUG] Sleeping 300.0s until next poll
2026-02-22 04:53:21,535 [DEBUG] New steps [120] but none confirmed complete (complete_step=80)
2026-02-22 04:53:21,535 [DEBUG] Sleeping 300.0s until next poll
2026-02-22 04:58:21,634 [INFO] New complete checkpoints to backup: [120]
2026-02-22 04:58:21,634 [INFO] Running: dvc add logs/VerlRun/02/22/cont_benign_qwen3_8b_defmain_00_14_zunbd9t6/checkpoints
2026-02-22 05:01:38,798 [DEBUG] dvc add stdout: 
2026-02-22 05:01:38,798 [INFO] Running: dvc push
2026-02-22 05:01:41,452 [INFO] dvc push complete: Everything is up to date.
2026-02-22 05:01:41,452 [INFO] Running: dvc gc --not-in-remote -w -f -v
2026-02-22 05:03:20,051 [INFO] dvc gc complete: 2026-02-22 05:01:41,549 DEBUG: v3.66.1 (conda), CPython 3.10.19 on Linux-5.15.0-170-generic-x86_64-with-glibc2.35
2026-02-22 05:01:41,549 DEBUG: command: /home/matan/shared/.conda/envs/hope/bin/dvc gc --not-in-remote -w -f -v
2026-02-22 05:01:42,086 DEBUG: Querying 1248 oids via object_exists
2026-02-22 05:01:59,792 DEBUG: Querying 1248 oids via object_exists
2026-02-22 05:02:55,605 DEBUG: Estimated remote size: 256 files
2026-02-22 05:02:55,607 DEBUG: Removing '/shared/matan/code/pass_at_k/.dvc/cache/files/md5/6f/baa37300d4816a8c5cc0cdaf7e197e.dir.unpacked'
2026-02-22 05:02:55,608 DEBUG: Removing '/shared/matan/code/pass_at_k/.dvc/cache/files/md5/57/e6ad92d563948f0c4f40fef99c2180.dir.unpacked'
2026-02-22 05:02:55,609 DEBUG: Removing '/shared/matan/code/pass_at_k/.dvc/cache/files/md5/04/47acdc4ad2233a43e92ff9ca9eddb0.dir.unpacked'
2026-02-22 05:02:55,609 DEBUG: Removing '/shared/matan/code/pass_at_k/.dvc/cache/files/md5/6f/baa37300d4816a8c5cc0cdaf7e197e.dir'
2026-02-22 05:02:55,609 DEBUG: Removing '/shared/matan/code/pass_at_k/.dvc/cache/files/md5/57/e6ad92d563948f0c4f40fef99c2180.dir'
2026-02-22 05:02:55,609 DEBUG: Removing '/shared/matan/code/pass_at_k/.dvc/cache/files/md5/04/47acdc4ad2233a43e92ff9ca9eddb0.dir'
2026-02-22 05:02:55,610 DEBUG: Removing '/shared/matan/code/pass_at_k/.dvc/cache/files/md5/62/5230c581c8487c90f59ac78d78c86e'
2026-02-22 05:02:56,279 DEBUG: Removing '/shared/matan/code/pass_at_k/.dvc/cache/files/md5/64/23133b9cc1a2077b57822c30c211aa'
2026-02-22 05:02:56,280 DEBUG: Removing '/shared/matan/code/pass_at_k/.dvc/cache/files/md5/da/4fb5c6e93e74d3df8527599fa62642'
2026-02-22 05:02:56,280 DEBUG: Removing '/shared/matan/code/pass_at_k/.dvc/cache/files/md5/3c/318a983dc381fc734c6147a112c6ab'
2026-02-22 05:02:56,999 DEBUG: Removing '/shared/matan/code/pass_at_k/.dvc/cache/files/md5/01/86f2a450158e12f04c131aa11eaf1a'
2026-02-22 05:02:56,999 DEBUG: Removing '/shared/matan/code/pass_at_k/.dvc/cache/files/md5/01/d18457eaf5504d9ec8f4a0941cd4f8'
2026-02-22 05:02:56,999 DEBUG: Removing '/shared/matan/code/pass_at_k/.dvc/cache/files/md5/89/a16d157b01180256d62972b90cec77'
2026-02-22 05:02:58,430 DEBUG: Removing '/shared/matan/code/pass_at_k/.dvc/cache/files/md5/7d/b05f457509366923da1980a4da773a'
2026-02-22 05:02:58,431 DEBUG: Removing '/shared/matan/code/pass_at_k/.dvc/cache/files/md5/13/b3374db63871070c670db7d6b7f458'
2026-02-22 05:02:58,431 DEBUG: Removing '/shared/matan/code/pass_at_k/.dvc/cache/files/md5/bb/74c6c7d649e624fc4b76b5fdf5ba58'
2026-02-22 05:02:59,678 DEBUG: Removing '/shared/matan/code/pass_at_k/.dvc/cache/files/md5/e8/78086b2d4c4972ea3925d71353d68e'
2026-02-22 05:02:59,678 DEBUG: Removing '/shared/matan/code/pass_at_k/.dvc/cache/files/md5/05/f066f2c6d887d24f7e7a865e73a4c5'
2026-02-22 05:02:59,678 DEBUG: Removing '/shared/matan/code/pass_at_k/.dvc/cache/files/md5/bd/7a449587b390bf01bf1defda507437'
2026-02-22 05:03:00,910 DEBUG: Removing '/shared/matan/code/pass_at_k/.dvc/cache/files/md5/77/4652cf0eb7731f526c66dd0031d877'
2026-02-22 05:03:00,911 DEBUG: Removing '/shared/matan/code/pass_at_k/.dvc/cache/files/md5/61/3b8e4a622c4a2c90e9e1245fc540d6'
2026-02-22 05:03:00,911 DEBUG: Removing '/shared/matan/code/pass_at_k/.dvc/cache/files/md5/f9/c9132399aeca9d1e38b00cfb0a2639'
2026-02-22 05:03:01,537 DEBUG: Removing '/shared/matan/code/pass_at_k/.dvc/cache/files/md5/39/b012212bf2c813e4cfbc1c9a393aef'
2026-02-22 05:03:02,796 DEBUG: Removing '/shared/matan/code/pass_at_k/.dvc/cache/files/md5/57/08ee87a0925280424b5caa0906752f'
2026-02-22 05:03:02,797 DEBUG: Removing '/shared/matan/code/pass_at_k/.dvc/cache/files/md5/ff/de42d83bf61b426a21509c9387c4b4'
2026-02-22 05:03:03,431 DEBUG: Removing '/shared/matan/code/pass_at_k/.dvc/cache/files/md5/15/acd571bb9d79277fe3ab44ad08f90c'
2026-02-22 05:03:03,432 DEBUG: Removing '/shared/matan/code/pass_at_k/.dvc/cache/files/md5/4e/6d7381b084bb04b0d35f8fd4b0d185'
2026-02-22 05:03:03,432 DEBUG: Removing '/shared/matan/code/pass_at_k/.dvc/cache/files/md5/48/624e10d885268076e65a61daa7ddd4'
2026-02-22 05:03:03,432 DEBUG: Removing '/shared/matan/code/pass_at_k/.dvc/cache/files/md5/2a/3cf422be7eaf5ff9ca1e42314cb5de'
2026-02-22 05:03:03,432 DEBUG: Removing '/shared/matan/code/pass_at_k/.dvc/cache/files/md5/d4/1d8cd98f00b204e9800998ecf8427e'
2026-02-22 05:03:03,432 DEBUG: Removing '/shared/matan/code/pass_at_k/.dvc/cache/files/md5/d1/e5f69a42a56c039abc4c6d9764291f'
2026-02-22 05:03:04,073 DEBUG: Removing '/shared/matan/code/pass_at_k/.dvc/cache/files/md5/e7/c071bc6d40b37abaf68a29d757dee0'
2026-02-22 05:03:04,074 DEBUG: Removing '/shared/matan/code/pass_at_k/.dvc/cache/files/md5/8a/c94b0cb7efdefe7eada91b02222dd3'
2026-02-22 05:03:05,352 DEBUG: Removing '/shared/matan/code/pass_at_k/.dvc/cache/files/md5/b1/32519f6f12fc23cfdae088429be0f0'
2026-02-22 05:03:05,353 DEBUG: Removing '/shared/matan/code/pass_at_k/.dvc/cache/files/md5/2e/a9eb0b1b6c80d86bc15f690169a28b'
2026-02-22 05:03:05,972 DEBUG: Removing '/shared/matan/code/pass_at_k/.dvc/cache/files/md5/40/e8b4cd8645af511e627f4e52379d9f'
2026-02-22 05:03:07,391 DEBUG: Removing '/shared/matan/code/pass_at_k/.dvc/cache/files/md5/a5/62a827727d1103878c8e1cba617c6f'
2026-02-22 05:03:08,754 DEBUG: Removing '/shared/matan/code/pass_at_k/.dvc/cache/files/md5/ae/518d20e400c6e67716982491e5c37d'
2026-02-22 05:03:08,754 DEBUG: Removing '/shared/matan/code/pass_at_k/.dvc/cache/files/md5/ae/ecb3b46419fed516cdb21b006588f8'
2026-02-22 05:03:08,754 DEBUG: Removing '/shared/matan/code/pass_at_k/.dvc/cache/files/md5/23/ac55fae24faf019c9740e4b3eb3402'
2026-02-22 05:03:08,754 DEBUG: Removing '/shared/matan/code/pass_at_k/.dvc/cache/files/md5/fc/97db60053732830044ccef456e1ce8'
2026-02-22 05:03:09,385 DEBUG: Removing '/shared/matan/code/pass_at_k/.dvc/cache/files/md5/ba/dee0c9cfa4d7a50267cf6a21b93fe6'
2026-02-22 05:03:10,036 DEBUG: Removing '/shared/matan/code/pass_at_k/.dvc/cache/files/md5/95/e49b8d65db760e5a5961bfc177214a'
2026-02-22 05:03:10,036 DEBUG: Removing '/shared/matan/code/pass_at_k/.dvc/cache/files/md5/fd/c0ffb20fb38b37b2c0f08441778cb3'
2026-02-22 05:03:11,439 DEBUG: Removing '/shared/matan/code/pass_at_k/.dvc/cache/files/md5/aa/2a5c65480fab6c1ccd7191030f3cbb'
2026-02-22 05:03:11,439 DEBUG: Removing '/shared/matan/code/pass_at_k/.dvc/cache/files/md5/f5/005a0b4341c75f2bee488f3f9f29b6'
2026-02-22 05:03:12,815 DEBUG: Removing '/shared/matan/code/pass_at_k/.dvc/cache/files/md5/e0/b428ae032d82d5b21f8efaa3373fd3'
2026-02-22 05:03:12,815 DEBUG: Removing '/shared/matan/code/pass_at_k/.dvc/cache/files/md5/72/dacf1de43bc354dc3c521e44ed0b24'
2026-02-22 05:03:12,815 DEBUG: Removing '/shared/matan/code/pass_at_k/.dvc/cache/files/md5/e2/26c9c300b2cda004db79c43ccd8901'
2026-02-22 05:03:13,438 DEBUG: Removing '/shared/matan/code/pass_at_k/.dvc/cache/files/md5/e5/9054c6e538aab72553b18abcefbb7f'
2026-02-22 05:03:13,439 DEBUG: Removing '/shared/matan/code/pass_at_k/.dvc/cache/files/md5/e5/f703346abe6d95015634608b3c4921'
2026-02-22 05:03:14,055 DEBUG: Removing '/shared/matan/code/pass_at_k/.dvc/cache/files/md5/f1/ee580410b4f8a47157b52b9066226c'
2026-02-22 05:03:14,671 DEBUG: Removing '/shared/matan/code/pass_at_k/.dvc/cache/files/md5/f1/c1cc65c95f11e2004c9617ddb33861'
2026-02-22 05:03:14,671 DEBUG: Removing '/shared/matan/code/pass_at_k/.dvc/cache/files/md5/c6/d828ef2e43b124eff05d045f639411'
2026-02-22 05:03:16,058 DEBUG: Removing '/shared/matan/code/pass_at_k/.dvc/cache/files/md5/55/e03e910052b2ea80c1e535fbd7de2c'
2026-02-22 05:03:17,410 DEBUG: Removing '/shared/matan/code/pass_at_k/.dvc/cache/files/md5/8e/ea749fe00588772ecc45030000406d'
2026-02-22 05:03:18,027 DEBUG: Removing '/shared/matan/code/pass_at_k/.dvc/cache/files/md5/16/b1013599b81f1f6e05a8d8962470cc'
Removed 54 objects from repo cache.
2026-02-22 05:03:19,797 DEBUG: Estimated remote size: 256 files
No unused 'legacy' cache to remove.
2026-02-22 05:03:19,806 DEBUG: Analytics is enabled.
2026-02-22 05:03:19,850 DEBUG: Trying to spawn ['daemon', 'analytics', '/tmp/tmpegbq9bv1', '-v']
2026-02-22 05:03:19,858 DEBUG: Spawned ['daemon', 'analytics', '/tmp/tmpegbq9bv1', '-v'] with pid 1758392
2026-02-22 05:03:20,051 [INFO] Verifying backup status with dvc status --cloud
2026-02-22 05:03:24,514 [DEBUG] Not backed up: 0 items
2026-02-22 05:03:24,514 [INFO] global_step_120: backup confirmed
2026-02-22 05:03:24,514 [DEBUG] global_step_120: not cleaning (latest non-empty checkpoint)
2026-02-22 05:03:24,514 [DEBUG] Sleeping 300.0s until next poll
2026-02-22 05:08:24,615 [DEBUG] No new checkpoints to backup (already backed up: [40, 80, 120])
2026-02-22 05:08:24,615 [DEBUG] Sleeping 300.0s until next poll
2026-02-22 05:13:24,713 [DEBUG] No new checkpoints to backup (already backed up: [40, 80, 120])
2026-02-22 05:13:24,713 [DEBUG] Sleeping 300.0s until next poll
2026-02-22 05:18:24,812 [DEBUG] No new checkpoints to backup (already backed up: [40, 80, 120])
2026-02-22 05:18:24,813 [DEBUG] Sleeping 300.0s until next poll
2026-02-22 05:23:24,909 [DEBUG] No new checkpoints to backup (already backed up: [40, 80, 120])
2026-02-22 05:23:24,909 [DEBUG] Sleeping 300.0s until next poll
2026-02-22 05:28:25,009 [DEBUG] No new checkpoints to backup (already backed up: [40, 80, 120])
2026-02-22 05:28:25,010 [DEBUG] Sleeping 300.0s until next poll
2026-02-22 05:33:25,096 [DEBUG] No new checkpoints to backup (already backed up: [40, 80, 120])
2026-02-22 05:33:25,096 [DEBUG] Sleeping 300.0s until next poll
2026-02-22 05:38:25,197 [DEBUG] No new checkpoints to backup (already backed up: [40, 80, 120])
2026-02-22 05:38:25,197 [DEBUG] Sleeping 300.0s until next poll
2026-02-22 05:43:25,291 [DEBUG] No new checkpoints to backup (already backed up: [40, 80, 120])
2026-02-22 05:43:25,291 [DEBUG] Sleeping 300.0s until next poll
2026-02-22 05:48:25,387 [DEBUG] No new checkpoints to backup (already backed up: [40, 80, 120])
2026-02-22 05:48:25,388 [DEBUG] Sleeping 300.0s until next poll
2026-02-22 05:53:25,487 [DEBUG] No new checkpoints to backup (already backed up: [40, 80, 120])
2026-02-22 05:53:25,487 [DEBUG] Sleeping 300.0s until next poll
2026-02-22 05:58:25,585 [DEBUG] No new checkpoints to backup (already backed up: [40, 80, 120])
2026-02-22 05:58:25,586 [DEBUG] Sleeping 300.0s until next poll
2026-02-22 06:03:25,685 [DEBUG] No new checkpoints to backup (already backed up: [40, 80, 120])
2026-02-22 06:03:25,685 [DEBUG] Sleeping 300.0s until next poll
2026-02-22 06:08:25,785 [DEBUG] No new checkpoints to backup (already backed up: [40, 80, 120])
2026-02-22 06:08:25,785 [DEBUG] Sleeping 300.0s until next poll
2026-02-22 06:13:25,885 [DEBUG] No new checkpoints to backup (already backed up: [40, 80, 120])
2026-02-22 06:13:25,885 [DEBUG] Sleeping 300.0s until next poll
2026-02-22 06:18:25,985 [DEBUG] No new checkpoints to backup (already backed up: [40, 80, 120])
2026-02-22 06:18:25,986 [DEBUG] Sleeping 300.0s until next poll
2026-02-22 06:23:26,086 [DEBUG] No new checkpoints to backup (already backed up: [40, 80, 120])
2026-02-22 06:23:26,086 [DEBUG] Sleeping 300.0s until next poll
2026-02-22 06:28:26,183 [DEBUG] No new checkpoints to backup (already backed up: [40, 80, 120])
2026-02-22 06:28:26,183 [DEBUG] Sleeping 300.0s until next poll
2026-02-22 06:33:26,281 [DEBUG] No new checkpoints to backup (already backed up: [40, 80, 120])
2026-02-22 06:33:26,281 [DEBUG] Sleeping 300.0s until next poll
2026-02-22 06:38:26,380 [DEBUG] No new checkpoints to backup (already backed up: [40, 80, 120])
2026-02-22 06:38:26,380 [DEBUG] Sleeping 300.0s until next poll
2026-02-22 06:43:26,476 [DEBUG] No new checkpoints to backup (already backed up: [40, 80, 120])
2026-02-22 06:43:26,476 [DEBUG] Sleeping 300.0s until next poll
2026-02-22 06:48:26,573 [DEBUG] No new checkpoints to backup (already backed up: [40, 80, 120])
2026-02-22 06:48:26,573 [DEBUG] Sleeping 300.0s until next poll
2026-02-22 06:53:26,669 [DEBUG] No new checkpoints to backup (already backed up: [40, 80, 120])
2026-02-22 06:53:26,669 [DEBUG] Sleeping 300.0s until next poll
2026-02-22 06:58:26,768 [DEBUG] New steps [160] but none confirmed complete (complete_step=120)
2026-02-22 06:58:26,768 [DEBUG] Sleeping 300.0s until next poll
2026-02-22 07:03:26,868 [INFO] New complete checkpoints to backup: [160]
2026-02-22 07:03:26,868 [INFO] Running: dvc add logs/VerlRun/02/22/cont_benign_qwen3_8b_defmain_00_14_zunbd9t6/checkpoints
2026-02-22 07:07:44,934 [DEBUG] dvc add stdout: 
2026-02-22 07:07:44,934 [INFO] Running: dvc push
2026-02-22 07:07:47,818 [INFO] dvc push complete: Everything is up to date.
2026-02-22 07:07:47,818 [INFO] Running: dvc gc --not-in-remote -w -f -v
2026-02-22 07:09:35,040 [INFO] dvc gc complete: 2026-02-22 07:07:47,905 DEBUG: v3.66.1 (conda), CPython 3.10.19 on Linux-5.15.0-170-generic-x86_64-with-glibc2.35
2026-02-22 07:07:47,905 DEBUG: command: /home/matan/shared/.conda/envs/hope/bin/dvc gc --not-in-remote -w -f -v
2026-02-22 07:07:48,491 DEBUG: Querying 1248 oids via object_exists
2026-02-22 07:08:06,025 DEBUG: Querying 1248 oids via object_exists
2026-02-22 07:09:01,470 DEBUG: Estimated remote size: 256 files
2026-02-22 07:09:01,472 DEBUG: Removing '/shared/matan/code/pass_at_k/.dvc/cache/files/md5/57/e6ad92d563948f0c4f40fef99c2180.dir.unpacked'
2026-02-22 07:09:01,473 DEBUG: Removing '/shared/matan/code/pass_at_k/.dvc/cache/files/md5/33/ff73e3b8f84d4304bc9ca451fafed5.dir.unpacked'
2026-02-22 07:09:01,474 DEBUG: Removing '/shared/matan/code/pass_at_k/.dvc/cache/files/md5/04/47acdc4ad2233a43e92ff9ca9eddb0.dir.unpacked'
2026-02-22 07:09:01,474 DEBUG: Removing '/shared/matan/code/pass_at_k/.dvc/cache/files/md5/57/e6ad92d563948f0c4f40fef99c2180.dir'
2026-02-22 07:09:01,474 DEBUG: Removing '/shared/matan/code/pass_at_k/.dvc/cache/files/md5/33/ff73e3b8f84d4304bc9ca451fafed5.dir'
2026-02-22 07:09:01,474 DEBUG: Removing '/shared/matan/code/pass_at_k/.dvc/cache/files/md5/04/47acdc4ad2233a43e92ff9ca9eddb0.dir'
2026-02-22 07:09:01,475 DEBUG: Removing '/shared/matan/code/pass_at_k/.dvc/cache/files/md5/62/5230c581c8487c90f59ac78d78c86e'
2026-02-22 07:09:02,110 DEBUG: Removing '/shared/matan/code/pass_at_k/.dvc/cache/files/md5/11/4afa9b7ca4ad37d7892c6d6d8932d3'
2026-02-22 07:09:02,110 DEBUG: Removing '/shared/matan/code/pass_at_k/.dvc/cache/files/md5/64/23133b9cc1a2077b57822c30c211aa'
2026-02-22 07:09:02,111 DEBUG: Removing '/shared/matan/code/pass_at_k/.dvc/cache/files/md5/21/265f3ce28639a604a7e7743a460b06'
2026-02-22 07:09:02,111 DEBUG: Removing '/shared/matan/code/pass_at_k/.dvc/cache/files/md5/3c/318a983dc381fc734c6147a112c6ab'
2026-02-22 07:09:02,788 DEBUG: Removing '/shared/matan/code/pass_at_k/.dvc/cache/files/md5/a6/e631d6cf5db8b1f2c860c990ae494b'
2026-02-22 07:09:03,491 DEBUG: Removing '/shared/matan/code/pass_at_k/.dvc/cache/files/md5/01/86f2a450158e12f04c131aa11eaf1a'
2026-02-22 07:09:03,492 DEBUG: Removing '/shared/matan/code/pass_at_k/.dvc/cache/files/md5/01/d18457eaf5504d9ec8f4a0941cd4f8'
2026-02-22 07:09:03,492 DEBUG: Removing '/shared/matan/code/pass_at_k/.dvc/cache/files/md5/89/a16d157b01180256d62972b90cec77'
2026-02-22 07:09:04,853 DEBUG: Removing '/shared/matan/code/pass_at_k/.dvc/cache/files/md5/7d/b05f457509366923da1980a4da773a'
2026-02-22 07:09:04,853 DEBUG: Removing '/shared/matan/code/pass_at_k/.dvc/cache/files/md5/13/b3374db63871070c670db7d6b7f458'
2026-02-22 07:09:04,853 DEBUG: Removing '/shared/matan/code/pass_at_k/.dvc/cache/files/md5/bb/74c6c7d649e624fc4b76b5fdf5ba58'
2026-02-22 07:09:06,142 DEBUG: Removing '/shared/matan/code/pass_at_k/.dvc/cache/files/md5/6d/951719c36c7c61c33700d59e9557e6'
2026-02-22 07:09:06,801 DEBUG: Removing '/shared/matan/code/pass_at_k/.dvc/cache/files/md5/e8/78086b2d4c4972ea3925d71353d68e'
2026-02-22 07:09:06,802 DEBUG: Removing '/shared/matan/code/pass_at_k/.dvc/cache/files/md5/05/f066f2c6d887d24f7e7a865e73a4c5'
2026-02-22 07:09:06,802 DEBUG: Removing '/shared/matan/code/pass_at_k/.dvc/cache/files/md5/b7/3ce398c39f506af761d2277d853a92'
2026-02-22 07:09:06,802 DEBUG: Removing '/shared/matan/code/pass_at_k/.dvc/cache/files/md5/bd/7a449587b390bf01bf1defda507437'
2026-02-22 07:09:08,051 DEBUG: Removing '/shared/matan/code/pass_at_k/.dvc/cache/files/md5/41/d0419b9c0b2ec7c213e2934500e3e4'
2026-02-22 07:09:09,306 DEBUG: Removing '/shared/matan/code/pass_at_k/.dvc/cache/files/md5/77/4652cf0eb7731f526c66dd0031d877'
2026-02-22 07:09:09,306 DEBUG: Removing '/shared/matan/code/pass_at_k/.dvc/cache/files/md5/61/3b8e4a622c4a2c90e9e1245fc540d6'
2026-02-22 07:09:09,306 DEBUG: Removing '/shared/matan/code/pass_at_k/.dvc/cache/files/md5/f9/c9132399aeca9d1e38b00cfb0a2639'
2026-02-22 07:09:09,961 DEBUG: Removing '/shared/matan/code/pass_at_k/.dvc/cache/files/md5/39/b012212bf2c813e4cfbc1c9a393aef'
2026-02-22 07:09:11,333 DEBUG: Removing '/shared/matan/code/pass_at_k/.dvc/cache/files/md5/57/08ee87a0925280424b5caa0906752f'
2026-02-22 07:09:11,334 DEBUG: Removing '/shared/matan/code/pass_at_k/.dvc/cache/files/md5/ff/de42d83bf61b426a21509c9387c4b4'
2026-02-22 07:09:11,975 DEBUG: Removing '/shared/matan/code/pass_at_k/.dvc/cache/files/md5/15/acd571bb9d79277fe3ab44ad08f90c'
2026-02-22 07:09:11,975 DEBUG: Removing '/shared/matan/code/pass_at_k/.dvc/cache/files/md5/4e/6d7381b084bb04b0d35f8fd4b0d185'
2026-02-22 07:09:11,975 DEBUG: Removing '/shared/matan/code/pass_at_k/.dvc/cache/files/md5/48/624e10d885268076e65a61daa7ddd4'
2026-02-22 07:09:11,975 DEBUG: Removing '/shared/matan/code/pass_at_k/.dvc/cache/files/md5/2a/3cf422be7eaf5ff9ca1e42314cb5de'
2026-02-22 07:09:11,975 DEBUG: Removing '/shared/matan/code/pass_at_k/.dvc/cache/files/md5/d4/1d8cd98f00b204e9800998ecf8427e'
2026-02-22 07:09:11,975 DEBUG: Removing '/shared/matan/code/pass_at_k/.dvc/cache/files/md5/d1/e5f69a42a56c039abc4c6d9764291f'
2026-02-22 07:09:12,599 DEBUG: Removing '/shared/matan/code/pass_at_k/.dvc/cache/files/md5/e7/066b8864f2f53ff7704f48ec7e3fa2'
2026-02-22 07:09:12,599 DEBUG: Removing '/shared/matan/code/pass_at_k/.dvc/cache/files/md5/e7/c071bc6d40b37abaf68a29d757dee0'
2026-02-22 07:09:12,599 DEBUG: Removing '/shared/matan/code/pass_at_k/.dvc/cache/files/md5/8a/c94b0cb7efdefe7eada91b02222dd3'
2026-02-22 07:09:14,039 DEBUG: Removing '/shared/matan/code/pass_at_k/.dvc/cache/files/md5/b1/32519f6f12fc23cfdae088429be0f0'
2026-02-22 07:09:14,040 DEBUG: Removing '/shared/matan/code/pass_at_k/.dvc/cache/files/md5/2e/a9eb0b1b6c80d86bc15f690169a28b'
2026-02-22 07:09:14,700 DEBUG: Removing '/shared/matan/code/pass_at_k/.dvc/cache/files/md5/40/e8b4cd8645af511e627f4e52379d9f'
2026-02-22 07:09:16,089 DEBUG: Removing '/shared/matan/code/pass_at_k/.dvc/cache/files/md5/34/0b4fb440de0f7056cf03cdc6f401fe'
2026-02-22 07:09:17,505 DEBUG: Removing '/shared/matan/code/pass_at_k/.dvc/cache/files/md5/a5/62a827727d1103878c8e1cba617c6f'
2026-02-22 07:09:19,012 DEBUG: Removing '/shared/matan/code/pass_at_k/.dvc/cache/files/md5/ae/518d20e400c6e67716982491e5c37d'
2026-02-22 07:09:19,013 DEBUG: Removing '/shared/matan/code/pass_at_k/.dvc/cache/files/md5/ae/ecb3b46419fed516cdb21b006588f8'
2026-02-22 07:09:19,013 DEBUG: Removing '/shared/matan/code/pass_at_k/.dvc/cache/files/md5/23/ac55fae24faf019c9740e4b3eb3402'
2026-02-22 07:09:19,013 DEBUG: Removing '/shared/matan/code/pass_at_k/.dvc/cache/files/md5/fc/97db60053732830044ccef456e1ce8'
2026-02-22 07:09:19,703 DEBUG: Removing '/shared/matan/code/pass_at_k/.dvc/cache/files/md5/ba/dee0c9cfa4d7a50267cf6a21b93fe6'
2026-02-22 07:09:20,480 DEBUG: Removing '/shared/matan/code/pass_at_k/.dvc/cache/files/md5/95/e49b8d65db760e5a5961bfc177214a'
2026-02-22 07:09:20,481 DEBUG: Removing '/shared/matan/code/pass_at_k/.dvc/cache/files/md5/fd/c0ffb20fb38b37b2c0f08441778cb3'
2026-02-22 07:09:21,823 DEBUG: Removing '/shared/matan/code/pass_at_k/.dvc/cache/files/md5/aa/2a5c65480fab6c1ccd7191030f3cbb'
2026-02-22 07:09:21,823 DEBUG: Removing '/shared/matan/code/pass_at_k/.dvc/cache/files/md5/f5/005a0b4341c75f2bee488f3f9f29b6'
2026-02-22 07:09:23,561 DEBUG: Removing '/shared/matan/code/pass_at_k/.dvc/cache/files/md5/65/2209df359842128ca3e1504aca5f50'
2026-02-22 07:09:23,562 DEBUG: Removing '/shared/matan/code/pass_at_k/.dvc/cache/files/md5/e0/b428ae032d82d5b21f8efaa3373fd3'
2026-02-22 07:09:23,562 DEBUG: Removing '/shared/matan/code/pass_at_k/.dvc/cache/files/md5/72/dacf1de43bc354dc3c521e44ed0b24'
2026-02-22 07:09:23,562 DEBUG: Removing '/shared/matan/code/pass_at_k/.dvc/cache/files/md5/e2/26c9c300b2cda004db79c43ccd8901'
2026-02-22 07:09:24,253 DEBUG: Removing '/shared/matan/code/pass_at_k/.dvc/cache/files/md5/e5/9054c6e538aab72553b18abcefbb7f'
2026-02-22 07:09:24,253 DEBUG: Removing '/shared/matan/code/pass_at_k/.dvc/cache/files/md5/e5/f703346abe6d95015634608b3c4921'
2026-02-22 07:09:24,883 DEBUG: Removing '/shared/matan/code/pass_at_k/.dvc/cache/files/md5/17/cf59aa80b7c9e933740802fcf7b140'
2026-02-22 07:09:24,883 DEBUG: Removing '/shared/matan/code/pass_at_k/.dvc/cache/files/md5/4c/6da032d7a7435dc62e7faa670e6133'
2026-02-22 07:09:26,294 DEBUG: Removing '/shared/matan/code/pass_at_k/.dvc/cache/files/md5/04/ef8a9b6ed1121e306a97026db22937'
2026-02-22 07:09:27,008 DEBUG: Removing '/shared/matan/code/pass_at_k/.dvc/cache/files/md5/d0/4d5f6f37ec438a8a5fbc208f5c7043'
2026-02-22 07:09:28,386 DEBUG: Removing '/shared/matan/code/pass_at_k/.dvc/cache/files/md5/f1/ee580410b4f8a47157b52b9066226c'
2026-02-22 07:09:29,050 DEBUG: Removing '/shared/matan/code/pass_at_k/.dvc/cache/files/md5/f1/c1cc65c95f11e2004c9617ddb33861'
2026-02-22 07:09:29,051 DEBUG: Removing '/shared/matan/code/pass_at_k/.dvc/cache/files/md5/c6/d828ef2e43b124eff05d045f639411'
2026-02-22 07:09:30,310 DEBUG: Removing '/shared/matan/code/pass_at_k/.dvc/cache/files/md5/55/e03e910052b2ea80c1e535fbd7de2c'
2026-02-22 07:09:31,679 DEBUG: Removing '/shared/matan/code/pass_at_k/.dvc/cache/files/md5/8e/ea749fe00588772ecc45030000406d'
2026-02-22 07:09:32,304 DEBUG: Removing '/shared/matan/code/pass_at_k/.dvc/cache/files/md5/16/b1013599b81f1f6e05a8d8962470cc'
2026-02-22 07:09:34,142 DEBUG: Removing '/shared/matan/code/pass_at_k/.dvc/cache/files/md5/6c/6b59928d927d2a0d101db1eb98bb4d'
Removed 67 objects from repo cache.
2026-02-22 07:09:34,798 DEBUG: Estimated remote size: 256 files
No unused 'legacy' cache to remove.
2026-02-22 07:09:34,808 DEBUG: Analytics is enabled.
2026-02-22 07:09:34,853 DEBUG: Trying to spawn ['daemon', 'analytics', '/tmp/tmpbauevmc8', '-v']
2026-02-22 07:09:34,860 DEBUG: Spawned ['daemon', 'analytics', '/tmp/tmpbauevmc8', '-v'] with pid 2103924
2026-02-22 07:09:35,040 [INFO] Verifying backup status with dvc status --cloud
2026-02-22 07:09:39,862 [DEBUG] Not backed up: 0 items
2026-02-22 07:09:39,862 [INFO] global_step_160: backup confirmed
2026-02-22 07:09:39,862 [DEBUG] global_step_160: not cleaning (latest non-empty checkpoint)
2026-02-22 07:09:39,862 [DEBUG] Sleeping 300.0s until next poll
2026-02-22 07:14:39,961 [DEBUG] No new checkpoints to backup (already backed up: [40, 80, 120, 160])
2026-02-22 07:14:39,961 [DEBUG] Sleeping 300.0s until next poll
2026-02-22 07:19:40,059 [DEBUG] No new checkpoints to backup (already backed up: [40, 80, 120, 160])
2026-02-22 07:19:40,060 [DEBUG] Sleeping 300.0s until next poll
2026-02-22 07:24:40,159 [DEBUG] No new checkpoints to backup (already backed up: [40, 80, 120, 160])
2026-02-22 07:24:40,160 [DEBUG] Sleeping 300.0s until next poll
2026-02-22 07:29:40,259 [DEBUG] No new checkpoints to backup (already backed up: [40, 80, 120, 160])
2026-02-22 07:29:40,259 [DEBUG] Sleeping 300.0s until next poll
2026-02-22 07:34:40,358 [DEBUG] No new checkpoints to backup (already backed up: [40, 80, 120, 160])
2026-02-22 07:34:40,359 [DEBUG] Sleeping 300.0s until next poll
2026-02-22 07:39:40,458 [DEBUG] No new checkpoints to backup (already backed up: [40, 80, 120, 160])
2026-02-22 07:39:40,458 [DEBUG] Sleeping 300.0s until next poll
2026-02-22 07:44:40,557 [DEBUG] No new checkpoints to backup (already backed up: [40, 80, 120, 160])
2026-02-22 07:44:40,558 [DEBUG] Sleeping 300.0s until next poll
2026-02-22 07:49:40,658 [DEBUG] No new checkpoints to backup (already backed up: [40, 80, 120, 160])
2026-02-22 07:49:40,658 [DEBUG] Sleeping 300.0s until next poll
2026-02-22 07:54:40,759 [DEBUG] No new checkpoints to backup (already backed up: [40, 80, 120, 160])
2026-02-22 07:54:40,759 [DEBUG] Sleeping 300.0s until next poll
2026-02-22 07:59:40,858 [DEBUG] No new checkpoints to backup (already backed up: [40, 80, 120, 160])
2026-02-22 07:59:40,859 [DEBUG] Sleeping 300.0s until next poll
2026-02-22 08:04:40,958 [DEBUG] No new checkpoints to backup (already backed up: [40, 80, 120, 160])
2026-02-22 08:04:40,958 [DEBUG] Sleeping 300.0s until next poll
2026-02-22 08:09:41,056 [DEBUG] No new checkpoints to backup (already backed up: [40, 80, 120, 160])
2026-02-22 08:09:41,056 [DEBUG] Sleeping 300.0s until next poll
2026-02-22 08:14:41,139 [DEBUG] No new checkpoints to backup (already backed up: [40, 80, 120, 160])
2026-02-22 08:14:41,139 [DEBUG] Sleeping 300.0s until next poll
2026-02-22 08:19:41,237 [DEBUG] No new checkpoints to backup (already backed up: [40, 80, 120, 160])
2026-02-22 08:19:41,237 [DEBUG] Sleeping 300.0s until next poll
2026-02-22 08:24:41,334 [DEBUG] No new checkpoints to backup (already backed up: [40, 80, 120, 160])
2026-02-22 08:24:41,334 [DEBUG] Sleeping 300.0s until next poll
2026-02-22 08:29:41,428 [DEBUG] No new checkpoints to backup (already backed up: [40, 80, 120, 160])
2026-02-22 08:29:41,428 [DEBUG] Sleeping 300.0s until next poll
2026-02-22 08:34:41,528 [DEBUG] No new checkpoints to backup (already backed up: [40, 80, 120, 160])
2026-02-22 08:34:41,529 [DEBUG] Sleeping 300.0s until next poll
2026-02-22 08:39:41,629 [DEBUG] No new checkpoints to backup (already backed up: [40, 80, 120, 160])
2026-02-22 08:39:41,629 [DEBUG] Sleeping 300.0s until next poll
2026-02-22 08:44:41,729 [DEBUG] No new checkpoints to backup (already backed up: [40, 80, 120, 160])
2026-02-22 08:44:41,729 [DEBUG] Sleeping 300.0s until next poll
2026-02-22 08:49:41,826 [DEBUG] No new checkpoints to backup (already backed up: [40, 80, 120, 160])
2026-02-22 08:49:41,827 [DEBUG] Sleeping 300.0s until next poll
2026-02-22 08:54:41,925 [DEBUG] No new checkpoints to backup (already backed up: [40, 80, 120, 160])
2026-02-22 08:54:41,925 [DEBUG] Sleeping 300.0s until next poll
2026-02-22 08:59:42,025 [DEBUG] New steps [200] but none confirmed complete (complete_step=160)
2026-02-22 08:59:42,025 [DEBUG] Sleeping 300.0s until next poll
2026-02-22 09:04:42,125 [INFO] New complete checkpoints to backup: [200]
2026-02-22 09:04:42,125 [INFO] Running: dvc add logs/VerlRun/02/22/cont_benign_qwen3_8b_defmain_00_14_zunbd9t6/checkpoints
2026-02-22 09:11:55,323 [DEBUG] dvc add stdout: 
2026-02-22 09:11:55,323 [INFO] Running: dvc push
2026-02-22 09:11:58,445 [INFO] dvc push complete: Everything is up to date.
2026-02-22 09:11:58,445 [INFO] Running: dvc gc --not-in-remote -w -f -v
2026-02-22 09:14:01,032 [INFO] dvc gc complete: 2026-02-22 09:11:58,531 DEBUG: v3.66.1 (conda), CPython 3.10.19 on Linux-5.15.0-170-generic-x86_64-with-glibc2.35
2026-02-22 09:11:58,531 DEBUG: command: /home/matan/shared/.conda/envs/hope/bin/dvc gc --not-in-remote -w -f -v
2026-02-22 09:11:59,077 DEBUG: Querying 1248 oids via object_exists
2026-02-22 09:12:19,097 DEBUG: Querying 1248 oids via object_exists
2026-02-22 09:13:20,636 DEBUG: Estimated remote size: 256 files
2026-02-22 09:13:20,638 DEBUG: Removing '/shared/matan/code/pass_at_k/.dvc/cache/files/md5/57/e6ad92d563948f0c4f40fef99c2180.dir.unpacked'
2026-02-22 09:13:20,639 DEBUG: Removing '/shared/matan/code/pass_at_k/.dvc/cache/files/md5/51/fcd96a2adf70a8a744873aadc15229.dir.unpacked'
2026-02-22 09:13:20,640 DEBUG: Removing '/shared/matan/code/pass_at_k/.dvc/cache/files/md5/04/47acdc4ad2233a43e92ff9ca9eddb0.dir.unpacked'
2026-02-22 09:13:20,641 DEBUG: Removing '/shared/matan/code/pass_at_k/.dvc/cache/files/md5/57/e6ad92d563948f0c4f40fef99c2180.dir'
2026-02-22 09:13:20,641 DEBUG: Removing '/shared/matan/code/pass_at_k/.dvc/cache/files/md5/51/fcd96a2adf70a8a744873aadc15229.dir'
2026-02-22 09:13:20,641 DEBUG: Removing '/shared/matan/code/pass_at_k/.dvc/cache/files/md5/04/47acdc4ad2233a43e92ff9ca9eddb0.dir'
2026-02-22 09:13:20,641 DEBUG: Removing '/shared/matan/code/pass_at_k/.dvc/cache/files/md5/62/5230c581c8487c90f59ac78d78c86e'
2026-02-22 09:13:21,372 DEBUG: Removing '/shared/matan/code/pass_at_k/.dvc/cache/files/md5/11/4afa9b7ca4ad37d7892c6d6d8932d3'
2026-02-22 09:13:21,372 DEBUG: Removing '/shared/matan/code/pass_at_k/.dvc/cache/files/md5/64/23133b9cc1a2077b57822c30c211aa'
2026-02-22 09:13:21,373 DEBUG: Removing '/shared/matan/code/pass_at_k/.dvc/cache/files/md5/b0/2ead64e478f7c941686efc4bca9c75'
2026-02-22 09:13:21,374 DEBUG: Removing '/shared/matan/code/pass_at_k/.dvc/cache/files/md5/21/265f3ce28639a604a7e7743a460b06'
2026-02-22 09:13:21,374 DEBUG: Removing '/shared/matan/code/pass_at_k/.dvc/cache/files/md5/3c/318a983dc381fc734c6147a112c6ab'
2026-02-22 09:13:22,042 DEBUG: Removing '/shared/matan/code/pass_at_k/.dvc/cache/files/md5/a6/e631d6cf5db8b1f2c860c990ae494b'
2026-02-22 09:13:22,675 DEBUG: Removing '/shared/matan/code/pass_at_k/.dvc/cache/files/md5/01/86f2a450158e12f04c131aa11eaf1a'
2026-02-22 09:13:22,676 DEBUG: Removing '/shared/matan/code/pass_at_k/.dvc/cache/files/md5/01/d18457eaf5504d9ec8f4a0941cd4f8'
2026-02-22 09:13:22,676 DEBUG: Removing '/shared/matan/code/pass_at_k/.dvc/cache/files/md5/89/a16d157b01180256d62972b90cec77'
2026-02-22 09:13:23,985 DEBUG: Removing '/shared/matan/code/pass_at_k/.dvc/cache/files/md5/89/eafab855b2819076ac25d993ab04a4'
2026-02-22 09:13:23,985 DEBUG: Removing '/shared/matan/code/pass_at_k/.dvc/cache/files/md5/7d/b05f457509366923da1980a4da773a'
2026-02-22 09:13:23,985 DEBUG: Removing '/shared/matan/code/pass_at_k/.dvc/cache/files/md5/13/b3374db63871070c670db7d6b7f458'
2026-02-22 09:13:23,985 DEBUG: Removing '/shared/matan/code/pass_at_k/.dvc/cache/files/md5/bb/74c6c7d649e624fc4b76b5fdf5ba58'
2026-02-22 09:13:25,317 DEBUG: Removing '/shared/matan/code/pass_at_k/.dvc/cache/files/md5/6d/951719c36c7c61c33700d59e9557e6'
2026-02-22 09:13:26,012 DEBUG: Removing '/shared/matan/code/pass_at_k/.dvc/cache/files/md5/e8/78086b2d4c4972ea3925d71353d68e'
2026-02-22 09:13:26,012 DEBUG: Removing '/shared/matan/code/pass_at_k/.dvc/cache/files/md5/05/f066f2c6d887d24f7e7a865e73a4c5'
2026-02-22 09:13:26,012 DEBUG: Removing '/shared/matan/code/pass_at_k/.dvc/cache/files/md5/bd/7a449587b390bf01bf1defda507437'
2026-02-22 09:13:27,302 DEBUG: Removing '/shared/matan/code/pass_at_k/.dvc/cache/files/md5/41/d0419b9c0b2ec7c213e2934500e3e4'
2026-02-22 09:13:28,548 DEBUG: Removing '/shared/matan/code/pass_at_k/.dvc/cache/files/md5/77/4652cf0eb7731f526c66dd0031d877'
2026-02-22 09:13:28,549 DEBUG: Removing '/shared/matan/code/pass_at_k/.dvc/cache/files/md5/61/3b8e4a622c4a2c90e9e1245fc540d6'
2026-02-22 09:13:28,549 DEBUG: Removing '/shared/matan/code/pass_at_k/.dvc/cache/files/md5/f9/c9132399aeca9d1e38b00cfb0a2639'
2026-02-22 09:13:29,185 DEBUG: Removing '/shared/matan/code/pass_at_k/.dvc/cache/files/md5/39/b012212bf2c813e4cfbc1c9a393aef'
2026-02-22 09:13:30,475 DEBUG: Removing '/shared/matan/code/pass_at_k/.dvc/cache/files/md5/57/08ee87a0925280424b5caa0906752f'
2026-02-22 09:13:30,476 DEBUG: Removing '/shared/matan/code/pass_at_k/.dvc/cache/files/md5/ff/de42d83bf61b426a21509c9387c4b4'
2026-02-22 09:13:31,107 DEBUG: Removing '/shared/matan/code/pass_at_k/.dvc/cache/files/md5/15/acd571bb9d79277fe3ab44ad08f90c'
2026-02-22 09:13:31,107 DEBUG: Removing '/shared/matan/code/pass_at_k/.dvc/cache/files/md5/4e/6d7381b084bb04b0d35f8fd4b0d185'
2026-02-22 09:13:31,107 DEBUG: Removing '/shared/matan/code/pass_at_k/.dvc/cache/files/md5/48/624e10d885268076e65a61daa7ddd4'
2026-02-22 09:13:31,107 DEBUG: Removing '/shared/matan/code/pass_at_k/.dvc/cache/files/md5/48/741b6ab79ad789d92f8a3aef198b6d'
2026-02-22 09:13:31,781 DEBUG: Removing '/shared/matan/code/pass_at_k/.dvc/cache/files/md5/2a/3cf422be7eaf5ff9ca1e42314cb5de'
2026-02-22 09:13:31,781 DEBUG: Removing '/shared/matan/code/pass_at_k/.dvc/cache/files/md5/d4/1d8cd98f00b204e9800998ecf8427e'
2026-02-22 09:13:31,781 DEBUG: Removing '/shared/matan/code/pass_at_k/.dvc/cache/files/md5/5b/f7143d7b4685600ac5fbaa3110986d'
2026-02-22 09:13:32,411 DEBUG: Removing '/shared/matan/code/pass_at_k/.dvc/cache/files/md5/d1/e5f69a42a56c039abc4c6d9764291f'
2026-02-22 09:13:33,018 DEBUG: Removing '/shared/matan/code/pass_at_k/.dvc/cache/files/md5/e7/066b8864f2f53ff7704f48ec7e3fa2'
2026-02-22 09:13:33,018 DEBUG: Removing '/shared/matan/code/pass_at_k/.dvc/cache/files/md5/e7/c071bc6d40b37abaf68a29d757dee0'
2026-02-22 09:13:33,018 DEBUG: Removing '/shared/matan/code/pass_at_k/.dvc/cache/files/md5/8a/c94b0cb7efdefe7eada91b02222dd3'
2026-02-22 09:13:34,347 DEBUG: Removing '/shared/matan/code/pass_at_k/.dvc/cache/files/md5/b1/32519f6f12fc23cfdae088429be0f0'
2026-02-22 09:13:34,348 DEBUG: Removing '/shared/matan/code/pass_at_k/.dvc/cache/files/md5/b1/a7f60f7b232df4275c8874a3b27455'
2026-02-22 09:13:34,348 DEBUG: Removing '/shared/matan/code/pass_at_k/.dvc/cache/files/md5/2e/a9eb0b1b6c80d86bc15f690169a28b'
2026-02-22 09:13:34,969 DEBUG: Removing '/shared/matan/code/pass_at_k/.dvc/cache/files/md5/40/e8b4cd8645af511e627f4e52379d9f'
2026-02-22 09:13:36,228 DEBUG: Removing '/shared/matan/code/pass_at_k/.dvc/cache/files/md5/34/0b4fb440de0f7056cf03cdc6f401fe'
2026-02-22 09:13:37,486 DEBUG: Removing '/shared/matan/code/pass_at_k/.dvc/cache/files/md5/a5/62a827727d1103878c8e1cba617c6f'
2026-02-22 09:13:38,815 DEBUG: Removing '/shared/matan/code/pass_at_k/.dvc/cache/files/md5/c7/54910b6e549134beda6deeea5d8e51'
2026-02-22 09:13:40,232 DEBUG: Removing '/shared/matan/code/pass_at_k/.dvc/cache/files/md5/ae/518d20e400c6e67716982491e5c37d'
2026-02-22 09:13:40,232 DEBUG: Removing '/shared/matan/code/pass_at_k/.dvc/cache/files/md5/ae/ecb3b46419fed516cdb21b006588f8'
2026-02-22 09:13:40,232 DEBUG: Removing '/shared/matan/code/pass_at_k/.dvc/cache/files/md5/23/ac55fae24faf019c9740e4b3eb3402'
2026-02-22 09:13:40,232 DEBUG: Removing '/shared/matan/code/pass_at_k/.dvc/cache/files/md5/fc/97db60053732830044ccef456e1ce8'
2026-02-22 09:13:40,862 DEBUG: Removing '/shared/matan/code/pass_at_k/.dvc/cache/files/md5/ba/dee0c9cfa4d7a50267cf6a21b93fe6'
2026-02-22 09:13:41,452 DEBUG: Removing '/shared/matan/code/pass_at_k/.dvc/cache/files/md5/36/71d68942f3f61e01a485b69c58ab0d'
2026-02-22 09:13:41,452 DEBUG: Removing '/shared/matan/code/pass_at_k/.dvc/cache/files/md5/36/44a684f98ea8fe223c713b77189a77'
2026-02-22 09:13:41,453 DEBUG: Removing '/shared/matan/code/pass_at_k/.dvc/cache/files/md5/95/e49b8d65db760e5a5961bfc177214a'
2026-02-22 09:13:41,453 DEBUG: Removing '/shared/matan/code/pass_at_k/.dvc/cache/files/md5/86/264300687009eb09e70262d8531d11'
2026-02-22 09:13:42,966 DEBUG: Removing '/shared/matan/code/pass_at_k/.dvc/cache/files/md5/86/3ea835bccfc08040f8e73a73345de4'
2026-02-22 09:13:43,607 DEBUG: Removing '/shared/matan/code/pass_at_k/.dvc/cache/files/md5/fd/c0ffb20fb38b37b2c0f08441778cb3'
2026-02-22 09:13:45,282 DEBUG: Removing '/shared/matan/code/pass_at_k/.dvc/cache/files/md5/aa/2a5c65480fab6c1ccd7191030f3cbb'
2026-02-22 09:13:45,282 DEBUG: Removing '/shared/matan/code/pass_at_k/.dvc/cache/files/md5/f5/005a0b4341c75f2bee488f3f9f29b6'
2026-02-22 09:13:46,538 DEBUG: Removing '/shared/matan/code/pass_at_k/.dvc/cache/files/md5/65/2209df359842128ca3e1504aca5f50'
2026-02-22 09:13:46,538 DEBUG: Removing '/shared/matan/code/pass_at_k/.dvc/cache/files/md5/e0/b428ae032d82d5b21f8efaa3373fd3'
2026-02-22 09:13:46,538 DEBUG: Removing '/shared/matan/code/pass_at_k/.dvc/cache/files/md5/72/b367e2c0313ed5b0e4b5ccddb15445'
2026-02-22 09:13:47,168 DEBUG: Removing '/shared/matan/code/pass_at_k/.dvc/cache/files/md5/72/dacf1de43bc354dc3c521e44ed0b24'
2026-02-22 09:13:47,168 DEBUG: Removing '/shared/matan/code/pass_at_k/.dvc/cache/files/md5/e2/26c9c300b2cda004db79c43ccd8901'
2026-02-22 09:13:47,737 DEBUG: Removing '/shared/matan/code/pass_at_k/.dvc/cache/files/md5/e5/9054c6e538aab72553b18abcefbb7f'
2026-02-22 09:13:47,737 DEBUG: Removing '/shared/matan/code/pass_at_k/.dvc/cache/files/md5/e5/f703346abe6d95015634608b3c4921'
2026-02-22 09:13:48,359 DEBUG: Removing '/shared/matan/code/pass_at_k/.dvc/cache/files/md5/17/cf59aa80b7c9e933740802fcf7b140'
2026-02-22 09:13:48,359 DEBUG: Removing '/shared/matan/code/pass_at_k/.dvc/cache/files/md5/4c/6da032d7a7435dc62e7faa670e6133'
2026-02-22 09:13:49,652 DEBUG: Removing '/shared/matan/code/pass_at_k/.dvc/cache/files/md5/18/a40e815097b3a6d761abdc4f766e2b'
2026-02-22 09:13:50,914 DEBUG: Removing '/shared/matan/code/pass_at_k/.dvc/cache/files/md5/04/ef8a9b6ed1121e306a97026db22937'
2026-02-22 09:13:51,551 DEBUG: Removing '/shared/matan/code/pass_at_k/.dvc/cache/files/md5/ce/d0ce173db3e173b0b793aef249ba4a'
2026-02-22 09:13:51,551 DEBUG: Removing '/shared/matan/code/pass_at_k/.dvc/cache/files/md5/d0/4d5f6f37ec438a8a5fbc208f5c7043'
2026-02-22 09:13:52,871 DEBUG: Removing '/shared/matan/code/pass_at_k/.dvc/cache/files/md5/f1/ee580410b4f8a47157b52b9066226c'
2026-02-22 09:13:53,491 DEBUG: Removing '/shared/matan/code/pass_at_k/.dvc/cache/files/md5/f1/c1cc65c95f11e2004c9617ddb33861'
2026-02-22 09:13:53,491 DEBUG: Removing '/shared/matan/code/pass_at_k/.dvc/cache/files/md5/c6/d828ef2e43b124eff05d045f639411'
2026-02-22 09:13:54,752 DEBUG: Removing '/shared/matan/code/pass_at_k/.dvc/cache/files/md5/55/e03e910052b2ea80c1e535fbd7de2c'
2026-02-22 09:13:56,033 DEBUG: Removing '/shared/matan/code/pass_at_k/.dvc/cache/files/md5/c3/b583c53ae4e89f37826f810d9cbc48'
2026-02-22 09:13:57,739 DEBUG: Removing '/shared/matan/code/pass_at_k/.dvc/cache/files/md5/8e/ea749fe00588772ecc45030000406d'
2026-02-22 09:13:58,388 DEBUG: Removing '/shared/matan/code/pass_at_k/.dvc/cache/files/md5/16/b1013599b81f1f6e05a8d8962470cc'
2026-02-22 09:14:00,069 DEBUG: Removing '/shared/matan/code/pass_at_k/.dvc/cache/files/md5/6c/6b59928d927d2a0d101db1eb98bb4d'
Removed 80 objects from repo cache.
2026-02-22 09:14:00,761 DEBUG: Estimated remote size: 256 files
No unused 'legacy' cache to remove.
2026-02-22 09:14:00,772 DEBUG: Analytics is enabled.
2026-02-22 09:14:00,820 DEBUG: Trying to spawn ['daemon', 'analytics', '/tmp/tmp5jet7drr', '-v']
2026-02-22 09:14:00,827 DEBUG: Spawned ['daemon', 'analytics', '/tmp/tmp5jet7drr', '-v'] with pid 2485217
2026-02-22 09:14:01,032 [INFO] Verifying backup status with dvc status --cloud
2026-02-22 09:14:05,962 [DEBUG] Not backed up: 0 items
2026-02-22 09:14:05,962 [INFO] global_step_200: backup confirmed
2026-02-22 09:14:05,963 [DEBUG] global_step_200: not cleaning (latest non-empty checkpoint)
2026-02-22 09:14:05,963 [DEBUG] Sleeping 300.0s until next poll
2026-02-22 09:19:06,058 [DEBUG] No new checkpoints to backup (already backed up: [40, 80, 120, 160, 200])
2026-02-22 09:19:06,058 [DEBUG] Sleeping 300.0s until next poll
2026-02-22 09:24:06,155 [DEBUG] No new checkpoints to backup (already backed up: [40, 80, 120, 160, 200])
2026-02-22 09:24:06,155 [DEBUG] Sleeping 300.0s until next poll
2026-02-22 09:29:06,253 [DEBUG] No new checkpoints to backup (already backed up: [40, 80, 120, 160, 200])
2026-02-22 09:29:06,253 [DEBUG] Sleeping 300.0s until next poll
2026-02-22 09:34:06,301 [DEBUG] No new checkpoints to backup (already backed up: [40, 80, 120, 160, 200])
2026-02-22 09:34:06,301 [DEBUG] Sleeping 300.0s until next poll
2026-02-22 09:39:06,401 [DEBUG] No new checkpoints to backup (already backed up: [40, 80, 120, 160, 200])
2026-02-22 09:39:06,401 [DEBUG] Sleeping 300.0s until next poll
2026-02-22 09:44:06,468 [DEBUG] No new checkpoints to backup (already backed up: [40, 80, 120, 160, 200])
2026-02-22 09:44:06,468 [DEBUG] Sleeping 300.0s until next poll
2026-02-22 09:49:06,562 [DEBUG] No new checkpoints to backup (already backed up: [40, 80, 120, 160, 200])
2026-02-22 09:49:06,562 [DEBUG] Sleeping 300.0s until next poll
2026-02-22 09:54:06,661 [DEBUG] No new checkpoints to backup (already backed up: [40, 80, 120, 160, 200])
2026-02-22 09:54:06,661 [DEBUG] Sleeping 300.0s until next poll
2026-02-22 09:59:06,752 [DEBUG] No new checkpoints to backup (already backed up: [40, 80, 120, 160, 200])
2026-02-22 09:59:06,752 [DEBUG] Sleeping 300.0s until next poll
2026-02-22 10:04:06,822 [DEBUG] No new checkpoints to backup (already backed up: [40, 80, 120, 160, 200])
2026-02-22 10:04:06,822 [DEBUG] Sleeping 300.0s until next poll
2026-02-22 10:09:06,923 [DEBUG] No new checkpoints to backup (already backed up: [40, 80, 120, 160, 200])
2026-02-22 10:09:06,923 [DEBUG] Sleeping 300.0s until next poll
2026-02-22 10:14:06,979 [DEBUG] No new checkpoints to backup (already backed up: [40, 80, 120, 160, 200])
2026-02-22 10:14:06,979 [DEBUG] Sleeping 300.0s until next poll
2026-02-22 10:19:07,067 [DEBUG] No new checkpoints to backup (already backed up: [40, 80, 120, 160, 200])
2026-02-22 10:19:07,067 [DEBUG] Sleeping 300.0s until next poll
2026-02-22 10:24:07,110 [DEBUG] No new checkpoints to backup (already backed up: [40, 80, 120, 160, 200])
2026-02-22 10:24:07,110 [DEBUG] Sleeping 300.0s until next poll
2026-02-22 10:29:07,205 [DEBUG] No new checkpoints to backup (already backed up: [40, 80, 120, 160, 200])
2026-02-22 10:29:07,205 [DEBUG] Sleeping 300.0s until next poll
2026-02-22 10:34:07,290 [DEBUG] No new checkpoints to backup (already backed up: [40, 80, 120, 160, 200])
2026-02-22 10:34:07,290 [DEBUG] Sleeping 300.0s until next poll
2026-02-22 10:39:07,390 [DEBUG] No new checkpoints to backup (already backed up: [40, 80, 120, 160, 200])
2026-02-22 10:39:07,390 [DEBUG] Sleeping 300.0s until next poll
2026-02-22 10:44:07,490 [DEBUG] No new checkpoints to backup (already backed up: [40, 80, 120, 160, 200])
2026-02-22 10:44:07,490 [DEBUG] Sleeping 300.0s until next poll
2026-02-22 10:49:07,589 [DEBUG] No new checkpoints to backup (already backed up: [40, 80, 120, 160, 200])
2026-02-22 10:49:07,589 [DEBUG] Sleeping 300.0s until next poll
2026-02-22 10:54:07,683 [DEBUG] No new checkpoints to backup (already backed up: [40, 80, 120, 160, 200])
2026-02-22 10:54:07,683 [DEBUG] Sleeping 300.0s until next poll
2026-02-22 10:59:07,782 [INFO] New complete checkpoints to backup: [240]
2026-02-22 10:59:07,782 [INFO] Running: dvc add logs/VerlRun/02/22/cont_benign_qwen3_8b_defmain_00_14_zunbd9t6/checkpoints
2026-02-22 11:08:38,330 [ERROR] dvc add failed: ERROR: failed to transfer '41d0419b9c0b2ec7c213e2934500e3e4' - [Errno 28] No space left on device
ERROR: failed to transfer '863ea835bccfc08040f8e73a73345de4' - [Errno 28] No space left on device
ERROR: failed to transfer '2ea9eb0b1b6c80d86bc15f690169a28b' - [Errno 28] No space left on device
ERROR: failed to transfer '4c6da032d7a7435dc62e7faa670e6133' - [Errno 28] No space left on device
ERROR: failed to transfer 'c6d828ef2e43b124eff05d045f639411' - [Errno 28] No space left on device
ERROR: failed to transfer '15acd571bb9d79277fe3ab44ad08f90c' - [Errno 28] No space left on device: '/shared/matan/code/pass_at_k/logs/VerlRun/02/22/cont_benign_qwen3_8b_defmain_00_14_zunbd9t6/checkpoints/global_step_120/actor/extra_state_world_size_4_rank_0.pt' -> '/shared/matan/code/pass_at_k/.dvc/cache/files/md5/15/.QubmFp1pROZYzRv2qj68Ow.tmp'
ERROR: failed to transfer '3728d793aa78d38813ccfeb24efecfb4' - [Errno 28] No space left on device: '/shared/matan/code/pass_at_k/logs/VerlRun/02/22/cont_benign_qwen3_8b_defmain_00_14_zunbd9t6/checkpoints/global_step_240/actor/extra_state_world_size_4_rank_3.pt' -> '/shared/matan/code/pass_at_k/.dvc/cache/files/md5/37/.pWvTNtMRfEjDStM-bPGzXw.tmp'
ERROR: failed to transfer '72b367e2c0313ed5b0e4b5ccddb15445' - [Errno 28] No space left on device
ERROR: failed to transfer '40e8b4cd8645af511e627f4e52379d9f' - [Errno 28] No space left on device
ERROR: failed to transfer '89eafab855b281907