2026-03-02 13:15:37,156 [INFO] ============================================================
2026-03-02 13:15:37,156 [INFO] Checkpoint daemon started
2026-03-02 13:15:37,156 [INFO]   run_dir:            /shared/matan/code/pass_at_k/logs/VerlRun/03/02/cont_hidden_biomath_qwen3_4bi_18_15_lrz4lcq8
2026-03-02 13:15:37,156 [INFO]   verl_pid:           2405763
2026-03-02 13:15:37,156 [INFO]   poll_interval:      300.0s
2026-03-02 13:15:37,156 [INFO]   clean_after_backup: True
2026-03-02 13:15:37,166 [INFO]   dvc_root:           /shared/matan/code/pass_at_k
2026-03-02 13:15:37,166 [INFO] ============================================================
2026-03-02 13:15:37,173 [DEBUG] No non-empty checkpoints found
2026-03-02 13:15:37,173 [DEBUG] Sleeping 300.0s until next poll
2026-03-02 13:20:37,284 [DEBUG] No non-empty checkpoints found
2026-03-02 13:20:37,286 [DEBUG] Sleeping 300.0s until next poll
2026-03-02 13:25:37,478 [DEBUG] No non-empty checkpoints found
2026-03-02 13:25:37,492 [DEBUG] Sleeping 300.0s until next poll
2026-03-02 13:30:37,596 [DEBUG] No non-empty checkpoints found
2026-03-02 13:30:37,598 [DEBUG] Sleeping 300.0s until next poll
2026-03-02 13:35:37,704 [DEBUG] No non-empty checkpoints found
2026-03-02 13:35:37,707 [DEBUG] Sleeping 300.0s until next poll
2026-03-02 13:40:37,807 [DEBUG] No non-empty checkpoints found
2026-03-02 13:40:37,809 [DEBUG] Sleeping 300.0s until next poll
2026-03-02 13:45:37,912 [DEBUG] No non-empty checkpoints found
2026-03-02 13:45:37,915 [DEBUG] Sleeping 300.0s until next poll
2026-03-02 13:50:38,028 [DEBUG] No non-empty checkpoints found
2026-03-02 13:50:38,031 [DEBUG] Sleeping 300.0s until next poll
2026-03-02 13:55:38,134 [DEBUG] No non-empty checkpoints found
2026-03-02 13:55:38,136 [DEBUG] Sleeping 300.0s until next poll
2026-03-02 14:00:38,238 [DEBUG] No non-empty checkpoints found
2026-03-02 14:00:38,241 [DEBUG] Sleeping 300.0s until next poll
2026-03-02 14:05:38,347 [DEBUG] No non-empty checkpoints found
2026-03-02 14:05:38,349 [DEBUG] Sleeping 300.0s until next poll
2026-03-02 14:10:38,456 [DEBUG] No non-empty checkpoints found
2026-03-02 14:10:38,459 [DEBUG] Sleeping 300.0s until next poll
2026-03-02 14:15:38,562 [DEBUG] No non-empty checkpoints found
2026-03-02 14:15:38,565 [DEBUG] Sleeping 300.0s until next poll
2026-03-02 14:20:38,667 [DEBUG] No non-empty checkpoints found
2026-03-02 14:20:38,669 [DEBUG] Sleeping 300.0s until next poll
2026-03-02 14:25:38,778 [DEBUG] No non-empty checkpoints found
2026-03-02 14:25:38,780 [DEBUG] Sleeping 300.0s until next poll
2026-03-02 14:30:38,883 [DEBUG] No non-empty checkpoints found
2026-03-02 14:30:38,885 [DEBUG] Sleeping 300.0s until next poll
2026-03-02 14:35:38,999 [DEBUG] No non-empty checkpoints found
2026-03-02 14:35:39,000 [DEBUG] Sleeping 300.0s until next poll
2026-03-02 14:40:39,349 [DEBUG] New steps [120] but none confirmed complete (complete_step=None)
2026-03-02 14:40:39,398 [DEBUG] Sleeping 300.0s until next poll
2026-03-02 14:45:39,519 [INFO] New complete checkpoints to backup: [120]
2026-03-02 14:45:39,525 [INFO] Running: dvc add logs/VerlRun/03/02/cont_hidden_biomath_qwen3_4bi_18_15_lrz4lcq8/checkpoints/global_step_120
2026-03-02 14:50:15,163 [DEBUG] dvc add stdout: 
2026-03-02 14:50:15,166 [INFO] Running: dvc push logs/VerlRun/03/02/cont_hidden_biomath_qwen3_4bi_18_15_lrz4lcq8/checkpoints/global_step_120.dvc
2026-03-02 14:58:04,086 [INFO] dvc push complete for global_step_120: 14 files pushed
2026-03-02 14:58:04,088 [INFO] Verifying backup: dvc status --cloud logs/VerlRun/03/02/cont_hidden_biomath_qwen3_4bi_18_15_lrz4lcq8/checkpoints/global_step_120.dvc
2026-03-02 14:58:17,958 [INFO] global_step_120: backup confirmed
2026-03-02 14:58:17,959 [INFO] Running: dvc gc --not-in-remote -w -f -v
2026-03-02 14:59:24,702 [INFO] dvc gc complete: 2026-03-02 19:58:18,128 DEBUG: v3.66.1 (conda), CPython 3.10.19 on Linux-5.15.0-161-generic-x86_64-with-glibc2.35
2026-03-02 19:58:18,128 DEBUG: command: /home/matan/shared/.conda/envs/hope/bin/dvc gc --not-in-remote -w -f -v
2026-03-02 19:58:20,577 DEBUG: Preparing to transfer data from 's3://matan-ml-exp-bucket/dvc-storage/files/md5' to '/shared/matan/code/pass_at_k/.dvc/cache/files/md5'
2026-03-02 19:58:20,577 DEBUG: Preparing to collect status from '/shared/matan/code/pass_at_k/.dvc/cache/files/md5'
2026-03-02 19:58:20,577 DEBUG: Collecting status from '/shared/matan/code/pass_at_k/.dvc/cache/files/md5'
2026-03-02 19:58:20,578 DEBUG: Preparing to collect status from 'matan-ml-exp-bucket/dvc-storage/files/md5'
2026-03-02 19:58:20,578 DEBUG: Collecting status from 'matan-ml-exp-bucket/dvc-storage/files/md5'
2026-03-02 19:58:20,579 DEBUG: Querying 1 oids via object_exists
2026-03-02 19:58:24,279 DEBUG: Querying 1 oids via object_exists
2026-03-02 19:58:25,008 DEBUG: Querying 1 oids via object_exists
2026-03-02 19:58:25,734 DEBUG: Preparing to transfer data from 's3://matan-ml-exp-bucket/dvc-storage/files/md5' to '/shared/matan/code/pass_at_k/.dvc/cache/files/md5'
2026-03-02 19:58:25,735 DEBUG: Preparing to collect status from '/shared/matan/code/pass_at_k/.dvc/cache/files/md5'
2026-03-02 19:58:25,735 DEBUG: Collecting status from '/shared/matan/code/pass_at_k/.dvc/cache/files/md5'
2026-03-02 19:58:25,735 DEBUG: Preparing to collect status from 'matan-ml-exp-bucket/dvc-storage/files/md5'
2026-03-02 19:58:25,735 DEBUG: Collecting status from 'matan-ml-exp-bucket/dvc-storage/files/md5'
2026-03-02 19:58:25,735 DEBUG: Querying 1 oids via object_exists
2026-03-02 19:58:27,833 DEBUG: Querying 1 oids via object_exists
2026-03-02 19:58:28,556 DEBUG: Querying 1 oids via object_exists
2026-03-02 19:58:29,174 DEBUG: Querying 144 oids via object_exists
2026-03-02 19:58:33,728 DEBUG: Querying 144 oids via object_exists
2026-03-02 19:58:46,046 DEBUG: Estimated remote size: 512 files
2026-03-02 19:58:46,115 DEBUG: Removing '/shared/matan/code/pass_at_k/.dvc/cache/files/md5/23/e4c21324a93f04221a77a6b826c122.dir.unpacked'
2026-03-02 19:58:46,566 DEBUG: Removing '/shared/matan/code/pass_at_k/.dvc/cache/files/md5/57/e6ad92d563948f0c4f40fef99c2180.dir.unpacked'
2026-03-02 19:58:47,341 DEBUG: Removing '/shared/matan/code/pass_at_k/.dvc/cache/files/md5/23/e4c21324a93f04221a77a6b826c122.dir'
2026-03-02 19:58:47,346 DEBUG: Removing '/shared/matan/code/pass_at_k/.dvc/cache/files/md5/57/e6ad92d563948f0c4f40fef99c2180.dir'
2026-03-02 19:58:47,351 DEBUG: Removing '/shared/matan/code/pass_at_k/.dvc/cache/files/md5/00/000faa83c77a1eeff4c4564f3edc33'
2026-03-02 19:58:47,654 DEBUG: Removing '/shared/matan/code/pass_at_k/.dvc/cache/files/md5/00/a45286c860307f0850550c447a00a6'
2026-03-02 19:58:47,974 DEBUG: Removing '/shared/matan/code/pass_at_k/.dvc/cache/files/md5/6a/a48784d83c6373f88a84610be19d68'
2026-03-02 19:58:47,980 DEBUG: Removing '/shared/matan/code/pass_at_k/.dvc/cache/files/md5/b3/f495e5be000e992c7fa9c4b1008981'
2026-03-02 19:58:47,983 DEBUG: Removing '/shared/matan/code/pass_at_k/.dvc/cache/files/md5/27/54b11308f2f7cc6fc6338fb860c705'
2026-03-02 19:58:48,497 DEBUG: Removing '/shared/matan/code/pass_at_k/.dvc/cache/files/md5/50/2c1061d8d79430cb8230a13f40a2cb'
2026-03-02 19:58:48,780 DEBUG: Removing '/shared/matan/code/pass_at_k/.dvc/cache/files/md5/50/14854b0a5092f475662e27f53d3e44'
2026-03-02 19:58:49,373 DEBUG: Removing '/shared/matan/code/pass_at_k/.dvc/cache/files/md5/c9/5d7b96d4a85678c896406f6d1f43a5'
2026-03-02 19:58:49,382 DEBUG: Removing '/shared/matan/code/pass_at_k/.dvc/cache/files/md5/c9/9577ff1b4922adff84c4186987e649'
2026-03-02 19:58:49,887 DEBUG: Removing '/shared/matan/code/pass_at_k/.dvc/cache/files/md5/a0/156bf9e723fa762385bb50e945e3d0'
2026-03-02 19:58:50,134 DEBUG: Removing '/shared/matan/code/pass_at_k/.dvc/cache/files/md5/9e/e5bca4d0df9f2e73d9a9570e53a6f3'
2026-03-02 19:58:50,377 DEBUG: Removing '/shared/matan/code/pass_at_k/.dvc/cache/files/md5/3f/3df1c7e0bd9eeb515cbc3890de5719'
2026-03-02 19:58:50,384 DEBUG: Removing '/shared/matan/code/pass_at_k/.dvc/cache/files/md5/4d/08e755756f7663e8efa40c59369cff'
2026-03-02 19:58:50,917 DEBUG: Removing '/shared/matan/code/pass_at_k/.dvc/cache/files/md5/52/21f8cdbce69e17d2fde9e46baa6431'
2026-03-02 19:58:51,301 DEBUG: Removing '/shared/matan/code/pass_at_k/.dvc/cache/files/md5/6b/d6abc02d2d65166af171dbf3981d27'
2026-03-02 19:58:51,310 DEBUG: Removing '/shared/matan/code/pass_at_k/.dvc/cache/files/md5/f0/46a3ecbec214f6acaa8f6ccdbbc5c4'
2026-03-02 19:58:51,475 DEBUG: Removing '/shared/matan/code/pass_at_k/.dvc/cache/files/md5/2b/9f318d7ebba8b3b00cf5a049db579b'
2026-03-02 19:58:51,751 DEBUG: Removing '/shared/matan/code/pass_at_k/.dvc/cache/files/md5/4b/fcc25d71347f05a54155a998164a0d'
2026-03-02 19:58:51,759 DEBUG: Removing '/shared/matan/code/pass_at_k/.dvc/cache/files/md5/4b/0a59ddf11c58e7446c9df0da541a84'
2026-03-02 19:58:51,763 DEBUG: Removing '/shared/matan/code/pass_at_k/.dvc/cache/files/md5/4b/c4031773ebe88255d622d530728f5a'
2026-03-02 19:58:52,319 DEBUG: Removing '/shared/matan/code/pass_at_k/.dvc/cache/files/md5/cc/cc57410d4bb9df109caa054152ec34'
2026-03-02 19:58:53,055 DEBUG: Removing '/shared/matan/code/pass_at_k/.dvc/cache/files/md5/cc/e5108141fc08899efc55ae81ffe939'
2026-03-02 19:58:53,061 DEBUG: Removing '/shared/matan/code/pass_at_k/.dvc/cache/files/md5/09/47125baccbd60022d49f65386a6045'
2026-03-02 19:58:53,265 DEBUG: Removing '/shared/matan/code/pass_at_k/.dvc/cache/files/md5/36/71d68942f3f61e01a485b69c58ab0d'
2026-03-02 19:58:53,273 DEBUG: Removing '/shared/matan/code/pass_at_k/.dvc/cache/files/md5/36/db19623eb7c7f8129e0991e010653d'
2026-03-02 19:58:53,683 DEBUG: Removing '/shared/matan/code/pass_at_k/.dvc/cache/files/md5/ce/d0ce173db3e173b0b793aef249ba4a'
2026-03-02 19:58:53,690 DEBUG: Removing '/shared/matan/code/pass_at_k/.dvc/cache/files/md5/12/0af62021bc829568fed12b493e46af'
2026-03-02 19:58:54,154 DEBUG: Removing '/shared/matan/code/pass_at_k/.dvc/cache/files/md5/5d/a1e56594410a44851d60cabfb17056'
2026-03-02 19:58:54,562 DEBUG: Removing '/shared/matan/code/pass_at_k/.dvc/cache/files/md5/d9/01e922d661afa1736b50e398ab090c'
2026-03-02 19:58:54,572 DEBUG: Removing '/shared/matan/code/pass_at_k/.dvc/cache/files/md5/d9/d963b9c54748353af09da436853acd'
2026-03-02 19:58:54,577 DEBUG: Removing '/shared/matan/code/pass_at_k/.dvc/cache/files/md5/04/98001b2945e3ae02dca5d56eaed9ce'
2026-03-02 19:58:54,584 DEBUG: Removing '/shared/matan/code/pass_at_k/.dvc/cache/files/md5/d0/251e60ec23df47c4b23ea3ffce58cc'
2026-03-02 19:58:55,246 DEBUG: Removing '/shared/matan/code/pass_at_k/.dvc/cache/files/md5/95/16e5778b5e9c33074b48719f09460a'
2026-03-02 19:58:55,250 DEBUG: Removing '/shared/matan/code/pass_at_k/.dvc/cache/files/md5/56/.roJxtshxZkZ7VmGeC7YIJA.tmp'
2026-03-02 19:58:55,642 DEBUG: Removing '/shared/matan/code/pass_at_k/.dvc/cache/files/md5/56/a305d1c493789cdc8f81f651223da3'
2026-03-02 19:58:56,270 DEBUG: Removing '/shared/matan/code/pass_at_k/.dvc/cache/files/md5/d4/1d8cd98f00b204e9800998ecf8427e'
2026-03-02 19:58:56,278 DEBUG: Removing '/shared/matan/code/pass_at_k/.dvc/cache/files/md5/d2/10b4553e496b9407dd4ce5f1aac4ce'
2026-03-02 19:58:56,653 DEBUG: Removing '/shared/matan/code/pass_at_k/.dvc/cache/files/md5/43/215e3a1a65b996cac7ae1b81766ce8'
2026-03-02 19:58:57,444 DEBUG: Removing '/shared/matan/code/pass_at_k/.dvc/cache/files/md5/43/f489b7a59a3d3e6dbd4003e6ef6e81'
2026-03-02 19:58:57,450 DEBUG: Removing '/shared/matan/code/pass_at_k/.dvc/cache/files/md5/42/a8136cc91ed4a804d535e612f2c3cc'
2026-03-02 19:58:57,622 DEBUG: Removing '/shared/matan/code/pass_at_k/.dvc/cache/files/md5/f2/d93a6d32b1a108f1726469b60f1ba4'
2026-03-02 19:58:57,629 DEBUG: Removing '/shared/matan/code/pass_at_k/.dvc/cache/files/md5/98/41161ec8d2f2abcc503a703c4a8a13'
2026-03-02 19:58:57,922 DEBUG: Removing '/shared/matan/code/pass_at_k/.dvc/cache/files/md5/e9/6f930bc504b54bd5dec84f93014832'
2026-03-02 19:58:58,298 DEBUG: Removing '/shared/matan/code/pass_at_k/.dvc/cache/files/md5/96/a11ec7bab819777655dd34f0030ce6'
2026-03-02 19:58:58,306 DEBUG: Removing '/shared/matan/code/pass_at_k/.dvc/cache/files/md5/66/b8ce6871d3362ed90d2b2498b0f7ff'
2026-03-02 19:58:59,095 DEBUG: Removing '/shared/matan/code/pass_at_k/.dvc/cache/files/md5/8e/437e79897927c10694b1aaeba9a1ce'
2026-03-02 19:59:00,266 DEBUG: Removing '/shared/matan/code/pass_at_k/.dvc/cache/files/md5/8e/d93fe8c3623622f055e0b89a5d0bea'
2026-03-02 19:59:00,272 DEBUG: Removing '/shared/matan/code/pass_at_k/.dvc/cache/files/md5/4a/738daa42c53b9d26ffd5fab54e7529'
2026-03-02 19:59:00,538 DEBUG: Removing '/shared/matan/code/pass_at_k/.dvc/cache/files/md5/61/cfd457b2609e5bdc776dc44b0d579b'
2026-03-02 19:59:00,543 DEBUG: Removing '/shared/matan/code/pass_at_k/.dvc/cache/files/md5/61/3b8e4a622c4a2c90e9e1245fc540d6'
2026-03-02 19:59:00,545 DEBUG: Removing '/shared/matan/code/pass_at_k/.dvc/cache/files/md5/61/dfb2182cbaba178eac1809004c67ad'
2026-03-02 19:59:00,550 DEBUG: Removing '/shared/matan/code/pass_at_k/.dvc/cache/files/md5/4e/6d7381b084bb04b0d35f8fd4b0d185'
2026-03-02 19:59:00,552 DEBUG: Removing '/shared/matan/code/pass_at_k/.dvc/cache/files/md5/de/afdabeff32caed808d2c6417c854f4'
2026-03-02 19:59:00,556 DEBUG: Removing '/shared/matan/code/pass_at_k/.dvc/cache/files/md5/54/769d9299998b54930276dea76a0f62'
2026-03-02 19:59:00,934 DEBUG: Removing '/shared/matan/code/pass_at_k/.dvc/cache/files/md5/57/95f12e815eef069e10dd289b80ad4c'
2026-03-02 19:59:00,940 DEBUG: Removing '/shared/matan/code/pass_at_k/.dvc/cache/files/md5/57/08ee87a0925280424b5caa0906752f'
2026-03-02 19:59:00,942 DEBUG: Removing '/shared/matan/code/pass_at_k/.dvc/cache/files/md5/b1/a7f60f7b232df4275c8874a3b27455'
2026-03-02 19:59:00,948 DEBUG: Removing '/shared/matan/code/pass_at_k/.dvc/cache/files/md5/06/352e4d10550544700a05bb80b38bee'
2026-03-02 19:59:01,581 DEBUG: Removing '/shared/matan/code/pass_at_k/.dvc/cache/files/md5/e1/eb03a8bb6cecb125bf4f2151819f02'
2026-03-02 19:59:01,959 DEBUG: Removing '/shared/matan/code/pass_at_k/.dvc/cache/files/md5/c6/7e0706570dbb808ba8df4c3fff1c0a'
2026-03-02 19:59:02,234 DEBUG: Removing '/shared/matan/code/pass_at_k/.dvc/cache/files/md5/38/27e499020f091955617de4e366d8ea'
2026-03-02 19:59:02,241 DEBUG: Removing '/shared/matan/code/pass_at_k/.dvc/cache/files/md5/3a/bda1a24b40658dcda74eb981139062'
2026-03-02 19:59:02,247 DEBUG: Removing '/shared/matan/code/pass_at_k/.dvc/cache/files/md5/6e/a2ef7311b482724a9b7b0bc0dd85c6'
2026-03-02 19:59:02,255 DEBUG: Removing '/shared/matan/code/pass_at_k/.dvc/cache/files/md5/b0/2ead64e478f7c941686efc4bca9c75'
2026-03-02 19:59:02,262 DEBUG: Removing '/shared/matan/code/pass_at_k/.dvc/cache/files/md5/73/396f377a6a7b12213002658e15cf38'
2026-03-02 19:59:02,830 DEBUG: Removing '/shared/matan/code/pass_at_k/.dvc/cache/files/md5/73/9566bb0de18d39d1de8331dff15cc1'
2026-03-02 19:59:02,837 DEBUG: Removing '/shared/matan/code/pass_at_k/.dvc/cache/files/md5/73/0a370507fd6f4d853c40953faad2e9'
2026-03-02 19:59:03,110 DEBUG: Removing '/shared/matan/code/pass_at_k/.dvc/cache/files/md5/ec/0279bffe91f853c7609b9182fad388'
2026-03-02 19:59:03,116 DEBUG: Removing '/shared/matan/code/pass_at_k/.dvc/cache/files/md5/a6/027c765080ead456a4f7f1642dde43'
2026-03-02 19:59:03,119 DEBUG: Removing '/shared/matan/code/pass_at_k/.dvc/cache/files/md5/a6/1e039570c4da50ceed2c206bdb6b28'
2026-03-02 19:59:03,612 DEBUG: Removing '/shared/matan/code/pass_at_k/.dvc/cache/files/md5/a6/49c38180ee6f787fb05a6bc2dac4ea'
2026-03-02 19:59:04,577 DEBUG: Removing '/shared/matan/code/pass_at_k/.dvc/cache/files/md5/01/d18457eaf5504d9ec8f4a0941cd4f8'
2026-03-02 19:59:04,581 DEBUG: Removing '/shared/matan/code/pass_at_k/.dvc/cache/files/md5/01/886e42b8e05c73d00a9fbc59f07323'
2026-03-02 19:59:04,864 DEBUG: Removing '/shared/matan/code/pass_at_k/.dvc/cache/files/md5/e4/b9ee19d6785eb06426488a1d056a64'
2026-03-02 19:59:05,091 DEBUG: Removing '/shared/matan/code/pass_at_k/.dvc/cache/files/md5/e4/aa96a320630599692b84019e6a94c4'
2026-03-02 19:59:05,376 DEBUG: Removing '/shared/matan/code/pass_at_k/.dvc/cache/files/md5/72/dacf1de43bc354dc3c521e44ed0b24'
2026-03-02 19:59:05,380 DEBUG: Removing '/shared/matan/code/pass_at_k/.dvc/cache/files/md5/72/95ed8d55eb4fe0d65fda2a0197d66b'
2026-03-02 19:59:05,384 DEBUG: Removing '/shared/matan/code/pass_at_k/.dvc/cache/files/md5/72/42875b914f73527342454a86855ca4'
2026-03-02 19:59:05,917 DEBUG: Removing '/shared/matan/code/pass_at_k/.dvc/cache/files/md5/a7/17eede8e1df2b1af25e074eb5a095f'
2026-03-02 19:59:06,213 DEBUG: Removing '/shared/matan/code/pass_at_k/.dvc/cache/files/md5/e5/8ab56120d6716009f7a9d1f2230ee6'
2026-03-02 19:59:06,559 DEBUG: Removing '/shared/matan/code/pass_at_k/.dvc/cache/files/md5/a8/987dd4ac49b1f276348bc8d888bbcc'
2026-03-02 19:59:06,994 DEBUG: Removing '/shared/matan/code/pass_at_k/.dvc/cache/files/md5/20/c9acf10d9cdb337552359c400a616d'
2026-03-02 19:59:07,266 DEBUG: Removing '/shared/matan/code/pass_at_k/.dvc/cache/files/md5/14/4ca5fac840c1e289af5081f410a109'
2026-03-02 19:59:07,274 DEBUG: Removing '/shared/matan/code/pass_at_k/.dvc/cache/files/md5/a9/a6653e48976138166de32772b1bf40'
2026-03-02 19:59:07,280 DEBUG: Removing '/shared/matan/code/pass_at_k/.dvc/cache/files/md5/e7/3d6edd464f657304673557e3889995'
2026-03-02 19:59:07,288 DEBUG: Removing '/shared/matan/code/pass_at_k/.dvc/cache/files/md5/ea/c5b9fb5900f1a9c8001003044af971'
2026-03-02 19:59:07,993 DEBUG: Removing '/shared/matan/code/pass_at_k/.dvc/cache/files/md5/ea/335c38c7fc2d2bec0e307cbaba9a0a'
2026-03-02 19:59:08,671 DEBUG: Removing '/shared/matan/code/pass_at_k/.dvc/cache/files/md5/5a/d5f5d6236f6cf2d8677174ebe0d959'
2026-03-02 19:59:08,678 DEBUG: Removing '/shared/matan/code/pass_at_k/.dvc/cache/files/md5/5a/61534ba14591bf19b63c61f6885671'
2026-03-02 19:59:09,089 DEBUG: Removing '/shared/matan/code/pass_at_k/.dvc/cache/files/md5/1f/cea39865e0f1dbd25ef4fb2b5af00b'
2026-03-02 19:59:09,095 DEBUG: Removing '/shared/matan/code/pass_at_k/.dvc/cache/files/md5/ad/f7612e31af33143a455d74670095b0'
2026-03-02 19:59:09,649 DEBUG: Removing '/shared/matan/code/pass_at_k/.dvc/cache/files/md5/44/5537982c1c957ec9bf07aa2d87c190'
2026-03-02 19:59:09,656 DEBUG: Removing '/shared/matan/code/pass_at_k/.dvc/cache/files/md5/65/6d2edaf7745a3d4d9a9e2f6acdb1cd'
2026-03-02 19:59:09,663 DEBUG: Removing '/shared/matan/code/pass_at_k/.dvc/cache/files/md5/68/b329da9893e34099c7d8ad5cb9c940'
2026-03-02 19:59:09,671 DEBUG: Removing '/shared/matan/code/pass_at_k/.dvc/cache/files/md5/68/86179c44a0e04510e540ee390e626f'
2026-03-02 19:59:10,339 DEBUG: Removing '/shared/matan/code/pass_at_k/.dvc/cache/files/md5/3d/d50850ce3faa3c1ca41f824a75067b'
2026-03-02 19:59:10,537 DEBUG: Removing '/shared/matan/code/pass_at_k/.dvc/cache/files/md5/c8/6d4ea980a67238b57f0518968cd8af'
2026-03-02 19:59:10,543 DEBUG: Removing '/shared/matan/code/pass_at_k/.dvc/cache/files/md5/c8/efdd17107c121f943dd00cb0013fdb'
2026-03-02 19:59:10,548 DEBUG: Removing '/shared/matan/code/pass_at_k/.dvc/cache/files/md5/46/7748951ef459ce412f08c7c18d7508'
2026-03-02 19:59:10,885 DEBUG: Removing '/shared/matan/code/pass_at_k/.dvc/cache/files/md5/32/599c7c17168fcb838624f245e100ec'
2026-03-02 19:59:10,893 DEBUG: Removing '/shared/matan/code/pass_at_k/.dvc/cache/files/md5/51/fbcdd19b57edbdb0be238db86ef929'
2026-03-02 19:59:11,242 DEBUG: Removing '/shared/matan/code/pass_at_k/.dvc/cache/files/md5/02/a25b6a7efb2892469f8d7530281a86'
2026-03-02 19:59:11,986 DEBUG: Removing '/shared/matan/code/pass_at_k/.dvc/cache/files/md5/02/458fef06945124dc3b9a1387a22e9f'
2026-03-02 19:59:12,444 DEBUG: Removing '/shared/matan/code/pass_at_k/.dvc/cache/files/md5/05/ff48ee37d070ad564f25a0bf9e0a39'
2026-03-02 19:59:13,023 DEBUG: Removing '/shared/matan/code/pass_at_k/.dvc/cache/files/md5/a2/c098bb09b4261eb263e8a0171e769d'
2026-03-02 19:59:13,378 DEBUG: Removing '/shared/matan/code/pass_at_k/.dvc/cache/files/md5/1d/f01cd4aba4b7ada9505f24b89d01a9'
2026-03-02 19:59:13,629 DEBUG: Removing '/shared/matan/code/pass_at_k/.dvc/cache/files/md5/1d/2be1013be2cf26f75d290d725596b8'
2026-03-02 19:59:13,635 DEBUG: Removing '/shared/matan/code/pass_at_k/.dvc/cache/files/md5/f4/e844ebd85ebb4c8ea40a38b829d3bb'
2026-03-02 19:59:13,641 DEBUG: Removing '/shared/matan/code/pass_at_k/.dvc/cache/files/md5/31/c91879f84d64eefa042b977211ac9d'
2026-03-02 19:59:13,648 DEBUG: Removing '/shared/matan/code/pass_at_k/.dvc/cache/files/md5/5c/e26a8c3c4560b530622744e2b6f8de'
2026-03-02 19:59:14,116 DEBUG: Removing '/shared/matan/code/pass_at_k/.dvc/cache/files/md5/5c/67088952dfa11f9f7c082283c652a5'
2026-03-02 19:59:14,664 DEBUG: Removing '/shared/matan/code/pass_at_k/.dvc/cache/files/md5/17/04e8a4f8dc64a9e7bd5d4e4342ff9c'
2026-03-02 19:59:14,898 DEBUG: Removing '/shared/matan/code/pass_at_k/.dvc/cache/files/md5/26/af5c967bb1db0de7f81dbf4aae949c'
2026-03-02 19:59:14,908 DEBUG: Removing '/shared/matan/code/pass_at_k/.dvc/cache/files/md5/b6/a4b4516e64955d9f9497ccbc41da1b'
2026-03-02 19:59:15,304 DEBUG: Removing '/shared/matan/code/pass_at_k/.dvc/cache/files/md5/c3/6e6a0f4cc5f6faea54e474777d9e59'
2026-03-02 19:59:15,309 DEBUG: Removing '/shared/matan/code/pass_at_k/.dvc/cache/files/md5/c3/96f82753f9c454869b3c80e1cfdd6b'
2026-03-02 19:59:15,952 DEBUG: Removing '/shared/matan/code/pass_at_k/.dvc/cache/files/md5/1e/e0903bd4181ed786a9dcd218723795'
2026-03-02 19:59:16,245 DEBUG: Removing '/shared/matan/code/pass_at_k/.dvc/cache/files/md5/2a/88c43337cefa5a1e2d4add5e9290b5'
2026-03-02 19:59:16,772 DEBUG: Removing '/shared/matan/code/pass_at_k/.dvc/cache/files/md5/3c/b33f292b1c9b6d88db6034905ba461'
2026-03-02 19:59:16,782 DEBUG: Removing '/shared/matan/code/pass_at_k/.dvc/cache/files/md5/f7/99fc4a03e4390f03026139acfb7edf'
2026-03-02 19:59:16,789 DEBUG: Removing '/shared/matan/code/pass_at_k/.dvc/cache/files/md5/c2/737262ad24a74c584c1c9184895f88'
2026-03-02 19:59:17,361 DEBUG: Removing '/shared/matan/code/pass_at_k/.dvc/cache/files/md5/c2/3bcabaad2a57401b81415a966622ec'
2026-03-02 19:59:17,367 DEBUG: Removing '/shared/matan/code/pass_at_k/.dvc/cache/files/md5/b9/da578263d87125fbbcb723672de5b7'
2026-03-02 19:59:17,370 DEBUG: Removing '/shared/matan/code/pass_at_k/.dvc/cache/files/md5/b9/e5137378d3520b540ab6be4c6a2b0c'
2026-03-02 19:59:18,434 DEBUG: Removing '/shared/matan/code/pass_at_k/.dvc/cache/files/md5/69/52fcafbbed9c7526ac0a2569487d39'
2026-03-02 19:59:18,442 DEBUG: Removing '/shared/matan/code/pass_at_k/.dvc/cache/files/md5/f9/c450412e7cf88a23f12eff105a8207'
2026-03-02 19:59:18,853 DEBUG: Removing '/shared/matan/code/pass_at_k/.dvc/cache/files/md5/ba/745e2f4fa1e6f330c76656ea794a9b'
2026-03-02 19:59:18,861 DEBUG: Removing '/shared/matan/code/pass_at_k/.dvc/cache/files/md5/bb/734827673b78d35a3206bdbbe72196'
2026-03-02 19:59:18,866 DEBUG: Removing '/shared/matan/code/pass_at_k/.dvc/cache/files/md5/bb/47ab27bb30db150cb6280c97df2e66'
2026-03-02 19:59:19,249 DEBUG: Removing '/shared/matan/code/pass_at_k/.dvc/cache/files/md5/2f/38a136a2cf015556d412d93b6a1308'
2026-03-02 19:59:19,256 DEBUG: Removing '/shared/matan/code/pass_at_k/.dvc/cache/files/md5/e8/1dbb1eb8a28b15f2b4ff80f90600c9'
2026-03-02 19:59:19,262 DEBUG: Removing '/shared/matan/code/pass_at_k/.dvc/cache/files/md5/64/23133b9cc1a2077b57822c30c211aa'
2026-03-02 19:59:19,268 DEBUG: Removing '/shared/matan/code/pass_at_k/.dvc/cache/files/md5/c0/fbc0d4e92bb5d14d0aea77e46f5992'
2026-03-02 19:59:19,906 DEBUG: Removing '/shared/matan/code/pass_at_k/.dvc/cache/files/md5/c0/2ee2f06ba7e5d598074304dadd309c'
2026-03-02 19:59:19,911 DEBUG: Removing '/shared/matan/code/pass_at_k/.dvc/cache/files/md5/c0/8023abd683766788fc6a985043008a'
2026-03-02 19:59:19,916 DEBUG: Removing '/shared/matan/code/pass_at_k/.dvc/cache/files/md5/63/83cb67066c89796f402828e71d14bd'
2026-03-02 19:59:20,615 DEBUG: Removing '/shared/matan/code/pass_at_k/.dvc/cache/files/md5/fd/9ab1c8588e9bdfb48fc370afd186de'
2026-03-02 19:59:20,793 DEBUG: Removing '/shared/matan/code/pass_at_k/.dvc/cache/files/md5/d7/bfe0ecfa87bf87c01070c7951d8f23'
2026-03-02 19:59:20,798 DEBUG: Removing '/shared/matan/code/pass_at_k/.dvc/cache/files/md5/0f/18fdb85b6ef4702dd3c0e13986aefc'
2026-03-02 19:59:20,809 DEBUG: Removing '/shared/matan/code/pass_at_k/.dvc/cache/files/md5/be/0d0e3f903bcfee1a80968f43a7bfe1'
2026-03-02 19:59:21,460 DEBUG: Removing '/shared/matan/code/pass_at_k/.dvc/cache/files/md5/83/ec015785e050978690cd04da436eb3'
2026-03-02 19:59:21,468 DEBUG: Removing '/shared/matan/code/pass_at_k/.dvc/cache/files/md5/47/100505d8567ea6a41a35971dce724f'
2026-03-02 19:59:21,474 DEBUG: Removing '/shared/matan/code/pass_at_k/.dvc/cache/files/md5/80/b95af5e9b1e2c2100cd277aa445c3b'
Removed 145 objects from repo cache.
2026-03-02 19:59:21,488 DEBUG: Estimated remote size: 256 files
No unused 'legacy' cache to remove.
2026-03-02 19:59:22,173 DEBUG: Analytics is enabled.
2026-03-02 19:59:24,456 DEBUG: Trying to spawn ['daemon', 'analytics', '/tmp/tmpgb1o086i', '-v']
2026-03-02 19:59:24,467 DEBUG: Spawned ['daemon', 'analytics', '/tmp/tmpgb1o086i', '-v'] with pid 2684272
2026-03-02 14:59:24,721 [DEBUG] global_step_120: not cleaning (latest non-empty checkpoint)
2026-03-02 14:59:24,721 [DEBUG] Sleeping 300.0s until next poll
2026-03-02 15:04:25,160 [DEBUG] No new checkpoints to backup (already backed up: [120])
2026-03-02 15:04:25,291 [DEBUG] global_step_120: not cleaning (latest non-empty checkpoint)
2026-03-02 15:04:25,291 [DEBUG] Sleeping 300.0s until next poll
2026-03-02 15:09:25,510 [DEBUG] No new checkpoints to backup (already backed up: [120])
2026-03-02 15:09:25,590 [DEBUG] global_step_120: not cleaning (latest non-empty checkpoint)
2026-03-02 15:09:25,590 [DEBUG] Sleeping 300.0s until next poll
2026-03-02 15:14:25,756 [DEBUG] No new checkpoints to backup (already backed up: [120])
2026-03-02 15:14:25,770 [DEBUG] global_step_120: not cleaning (latest non-empty checkpoint)
2026-03-02 15:14:25,770 [DEBUG] Sleeping 300.0s until next poll
2026-03-02 15:19:25,889 [DEBUG] No new checkpoints to backup (already backed up: [120])
2026-03-02 15:19:25,896 [DEBUG] global_step_120: not cleaning (latest non-empty checkpoint)
2026-03-02 15:19:25,897 [DEBUG] Sleeping 300.0s until next poll
2026-03-02 15:24:26,018 [DEBUG] No new checkpoints to backup (already backed up: [120])
2026-03-02 15:24:26,024 [DEBUG] global_step_120: not cleaning (latest non-empty checkpoint)
2026-03-02 15:24:26,024 [DEBUG] Sleeping 300.0s until next poll
2026-03-02 15:29:26,840 [DEBUG] New steps [160] but none confirmed complete (complete_step=120)
2026-03-02 15:29:31,523 [INFO] Cleaned global_step_120 (kept empty dir as marker)
2026-03-02 15:29:31,524 [DEBUG] Sleeping 300.0s until next poll
2026-03-02 15:34:31,656 [INFO] New complete checkpoints to backup: [160]
2026-03-02 15:34:31,660 [INFO] Running: dvc add logs/VerlRun/03/02/cont_hidden_biomath_qwen3_4bi_18_15_lrz4lcq8/checkpoints/global_step_160
2026-03-02 15:38:57,140 [DEBUG] dvc add stdout: 
2026-03-02 15:38:57,142 [INFO] Running: dvc push logs/VerlRun/03/02/cont_hidden_biomath_qwen3_4bi_18_15_lrz4lcq8/checkpoints/global_step_160.dvc
2026-03-02 15:46:18,234 [INFO] dvc push complete for global_step_160: 14 files pushed
2026-03-02 15:46:18,236 [INFO] Verifying backup: dvc status --cloud logs/VerlRun/03/02/cont_hidden_biomath_qwen3_4bi_18_15_lrz4lcq8/checkpoints/global_step_160.dvc
2026-03-02 15:46:32,938 [INFO] global_step_160: backup confirmed
2026-03-02 15:46:32,938 [INFO] Running: dvc gc --not-in-remote -w -f -v
2026-03-02 15:47:15,174 [INFO] dvc gc complete: 2026-03-02 20:46:33,115 DEBUG: v3.66.1 (conda), CPython 3.10.19 on Linux-5.15.0-161-generic-x86_64-with-glibc2.35
2026-03-02 20:46:33,115 DEBUG: command: /home/matan/shared/.conda/envs/hope/bin/dvc gc --not-in-remote -w -f -v
2026-03-02 20:46:35,457 DEBUG: Preparing to transfer data from 's3://matan-ml-exp-bucket/dvc-storage/files/md5' to '/shared/matan/code/pass_at_k/.dvc/cache/files/md5'
2026-03-02 20:46:35,457 DEBUG: Preparing to collect status from '/shared/matan/code/pass_at_k/.dvc/cache/files/md5'
2026-03-02 20:46:35,457 DEBUG: Collecting status from '/shared/matan/code/pass_at_k/.dvc/cache/files/md5'
2026-03-02 20:46:35,458 DEBUG: Preparing to collect status from 'matan-ml-exp-bucket/dvc-storage/files/md5'
2026-03-02 20:46:35,458 DEBUG: Collecting status from 'matan-ml-exp-bucket/dvc-storage/files/md5'
2026-03-02 20:46:35,460 DEBUG: Querying 4 oids via object_exists
2026-03-02 20:46:37,881 DEBUG: Querying 0 oids via object_exists
2026-03-02 20:46:39,070 DEBUG: transfer dir: md5: 57e6ad92d563948f0c4f40fef99c2180.dir with 0 files
2026-03-02 20:46:39,343 DEBUG: Preparing to transfer data from 's3://matan-ml-exp-bucket/dvc-storage/files/md5' to '/shared/matan/code/pass_at_k/.dvc/cache/files/md5'
2026-03-02 20:46:39,343 DEBUG: Preparing to collect status from '/shared/matan/code/pass_at_k/.dvc/cache/files/md5'
2026-03-02 20:46:39,343 DEBUG: Collecting status from '/shared/matan/code/pass_at_k/.dvc/cache/files/md5'
2026-03-02 20:46:39,344 DEBUG: Preparing to collect status from 'matan-ml-exp-bucket/dvc-storage/files/md5'
2026-03-02 20:46:39,344 DEBUG: Collecting status from 'matan-ml-exp-bucket/dvc-storage/files/md5'
2026-03-02 20:46:39,346 DEBUG: Querying 4 oids via object_exists
2026-03-02 20:46:41,471 DEBUG: Querying 0 oids via object_exists
2026-03-02 20:46:42,348 DEBUG: transfer dir: md5: 607971874a7d57b6b0978f811b4c26a2.dir with 0 files
2026-03-02 20:46:42,552 DEBUG: Preparing to transfer data from 's3://matan-ml-exp-bucket/dvc-storage/files/md5' to '/shared/matan/code/pass_at_k/.dvc/cache/files/md5'
2026-03-02 20:46:42,552 DEBUG: Preparing to collect status from '/shared/matan/code/pass_at_k/.dvc/cache/files/md5'
2026-03-02 20:46:42,552 DEBUG: Collecting status from '/shared/matan/code/pass_at_k/.dvc/cache/files/md5'
2026-03-02 20:46:42,552 DEBUG: Preparing to collect status from 'matan-ml-exp-bucket/dvc-storage/files/md5'
2026-03-02 20:46:42,552 DEBUG: Collecting status from 'matan-ml-exp-bucket/dvc-storage/files/md5'
2026-03-02 20:46:42,554 DEBUG: Querying 4 oids via object_exists
2026-03-02 20:46:44,526 DEBUG: Querying 0 oids via object_exists
2026-03-02 20:46:45,486 DEBUG: transfer dir: md5: 23e4c21324a93f04221a77a6b826c122.dir with 0 files
2026-03-02 20:46:45,692 DEBUG: Preparing to transfer data from 's3://matan-ml-exp-bucket/dvc-storage/files/md5' to '/shared/matan/code/pass_at_k/.dvc/cache/files/md5'
2026-03-02 20:46:45,692 DEBUG: Preparing to collect status from '/shared/matan/code/pass_at_k/.dvc/cache/files/md5'
2026-03-02 20:46:45,692 DEBUG: Collecting status from '/shared/matan/code/pass_at_k/.dvc/cache/files/md5'
2026-03-02 20:46:45,692 DEBUG: Preparing to collect status from 'matan-ml-exp-bucket/dvc-storage/files/md5'
2026-03-02 20:46:45,692 DEBUG: Collecting status from 'matan-ml-exp-bucket/dvc-storage/files/md5'
2026-03-02 20:46:45,694 DEBUG: Querying 4 oids via object_exists
2026-03-02 20:46:47,758 DEBUG: Querying 1 oids via object_exists
2026-03-02 20:46:48,383 DEBUG: Querying 1 oids via object_exists
2026-03-02 20:46:49,039 DEBUG: Preparing to transfer data from 's3://matan-ml-exp-bucket/dvc-storage/files/md5' to '/shared/matan/code/pass_at_k/.dvc/cache/files/md5'
2026-03-02 20:46:49,039 DEBUG: Preparing to collect status from '/shared/matan/code/pass_at_k/.dvc/cache/files/md5'
2026-03-02 20:46:49,039 DEBUG: Collecting status from '/shared/matan/code/pass_at_k/.dvc/cache/files/md5'
2026-03-02 20:46:49,040 DEBUG: Preparing to collect status from 'matan-ml-exp-bucket/dvc-storage/files/md5'
2026-03-02 20:46:49,040 DEBUG: Collecting status from 'matan-ml-exp-bucket/dvc-storage/files/md5'
2026-03-02 20:46:49,042 DEBUG: Querying 4 oids via object_exists
2026-03-02 20:46:51,114 DEBUG: Querying 1 oids via object_exists
2026-03-02 20:46:51,576 DEBUG: Querying 1 oids via object_exists
2026-03-02 20:46:52,042 DEBUG: Querying 172 oids via object_exists
2026-03-02 20:46:57,055 DEBUG: Querying 172 oids via object_exists
2026-03-02 20:47:09,812 DEBUG: Estimated remote size: 256 files
2026-03-02 20:47:09,897 DEBUG: Removing '/shared/matan/code/pass_at_k/.dvc/cache/files/md5/57/e6ad92d563948f0c4f40fef99c2180.dir.unpacked'
2026-03-02 20:47:10,142 DEBUG: Removing '/shared/matan/code/pass_at_k/.dvc/cache/files/md5/bf/3dcf169deacee4a24a66b7626c92f0.dir.unpacked'
2026-03-02 20:47:10,172 DEBUG: Removing '/shared/matan/code/pass_at_k/.dvc/cache/files/md5/60/7971874a7d57b6b0978f811b4c26a2.dir.unpacked'
2026-03-02 20:47:10,295 DEBUG: Removing '/shared/matan/code/pass_at_k/.dvc/cache/files/md5/23/e4c21324a93f04221a77a6b826c122.dir.unpacked'
2026-03-02 20:47:10,299 DEBUG: Removing '/shared/matan/code/pass_at_k/.dvc/cache/files/md5/57/e6ad92d563948f0c4f40fef99c2180.dir'
2026-03-02 20:47:10,304 DEBUG: Removing '/shared/matan/code/pass_at_k/.dvc/cache/files/md5/bf/3dcf169deacee4a24a66b7626c92f0.dir'
2026-03-02 20:47:10,309 DEBUG: Removing '/shared/matan/code/pass_at_k/.dvc/cache/files/md5/60/7971874a7d57b6b0978f811b4c26a2.dir'
2026-03-02 20:47:10,314 DEBUG: Removing '/shared/matan/code/pass_at_k/.dvc/cache/files/md5/23/e4c21324a93f04221a77a6b826c122.dir'
2026-03-02 20:47:10,318 DEBUG: Removing '/shared/matan/code/pass_at_k/.dvc/cache/files/md5/83/50a161edff984baab51d4c870abc49'
2026-03-02 20:47:10,715 DEBUG: Removing '/shared/matan/code/pass_at_k/.dvc/cache/files/md5/ae/995ccfe8de91e82b85b8427346c57b'
2026-03-02 20:47:10,718 DEBUG: Removing '/shared/matan/code/pass_at_k/.dvc/cache/files/md5/07/37fe0d092b09a8f2e5fc8cf9de6276'
2026-03-02 20:47:11,109 DEBUG: Removing '/shared/matan/code/pass_at_k/.dvc/cache/files/md5/d7/bfe0ecfa87bf87c01070c7951d8f23'
2026-03-02 20:47:11,113 DEBUG: Removing '/shared/matan/code/pass_at_k/.dvc/cache/files/md5/9a/a9473e6c9176310c19fc05ad04ac9f'
2026-03-02 20:47:11,117 DEBUG: Removing '/shared/matan/code/pass_at_k/.dvc/cache/files/md5/9a/aa5dd616f88e88b3ee2287dd47c3f3'
2026-03-02 20:47:11,120 DEBUG: Removing '/shared/matan/code/pass_at_k/.dvc/cache/files/md5/57/95f12e815eef069e10dd289b80ad4c'
2026-03-02 20:47:11,122 DEBUG: Removing '/shared/matan/code/pass_at_k/.dvc/cache/files/md5/57/08ee87a0925280424b5caa0906752f'
2026-03-02 20:47:11,125 DEBUG: Removing '/shared/matan/code/pass_at_k/.dvc/cache/files/md5/15/2d32222bcf919bac9502410db24850'
2026-03-02 20:47:11,697 DEBUG: Removing '/shared/matan/code/pass_at_k/.dvc/cache/files/md5/f4/e844ebd85ebb4c8ea40a38b829d3bb'
2026-03-02 20:47:11,700 DEBUG: Removing '/shared/matan/code/pass_at_k/.dvc/cache/files/md5/ed/603c512385db3687c1aa7003e0252c'
2026-03-02 20:47:12,097 DEBUG: Removing '/shared/matan/code/pass_at_k/.dvc/cache/files/md5/dc/22fa275005f40959ef0977c9bf60e5'
2026-03-02 20:47:12,101 DEBUG: Removing '/shared/matan/code/pass_at_k/.dvc/cache/files/md5/4c/1716095ef82d266d33a95d7380802d'
2026-03-02 20:47:12,674 DEBUG: Removing '/shared/matan/code/pass_at_k/.dvc/cache/files/md5/3c/6c03c679266b134d92c80d8589e793'
2026-03-02 20:47:13,241 DEBUG: Removing '/shared/matan/code/pass_at_k/.dvc/cache/files/md5/de/afdabeff32caed808d2c6417c854f4'
2026-03-02 20:47:13,245 DEBUG: Removing '/shared/matan/code/pass_at_k/.dvc/cache/files/md5/aa/7eae720fef3fd09ba47afa75dcec71'
2026-03-02 20:47:13,653 DEBUG: Removing '/shared/matan/code/pass_at_k/.dvc/cache/files/md5/d4/107b3b74e9fd8658dc5c72b28560dc'
2026-03-02 20:47:14,212 DEBUG: Removing '/shared/matan/code/pass_at_k/.dvc/cache/files/md5/4e/6d7381b084bb04b0d35f8fd4b0d185'
2026-03-02 20:47:14,216 DEBUG: Removing '/shared/matan/code/pass_at_k/.dvc/cache/files/md5/01/d18457eaf5504d9ec8f4a0941cd4f8'
2026-03-02 20:47:14,219 DEBUG: Removing '/shared/matan/code/pass_at_k/.dvc/cache/files/md5/72/dacf1de43bc354dc3c521e44ed0b24'
2026-03-02 20:47:14,221 DEBUG: Removing '/shared/matan/code/pass_at_k/.dvc/cache/files/md5/cf/e6c973b123dde2ede316418698f49c'
2026-03-02 20:47:14,225 DEBUG: Removing '/shared/matan/code/pass_at_k/.dvc/cache/files/md5/64/23133b9cc1a2077b57822c30c211aa'
2026-03-02 20:47:14,230 DEBUG: Removing '/shared/matan/code/pass_at_k/.dvc/cache/files/md5/61/3b8e4a622c4a2c90e9e1245fc540d6'
Removed 27 objects from repo cache.
2026-03-02 20:47:14,234 DEBUG: Estimated remote size: 256 files
No unused 'legacy' cache to remove.
2026-03-02 20:47:14,818 DEBUG: Analytics is enabled.
2026-03-02 20:47:14,879 DEBUG: Trying to spawn ['daemon', 'analytics', '/tmp/tmp5ksh4a1u', '-v']
2026-03-02 20:47:14,890 DEBUG: Spawned ['daemon', 'analytics', '/tmp/tmp5ksh4a1u', '-v'] with pid 2802894
2026-03-02 15:47:15,184 [DEBUG] global_step_160: not cleaning (latest non-empty checkpoint)
2026-03-02 15:47:15,185 [DEBUG] Sleeping 300.0s until next poll
2026-03-02 15:52:15,315 [DEBUG] No new checkpoints to backup (already backed up: [120, 160])
2026-03-02 15:52:15,324 [DEBUG] global_step_160: not cleaning (latest non-empty checkpoint)
2026-03-02 15:52:15,324 [DEBUG] Sleeping 300.0s until next poll
2026-03-02 15:57:15,459 [DEBUG] No new checkpoints to backup (already backed up: [120, 160])
2026-03-02 15:57:15,468 [DEBUG] global_step_160: not cleaning (latest non-empty checkpoint)
2026-03-02 15:57:15,469 [DEBUG] Sleeping 300.0s until next poll
2026-03-02 16:02:15,602 [DEBUG] No new checkpoints to backup (already backed up: [120, 160])
2026-03-02 16:02:15,612 [DEBUG] global_step_160: not cleaning (latest non-empty checkpoint)
2026-03-02 16:02:15,613 [DEBUG] Sleeping 300.0s until next poll
2026-03-02 16:07:15,730 [DEBUG] No new checkpoints to backup (already backed up: [120, 160])
2026-03-02 16:07:15,739 [DEBUG] global_step_160: not cleaning (latest non-empty checkpoint)
2026-03-02 16:07:15,739 [DEBUG] Sleeping 300.0s until next poll
2026-03-02 16:12:15,863 [DEBUG] No new checkpoints to backup (already backed up: [120, 160])
2026-03-02 16:12:15,872 [DEBUG] global_step_160: not cleaning (latest non-empty checkpoint)
2026-03-02 16:12:15,872 [DEBUG] Sleeping 300.0s until next poll
2026-03-02 16:17:16,407 [DEBUG] New steps [200] but none confirmed complete (complete_step=160)
2026-03-02 16:17:25,117 [INFO] Cleaned global_step_160 (kept empty dir as marker)
2026-03-02 16:17:25,117 [DEBUG] Sleeping 300.0s until next poll
2026-03-02 16:22:25,246 [INFO] New complete checkpoints to backup: [200]
2026-03-02 16:22:25,251 [INFO] Running: dvc add logs/VerlRun/03/02/cont_hidden_biomath_qwen3_4bi_18_15_lrz4lcq8/checkpoints/global_step_200
2026-03-02 16:26:57,824 [DEBUG] dvc add stdout: 
2026-03-02 16:26:57,827 [INFO] Running: dvc push logs/VerlRun/03/02/cont_hidden_biomath_qwen3_4bi_18_15_lrz4lcq8/checkpoints/global_step_200.dvc
2026-03-02 16:34:56,060 [INFO] dvc push complete for global_step_200: 14 files pushed
2026-03-02 16:34:56,062 [INFO] Verifying backup: dvc status --cloud logs/VerlRun/03/02/cont_hidden_biomath_qwen3_4bi_18_15_lrz4lcq8/checkpoints/global_step_200.dvc
2026-03-02 16:35:09,222 [INFO] global_step_200: backup confirmed
2026-03-02 16:35:09,222 [INFO] Running: dvc gc --not-in-remote -w -f -v
2026-03-02 16:36:02,385 [INFO] dvc gc complete: 2026-03-02 21:35:09,393 DEBUG: v3.66.1 (conda), CPython 3.10.19 on Linux-5.15.0-161-generic-x86_64-with-glibc2.35
2026-03-02 21:35:09,393 DEBUG: command: /home/matan/shared/.conda/envs/hope/bin/dvc gc --not-in-remote -w -f -v
2026-03-02 21:35:11,639 DEBUG: Preparing to transfer data from 's3://matan-ml-exp-bucket/dvc-storage/files/md5' to '/shared/matan/code/pass_at_k/.dvc/cache/files/md5'
2026-03-02 21:35:11,639 DEBUG: Preparing to collect status from '/shared/matan/code/pass_at_k/.dvc/cache/files/md5'
2026-03-02 21:35:11,639 DEBUG: Collecting status from '/shared/matan/code/pass_at_k/.dvc/cache/files/md5'
2026-03-02 21:35:11,640 DEBUG: Preparing to collect status from 'matan-ml-exp-bucket/dvc-storage/files/md5'
2026-03-02 21:35:11,640 DEBUG: Collecting status from 'matan-ml-exp-bucket/dvc-storage/files/md5'
2026-03-02 21:35:11,642 DEBUG: Querying 5 oids via object_exists
2026-03-02 21:35:13,913 DEBUG: Querying 0 oids via object_exists
2026-03-02 21:35:14,797 DEBUG: transfer dir: md5: 57e6ad92d563948f0c4f40fef99c2180.dir with 0 files
2026-03-02 21:35:15,212 DEBUG: Preparing to transfer data from 's3://matan-ml-exp-bucket/dvc-storage/files/md5' to '/shared/matan/code/pass_at_k/.dvc/cache/files/md5'
2026-03-02 21:35:15,213 DEBUG: Preparing to collect status from '/shared/matan/code/pass_at_k/.dvc/cache/files/md5'
2026-03-02 21:35:15,213 DEBUG: Collecting status from '/shared/matan/code/pass_at_k/.dvc/cache/files/md5'
2026-03-02 21:35:15,213 DEBUG: Preparing to collect status from 'matan-ml-exp-bucket/dvc-storage/files/md5'
2026-03-02 21:35:15,213 DEBUG: Collecting status from 'matan-ml-exp-bucket/dvc-storage/files/md5'
2026-03-02 21:35:15,216 DEBUG: Querying 5 oids via object_exists
2026-03-02 21:35:17,129 DEBUG: Querying 0 oids via object_exists
2026-03-02 21:35:18,069 DEBUG: transfer dir: md5: 607971874a7d57b6b0978f811b4c26a2.dir with 0 files
2026-03-02 21:35:18,450 DEBUG: Preparing to transfer data from 's3://matan-ml-exp-bucket/dvc-storage/files/md5' to '/shared/matan/code/pass_at_k/.dvc/cache/files/md5'
2026-03-02 21:35:18,450 DEBUG: Preparing to collect status from '/shared/matan/code/pass_at_k/.dvc/cache/files/md5'
2026-03-02 21:35:18,450 DEBUG: Collecting status from '/shared/matan/code/pass_at_k/.dvc/cache/files/md5'
2026-03-02 21:35:18,450 DEBUG: Preparing to collect status from 'matan-ml-exp-bucket/dvc-storage/files/md5'
2026-03-02 21:35:18,450 DEBUG: Collecting status from 'matan-ml-exp-bucket/dvc-storage/files/md5'
2026-03-02 21:35:18,452 DEBUG: Querying 5 oids via object_exists
2026-03-02 21:35:20,413 DEBUG: Querying 0 oids via object_exists
2026-03-02 21:35:21,653 DEBUG: transfer dir: md5: 23e4c21324a93f04221a77a6b826c122.dir with 0 files
2026-03-02 21:35:26,023 DEBUG: Preparing to transfer data from 's3://matan-ml-exp-bucket/dvc-storage/files/md5' to '/shared/matan/code/pass_at_k/.dvc/cache/files/md5'
2026-03-02 21:35:26,023 DEBUG: Preparing to collect status from '/shared/matan/code/pass_at_k/.dvc/cache/files/md5'
2026-03-02 21:35:26,023 DEBUG: Collecting status from '/shared/matan/code/pass_at_k/.dvc/cache/files/md5'
2026-03-02 21:35:26,023 DEBUG: Preparing to collect status from 'matan-ml-exp-bucket/dvc-storage/files/md5'
2026-03-02 21:35:26,023 DEBUG: Collecting status from 'matan-ml-exp-bucket/dvc-storage/files/md5'
2026-03-02 21:35:26,025 DEBUG: Querying 5 oids via object_exists
2026-03-02 21:35:27,860 DEBUG: Querying 0 oids via object_exists
2026-03-02 21:35:28,640 DEBUG: transfer dir: md5: bf3dcf169deacee4a24a66b7626c92f0.dir with 0 files
2026-03-02 21:35:28,838 DEBUG: Preparing to transfer data from 's3://matan-ml-exp-bucket/dvc-storage/files/md5' to '/shared/matan/code/pass_at_k/.dvc/cache/files/md5'
2026-03-02 21:35:28,838 DEBUG: Preparing to collect status from '/shared/matan/code/pass_at_k/.dvc/cache/files/md5'
2026-03-02 21:35:28,838 DEBUG: Collecting status from '/shared/matan/code/pass_at_k/.dvc/cache/files/md5'
2026-03-02 21:35:28,838 DEBUG: Preparing to collect status from 'matan-ml-exp-bucket/dvc-storage/files/md5'
2026-03-02 21:35:28,838 DEBUG: Collecting status from 'matan-ml-exp-bucket/dvc-storage/files/md5'
2026-03-02 21:35:28,840 DEBUG: Querying 5 oids via object_exists
2026-03-02 21:35:30,628 DEBUG: Querying 1 oids via object_exists
2026-03-02 21:35:31,239 DEBUG: Querying 1 oids via object_exists
2026-03-02 21:35:31,881 DEBUG: Preparing to transfer data from 's3://matan-ml-exp-bucket/dvc-storage/files/md5' to '/shared/matan/code/pass_at_k/.dvc/cache/files/md5'
2026-03-02 21:35:31,881 DEBUG: Preparing to collect status from '/shared/matan/code/pass_at_k/.dvc/cache/files/md5'
2026-03-02 21:35:31,881 DEBUG: Collecting status from '/shared/matan/code/pass_at_k/.dvc/cache/files/md5'
2026-03-02 21:35:31,881 DEBUG: Preparing to collect status from 'matan-ml-exp-bucket/dvc-storage/files/md5'
2026-03-02 21:35:31,881 DEBUG: Collecting status from 'matan-ml-exp-bucket/dvc-storage/files/md5'
2026-03-02 21:35:31,884 DEBUG: Querying 5 oids via object_exists
2026-03-02 21:35:33,826 DEBUG: Querying 1 oids via object_exists
2026-03-02 21:35:34,445 DEBUG: Querying 1 oids via object_exists
2026-03-02 21:35:35,067 DEBUG: Querying 186 oids via object_exists
2026-03-02 21:35:40,224 DEBUG: Querying 186 oids via object_exists
2026-03-02 21:35:52,398 DEBUG: Estimated remote size: 256 files
2026-03-02 21:35:52,487 DEBUG: Removing '/shared/matan/code/pass_at_k/.dvc/cache/files/md5/57/e6ad92d563948f0c4f40fef99c2180.dir.unpacked'
2026-03-02 21:35:52,807 DEBUG: Removing '/shared/matan/code/pass_at_k/.dvc/cache/files/md5/bf/3dcf169deacee4a24a66b7626c92f0.dir.unpacked'
2026-03-02 21:35:52,844 DEBUG: Removing '/shared/matan/code/pass_at_k/.dvc/cache/files/md5/60/7971874a7d57b6b0978f811b4c26a2.dir.unpacked'
2026-03-02 21:35:52,936 DEBUG: Removing '/shared/matan/code/pass_at_k/.dvc/cache/files/md5/a0/784a19a4eff25fac6d848fece99fae.dir.unpacked'
2026-03-02 21:35:52,996 DEBUG: Removing '/shared/matan/code/pass_at_k/.dvc/cache/files/md5/23/e4c21324a93f04221a77a6b826c122.dir.unpacked'
2026-03-02 21:35:53,004 DEBUG: Removing '/shared/matan/code/pass_at_k/.dvc/cache/files/md5/57/e6ad92d563948f0c4f40fef99c2180.dir'
2026-03-02 21:35:53,008 DEBUG: Removing '/shared/matan/code/pass_at_k/.dvc/cache/files/md5/bf/3dcf169deacee4a24a66b7626c92f0.dir'
2026-03-02 21:35:53,012 DEBUG: Removing '/shared/matan/code/pass_at_k/.dvc/cache/files/md5/60/7971874a7d57b6b0978f811b4c26a2.dir'
2026-03-02 21:35:53,017 DEBUG: Removing '/shared/matan/code/pass_at_k/.dvc/cache/files/md5/a0/784a19a4eff25fac6d848fece99fae.dir'
2026-03-02 21:35:53,021 DEBUG: Removing '/shared/matan/code/pass_at_k/.dvc/cache/files/md5/23/e4c21324a93f04221a77a6b826c122.dir'
2026-03-02 21:35:53,025 DEBUG: Removing '/shared/matan/code/pass_at_k/.dvc/cache/files/md5/d7/bfe0ecfa87bf87c01070c7951d8f23'
2026-03-02 21:35:53,028 DEBUG: Removing '/shared/matan/code/pass_at_k/.dvc/cache/files/md5/57/95f12e815eef069e10dd289b80ad4c'
2026-03-02 21:35:53,030 DEBUG: Removing '/shared/matan/code/pass_at_k/.dvc/cache/files/md5/57/08ee87a0925280424b5caa0906752f'
2026-03-02 21:35:53,032 DEBUG: Removing '/shared/matan/code/pass_at_k/.dvc/cache/files/md5/15/ecfbb7a9aedf43bd7271dda6e3d2eb'
2026-03-02 21:35:53,034 DEBUG: Removing '/shared/matan/code/pass_at_k/.dvc/cache/files/md5/f4/e844ebd85ebb4c8ea40a38b829d3bb'
2026-03-02 21:35:53,037 DEBUG: Removing '/shared/matan/code/pass_at_k/.dvc/cache/files/md5/50/7ba4cbde27751868b847364d92476d'
2026-03-02 21:35:54,060 DEBUG: Removing '/shared/matan/code/pass_at_k/.dvc/cache/files/md5/b0/d276863a8b3ef21f6f59df251dbcd4'
2026-03-02 21:35:54,071 DEBUG: Removing '/shared/matan/code/pass_at_k/.dvc/cache/files/md5/06/b311d3e62303934536f40268563a82'
2026-03-02 21:35:54,073 DEBUG: Removing '/shared/matan/code/pass_at_k/.dvc/cache/files/md5/80/6506bc48360b51c0ab873fff81b9bc'
2026-03-02 21:35:55,049 DEBUG: Removing '/shared/matan/code/pass_at_k/.dvc/cache/files/md5/c6/6c5f4e178b457beb79b21d387caa27'
2026-03-02 21:35:55,053 DEBUG: Removing '/shared/matan/code/pass_at_k/.dvc/cache/files/md5/1d/6b0e99b4ed1cea9a2cd8910893242f'
2026-03-02 21:35:55,571 DEBUG: Removing '/shared/matan/code/pass_at_k/.dvc/cache/files/md5/1d/a24391d2f5ff79d68ae5ba01632bc3'
2026-03-02 21:35:56,307 DEBUG: Removing '/shared/matan/code/pass_at_k/.dvc/cache/files/md5/51/1183f417103e36532b2e535a5390d8'
2026-03-02 21:35:56,855 DEBUG: Removing '/shared/matan/code/pass_at_k/.dvc/cache/files/md5/f7/128dbe2ed3af0170980bb5d3e46053'
2026-03-02 21:35:57,887 DEBUG: Removing '/shared/matan/code/pass_at_k/.dvc/cache/files/md5/de/afdabeff32caed808d2c6417c854f4'
2026-03-02 21:35:57,891 DEBUG: Removing '/shared/matan/code/pass_at_k/.dvc/cache/files/md5/e2/f06eb73eab24fafb27e8116353180b'
2026-03-02 21:35:57,894 DEBUG: Removing '/shared/matan/code/pass_at_k/.dvc/cache/files/md5/4e/6d7381b084bb04b0d35f8fd4b0d185'
2026-03-02 21:35:57,897 DEBUG: Removing '/shared/matan/code/pass_at_k/.dvc/cache/files/md5/01/d18457eaf5504d9ec8f4a0941cd4f8'
2026-03-02 21:35:57,900 DEBUG: Removing '/shared/matan/code/pass_at_k/.dvc/cache/files/md5/72/3809e263f0efe650a60517e6c6e9d1'
2026-03-02 21:35:58,550 DEBUG: Removing '/shared/matan/code/pass_at_k/.dvc/cache/files/md5/72/dacf1de43bc354dc3c521e44ed0b24'
2026-03-02 21:35:58,555 DEBUG: Removing '/shared/matan/code/pass_at_k/.dvc/cache/files/md5/64/23133b9cc1a2077b57822c30c211aa'
2026-03-02 21:35:58,560 DEBUG: Removing '/shared/matan/code/pass_at_k/.dvc/cache/files/md5/61/3b8e4a622c4a2c90e9e1245fc540d6'
2026-03-02 21:35:58,563 DEBUG: Removing '/shared/matan/code/pass_at_k/.dvc/cache/files/md5/40/52e7b8b6990bf4b4caac94d7019c97'
Removed 28 objects from repo cache.
2026-03-02 21:35:59,608 DEBUG: Estimated remote size: 256 files
No unused 'legacy' cache to remove.
2026-03-02 21:36:00,184 DEBUG: Analytics is enabled.
2026-03-02 21:36:02,089 DEBUG: Trying to spawn ['daemon', 'analytics', '/tmp/tmp6ms5a_06', '-v']
2026-03-02 21:36:02,099 DEBUG: Spawned ['daemon', 'analytics', '/tmp/tmp6ms5a_06', '-v'] with pid 2924333
2026-03-02 16:36:02,401 [DEBUG] global_step_200: not cleaning (latest non-empty checkpoint)
2026-03-02 16:36:02,401 [DEBUG] Sleeping 300.0s until next poll
2026-03-02 16:41:03,464 [DEBUG] No new checkpoints to backup (already backed up: [120, 160, 200])
2026-03-02 16:41:03,885 [DEBUG] global_step_200: not cleaning (latest non-empty checkpoint)
2026-03-02 16:41:03,886 [DEBUG] Sleeping 300.0s until next poll
2026-03-02 16:46:04,012 [DEBUG] No new checkpoints to backup (already backed up: [120, 160, 200])
2026-03-02 16:46:04,022 [DEBUG] global_step_200: not cleaning (latest non-empty checkpoint)
2026-03-02 16:46:04,022 [DEBUG] Sleeping 300.0s until next poll
2026-03-02 16:51:04,141 [DEBUG] No new checkpoints to backup (already backed up: [120, 160, 200])
2026-03-02 16:51:04,152 [DEBUG] global_step_200: not cleaning (latest non-empty checkpoint)
2026-03-02 16:51:04,152 [DEBUG] Sleeping 300.0s until next poll
2026-03-02 16:56:04,282 [DEBUG] No new checkpoints to backup (already backed up: [120, 160, 200])
2026-03-02 16:56:04,293 [DEBUG] global_step_200: not cleaning (latest non-empty checkpoint)
2026-03-02 16:56:04,293 [DEBUG] Sleeping 300.0s until next poll
2026-03-02 17:01:04,430 [DEBUG] No new checkpoints to backup (already backed up: [120, 160, 200])
2026-03-02 17:01:04,442 [DEBUG] global_step_200: not cleaning (latest non-empty checkpoint)
2026-03-02 17:01:04,442 [DEBUG] Sleeping 300.0s until next poll
2026-03-02 17:06:04,575 [DEBUG] No new checkpoints to backup (already backed up: [120, 160, 200])
2026-03-02 17:06:04,590 [DEBUG] global_step_200: not cleaning (latest non-empty checkpoint)
2026-03-02 17:06:04,590 [DEBUG] Sleeping 300.0s until next poll
2026-03-02 17:11:05,175 [DEBUG] New steps [240] but none confirmed complete (complete_step=200)
2026-03-02 17:11:15,174 [INFO] Cleaned global_step_200 (kept empty dir as marker)
2026-03-02 17:11:15,174 [DEBUG] Sleeping 300.0s until next poll
