2026-03-02 16:40:05,642 [INFO] ============================================================
2026-03-02 16:40:05,642 [INFO] Checkpoint daemon started
2026-03-02 16:40:05,642 [INFO]   run_dir:            /shared/matan/code/pass_at_k/logs/VerlRun/03/02/hidden_wmonitor_backdoor_qwen3_8b_remove_21_39_186oohgn
2026-03-02 16:40:05,642 [INFO]   verl_pid:           3832325
2026-03-02 16:40:05,642 [INFO]   poll_interval:      300.0s
2026-03-02 16:40:05,642 [INFO]   clean_after_backup: True
2026-03-02 16:40:05,642 [INFO]   dvc_root:           /shared/matan/code/pass_at_k
2026-03-02 16:40:05,642 [INFO] ============================================================
2026-03-02 16:40:05,642 [DEBUG] No non-empty checkpoints found
2026-03-02 16:40:05,642 [DEBUG] Sleeping 300.0s until next poll
2026-03-02 16:45:05,741 [DEBUG] No non-empty checkpoints found
2026-03-02 16:45:05,741 [DEBUG] Sleeping 300.0s until next poll
2026-03-02 16:50:05,840 [DEBUG] No non-empty checkpoints found
2026-03-02 16:50:05,840 [DEBUG] Sleeping 300.0s until next poll
2026-03-02 16:55:05,937 [DEBUG] No non-empty checkpoints found
2026-03-02 16:55:05,937 [DEBUG] Sleeping 300.0s until next poll
2026-03-02 17:00:06,036 [DEBUG] No non-empty checkpoints found
2026-03-02 17:00:06,036 [DEBUG] Sleeping 300.0s until next poll
2026-03-02 17:05:06,135 [DEBUG] No non-empty checkpoints found
2026-03-02 17:05:06,135 [DEBUG] Sleeping 300.0s until next poll
2026-03-02 17:10:06,235 [DEBUG] No non-empty checkpoints found
2026-03-02 17:10:06,235 [DEBUG] Sleeping 300.0s until next poll
2026-03-02 17:15:06,333 [DEBUG] No non-empty checkpoints found
2026-03-02 17:15:06,333 [DEBUG] Sleeping 300.0s until next poll
2026-03-02 17:20:06,433 [DEBUG] No non-empty checkpoints found
2026-03-02 17:20:06,433 [DEBUG] Sleeping 300.0s until next poll
2026-03-02 17:25:06,533 [DEBUG] No non-empty checkpoints found
2026-03-02 17:25:06,533 [DEBUG] Sleeping 300.0s until next poll
2026-03-02 17:30:06,633 [DEBUG] No non-empty checkpoints found
2026-03-02 17:30:06,633 [DEBUG] Sleeping 300.0s until next poll
2026-03-02 17:35:06,733 [DEBUG] No non-empty checkpoints found
2026-03-02 17:35:06,733 [DEBUG] Sleeping 300.0s until next poll
2026-03-02 17:40:06,830 [DEBUG] No non-empty checkpoints found
2026-03-02 17:40:06,830 [DEBUG] Sleeping 300.0s until next poll
2026-03-02 17:45:06,931 [DEBUG] No non-empty checkpoints found
2026-03-02 17:45:06,931 [DEBUG] Sleeping 300.0s until next poll
2026-03-02 17:50:07,030 [DEBUG] No non-empty checkpoints found
2026-03-02 17:50:07,030 [DEBUG] Sleeping 300.0s until next poll
2026-03-02 17:55:07,130 [DEBUG] No non-empty checkpoints found
2026-03-02 17:55:07,130 [DEBUG] Sleeping 300.0s until next poll
2026-03-02 18:00:07,230 [DEBUG] No non-empty checkpoints found
2026-03-02 18:00:07,230 [DEBUG] Sleeping 300.0s until next poll
2026-03-02 18:05:07,330 [DEBUG] No non-empty checkpoints found
2026-03-02 18:05:07,330 [DEBUG] Sleeping 300.0s until next poll
2026-03-02 18:10:07,430 [DEBUG] No non-empty checkpoints found
2026-03-02 18:10:07,430 [DEBUG] Sleeping 300.0s until next poll
2026-03-02 18:15:07,530 [DEBUG] No non-empty checkpoints found
2026-03-02 18:15:07,530 [DEBUG] Sleeping 300.0s until next poll
2026-03-02 18:20:07,630 [DEBUG] No non-empty checkpoints found
2026-03-02 18:20:07,630 [DEBUG] Sleeping 300.0s until next poll
2026-03-02 18:25:07,729 [DEBUG] No non-empty checkpoints found
2026-03-02 18:25:07,729 [DEBUG] Sleeping 300.0s until next poll
2026-03-02 18:30:07,826 [DEBUG] No non-empty checkpoints found
2026-03-02 18:30:07,826 [DEBUG] Sleeping 300.0s until next poll
2026-03-02 18:35:07,926 [DEBUG] No non-empty checkpoints found
2026-03-02 18:35:07,926 [DEBUG] Sleeping 300.0s until next poll
2026-03-02 18:40:08,026 [INFO] New complete checkpoints to backup: [360]
2026-03-02 18:40:08,026 [INFO] Running: dvc add logs/VerlRun/03/02/hidden_wmonitor_backdoor_qwen3_8b_remove_21_39_186oohgn/checkpoints/global_step_360
2026-03-02 18:41:36,827 [DEBUG] dvc add stdout: 
2026-03-02 18:41:36,827 [INFO] Running: dvc push logs/VerlRun/03/02/hidden_wmonitor_backdoor_qwen3_8b_remove_21_39_186oohgn/checkpoints/global_step_360.dvc
2026-03-02 18:48:28,356 [INFO] dvc push complete for global_step_360: 18 files pushed
2026-03-02 18:48:28,356 [INFO] Verifying backup: dvc status --cloud logs/VerlRun/03/02/hidden_wmonitor_backdoor_qwen3_8b_remove_21_39_186oohgn/checkpoints/global_step_360.dvc
2026-03-02 18:48:29,907 [INFO] global_step_360: backup confirmed
2026-03-02 18:48:29,907 [INFO] Running: dvc gc --not-in-remote -w -f -v
2026-03-02 18:49:09,114 [INFO] dvc gc complete: 2026-03-02 23:48:30,004 DEBUG: v3.66.1 (conda), CPython 3.10.19 on Linux-5.15.0-170-generic-x86_64-with-glibc2.35
2026-03-02 23:48:30,004 DEBUG: command: /home/matan/shared/.conda/envs/hope/bin/dvc gc --not-in-remote -w -f -v
2026-03-02 23:48:30,509 DEBUG: Preparing to transfer data from 's3://matan-ml-exp-bucket/dvc-storage/files/md5' to '/shared/matan/code/pass_at_k/.dvc/cache/files/md5'
2026-03-02 23:48:30,509 DEBUG: Preparing to collect status from '/shared/matan/code/pass_at_k/.dvc/cache/files/md5'
2026-03-02 23:48:30,509 DEBUG: Collecting status from '/shared/matan/code/pass_at_k/.dvc/cache/files/md5'
2026-03-02 23:48:30,510 DEBUG: Preparing to collect status from 'matan-ml-exp-bucket/dvc-storage/files/md5'
2026-03-02 23:48:30,510 DEBUG: Collecting status from 'matan-ml-exp-bucket/dvc-storage/files/md5'
2026-03-02 23:48:30,523 DEBUG: Querying 14 oids via object_exists
2026-03-02 23:48:31,327 DEBUG: Querying 0 oids via object_exists
2026-03-02 23:48:32,521 DEBUG: transfer dir: md5: 57e6ad92d563948f0c4f40fef99c2180.dir with 0 files
2026-03-02 23:48:32,743 DEBUG: Preparing to transfer data from 's3://matan-ml-exp-bucket/dvc-storage/files/md5' to '/shared/matan/code/pass_at_k/.dvc/cache/files/md5'
2026-03-02 23:48:32,743 DEBUG: Preparing to collect status from '/shared/matan/code/pass_at_k/.dvc/cache/files/md5'
2026-03-02 23:48:32,743 DEBUG: Collecting status from '/shared/matan/code/pass_at_k/.dvc/cache/files/md5'
2026-03-02 23:48:32,743 DEBUG: Preparing to collect status from 'matan-ml-exp-bucket/dvc-storage/files/md5'
2026-03-02 23:48:32,743 DEBUG: Collecting status from 'matan-ml-exp-bucket/dvc-storage/files/md5'
2026-03-02 23:48:32,755 DEBUG: Querying 14 oids via object_exists
2026-03-02 23:48:33,406 DEBUG: Querying 0 oids via object_exists
2026-03-02 23:48:34,195 DEBUG: transfer dir: md5: 607971874a7d57b6b0978f811b4c26a2.dir with 0 files
2026-03-02 23:48:34,386 DEBUG: Preparing to transfer data from 's3://matan-ml-exp-bucket/dvc-storage/files/md5' to '/shared/matan/code/pass_at_k/.dvc/cache/files/md5'
2026-03-02 23:48:34,387 DEBUG: Preparing to collect status from '/shared/matan/code/pass_at_k/.dvc/cache/files/md5'
2026-03-02 23:48:34,387 DEBUG: Collecting status from '/shared/matan/code/pass_at_k/.dvc/cache/files/md5'
2026-03-02 23:48:34,387 DEBUG: Preparing to collect status from 'matan-ml-exp-bucket/dvc-storage/files/md5'
2026-03-02 23:48:34,387 DEBUG: Collecting status from 'matan-ml-exp-bucket/dvc-storage/files/md5'
2026-03-02 23:48:34,402 DEBUG: Querying 14 oids via object_exists
2026-03-02 23:48:35,018 DEBUG: Querying 0 oids via object_exists
2026-03-02 23:48:35,760 DEBUG: transfer dir: md5: 5959d041bbc0cd2361ed38d105f7e9eb.dir with 0 files
2026-03-02 23:48:35,931 DEBUG: Preparing to transfer data from 's3://matan-ml-exp-bucket/dvc-storage/files/md5' to '/shared/matan/code/pass_at_k/.dvc/cache/files/md5'
2026-03-02 23:48:35,931 DEBUG: Preparing to collect status from '/shared/matan/code/pass_at_k/.dvc/cache/files/md5'
2026-03-02 23:48:35,931 DEBUG: Collecting status from '/shared/matan/code/pass_at_k/.dvc/cache/files/md5'
2026-03-02 23:48:35,931 DEBUG: Preparing to collect status from 'matan-ml-exp-bucket/dvc-storage/files/md5'
2026-03-02 23:48:35,931 DEBUG: Collecting status from 'matan-ml-exp-bucket/dvc-storage/files/md5'
2026-03-02 23:48:35,944 DEBUG: Querying 14 oids via object_exists
2026-03-02 23:48:36,476 DEBUG: Querying 0 oids via object_exists
2026-03-02 23:48:37,234 DEBUG: transfer dir: md5: 23e4c21324a93f04221a77a6b826c122.dir with 0 files
2026-03-02 23:48:37,405 DEBUG: Preparing to transfer data from 's3://matan-ml-exp-bucket/dvc-storage/files/md5' to '/shared/matan/code/pass_at_k/.dvc/cache/files/md5'
2026-03-02 23:48:37,405 DEBUG: Preparing to collect status from '/shared/matan/code/pass_at_k/.dvc/cache/files/md5'
2026-03-02 23:48:37,405 DEBUG: Collecting status from '/shared/matan/code/pass_at_k/.dvc/cache/files/md5'
2026-03-02 23:48:37,405 DEBUG: Preparing to collect status from 'matan-ml-exp-bucket/dvc-storage/files/md5'
2026-03-02 23:48:37,405 DEBUG: Collecting status from 'matan-ml-exp-bucket/dvc-storage/files/md5'
2026-03-02 23:48:37,419 DEBUG: Querying 14 oids via object_exists
2026-03-02 23:48:38,027 DEBUG: Querying 0 oids via object_exists
2026-03-02 23:48:38,959 DEBUG: transfer dir: md5: a0784a19a4eff25fac6d848fece99fae.dir with 0 files
2026-03-02 23:48:39,148 DEBUG: Preparing to transfer data from 's3://matan-ml-exp-bucket/dvc-storage/files/md5' to '/shared/matan/code/pass_at_k/.dvc/cache/files/md5'
2026-03-02 23:48:39,148 DEBUG: Preparing to collect status from '/shared/matan/code/pass_at_k/.dvc/cache/files/md5'
2026-03-02 23:48:39,148 DEBUG: Collecting status from '/shared/matan/code/pass_at_k/.dvc/cache/files/md5'
2026-03-02 23:48:39,148 DEBUG: Preparing to collect status from 'matan-ml-exp-bucket/dvc-storage/files/md5'
2026-03-02 23:48:39,148 DEBUG: Collecting status from 'matan-ml-exp-bucket/dvc-storage/files/md5'
2026-03-02 23:48:39,161 DEBUG: Querying 14 oids via object_exists
2026-03-02 23:48:39,621 DEBUG: Querying 0 oids via object_exists
2026-03-02 23:48:40,408 DEBUG: transfer dir: md5: bf3dcf169deacee4a24a66b7626c92f0.dir with 0 files
2026-03-02 23:48:40,567 DEBUG: Preparing to transfer data from 's3://matan-ml-exp-bucket/dvc-storage/files/md5' to '/shared/matan/code/pass_at_k/.dvc/cache/files/md5'
2026-03-02 23:48:40,567 DEBUG: Preparing to collect status from '/shared/matan/code/pass_at_k/.dvc/cache/files/md5'
2026-03-02 23:48:40,567 DEBUG: Collecting status from '/shared/matan/code/pass_at_k/.dvc/cache/files/md5'
2026-03-02 23:48:40,567 DEBUG: Preparing to collect status from 'matan-ml-exp-bucket/dvc-storage/files/md5'
2026-03-02 23:48:40,567 DEBUG: Collecting status from 'matan-ml-exp-bucket/dvc-storage/files/md5'
2026-03-02 23:48:40,580 DEBUG: Querying 14 oids via object_exists
2026-03-02 23:48:41,375 DEBUG: Querying 1 oids via object_exists
2026-03-02 23:48:41,691 DEBUG: Querying 1 oids via object_exists
2026-03-02 23:48:42,014 DEBUG: Preparing to transfer data from 's3://matan-ml-exp-bucket/dvc-storage/files/md5' to '/shared/matan/code/pass_at_k/.dvc/cache/files/md5'
2026-03-02 23:48:42,014 DEBUG: Preparing to collect status from '/shared/matan/code/pass_at_k/.dvc/cache/files/md5'
2026-03-02 23:48:42,014 DEBUG: Collecting status from '/shared/matan/code/pass_at_k/.dvc/cache/files/md5'
2026-03-02 23:48:42,014 DEBUG: Preparing to collect status from 'matan-ml-exp-bucket/dvc-storage/files/md5'
2026-03-02 23:48:42,014 DEBUG: Collecting status from 'matan-ml-exp-bucket/dvc-storage/files/md5'
2026-03-02 23:48:42,028 DEBUG: Querying 14 oids via object_exists
2026-03-02 23:48:42,500 DEBUG: Querying 1 oids via object_exists
2026-03-02 23:48:43,123 DEBUG: Querying 1 oids via object_exists
2026-03-02 23:48:43,432 DEBUG: Querying 248 oids via object_exists
2026-03-02 23:48:48,023 DEBUG: Querying 248 oids via object_exists
2026-03-02 23:49:00,465 DEBUG: Estimated remote size: 256 files
2026-03-02 23:49:00,466 DEBUG: Removing '/shared/matan/code/pass_at_k/.dvc/cache/files/md5/57/e6ad92d563948f0c4f40fef99c2180.dir.unpacked'
2026-03-02 23:49:00,468 DEBUG: Removing '/shared/matan/code/pass_at_k/.dvc/cache/files/md5/59/59d041bbc0cd2361ed38d105f7e9eb.dir.unpacked'
2026-03-02 23:49:00,469 DEBUG: Removing '/shared/matan/code/pass_at_k/.dvc/cache/files/md5/8f/cfcfe22919b719bf63ca8f9df092aa.dir.unpacked'
2026-03-02 23:49:00,470 DEBUG: Removing '/shared/matan/code/pass_at_k/.dvc/cache/files/md5/bf/3dcf169deacee4a24a66b7626c92f0.dir.unpacked'
2026-03-02 23:49:00,470 DEBUG: Removing '/shared/matan/code/pass_at_k/.dvc/cache/files/md5/60/7971874a7d57b6b0978f811b4c26a2.dir.unpacked'
2026-03-02 23:49:00,470 DEBUG: Removing '/shared/matan/code/pass_at_k/.dvc/cache/files/md5/ec/6ff6278ba9ba95ba78bdbe4e117fa4.dir.unpacked'
2026-03-02 23:49:00,470 DEBUG: Removing '/shared/matan/code/pass_at_k/.dvc/cache/files/md5/1e/cec8f86b36d5ec2eb58ff74a55e9f7.dir.unpacked'
2026-03-02 23:49:00,471 DEBUG: Removing '/shared/matan/code/pass_at_k/.dvc/cache/files/md5/a0/784a19a4eff25fac6d848fece99fae.dir.unpacked'
2026-03-02 23:49:00,472 DEBUG: Removing '/shared/matan/code/pass_at_k/.dvc/cache/files/md5/23/e4c21324a93f04221a77a6b826c122.dir.unpacked'
2026-03-02 23:49:00,472 DEBUG: Removing '/shared/matan/code/pass_at_k/.dvc/cache/files/md5/57/e6ad92d563948f0c4f40fef99c2180.dir'
2026-03-02 23:49:00,472 DEBUG: Removing '/shared/matan/code/pass_at_k/.dvc/cache/files/md5/59/59d041bbc0cd2361ed38d105f7e9eb.dir'
2026-03-02 23:49:00,472 DEBUG: Removing '/shared/matan/code/pass_at_k/.dvc/cache/files/md5/8f/cfcfe22919b719bf63ca8f9df092aa.dir'
2026-03-02 23:49:00,472 DEBUG: Removing '/shared/matan/code/pass_at_k/.dvc/cache/files/md5/bf/3dcf169deacee4a24a66b7626c92f0.dir'
2026-03-02 23:49:00,472 DEBUG: Removing '/shared/matan/code/pass_at_k/.dvc/cache/files/md5/60/7971874a7d57b6b0978f811b4c26a2.dir'
2026-03-02 23:49:00,472 DEBUG: Removing '/shared/matan/code/pass_at_k/.dvc/cache/files/md5/ec/6ff6278ba9ba95ba78bdbe4e117fa4.dir'
2026-03-02 23:49:00,472 DEBUG: Removing '/shared/matan/code/pass_at_k/.dvc/cache/files/md5/1e/cec8f86b36d5ec2eb58ff74a55e9f7.dir'
2026-03-02 23:49:00,472 DEBUG: Removing '/shared/matan/code/pass_at_k/.dvc/cache/files/md5/a0/784a19a4eff25fac6d848fece99fae.dir'
2026-03-02 23:49:00,472 DEBUG: Removing '/shared/matan/code/pass_at_k/.dvc/cache/files/md5/23/e4c21324a93f04221a77a6b826c122.dir'
2026-03-02 23:49:00,472 DEBUG: Removing '/shared/matan/code/pass_at_k/.dvc/cache/files/md5/ae/518d20e400c6e67716982491e5c37d'
2026-03-02 23:49:00,472 DEBUG: Removing '/shared/matan/code/pass_at_k/.dvc/cache/files/md5/07/adb85f905ef9ea1b8f0979202efe45'
2026-03-02 23:49:00,473 DEBUG: Removing '/shared/matan/code/pass_at_k/.dvc/cache/files/md5/7c/016df1d22f30b4ef51c7f2c7cb2e38'
2026-03-02 23:49:00,473 DEBUG: Removing '/shared/matan/code/pass_at_k/.dvc/cache/files/md5/6c/c563c06739b52da53b48406b91f142'
2026-03-02 23:49:00,473 DEBUG: Removing '/shared/matan/code/pass_at_k/.dvc/cache/files/md5/22/3dd3333d5c556ef1492c3f5fe94369'
2026-03-02 23:49:00,473 DEBUG: Removing '/shared/matan/code/pass_at_k/.dvc/cache/files/md5/65/29c765935d81602f198e51f256a6ba'
2026-03-02 23:49:00,473 DEBUG: Removing '/shared/matan/code/pass_at_k/.dvc/cache/files/md5/57/08ee87a0925280424b5caa0906752f'
2026-03-02 23:49:00,473 DEBUG: Removing '/shared/matan/code/pass_at_k/.dvc/cache/files/md5/27/88bdf14c5b12885b61d52e57031e8a'
2026-03-02 23:49:00,473 DEBUG: Removing '/shared/matan/code/pass_at_k/.dvc/cache/files/md5/15/d43ffd376ba27176e6624b967debcc'
2026-03-02 23:49:00,473 DEBUG: Removing '/shared/matan/code/pass_at_k/.dvc/cache/files/md5/35/d23eb27fa0322a242e5f855c982bf5'
2026-03-02 23:49:00,473 DEBUG: Removing '/shared/matan/code/pass_at_k/.dvc/cache/files/md5/89/8ad4bc6f75178df605698d5fc7f48f'
2026-03-02 23:49:01,181 DEBUG: Removing '/shared/matan/code/pass_at_k/.dvc/cache/files/md5/89/ad236ee69028d10324e775e6112bca'
2026-03-02 23:49:01,234 DEBUG: Removing '/shared/matan/code/pass_at_k/.dvc/cache/files/md5/42/2ed4ede927cb3bbf7c22b4758f1a8c'
2026-03-02 23:49:01,235 DEBUG: Removing '/shared/matan/code/pass_at_k/.dvc/cache/files/md5/2a/072ec8b792510ec6ac18ac493f3652'
2026-03-02 23:49:01,243 DEBUG: Removing '/shared/matan/code/pass_at_k/.dvc/cache/files/md5/16/1c99c267218af694dc2bd2ab138721'
2026-03-02 23:49:02,716 DEBUG: Removing '/shared/matan/code/pass_at_k/.dvc/cache/files/md5/a5/9b0050ebaa5b78689e8402a2715b1d'
2026-03-02 23:49:02,717 DEBUG: Removing '/shared/matan/code/pass_at_k/.dvc/cache/files/md5/9b/1dffd4068d114a18fd8e1d3329fa43'
2026-03-02 23:49:02,717 DEBUG: Removing '/shared/matan/code/pass_at_k/.dvc/cache/files/md5/55/90cce4fb4d167960769ae459282028'
2026-03-02 23:49:02,717 DEBUG: Removing '/shared/matan/code/pass_at_k/.dvc/cache/files/md5/c6/141875273e18582febbd985768e18d'
2026-03-02 23:49:03,999 DEBUG: Removing '/shared/matan/code/pass_at_k/.dvc/cache/files/md5/d9/af66f59dc5b5968fb7832c431326eb'
2026-03-02 23:49:03,999 DEBUG: Removing '/shared/matan/code/pass_at_k/.dvc/cache/files/md5/91/6a0e266298f4d0bd9cd6d5f59da81c'
2026-03-02 23:49:04,008 DEBUG: Removing '/shared/matan/code/pass_at_k/.dvc/cache/files/md5/6b/ba56782bb3334808af86d3350fd22c'
2026-03-02 23:49:04,008 DEBUG: Removing '/shared/matan/code/pass_at_k/.dvc/cache/files/md5/6b/bab0829e1279999b638ab4fdbe862d'
2026-03-02 23:49:04,660 DEBUG: Removing '/shared/matan/code/pass_at_k/.dvc/cache/files/md5/b7/211c966e44fecadf907bc1779097bc'
2026-03-02 23:49:04,665 DEBUG: Removing '/shared/matan/code/pass_at_k/.dvc/cache/files/md5/c0/f6b32e2be19c2261039e129218056f'
2026-03-02 23:49:05,278 DEBUG: Removing '/shared/matan/code/pass_at_k/.dvc/cache/files/md5/97/b129aaf6df8ad98eaf6a1be32d5580'
2026-03-02 23:49:05,278 DEBUG: Removing '/shared/matan/code/pass_at_k/.dvc/cache/files/md5/4d/f3adad172753aa7906da6c44a342d8'
2026-03-02 23:49:05,282 DEBUG: Removing '/shared/matan/code/pass_at_k/.dvc/cache/files/md5/76/b470f5b6f233d7da0179fe60228428'
2026-03-02 23:49:05,282 DEBUG: Removing '/shared/matan/code/pass_at_k/.dvc/cache/files/md5/e9/c062df6b89024f312bf24183e7898f'
2026-03-02 23:49:05,282 DEBUG: Removing '/shared/matan/code/pass_at_k/.dvc/cache/files/md5/1f/a5760c7b03c39addfee8de66b52ea0'
2026-03-02 23:49:05,282 DEBUG: Removing '/shared/matan/code/pass_at_k/.dvc/cache/files/md5/71/36af0ad502433c101e2d4d3416515d'
2026-03-02 23:49:05,282 DEBUG: Removing '/shared/matan/code/pass_at_k/.dvc/cache/files/md5/ac/1f13001dfcb555c8506801b1504670'
2026-03-02 23:49:06,685 DEBUG: Removing '/shared/matan/code/pass_at_k/.dvc/cache/files/md5/67/9853e75a7222407d45961ccfb0b36f'
2026-03-02 23:49:08,012 DEBUG: Removing '/shared/matan/code/pass_at_k/.dvc/cache/files/md5/19/8b721217801891726800ca66e0e4c2'
2026-03-02 23:49:08,012 DEBUG: Removing '/shared/matan/code/pass_at_k/.dvc/cache/files/md5/14/dc2a273769e9867406253383cd5e39'
2026-03-02 23:49:08,063 DEBUG: Removing '/shared/matan/code/pass_at_k/.dvc/cache/files/md5/af/cc8fb9472224d0286e715df897a02b'
2026-03-02 23:49:08,063 DEBUG: Removing '/shared/matan/code/pass_at_k/.dvc/cache/files/md5/90/3e748283a870e89c811399518e9600'
2026-03-02 23:49:08,064 DEBUG: Removing '/shared/matan/code/pass_at_k/.dvc/cache/files/md5/60/59c0870ea037ce7054f49fb59b5fa8'
2026-03-02 23:49:08,064 DEBUG: Removing '/shared/matan/code/pass_at_k/.dvc/cache/files/md5/2b/2edf16e1d0cd4065e1e51e4e1b5d8b'
2026-03-02 23:49:08,119 DEBUG: Removing '/shared/matan/code/pass_at_k/.dvc/cache/files/md5/d4/8a6ecaee81b7a109421896169222e8'
2026-03-02 23:49:08,120 DEBUG: Removing '/shared/matan/code/pass_at_k/.dvc/cache/files/md5/d4/1d8cd98f00b204e9800998ecf8427e'
2026-03-02 23:49:08,120 DEBUG: Removing '/shared/matan/code/pass_at_k/.dvc/cache/files/md5/4e/6d7381b084bb04b0d35f8fd4b0d185'
2026-03-02 23:49:08,120 DEBUG: Removing '/shared/matan/code/pass_at_k/.dvc/cache/files/md5/01/d18457eaf5504d9ec8f4a0941cd4f8'
2026-03-02 23:49:08,120 DEBUG: Removing '/shared/matan/code/pass_at_k/.dvc/cache/files/md5/93/9f4c59058c0925392f26ad673cf0b1'
2026-03-02 23:49:08,736 DEBUG: Removing '/shared/matan/code/pass_at_k/.dvc/cache/files/md5/fb/72b06d40b0562e14cb7d2139c5e7e8'
2026-03-02 23:49:08,736 DEBUG: Removing '/shared/matan/code/pass_at_k/.dvc/cache/files/md5/96/27482ac9363a4ec6695a4f07970aa6'
2026-03-02 23:49:08,736 DEBUG: Removing '/shared/matan/code/pass_at_k/.dvc/cache/files/md5/b1/32519f6f12fc23cfdae088429be0f0'
2026-03-02 23:49:08,736 DEBUG: Removing '/shared/matan/code/pass_at_k/.dvc/cache/files/md5/77/4652cf0eb7731f526c66dd0031d877'
2026-03-02 23:49:08,736 DEBUG: Removing '/shared/matan/code/pass_at_k/.dvc/cache/files/md5/72/dacf1de43bc354dc3c521e44ed0b24'
2026-03-02 23:49:08,736 DEBUG: Removing '/shared/matan/code/pass_at_k/.dvc/cache/files/md5/18/c5340f7c321a065d192eea8e5ccc1a'
2026-03-02 23:49:08,736 DEBUG: Removing '/shared/matan/code/pass_at_k/.dvc/cache/files/md5/64/23133b9cc1a2077b57822c30c211aa'
2026-03-02 23:49:08,737 DEBUG: Removing '/shared/matan/code/pass_at_k/.dvc/cache/files/md5/61/3b8e4a622c4a2c90e9e1245fc540d6'
2026-03-02 23:49:08,738 DEBUG: Removing '/shared/matan/code/pass_at_k/.dvc/cache/files/md5/e7/c071bc6d40b37abaf68a29d757dee0'
2026-03-02 23:49:08,738 DEBUG: Removing '/shared/matan/code/pass_at_k/.dvc/cache/files/md5/3b/9ebfb0c16a3ae3fce9ca8e5cd88370'
2026-03-02 23:49:08,739 DEBUG: Removing '/shared/matan/code/pass_at_k/.dvc/cache/files/md5/1a/d154bdcfcdc59fe152a913e58bb6ba'
2026-03-02 23:49:08,739 DEBUG: Removing '/shared/matan/code/pass_at_k/.dvc/cache/files/md5/98/d4b228a8adeeae315d29ec73547104'
Removed 65 objects from repo cache.
2026-03-02 23:49:08,740 DEBUG: Estimated remote size: 256 files
No unused 'legacy' cache to remove.
2026-03-02 23:49:08,759 DEBUG: Analytics is enabled.
2026-03-02 23:49:08,823 DEBUG: Trying to spawn ['daemon', 'analytics', '/tmp/tmp5v77pupi', '-v']
2026-03-02 23:49:08,834 DEBUG: Spawned ['daemon', 'analytics', '/tmp/tmp5v77pupi', '-v'] with pid 427770
2026-03-02 18:49:09,116 [DEBUG] global_step_360: not cleaning (latest non-empty checkpoint)
2026-03-02 18:49:09,116 [DEBUG] Sleeping 300.0s until next poll
2026-03-02 18:54:09,216 [DEBUG] No new checkpoints to backup (already backed up: [360])
2026-03-02 18:54:09,216 [DEBUG] global_step_360: not cleaning (latest non-empty checkpoint)
2026-03-02 18:54:09,216 [DEBUG] Sleeping 300.0s until next poll
2026-03-02 18:59:09,315 [DEBUG] No new checkpoints to backup (already backed up: [360])
2026-03-02 18:59:09,315 [DEBUG] global_step_360: not cleaning (latest non-empty checkpoint)
2026-03-02 18:59:09,315 [DEBUG] Sleeping 300.0s until next poll
2026-03-02 19:04:09,415 [DEBUG] No new checkpoints to backup (already backed up: [360])
2026-03-02 19:04:09,415 [DEBUG] global_step_360: not cleaning (latest non-empty checkpoint)
2026-03-02 19:04:09,415 [DEBUG] Sleeping 300.0s until next poll
2026-03-02 19:09:09,514 [DEBUG] No new checkpoints to backup (already backed up: [360])
2026-03-02 19:09:09,515 [DEBUG] global_step_360: not cleaning (latest non-empty checkpoint)
2026-03-02 19:09:09,515 [DEBUG] Sleeping 300.0s until next poll
2026-03-02 19:14:09,613 [DEBUG] No new checkpoints to backup (already backed up: [360])
2026-03-02 19:14:09,613 [DEBUG] global_step_360: not cleaning (latest non-empty checkpoint)
2026-03-02 19:14:09,613 [DEBUG] Sleeping 300.0s until next poll
2026-03-02 19:19:09,713 [DEBUG] No new checkpoints to backup (already backed up: [360])
2026-03-02 19:19:09,713 [DEBUG] global_step_360: not cleaning (latest non-empty checkpoint)
2026-03-02 19:19:09,713 [DEBUG] Sleeping 300.0s until next poll
2026-03-02 19:24:09,809 [DEBUG] No new checkpoints to backup (already backed up: [360])
2026-03-02 19:24:09,809 [DEBUG] global_step_360: not cleaning (latest non-empty checkpoint)
2026-03-02 19:24:09,809 [DEBUG] Sleeping 300.0s until next poll
2026-03-02 19:29:09,908 [DEBUG] No new checkpoints to backup (already backed up: [360])
2026-03-02 19:29:09,908 [DEBUG] global_step_360: not cleaning (latest non-empty checkpoint)
2026-03-02 19:29:09,908 [DEBUG] Sleeping 300.0s until next poll
2026-03-02 19:34:10,005 [DEBUG] No new checkpoints to backup (already backed up: [360])
2026-03-02 19:34:10,005 [DEBUG] global_step_360: not cleaning (latest non-empty checkpoint)
2026-03-02 19:34:10,005 [DEBUG] Sleeping 300.0s until next poll
2026-03-02 19:39:10,106 [DEBUG] No new checkpoints to backup (already backed up: [360])
2026-03-02 19:39:10,106 [DEBUG] global_step_360: not cleaning (latest non-empty checkpoint)
2026-03-02 19:39:10,106 [DEBUG] Sleeping 300.0s until next poll
2026-03-02 19:44:10,206 [DEBUG] No new checkpoints to backup (already backed up: [360])
2026-03-02 19:44:10,206 [DEBUG] global_step_360: not cleaning (latest non-empty checkpoint)
2026-03-02 19:44:10,206 [DEBUG] Sleeping 300.0s until next poll
2026-03-02 19:49:10,306 [DEBUG] No new checkpoints to backup (already backed up: [360])
2026-03-02 19:49:10,306 [DEBUG] global_step_360: not cleaning (latest non-empty checkpoint)
2026-03-02 19:49:10,306 [DEBUG] Sleeping 300.0s until next poll
2026-03-02 19:54:10,405 [DEBUG] No new checkpoints to backup (already backed up: [360])
2026-03-02 19:54:10,405 [DEBUG] global_step_360: not cleaning (latest non-empty checkpoint)
2026-03-02 19:54:10,405 [DEBUG] Sleeping 300.0s until next poll
2026-03-02 19:59:10,503 [DEBUG] No new checkpoints to backup (already backed up: [360])
2026-03-02 19:59:10,503 [DEBUG] global_step_360: not cleaning (latest non-empty checkpoint)
2026-03-02 19:59:10,503 [DEBUG] Sleeping 300.0s until next poll
2026-03-02 20:04:10,602 [DEBUG] No new checkpoints to backup (already backed up: [360])
2026-03-02 20:04:10,602 [DEBUG] global_step_360: not cleaning (latest non-empty checkpoint)
2026-03-02 20:04:10,602 [DEBUG] Sleeping 300.0s until next poll
2026-03-02 20:09:10,703 [DEBUG] No new checkpoints to backup (already backed up: [360])
2026-03-02 20:09:10,703 [DEBUG] global_step_360: not cleaning (latest non-empty checkpoint)
2026-03-02 20:09:10,703 [DEBUG] Sleeping 300.0s until next poll
2026-03-02 20:14:10,803 [DEBUG] No new checkpoints to backup (already backed up: [360])
2026-03-02 20:14:10,803 [DEBUG] global_step_360: not cleaning (latest non-empty checkpoint)
2026-03-02 20:14:10,803 [DEBUG] Sleeping 300.0s until next poll
2026-03-02 20:19:10,903 [DEBUG] No new checkpoints to backup (already backed up: [360])
2026-03-02 20:19:10,903 [DEBUG] global_step_360: not cleaning (latest non-empty checkpoint)
2026-03-02 20:19:10,903 [DEBUG] Sleeping 300.0s until next poll
2026-03-02 20:24:11,003 [DEBUG] No new checkpoints to backup (already backed up: [360])
2026-03-02 20:24:11,003 [DEBUG] global_step_360: not cleaning (latest non-empty checkpoint)
2026-03-02 20:24:11,003 [DEBUG] Sleeping 300.0s until next poll
2026-03-02 20:29:11,102 [DEBUG] No new checkpoints to backup (already backed up: [360])
2026-03-02 20:29:11,102 [DEBUG] global_step_360: not cleaning (latest non-empty checkpoint)
2026-03-02 20:29:11,102 [DEBUG] Sleeping 300.0s until next poll
2026-03-02 20:34:11,202 [DEBUG] No new checkpoints to backup (already backed up: [360])
2026-03-02 20:34:11,203 [DEBUG] global_step_360: not cleaning (latest non-empty checkpoint)
2026-03-02 20:34:11,203 [DEBUG] Sleeping 300.0s until next poll
2026-03-02 20:39:11,302 [DEBUG] No new checkpoints to backup (already backed up: [360])
2026-03-02 20:39:11,302 [DEBUG] global_step_360: not cleaning (latest non-empty checkpoint)
2026-03-02 20:39:11,302 [DEBUG] Sleeping 300.0s until next poll
2026-03-02 20:44:11,400 [INFO] New complete checkpoints to backup: [400]
2026-03-02 20:44:11,400 [INFO] Running: dvc add logs/VerlRun/03/02/hidden_wmonitor_backdoor_qwen3_8b_remove_21_39_186oohgn/checkpoints/global_step_400
2026-03-02 20:45:45,747 [DEBUG] dvc add stdout: 
2026-03-02 20:45:45,747 [INFO] Running: dvc push logs/VerlRun/03/02/hidden_wmonitor_backdoor_qwen3_8b_remove_21_39_186oohgn/checkpoints/global_step_400.dvc
2026-03-02 20:53:24,160 [INFO] dvc push complete for global_step_400: 14 files pushed
2026-03-02 20:53:24,160 [INFO] Verifying backup: dvc status --cloud logs/VerlRun/03/02/hidden_wmonitor_backdoor_qwen3_8b_remove_21_39_186oohgn/checkpoints/global_step_400.dvc
2026-03-02 20:53:26,072 [INFO] global_step_400: backup confirmed
2026-03-02 20:53:26,073 [INFO] Running: dvc gc --not-in-remote -w -f -v
2026-03-02 20:54:31,071 [INFO] dvc gc complete: 2026-03-03 01:53:26,173 DEBUG: v3.66.1 (conda), CPython 3.10.19 on Linux-5.15.0-170-generic-x86_64-with-glibc2.35
2026-03-03 01:53:26,174 DEBUG: command: /home/matan/shared/.conda/envs/hope/bin/dvc gc --not-in-remote -w -f -v
2026-03-03 01:53:26,704 DEBUG: Preparing to transfer data from 's3://matan-ml-exp-bucket/dvc-storage/files/md5' to '/shared/matan/code/pass_at_k/.dvc/cache/files/md5'
2026-03-03 01:53:26,704 DEBUG: Preparing to collect status from '/shared/matan/code/pass_at_k/.dvc/cache/files/md5'
2026-03-03 01:53:26,705 DEBUG: Collecting status from '/shared/matan/code/pass_at_k/.dvc/cache/files/md5'
2026-03-03 01:53:26,705 DEBUG: Preparing to collect status from 'matan-ml-exp-bucket/dvc-storage/files/md5'
2026-03-03 01:53:26,705 DEBUG: Collecting status from 'matan-ml-exp-bucket/dvc-storage/files/md5'
2026-03-03 01:53:26,719 DEBUG: Querying 17 oids via object_exists
2026-03-03 01:53:27,705 DEBUG: Querying 0 oids via object_exists
2026-03-03 01:53:28,894 DEBUG: transfer dir: md5: 57e6ad92d563948f0c4f40fef99c2180.dir with 0 files
2026-03-03 01:53:29,113 DEBUG: Preparing to transfer data from 's3://matan-ml-exp-bucket/dvc-storage/files/md5' to '/shared/matan/code/pass_at_k/.dvc/cache/files/md5'
2026-03-03 01:53:29,113 DEBUG: Preparing to collect status from '/shared/matan/code/pass_at_k/.dvc/cache/files/md5'
2026-03-03 01:53:29,114 DEBUG: Collecting status from '/shared/matan/code/pass_at_k/.dvc/cache/files/md5'
2026-03-03 01:53:29,114 DEBUG: Preparing to collect status from 'matan-ml-exp-bucket/dvc-storage/files/md5'
2026-03-03 01:53:29,114 DEBUG: Collecting status from 'matan-ml-exp-bucket/dvc-storage/files/md5'
2026-03-03 01:53:29,127 DEBUG: Querying 17 oids via object_exists
2026-03-03 01:53:29,932 DEBUG: Querying 0 oids via object_exists
2026-03-03 01:53:30,966 DEBUG: transfer dir: md5: 1ecec8f86b36d5ec2eb58ff74a55e9f7.dir with 0 files
2026-03-03 01:53:31,306 DEBUG: Preparing to transfer data from 's3://matan-ml-exp-bucket/dvc-storage/files/md5' to '/shared/matan/code/pass_at_k/.dvc/cache/files/md5'
2026-03-03 01:53:31,306 DEBUG: Preparing to collect status from '/shared/matan/code/pass_at_k/.dvc/cache/files/md5'
2026-03-03 01:53:31,306 DEBUG: Collecting status from '/shared/matan/code/pass_at_k/.dvc/cache/files/md5'
2026-03-03 01:53:31,306 DEBUG: Preparing to collect status from 'matan-ml-exp-bucket/dvc-storage/files/md5'
2026-03-03 01:53:31,306 DEBUG: Collecting status from 'matan-ml-exp-bucket/dvc-storage/files/md5'
2026-03-03 01:53:31,320 DEBUG: Querying 17 oids via object_exists
2026-03-03 01:53:31,936 DEBUG: Querying 0 oids via object_exists
2026-03-03 01:53:32,782 DEBUG: transfer dir: md5: ec6ff6278ba9ba95ba78bdbe4e117fa4.dir with 0 files
2026-03-03 01:53:33,100 DEBUG: Preparing to transfer data from 's3://matan-ml-exp-bucket/dvc-storage/files/md5' to '/shared/matan/code/pass_at_k/.dvc/cache/files/md5'
2026-03-03 01:53:33,100 DEBUG: Preparing to collect status from '/shared/matan/code/pass_at_k/.dvc/cache/files/md5'
2026-03-03 01:53:33,100 DEBUG: Collecting status from '/shared/matan/code/pass_at_k/.dvc/cache/files/md5'
2026-03-03 01:53:33,101 DEBUG: Preparing to collect status from 'matan-ml-exp-bucket/dvc-storage/files/md5'
2026-03-03 01:53:33,101 DEBUG: Collecting status from 'matan-ml-exp-bucket/dvc-storage/files/md5'
2026-03-03 01:53:33,113 DEBUG: Querying 17 oids via object_exists
2026-03-03 01:53:33,945 DEBUG: Querying 0 oids via object_exists
2026-03-03 01:53:35,018 DEBUG: transfer dir: md5: 607971874a7d57b6b0978f811b4c26a2.dir with 0 files
2026-03-03 01:53:35,184 DEBUG: Preparing to transfer data from 's3://matan-ml-exp-bucket/dvc-storage/files/md5' to '/shared/matan/code/pass_at_k/.dvc/cache/files/md5'
2026-03-03 01:53:35,185 DEBUG: Preparing to collect status from '/shared/matan/code/pass_at_k/.dvc/cache/files/md5'
2026-03-03 01:53:35,185 DEBUG: Collecting status from '/shared/matan/code/pass_at_k/.dvc/cache/files/md5'
2026-03-03 01:53:35,185 DEBUG: Preparing to collect status from 'matan-ml-exp-bucket/dvc-storage/files/md5'
2026-03-03 01:53:35,185 DEBUG: Collecting status from 'matan-ml-exp-bucket/dvc-storage/files/md5'
2026-03-03 01:53:35,198 DEBUG: Querying 17 oids via object_exists
2026-03-03 01:53:35,954 DEBUG: Querying 0 oids via object_exists
2026-03-03 01:53:37,031 DEBUG: transfer dir: md5: 5959d041bbc0cd2361ed38d105f7e9eb.dir with 0 files
2026-03-03 01:53:37,192 DEBUG: Preparing to transfer data from 's3://matan-ml-exp-bucket/dvc-storage/files/md5' to '/shared/matan/code/pass_at_k/.dvc/cache/files/md5'
2026-03-03 01:53:37,192 DEBUG: Preparing to collect status from '/shared/matan/code/pass_at_k/.dvc/cache/files/md5'
2026-03-03 01:53:37,192 DEBUG: Collecting status from '/shared/matan/code/pass_at_k/.dvc/cache/files/md5'
2026-03-03 01:53:37,193 DEBUG: Preparing to collect status from 'matan-ml-exp-bucket/dvc-storage/files/md5'
2026-03-03 01:53:37,193 DEBUG: Collecting status from 'matan-ml-exp-bucket/dvc-storage/files/md5'
2026-03-03 01:53:37,206 DEBUG: Querying 17 oids via object_exists
2026-03-03 01:53:37,983 DEBUG: Querying 0 oids via object_exists
2026-03-03 01:53:39,057 DEBUG: transfer dir: md5: 8fcfcfe22919b719bf63ca8f9df092aa.dir with 0 files
2026-03-03 01:53:39,365 DEBUG: Preparing to transfer data from 's3://matan-ml-exp-bucket/dvc-storage/files/md5' to '/shared/matan/code/pass_at_k/.dvc/cache/files/md5'
2026-03-03 01:53:39,366 DEBUG: Preparing to collect status from '/shared/matan/code/pass_at_k/.dvc/cache/files/md5'
2026-03-03 01:53:39,366 DEBUG: Collecting status from '/shared/matan/code/pass_at_k/.dvc/cache/files/md5'
2026-03-03 01:53:39,366 DEBUG: Preparing to collect status from 'matan-ml-exp-bucket/dvc-storage/files/md5'
2026-03-03 01:53:39,366 DEBUG: Collecting status from 'matan-ml-exp-bucket/dvc-storage/files/md5'
2026-03-03 01:53:39,389 DEBUG: Querying 17 oids via object_exists
2026-03-03 01:53:40,427 DEBUG: Querying 0 oids via object_exists
2026-03-03 01:53:41,158 DEBUG: transfer dir: md5: 3a06c151f5094085f299441e8e754e89.dir with 0 files
2026-03-03 01:53:41,487 DEBUG: Preparing to transfer data from 's3://matan-ml-exp-bucket/dvc-storage/files/md5' to '/shared/matan/code/pass_at_k/.dvc/cache/files/md5'
2026-03-03 01:53:41,487 DEBUG: Preparing to collect status from '/shared/matan/code/pass_at_k/.dvc/cache/files/md5'
2026-03-03 01:53:41,488 DEBUG: Collecting status from '/shared/matan/code/pass_at_k/.dvc/cache/files/md5'
2026-03-03 01:53:41,488 DEBUG: Preparing to collect status from 'matan-ml-exp-bucket/dvc-storage/files/md5'
2026-03-03 01:53:41,488 DEBUG: Collecting status from 'matan-ml-exp-bucket/dvc-storage/files/md5'
2026-03-03 01:53:41,512 DEBUG: Querying 17 oids via object_exists
2026-03-03 01:53:42,354 DEBUG: Querying 0 oids via object_exists
2026-03-03 01:53:43,138 DEBUG: transfer dir: md5: 23e4c21324a93f04221a77a6b826c122.dir with 0 files
2026-03-03 01:53:43,467 DEBUG: Preparing to transfer data from 's3://matan-ml-exp-bucket/dvc-storage/files/md5' to '/shared/matan/code/pass_at_k/.dvc/cache/files/md5'
2026-03-03 01:53:43,467 DEBUG: Preparing to collect status from '/shared/matan/code/pass_at_k/.dvc/cache/files/md5'
2026-03-03 01:53:43,467 DEBUG: Collecting status from '/shared/matan/code/pass_at_k/.dvc/cache/files/md5'
2026-03-03 01:53:43,468 DEBUG: Preparing to collect status from 'matan-ml-exp-bucket/dvc-storage/files/md5'
2026-03-03 01:53:43,468 DEBUG: Collecting status from 'matan-ml-exp-bucket/dvc-storage/files/md5'
2026-03-03 01:53:43,491 DEBUG: Querying 17 oids via object_exists
2026-03-03 01:53:44,518 DEBUG: Querying 0 oids via object_exists
2026-03-03 01:53:45,622 DEBUG: transfer dir: md5: a0784a19a4eff25fac6d848fece99fae.dir with 0 files
2026-03-03 01:53:45,957 DEBUG: Preparing to transfer data from 's3://matan-ml-exp-bucket/dvc-storage/files/md5' to '/shared/matan/code/pass_at_k/.dvc/cache/files/md5'
2026-03-03 01:53:45,957 DEBUG: Preparing to collect status from '/shared/matan/code/pass_at_k/.dvc/cache/files/md5'
2026-03-03 01:53:45,958 DEBUG: Collecting status from '/shared/matan/code/pass_at_k/.dvc/cache/files/md5'
2026-03-03 01:53:45,958 DEBUG: Preparing to collect status from 'matan-ml-exp-bucket/dvc-storage/files/md5'
2026-03-03 01:53:45,958 DEBUG: Collecting status from 'matan-ml-exp-bucket/dvc-storage/files/md5'
2026-03-03 01:53:45,982 DEBUG: Querying 17 oids via object_exists
2026-03-03 01:53:46,811 DEBUG: Querying 0 oids via object_exists
2026-03-03 01:53:47,778 DEBUG: transfer dir: md5: bf3dcf169deacee4a24a66b7626c92f0.dir with 0 files
2026-03-03 01:53:48,131 DEBUG: Preparing to transfer data from 's3://matan-ml-exp-bucket/dvc-storage/files/md5' to '/shared/matan/code/pass_at_k/.dvc/cache/files/md5'
2026-03-03 01:53:48,132 DEBUG: Preparing to collect status from '/shared/matan/code/pass_at_k/.dvc/cache/files/md5'
2026-03-03 01:53:48,132 DEBUG: Collecting status from '/shared/matan/code/pass_at_k/.dvc/cache/files/md5'
2026-03-03 01:53:48,132 DEBUG: Preparing to collect status from 'matan-ml-exp-bucket/dvc-storage/files/md5'
2026-03-03 01:53:48,132 DEBUG: Collecting status from 'matan-ml-exp-bucket/dvc-storage/files/md5'
2026-03-03 01:53:48,154 DEBUG: Querying 17 oids via object_exists
2026-03-03 01:53:49,199 DEBUG: Querying 0 oids via object_exists
2026-03-03 01:53:50,133 DEBUG: transfer dir: md5: 8dfd9c8929831bdc095aae666029e776.dir with 0 files
2026-03-03 01:53:50,469 DEBUG: Preparing to transfer data from 's3://matan-ml-exp-bucket/dvc-storage/files/md5' to '/shared/matan/code/pass_at_k/.dvc/cache/files/md5'
2026-03-03 01:53:50,469 DEBUG: Preparing to collect status from '/shared/matan/code/pass_at_k/.dvc/cache/files/md5'
2026-03-03 01:53:50,469 DEBUG: Collecting status from '/shared/matan/code/pass_at_k/.dvc/cache/files/md5'
2026-03-03 01:53:50,470 DEBUG: Preparing to collect status from 'matan-ml-exp-bucket/dvc-storage/files/md5'
2026-03-03 01:53:50,470 DEBUG: Collecting status from 'matan-ml-exp-bucket/dvc-storage/files/md5'
2026-03-03 01:53:50,492 DEBUG: Querying 17 oids via object_exists
2026-03-03 01:53:51,302 DEBUG: Querying 1 oids via object_exists
2026-03-03 01:53:51,910 DEBUG: Querying 1 oids via object_exists
2026-03-03 01:53:52,542 DEBUG: Preparing to transfer data from 's3://matan-ml-exp-bucket/dvc-storage/files/md5' to '/shared/matan/code/pass_at_k/.dvc/cache/files/md5'
2026-03-03 01:53:52,542 DEBUG: Preparing to collect status from '/shared/matan/code/pass_at_k/.dvc/cache/files/md5'
2026-03-03 01:53:52,542 DEBUG: Collecting status from '/shared/matan/code/pass_at_k/.dvc/cache/files/md5'
2026-03-03 01:53:52,542 DEBUG: Preparing to collect status from 'matan-ml-exp-bucket/dvc-storage/files/md5'
2026-03-03 01:53:52,542 DEBUG: Collecting status from 'matan-ml-exp-bucket/dvc-storage/files/md5'
2026-03-03 01:53:52,562 DEBUG: Querying 17 oids via object_exists
2026-03-03 01:53:53,329 DEBUG: Querying 1 oids via object_exists
2026-03-03 01:53:53,624 DEBUG: Querying 1 oids via object_exists
2026-03-03 01:53:54,074 DEBUG: Querying 300 oids via object_exists
2026-03-03 01:53:59,502 DEBUG: Querying 300 oids via object_exists
2026-03-03 01:54:17,185 DEBUG: Estimated remote size: 256 files
2026-03-03 01:54:17,186 DEBUG: Removing '/shared/matan/code/pass_at_k/.dvc/cache/files/md5/57/e6ad92d563948f0c4f40fef99c2180.dir.unpacked'
2026-03-03 01:54:17,186 DEBUG: Removing '/shared/matan/code/pass_at_k/.dvc/cache/files/md5/d1/880853e66b0d64341b53536129addb.dir.unpacked'
2026-03-03 01:54:17,187 DEBUG: Removing '/shared/matan/code/pass_at_k/.dvc/cache/files/md5/59/59d041bbc0cd2361ed38d105f7e9eb.dir.unpacked'
2026-03-03 01:54:17,188 DEBUG: Removing '/shared/matan/code/pass_at_k/.dvc/cache/files/md5/8f/cfcfe22919b719bf63ca8f9df092aa.dir.unpacked'
2026-03-03 01:54:17,188 DEBUG: Removing '/shared/matan/code/pass_at_k/.dvc/cache/files/md5/bf/3dcf169deacee4a24a66b7626c92f0.dir.unpacked'
2026-03-03 01:54:17,189 DEBUG: Removing '/shared/matan/code/pass_at_k/.dvc/cache/files/md5/60/7971874a7d57b6b0978f811b4c26a2.dir.unpacked'
2026-03-03 01:54:17,189 DEBUG: Removing '/shared/matan/code/pass_at_k/.dvc/cache/files/md5/ec/6ff6278ba9ba95ba78bdbe4e117fa4.dir.unpacked'
2026-03-03 01:54:17,189 DEBUG: Removing '/shared/matan/code/pass_at_k/.dvc/cache/files/md5/1e/cec8f86b36d5ec2eb58ff74a55e9f7.dir.unpacked'
2026-03-03 01:54:17,189 DEBUG: Removing '/shared/matan/code/pass_at_k/.dvc/cache/files/md5/3a/06c151f5094085f299441e8e754e89.dir.unpacked'
2026-03-03 01:54:17,189 DEBUG: Removing '/shared/matan/code/pass_at_k/.dvc/cache/files/md5/8d/fd9c8929831bdc095aae666029e776.dir.unpacked'
2026-03-03 01:54:17,190 DEBUG: Removing '/shared/matan/code/pass_at_k/.dvc/cache/files/md5/a0/784a19a4eff25fac6d848fece99fae.dir.unpacked'
2026-03-03 01:54:17,190 DEBUG: Removing '/shared/matan/code/pass_at_k/.dvc/cache/files/md5/23/e4c21324a93f04221a77a6b826c122.dir.unpacked'
2026-03-03 01:54:17,190 DEBUG: Removing '/shared/matan/code/pass_at_k/.dvc/cache/files/md5/57/e6ad92d563948f0c4f40fef99c2180.dir'
2026-03-03 01:54:17,194 DEBUG: Removing '/shared/matan/code/pass_at_k/.dvc/cache/files/md5/d1/880853e66b0d64341b53536129addb.dir'
2026-03-03 01:54:17,197 DEBUG: Removing '/shared/matan/code/pass_at_k/.dvc/cache/files/md5/59/59d041bbc0cd2361ed38d105f7e9eb.dir'
2026-03-03 01:54:17,199 DEBUG: Removing '/shared/matan/code/pass_at_k/.dvc/cache/files/md5/8f/cfcfe22919b719bf63ca8f9df092aa.dir'
2026-03-03 01:54:17,202 DEBUG: Removing '/shared/matan/code/pass_at_k/.dvc/cache/files/md5/bf/3dcf169deacee4a24a66b7626c92f0.dir'
2026-03-03 01:54:17,204 DEBUG: Removing '/shared/matan/code/pass_at_k/.dvc/cache/files/md5/60/7971874a7d57b6b0978f811b4c26a2.dir'
2026-03-03 01:54:17,206 DEBUG: Removing '/shared/matan/code/pass_at_k/.dvc/cache/files/md5/ec/6ff6278ba9ba95ba78bdbe4e117fa4.dir'
2026-03-03 01:54:17,209 DEBUG: Removing '/shared/matan/code/pass_at_k/.dvc/cache/files/md5/1e/cec8f86b36d5ec2eb58ff74a55e9f7.dir'
2026-03-03 01:54:17,212 DEBUG: Removing '/shared/matan/code/pass_at_k/.dvc/cache/files/md5/3a/06c151f5094085f299441e8e754e89.dir'
2026-03-03 01:54:17,215 DEBUG: Removing '/shared/matan/code/pass_at_k/.dvc/cache/files/md5/8d/fd9c8929831bdc095aae666029e776.dir'
2026-03-03 01:54:17,218 DEBUG: Removing '/shared/matan/code/pass_at_k/.dvc/cache/files/md5/a0/784a19a4eff25fac6d848fece99fae.dir'
2026-03-03 01:54:17,221 DEBUG: Removing '/shared/matan/code/pass_at_k/.dvc/cache/files/md5/23/e4c21324a93f04221a77a6b826c122.dir'
2026-03-03 01:54:17,224 DEBUG: Removing '/shared/matan/code/pass_at_k/.dvc/cache/files/md5/83/f238debc7ab56159d695fa898939b7'
2026-03-03 01:54:18,039 DEBUG: Removing '/shared/matan/code/pass_at_k/.dvc/cache/files/md5/83/159c1945dd846974213e38ae36d3cc'
2026-03-03 01:54:18,040 DEBUG: Removing '/shared/matan/code/pass_at_k/.dvc/cache/files/md5/83/60e9ee7969ff676df59badde13b1dd'
2026-03-03 01:54:18,040 DEBUG: Removing '/shared/matan/code/pass_at_k/.dvc/cache/files/md5/ae/518d20e400c6e67716982491e5c37d'
2026-03-03 01:54:18,040 DEBUG: Removing '/shared/matan/code/pass_at_k/.dvc/cache/files/md5/ae/7b84af0bde0f966c2b20df42a447e3'
2026-03-03 01:54:18,040 DEBUG: Removing '/shared/matan/code/pass_at_k/.dvc/cache/files/md5/ef/f89f1cb7323b8807195828aee365e4'
2026-03-03 01:54:18,479 DEBUG: Removing '/shared/matan/code/pass_at_k/.dvc/cache/files/md5/05/9192cbebce1ab4167036ec76ef5c97'
2026-03-03 01:54:18,480 DEBUG: Removing '/shared/matan/code/pass_at_k/.dvc/cache/files/md5/c7/fc8eac395d9ecff9a099509212ac7f'
2026-03-03 01:54:18,480 DEBUG: Removing '/shared/matan/code/pass_at_k/.dvc/cache/files/md5/04/6c10dcfe2db15640f09519f8fe167d'
2026-03-03 01:54:20,162 DEBUG: Removing '/shared/matan/code/pass_at_k/.dvc/cache/files/md5/d7/bfe0ecfa87bf87c01070c7951d8f23'
2026-03-03 01:54:20,162 DEBUG: Removing '/shared/matan/code/pass_at_k/.dvc/cache/files/md5/a6/333b625ecc83ac52e279354d9cc043'
2026-03-03 01:54:20,162 DEBUG: Removing '/shared/matan/code/pass_at_k/.dvc/cache/files/md5/7f/99224101f980b1b88d421cb7198068'
2026-03-03 01:54:20,587 DEBUG: Removing '/shared/matan/code/pass_at_k/.dvc/cache/files/md5/7f/3dfda8dfbde2465474feab20011b45'
2026-03-03 01:54:20,967 DEBUG: Removing '/shared/matan/code/pass_at_k/.dvc/cache/files/md5/57/95f12e815eef069e10dd289b80ad4c'
2026-03-03 01:54:20,967 DEBUG: Removing '/shared/matan/code/pass_at_k/.dvc/cache/files/md5/57/08ee87a0925280424b5caa0906752f'
2026-03-03 01:54:20,967 DEBUG: Removing '/shared/matan/code/pass_at_k/.dvc/cache/files/md5/b6/a76d11998e46e5c44e7d764eddb104'
2026-03-03 01:54:22,638 DEBUG: Removing '/shared/matan/code/pass_at_k/.dvc/cache/files/md5/66/f7a5f0de3c7428970c07bebc7f9341'
2026-03-03 01:54:22,638 DEBUG: Removing '/shared/matan/code/pass_at_k/.dvc/cache/files/md5/f4/e844ebd85ebb4c8ea40a38b829d3bb'
2026-03-03 01:54:22,638 DEBUG: Removing '/shared/matan/code/pass_at_k/.dvc/cache/files/md5/d1/00761e69dfd4383d5656fbcefb51ef'
2026-03-03 01:54:23,473 DEBUG: Removing '/shared/matan/code/pass_at_k/.dvc/cache/files/md5/50/df3e0c74f3d9dba0b57dda645ce7a1'
2026-03-03 01:54:24,312 DEBUG: Removing '/shared/matan/code/pass_at_k/.dvc/cache/files/md5/42/29aeef756a7f1c56b5da376d37df12'
2026-03-03 01:54:25,113 DEBUG: Removing '/shared/matan/code/pass_at_k/.dvc/cache/files/md5/8a/2ba3d7e8c817ef4afc868b98d6cdce'
2026-03-03 01:54:25,491 DEBUG: Removing '/shared/matan/code/pass_at_k/.dvc/cache/files/md5/6b/bfab6d6c71b098bcd1dacc2143f446'
2026-03-03 01:54:26,897 DEBUG: Removing '/shared/matan/code/pass_at_k/.dvc/cache/files/md5/f5/695bccbddcfb501426db9e616b7333'
2026-03-03 01:54:27,335 DEBUG: Removing '/shared/matan/code/pass_at_k/.dvc/cache/files/md5/1c/ebe3ed8e8960e70c5ca74f36200e07'
2026-03-03 01:54:28,614 DEBUG: Removing '/shared/matan/code/pass_at_k/.dvc/cache/files/md5/bb/eb9c4cfc11274ac467b56e750e0ff9'
2026-03-03 01:54:29,478 DEBUG: Removing '/shared/matan/code/pass_at_k/.dvc/cache/files/md5/5b/16fb5a9a922e8ae0c4689c7a0423fc'
2026-03-03 01:54:29,479 DEBUG: Removing '/shared/matan/code/pass_at_k/.dvc/cache/files/md5/0a/a8eef50ccf9e137e96cb41b35cf007'
2026-03-03 01:54:30,323 DEBUG: Removing '/shared/matan/code/pass_at_k/.dvc/cache/files/md5/de/afdabeff32caed808d2c6417c854f4'
2026-03-03 01:54:30,324 DEBUG: Removing '/shared/matan/code/pass_at_k/.dvc/cache/files/md5/5d/dd8b9a3c09727d6c3c9fafa4b2200a'
2026-03-03 01:54:30,324 DEBUG: Removing '/shared/matan/code/pass_at_k/.dvc/cache/files/md5/4e/6d7381b084bb04b0d35f8fd4b0d185'
2026-03-03 01:54:30,324 DEBUG: Removing '/shared/matan/code/pass_at_k/.dvc/cache/files/md5/01/d18457eaf5504d9ec8f4a0941cd4f8'
2026-03-03 01:54:30,324 DEBUG: Removing '/shared/matan/code/pass_at_k/.dvc/cache/files/md5/b1/32519f6f12fc23cfdae088429be0f0'
2026-03-03 01:54:30,324 DEBUG: Removing '/shared/matan/code/pass_at_k/.dvc/cache/files/md5/77/4652cf0eb7731f526c66dd0031d877'
2026-03-03 01:54:30,324 DEBUG: Removing '/shared/matan/code/pass_at_k/.dvc/cache/files/md5/72/dacf1de43bc354dc3c521e44ed0b24'
2026-03-03 01:54:30,324 DEBUG: Removing '/shared/matan/code/pass_at_k/.dvc/cache/files/md5/64/23133b9cc1a2077b57822c30c211aa'
2026-03-03 01:54:30,326 DEBUG: Removing '/shared/matan/code/pass_at_k/.dvc/cache/files/md5/64/8f94c55ed251deef2fb91a0590b8ab'
2026-03-03 01:54:30,326 DEBUG: Removing '/shared/matan/code/pass_at_k/.dvc/cache/files/md5/61/0b6c4a26c2401ef7e6c376da33f2c4'
2026-03-03 01:54:30,777 DEBUG: Removing '/shared/matan/code/pass_at_k/.dvc/cache/files/md5/61/3b8e4a622c4a2c90e9e1245fc540d6'
2026-03-03 01:54:30,778 DEBUG: Removing '/shared/matan/code/pass_at_k/.dvc/cache/files/md5/e7/c071bc6d40b37abaf68a29d757dee0'
Removed 52 objects from repo cache.
2026-03-03 01:54:30,778 DEBUG: Estimated remote size: 256 files
2026-03-03 01:54:30,782 DEBUG: '/shared/matan/code/pass_at_k/.dvc/cache/files/md5/4e/8b96e50034a5166c00668dad306d99.dir' doesn't look like a cache file, skipping
No unused 'legacy' cache to remove.
2026-03-03 01:54:30,802 DEBUG: Analytics is enabled.
2026-03-03 01:54:30,852 DEBUG: Trying to spawn ['daemon', 'analytics', '/tmp/tmpc3nxhvpq', '-v']
2026-03-03 01:54:30,861 DEBUG: Spawned ['daemon', 'analytics', '/tmp/tmpc3nxhvpq', '-v'] with pid 1243610
2026-03-02 20:54:39,640 [INFO] Cleaned global_step_360 (kept empty dir as marker)
2026-03-02 20:54:39,640 [DEBUG] global_step_400: not cleaning (latest non-empty checkpoint)
2026-03-02 20:54:39,640 [DEBUG] Sleeping 300.0s until next poll
2026-03-02 20:59:39,740 [DEBUG] No new checkpoints to backup (already backed up: [360, 400])
2026-03-02 20:59:39,740 [DEBUG] global_step_400: not cleaning (latest non-empty checkpoint)
2026-03-02 20:59:39,740 [DEBUG] Sleeping 300.0s until next poll
2026-03-02 21:04:39,838 [DEBUG] No new checkpoints to backup (already backed up: [360, 400])
2026-03-02 21:04:39,838 [DEBUG] global_step_400: not cleaning (latest non-empty checkpoint)
2026-03-02 21:04:39,838 [DEBUG] Sleeping 300.0s until next poll
2026-03-02 21:09:39,938 [DEBUG] No new checkpoints to backup (already backed up: [360, 400])
2026-03-02 21:09:39,938 [DEBUG] global_step_400: not cleaning (latest non-empty checkpoint)
2026-03-02 21:09:39,938 [DEBUG] Sleeping 300.0s until next poll
2026-03-02 21:14:40,022 [DEBUG] No new checkpoints to backup (already backed up: [360, 400])
2026-03-02 21:14:40,023 [DEBUG] global_step_400: not cleaning (latest non-empty checkpoint)
2026-03-02 21:14:40,023 [DEBUG] Sleeping 300.0s until next poll
2026-03-02 21:19:40,122 [DEBUG] No new checkpoints to backup (already backed up: [360, 400])
2026-03-02 21:19:40,122 [DEBUG] global_step_400: not cleaning (latest non-empty checkpoint)
2026-03-02 21:19:40,122 [DEBUG] Sleeping 300.0s until next poll
2026-03-02 21:24:40,213 [DEBUG] No new checkpoints to backup (already backed up: [360, 400])
2026-03-02 21:24:40,214 [DEBUG] global_step_400: not cleaning (latest non-empty checkpoint)
2026-03-02 21:24:40,214 [DEBUG] Sleeping 300.0s until next poll
2026-03-02 21:29:40,313 [DEBUG] No new checkpoints to backup (already backed up: [360, 400])
2026-03-02 21:29:40,314 [DEBUG] global_step_400: not cleaning (latest non-empty checkpoint)
2026-03-02 21:29:40,314 [DEBUG] Sleeping 300.0s until next poll
2026-03-02 21:34:40,414 [DEBUG] No new checkpoints to backup (already backed up: [360, 400])
2026-03-02 21:34:40,414 [DEBUG] global_step_400: not cleaning (latest non-empty checkpoint)
2026-03-02 21:34:40,414 [DEBUG] Sleeping 300.0s until next poll
2026-03-02 21:39:40,514 [DEBUG] No new checkpoints to backup (already backed up: [360, 400])
2026-03-02 21:39:40,514 [DEBUG] global_step_400: not cleaning (latest non-empty checkpoint)
2026-03-02 21:39:40,514 [DEBUG] Sleeping 300.0s until next poll
2026-03-02 21:44:40,613 [DEBUG] No new checkpoints to backup (already backed up: [360, 400])
2026-03-02 21:44:40,613 [DEBUG] global_step_400: not cleaning (latest non-empty checkpoint)
2026-03-02 21:44:40,613 [DEBUG] Sleeping 300.0s until next poll
2026-03-02 21:49:40,713 [DEBUG] No new checkpoints to backup (already backed up: [360, 400])
2026-03-02 21:49:40,713 [DEBUG] global_step_400: not cleaning (latest non-empty checkpoint)
2026-03-02 21:49:40,713 [DEBUG] Sleeping 300.0s until next poll
2026-03-02 21:54:40,809 [DEBUG] No new checkpoints to backup (already backed up: [360, 400])
2026-03-02 21:54:40,810 [DEBUG] global_step_400: not cleaning (latest non-empty checkpoint)
2026-03-02 21:54:40,810 [DEBUG] Sleeping 300.0s until next poll
2026-03-02 21:59:40,905 [DEBUG] No new checkpoints to backup (already backed up: [360, 400])
2026-03-02 21:59:40,905 [DEBUG] global_step_400: not cleaning (latest non-empty checkpoint)
2026-03-02 21:59:40,905 [DEBUG] Sleeping 300.0s until next poll
2026-03-02 22:04:41,000 [DEBUG] No new checkpoints to backup (already backed up: [360, 400])
2026-03-02 22:04:41,000 [DEBUG] global_step_400: not cleaning (latest non-empty checkpoint)
2026-03-02 22:04:41,000 [DEBUG] Sleeping 300.0s until next poll
2026-03-02 22:09:41,098 [DEBUG] No new checkpoints to backup (already backed up: [360, 400])
2026-03-02 22:09:41,098 [DEBUG] global_step_400: not cleaning (latest non-empty checkpoint)
2026-03-02 22:09:41,099 [DEBUG] Sleeping 300.0s until next poll
2026-03-02 22:14:41,199 [DEBUG] No new checkpoints to backup (already backed up: [360, 400])
2026-03-02 22:14:41,199 [DEBUG] global_step_400: not cleaning (latest non-empty checkpoint)
2026-03-02 22:14:41,199 [DEBUG] Sleeping 300.0s until next poll
2026-03-02 22:19:41,250 [DEBUG] No new checkpoints to backup (already backed up: [360, 400])
2026-03-02 22:19:41,250 [DEBUG] global_step_400: not cleaning (latest non-empty checkpoint)
2026-03-02 22:19:41,250 [DEBUG] Sleeping 300.0s until next poll
2026-03-02 22:24:41,350 [DEBUG] No new checkpoints to backup (already backed up: [360, 400])
2026-03-02 22:24:41,351 [DEBUG] global_step_400: not cleaning (latest non-empty checkpoint)
2026-03-02 22:24:41,351 [DEBUG] Sleeping 300.0s until next poll
2026-03-02 22:29:41,446 [DEBUG] No new checkpoints to backup (already backed up: [360, 400])
2026-03-02 22:29:41,446 [DEBUG] global_step_400: not cleaning (latest non-empty checkpoint)
2026-03-02 22:29:41,447 [DEBUG] Sleeping 300.0s until next poll
2026-03-02 22:34:41,546 [DEBUG] No new checkpoints to backup (already backed up: [360, 400])
2026-03-02 22:34:41,546 [DEBUG] global_step_400: not cleaning (latest non-empty checkpoint)
2026-03-02 22:34:41,546 [DEBUG] Sleeping 300.0s until next poll
2026-03-02 22:39:41,646 [DEBUG] No new checkpoints to backup (already backed up: [360, 400])
2026-03-02 22:39:41,647 [DEBUG] global_step_400: not cleaning (latest non-empty checkpoint)
2026-03-02 22:39:41,647 [DEBUG] Sleeping 300.0s until next poll
