2026-02-28 09:21:52,402 [INFO] ============================================================
2026-02-28 09:21:52,402 [INFO] Checkpoint daemon started
2026-02-28 09:21:52,402 [INFO]   run_dir:            /shared/matan/code/pass_at_k/logs/VerlRun/02/28/hidden_biomath_qwen3_4bi_14_21_gqq9kxm0
2026-02-28 09:21:52,402 [INFO]   verl_pid:           1218672
2026-02-28 09:21:52,402 [INFO]   poll_interval:      300.0s
2026-02-28 09:21:52,402 [INFO]   clean_after_backup: True
2026-02-28 09:21:52,409 [INFO]   dvc_root:           /shared/matan/code/pass_at_k
2026-02-28 09:21:52,410 [INFO] ============================================================
2026-02-28 09:21:52,419 [DEBUG] No non-empty checkpoints found
2026-02-28 09:21:52,419 [DEBUG] Sleeping 300.0s until next poll
2026-02-28 09:26:52,537 [DEBUG] No non-empty checkpoints found
2026-02-28 09:26:52,540 [DEBUG] Sleeping 300.0s until next poll
2026-02-28 09:31:52,623 [DEBUG] No non-empty checkpoints found
2026-02-28 09:31:52,627 [DEBUG] Sleeping 300.0s until next poll
2026-02-28 09:36:52,740 [DEBUG] No non-empty checkpoints found
2026-02-28 09:36:52,742 [DEBUG] Sleeping 300.0s until next poll
2026-02-28 09:41:52,857 [DEBUG] No non-empty checkpoints found
2026-02-28 09:41:52,859 [DEBUG] Sleeping 300.0s until next poll
2026-02-28 09:46:52,963 [DEBUG] No non-empty checkpoints found
2026-02-28 09:46:52,966 [DEBUG] Sleeping 300.0s until next poll
2026-02-28 09:51:53,067 [DEBUG] No non-empty checkpoints found
2026-02-28 09:51:53,069 [DEBUG] Sleeping 300.0s until next poll
2026-02-28 09:56:53,177 [DEBUG] No non-empty checkpoints found
2026-02-28 09:56:53,179 [DEBUG] Sleeping 300.0s until next poll
2026-02-28 10:01:53,285 [DEBUG] No non-empty checkpoints found
2026-02-28 10:01:53,287 [DEBUG] Sleeping 300.0s until next poll
2026-02-28 10:06:53,396 [DEBUG] No non-empty checkpoints found
2026-02-28 10:06:53,398 [DEBUG] Sleeping 300.0s until next poll
2026-02-28 10:11:53,503 [DEBUG] No non-empty checkpoints found
2026-02-28 10:11:53,505 [DEBUG] Sleeping 300.0s until next poll
2026-02-28 10:16:53,611 [DEBUG] No non-empty checkpoints found
2026-02-28 10:16:53,613 [DEBUG] Sleeping 300.0s until next poll
2026-02-28 10:21:53,719 [DEBUG] No non-empty checkpoints found
2026-02-28 10:21:53,721 [DEBUG] Sleeping 300.0s until next poll
2026-02-28 10:26:53,838 [DEBUG] No non-empty checkpoints found
2026-02-28 10:26:53,840 [DEBUG] Sleeping 300.0s until next poll
2026-02-28 10:31:53,949 [DEBUG] No non-empty checkpoints found
2026-02-28 10:31:53,951 [DEBUG] Sleeping 300.0s until next poll
2026-02-28 10:36:54,061 [DEBUG] No non-empty checkpoints found
2026-02-28 10:36:54,063 [DEBUG] Sleeping 300.0s until next poll
2026-02-28 10:41:54,174 [DEBUG] No non-empty checkpoints found
2026-02-28 10:41:54,176 [DEBUG] Sleeping 300.0s until next poll
2026-02-28 10:46:54,287 [DEBUG] No non-empty checkpoints found
2026-02-28 10:46:54,289 [DEBUG] Sleeping 300.0s until next poll
2026-02-28 10:51:54,402 [DEBUG] No non-empty checkpoints found
2026-02-28 10:51:54,404 [DEBUG] Sleeping 300.0s until next poll
2026-02-28 10:56:54,513 [DEBUG] No non-empty checkpoints found
2026-02-28 10:56:54,513 [DEBUG] Sleeping 300.0s until next poll
