2026-03-02 18:39:19,082 [INFO] ============================================================
2026-03-02 18:39:19,082 [INFO] Checkpoint daemon started
2026-03-02 18:39:19,082 [INFO]   run_dir:            /shared/matan/code/pass_at_k/logs/VerlRun/03/02/cont_cont_hidden_biomath_qwen3_4bi_22_23_2sow1vlx
2026-03-02 18:39:19,082 [INFO]   verl_pid:           352091
2026-03-02 18:39:19,082 [INFO]   poll_interval:      300.0s
2026-03-02 18:39:19,082 [INFO]   clean_after_backup: True
2026-03-02 18:39:19,083 [INFO]   dvc_root:           /shared/matan/code/pass_at_k
2026-03-02 18:39:19,083 [INFO] ============================================================
2026-03-02 18:39:19,083 [DEBUG] No non-empty checkpoints found
2026-03-02 18:39:19,083 [DEBUG] Sleeping 300.0s until next poll
2026-03-02 18:44:19,181 [DEBUG] No non-empty checkpoints found
2026-03-02 18:44:19,181 [DEBUG] Sleeping 300.0s until next poll
2026-03-02 18:49:19,281 [DEBUG] No non-empty checkpoints found
2026-03-02 18:49:19,281 [DEBUG] Sleeping 300.0s until next poll
2026-03-02 18:54:19,378 [DEBUG] No non-empty checkpoints found
2026-03-02 18:54:19,378 [DEBUG] Sleeping 300.0s until next poll
2026-03-02 18:59:19,475 [DEBUG] No non-empty checkpoints found
2026-03-02 18:59:19,475 [DEBUG] Sleeping 300.0s until next poll
2026-03-02 19:04:19,574 [DEBUG] No non-empty checkpoints found
2026-03-02 19:04:19,574 [DEBUG] Sleeping 300.0s until next poll
2026-03-02 19:09:19,674 [DEBUG] No non-empty checkpoints found
2026-03-02 19:09:19,674 [DEBUG] Sleeping 300.0s until next poll
2026-03-02 19:14:19,774 [DEBUG] No non-empty checkpoints found
2026-03-02 19:14:19,774 [DEBUG] Sleeping 300.0s until next poll
2026-03-02 19:19:19,874 [DEBUG] No non-empty checkpoints found
2026-03-02 19:19:19,874 [DEBUG] Sleeping 300.0s until next poll
2026-03-02 19:24:19,974 [DEBUG] No non-empty checkpoints found
2026-03-02 19:24:19,974 [DEBUG] Sleeping 300.0s until next poll
2026-03-02 19:29:20,072 [DEBUG] No non-empty checkpoints found
2026-03-02 19:29:20,072 [DEBUG] Sleeping 300.0s until next poll
2026-03-02 19:34:20,170 [DEBUG] No non-empty checkpoints found
2026-03-02 19:34:20,170 [DEBUG] Sleeping 300.0s until next poll
2026-03-02 19:39:20,270 [DEBUG] No non-empty checkpoints found
2026-03-02 19:39:20,270 [DEBUG] Sleeping 300.0s until next poll
2026-03-02 19:44:20,369 [DEBUG] No non-empty checkpoints found
2026-03-02 19:44:20,369 [DEBUG] Sleeping 300.0s until next poll
2026-03-02 19:49:20,467 [DEBUG] No non-empty checkpoints found
2026-03-02 19:49:20,467 [DEBUG] Sleeping 300.0s until next poll
2026-03-02 19:54:20,566 [DEBUG] No non-empty checkpoints found
2026-03-02 19:54:20,566 [DEBUG] Sleeping 300.0s until next poll
2026-03-02 19:59:20,666 [DEBUG] No non-empty checkpoints found
2026-03-02 19:59:20,666 [DEBUG] Sleeping 300.0s until next poll
2026-03-02 20:04:20,766 [DEBUG] No non-empty checkpoints found
2026-03-02 20:04:20,766 [DEBUG] Sleeping 300.0s until next poll
2026-03-02 20:09:20,862 [DEBUG] No non-empty checkpoints found
2026-03-02 20:09:20,862 [DEBUG] Sleeping 300.0s until next poll
2026-03-02 20:14:20,959 [DEBUG] No non-empty checkpoints found
2026-03-02 20:14:20,960 [DEBUG] Sleeping 300.0s until next poll
2026-03-02 20:19:21,060 [INFO] New complete checkpoints to backup: [160]
2026-03-02 20:19:21,060 [INFO] Running: dvc add logs/VerlRun/03/02/cont_cont_hidden_biomath_qwen3_4bi_22_23_2sow1vlx/checkpoints/global_step_160
2026-03-02 20:20:04,251 [DEBUG] dvc add stdout: 
2026-03-02 20:20:04,251 [INFO] Running: dvc push logs/VerlRun/03/02/cont_cont_hidden_biomath_qwen3_4bi_22_23_2sow1vlx/checkpoints/global_step_160.dvc
2026-03-02 20:24:09,212 [INFO] dvc push complete for global_step_160: 10 files pushed
2026-03-02 20:24:09,213 [INFO] Verifying backup: dvc status --cloud logs/VerlRun/03/02/cont_cont_hidden_biomath_qwen3_4bi_22_23_2sow1vlx/checkpoints/global_step_160.dvc
2026-03-02 20:24:10,967 [INFO] global_step_160: backup confirmed
2026-03-02 20:24:10,968 [INFO] Running: dvc gc --not-in-remote -w -f -v
2026-03-02 20:24:54,883 [INFO] dvc gc complete: 2026-03-03 01:24:11,063 DEBUG: v3.66.1 (conda), CPython 3.10.19 on Linux-5.15.0-170-generic-x86_64-with-glibc2.35
2026-03-03 01:24:11,063 DEBUG: command: /home/matan/shared/.conda/envs/hope/bin/dvc gc --not-in-remote -w -f -v
2026-03-03 01:24:11,572 DEBUG: Preparing to transfer data from 's3://matan-ml-exp-bucket/dvc-storage/files/md5' to '/shared/matan/code/pass_at_k/.dvc/cache/files/md5'
2026-03-03 01:24:11,572 DEBUG: Preparing to collect status from '/shared/matan/code/pass_at_k/.dvc/cache/files/md5'
2026-03-03 01:24:11,572 DEBUG: Collecting status from '/shared/matan/code/pass_at_k/.dvc/cache/files/md5'
2026-03-03 01:24:11,573 DEBUG: Preparing to collect status from 'matan-ml-exp-bucket/dvc-storage/files/md5'
2026-03-03 01:24:11,573 DEBUG: Collecting status from 'matan-ml-exp-bucket/dvc-storage/files/md5'
2026-03-03 01:24:11,586 DEBUG: Querying 15 oids via object_exists
2026-03-03 01:24:12,347 DEBUG: Querying 0 oids via object_exists
2026-03-03 01:24:13,244 DEBUG: transfer dir: md5: 57e6ad92d563948f0c4f40fef99c2180.dir with 0 files
2026-03-03 01:24:13,570 DEBUG: Preparing to transfer data from 's3://matan-ml-exp-bucket/dvc-storage/files/md5' to '/shared/matan/code/pass_at_k/.dvc/cache/files/md5'
2026-03-03 01:24:13,570 DEBUG: Preparing to collect status from '/shared/matan/code/pass_at_k/.dvc/cache/files/md5'
2026-03-03 01:24:13,570 DEBUG: Collecting status from '/shared/matan/code/pass_at_k/.dvc/cache/files/md5'
2026-03-03 01:24:13,570 DEBUG: Preparing to collect status from 'matan-ml-exp-bucket/dvc-storage/files/md5'
2026-03-03 01:24:13,570 DEBUG: Collecting status from 'matan-ml-exp-bucket/dvc-storage/files/md5'
2026-03-03 01:24:13,583 DEBUG: Querying 15 oids via object_exists
2026-03-03 01:24:14,209 DEBUG: Querying 0 oids via object_exists
2026-03-03 01:24:14,927 DEBUG: transfer dir: md5: 1ecec8f86b36d5ec2eb58ff74a55e9f7.dir with 0 files
2026-03-03 01:24:15,080 DEBUG: Preparing to transfer data from 's3://matan-ml-exp-bucket/dvc-storage/files/md5' to '/shared/matan/code/pass_at_k/.dvc/cache/files/md5'
2026-03-03 01:24:15,080 DEBUG: Preparing to collect status from '/shared/matan/code/pass_at_k/.dvc/cache/files/md5'
2026-03-03 01:24:15,080 DEBUG: Collecting status from '/shared/matan/code/pass_at_k/.dvc/cache/files/md5'
2026-03-03 01:24:15,080 DEBUG: Preparing to collect status from 'matan-ml-exp-bucket/dvc-storage/files/md5'
2026-03-03 01:24:15,080 DEBUG: Collecting status from 'matan-ml-exp-bucket/dvc-storage/files/md5'
2026-03-03 01:24:15,093 DEBUG: Querying 15 oids via object_exists
2026-03-03 01:24:15,703 DEBUG: Querying 0 oids via object_exists
2026-03-03 01:24:16,550 DEBUG: transfer dir: md5: ec6ff6278ba9ba95ba78bdbe4e117fa4.dir with 0 files
2026-03-03 01:24:16,833 DEBUG: Preparing to transfer data from 's3://matan-ml-exp-bucket/dvc-storage/files/md5' to '/shared/matan/code/pass_at_k/.dvc/cache/files/md5'
2026-03-03 01:24:16,833 DEBUG: Preparing to collect status from '/shared/matan/code/pass_at_k/.dvc/cache/files/md5'
2026-03-03 01:24:16,833 DEBUG: Collecting status from '/shared/matan/code/pass_at_k/.dvc/cache/files/md5'
2026-03-03 01:24:16,833 DEBUG: Preparing to collect status from 'matan-ml-exp-bucket/dvc-storage/files/md5'
2026-03-03 01:24:16,833 DEBUG: Collecting status from 'matan-ml-exp-bucket/dvc-storage/files/md5'
2026-03-03 01:24:16,846 DEBUG: Querying 15 oids via object_exists
2026-03-03 01:24:17,457 DEBUG: Querying 0 oids via object_exists
2026-03-03 01:24:18,281 DEBUG: transfer dir: md5: 607971874a7d57b6b0978f811b4c26a2.dir with 0 files
2026-03-03 01:24:18,578 DEBUG: Preparing to transfer data from 's3://matan-ml-exp-bucket/dvc-storage/files/md5' to '/shared/matan/code/pass_at_k/.dvc/cache/files/md5'
2026-03-03 01:24:18,579 DEBUG: Preparing to collect status from '/shared/matan/code/pass_at_k/.dvc/cache/files/md5'
2026-03-03 01:24:18,579 DEBUG: Collecting status from '/shared/matan/code/pass_at_k/.dvc/cache/files/md5'
2026-03-03 01:24:18,579 DEBUG: Preparing to collect status from 'matan-ml-exp-bucket/dvc-storage/files/md5'
2026-03-03 01:24:18,579 DEBUG: Collecting status from 'matan-ml-exp-bucket/dvc-storage/files/md5'
2026-03-03 01:24:18,593 DEBUG: Querying 15 oids via object_exists
2026-03-03 01:24:19,195 DEBUG: Querying 0 oids via object_exists
2026-03-03 01:24:19,830 DEBUG: transfer dir: md5: 5959d041bbc0cd2361ed38d105f7e9eb.dir with 0 files
2026-03-03 01:24:20,133 DEBUG: Preparing to transfer data from 's3://matan-ml-exp-bucket/dvc-storage/files/md5' to '/shared/matan/code/pass_at_k/.dvc/cache/files/md5'
2026-03-03 01:24:20,133 DEBUG: Preparing to collect status from '/shared/matan/code/pass_at_k/.dvc/cache/files/md5'
2026-03-03 01:24:20,133 DEBUG: Collecting status from '/shared/matan/code/pass_at_k/.dvc/cache/files/md5'
2026-03-03 01:24:20,133 DEBUG: Preparing to collect status from 'matan-ml-exp-bucket/dvc-storage/files/md5'
2026-03-03 01:24:20,133 DEBUG: Collecting status from 'matan-ml-exp-bucket/dvc-storage/files/md5'
2026-03-03 01:24:20,146 DEBUG: Querying 15 oids via object_exists
2026-03-03 01:24:20,662 DEBUG: Querying 0 oids via object_exists
2026-03-03 01:24:21,509 DEBUG: transfer dir: md5: 8fcfcfe22919b719bf63ca8f9df092aa.dir with 0 files
2026-03-03 01:24:21,790 DEBUG: Preparing to transfer data from 's3://matan-ml-exp-bucket/dvc-storage/files/md5' to '/shared/matan/code/pass_at_k/.dvc/cache/files/md5'
2026-03-03 01:24:21,790 DEBUG: Preparing to collect status from '/shared/matan/code/pass_at_k/.dvc/cache/files/md5'
2026-03-03 01:24:21,791 DEBUG: Collecting status from '/shared/matan/code/pass_at_k/.dvc/cache/files/md5'
2026-03-03 01:24:21,791 DEBUG: Preparing to collect status from 'matan-ml-exp-bucket/dvc-storage/files/md5'
2026-03-03 01:24:21,791 DEBUG: Collecting status from 'matan-ml-exp-bucket/dvc-storage/files/md5'
2026-03-03 01:24:21,803 DEBUG: Querying 15 oids via object_exists
2026-03-03 01:24:22,423 DEBUG: Querying 0 oids via object_exists
2026-03-03 01:24:23,178 DEBUG: transfer dir: md5: 23e4c21324a93f04221a77a6b826c122.dir with 0 files
2026-03-03 01:24:23,333 DEBUG: Preparing to transfer data from 's3://matan-ml-exp-bucket/dvc-storage/files/md5' to '/shared/matan/code/pass_at_k/.dvc/cache/files/md5'
2026-03-03 01:24:23,333 DEBUG: Preparing to collect status from '/shared/matan/code/pass_at_k/.dvc/cache/files/md5'
2026-03-03 01:24:23,333 DEBUG: Collecting status from '/shared/matan/code/pass_at_k/.dvc/cache/files/md5'
2026-03-03 01:24:23,333 DEBUG: Preparing to collect status from 'matan-ml-exp-bucket/dvc-storage/files/md5'
2026-03-03 01:24:23,333 DEBUG: Collecting status from 'matan-ml-exp-bucket/dvc-storage/files/md5'
2026-03-03 01:24:23,346 DEBUG: Querying 15 oids via object_exists
2026-03-03 01:24:23,956 DEBUG: Querying 0 oids via object_exists
2026-03-03 01:24:24,799 DEBUG: transfer dir: md5: a0784a19a4eff25fac6d848fece99fae.dir with 0 files
2026-03-03 01:24:25,083 DEBUG: Preparing to transfer data from 's3://matan-ml-exp-bucket/dvc-storage/files/md5' to '/shared/matan/code/pass_at_k/.dvc/cache/files/md5'
2026-03-03 01:24:25,083 DEBUG: Preparing to collect status from '/shared/matan/code/pass_at_k/.dvc/cache/files/md5'
2026-03-03 01:24:25,084 DEBUG: Collecting status from '/shared/matan/code/pass_at_k/.dvc/cache/files/md5'
2026-03-03 01:24:25,084 DEBUG: Preparing to collect status from 'matan-ml-exp-bucket/dvc-storage/files/md5'
2026-03-03 01:24:25,084 DEBUG: Collecting status from 'matan-ml-exp-bucket/dvc-storage/files/md5'
2026-03-03 01:24:25,097 DEBUG: Querying 15 oids via object_exists
2026-03-03 01:24:25,778 DEBUG: Querying 0 oids via object_exists
2026-03-03 01:24:26,624 DEBUG: transfer dir: md5: bf3dcf169deacee4a24a66b7626c92f0.dir with 0 files
2026-03-03 01:24:26,913 DEBUG: Preparing to transfer data from 's3://matan-ml-exp-bucket/dvc-storage/files/md5' to '/shared/matan/code/pass_at_k/.dvc/cache/files/md5'
2026-03-03 01:24:26,913 DEBUG: Preparing to collect status from '/shared/matan/code/pass_at_k/.dvc/cache/files/md5'
2026-03-03 01:24:26,913 DEBUG: Collecting status from '/shared/matan/code/pass_at_k/.dvc/cache/files/md5'
2026-03-03 01:24:26,913 DEBUG: Preparing to collect status from 'matan-ml-exp-bucket/dvc-storage/files/md5'
2026-03-03 01:24:26,913 DEBUG: Collecting status from 'matan-ml-exp-bucket/dvc-storage/files/md5'
2026-03-03 01:24:26,926 DEBUG: Querying 15 oids via object_exists
2026-03-03 01:24:27,604 DEBUG: Querying 1 oids via object_exists
2026-03-03 01:24:28,186 DEBUG: Indexing new .dir '8dfd9c8929831bdc095aae666029e776.dir' with '23' nested files
2026-03-03 01:24:28,642 DEBUG: transfer dir: md5: 8dfd9c8929831bdc095aae666029e776.dir with 0 files
2026-03-03 01:24:28,927 DEBUG: Preparing to transfer data from 's3://matan-ml-exp-bucket/dvc-storage/files/md5' to '/shared/matan/code/pass_at_k/.dvc/cache/files/md5'
2026-03-03 01:24:28,927 DEBUG: Preparing to collect status from '/shared/matan/code/pass_at_k/.dvc/cache/files/md5'
2026-03-03 01:24:28,927 DEBUG: Collecting status from '/shared/matan/code/pass_at_k/.dvc/cache/files/md5'
2026-03-03 01:24:28,927 DEBUG: Preparing to collect status from 'matan-ml-exp-bucket/dvc-storage/files/md5'
2026-03-03 01:24:28,927 DEBUG: Collecting status from 'matan-ml-exp-bucket/dvc-storage/files/md5'
2026-03-03 01:24:28,940 DEBUG: Querying 16 oids via object_exists
2026-03-03 01:24:29,548 DEBUG: Querying 1 oids via object_exists
2026-03-03 01:24:30,019 DEBUG: Querying 1 oids via object_exists
2026-03-03 01:24:30,289 DEBUG: Preparing to transfer data from 's3://matan-ml-exp-bucket/dvc-storage/files/md5' to '/shared/matan/code/pass_at_k/.dvc/cache/files/md5'
2026-03-03 01:24:30,289 DEBUG: Preparing to collect status from '/shared/matan/code/pass_at_k/.dvc/cache/files/md5'
2026-03-03 01:24:30,289 DEBUG: Collecting status from '/shared/matan/code/pass_at_k/.dvc/cache/files/md5'
2026-03-03 01:24:30,289 DEBUG: Preparing to collect status from 'matan-ml-exp-bucket/dvc-storage/files/md5'
2026-03-03 01:24:30,290 DEBUG: Collecting status from 'matan-ml-exp-bucket/dvc-storage/files/md5'
2026-03-03 01:24:30,303 DEBUG: Querying 16 oids via object_exists
2026-03-03 01:24:30,866 DEBUG: Querying 1 oids via object_exists
2026-03-03 01:24:31,186 DEBUG: Querying 1 oids via object_exists
2026-03-03 01:24:31,454 DEBUG: Querying 272 oids via object_exists
2026-03-03 01:24:35,788 DEBUG: Querying 272 oids via object_exists
2026-03-03 01:24:48,933 DEBUG: Estimated remote size: 256 files
2026-03-03 01:24:48,935 DEBUG: Removing '/shared/matan/code/pass_at_k/.dvc/cache/files/md5/57/e6ad92d563948f0c4f40fef99c2180.dir.unpacked'
2026-03-03 01:24:48,937 DEBUG: Removing '/shared/matan/code/pass_at_k/.dvc/cache/files/md5/59/59d041bbc0cd2361ed38d105f7e9eb.dir.unpacked'
2026-03-03 01:24:48,937 DEBUG: Removing '/shared/matan/code/pass_at_k/.dvc/cache/files/md5/8f/cfcfe22919b719bf63ca8f9df092aa.dir.unpacked'
2026-03-03 01:24:48,938 DEBUG: Removing '/shared/matan/code/pass_at_k/.dvc/cache/files/md5/bf/3dcf169deacee4a24a66b7626c92f0.dir.unpacked'
2026-03-03 01:24:48,938 DEBUG: Removing '/shared/matan/code/pass_at_k/.dvc/cache/files/md5/60/7971874a7d57b6b0978f811b4c26a2.dir.unpacked'
2026-03-03 01:24:48,938 DEBUG: Removing '/shared/matan/code/pass_at_k/.dvc/cache/files/md5/ec/6ff6278ba9ba95ba78bdbe4e117fa4.dir.unpacked'
2026-03-03 01:24:48,938 DEBUG: Removing '/shared/matan/code/pass_at_k/.dvc/cache/files/md5/1e/cec8f86b36d5ec2eb58ff74a55e9f7.dir.unpacked'
2026-03-03 01:24:48,939 DEBUG: Removing '/shared/matan/code/pass_at_k/.dvc/cache/files/md5/3a/06c151f5094085f299441e8e754e89.dir.unpacked'
2026-03-03 01:24:48,939 DEBUG: Removing '/shared/matan/code/pass_at_k/.dvc/cache/files/md5/8d/fd9c8929831bdc095aae666029e776.dir.unpacked'
2026-03-03 01:24:48,940 DEBUG: Removing '/shared/matan/code/pass_at_k/.dvc/cache/files/md5/a0/784a19a4eff25fac6d848fece99fae.dir.unpacked'
2026-03-03 01:24:48,940 DEBUG: Removing '/shared/matan/code/pass_at_k/.dvc/cache/files/md5/23/e4c21324a93f04221a77a6b826c122.dir.unpacked'
2026-03-03 01:24:48,940 DEBUG: Removing '/shared/matan/code/pass_at_k/.dvc/cache/files/md5/57/e6ad92d563948f0c4f40fef99c2180.dir'
2026-03-03 01:24:48,940 DEBUG: Removing '/shared/matan/code/pass_at_k/.dvc/cache/files/md5/59/59d041bbc0cd2361ed38d105f7e9eb.dir'
2026-03-03 01:24:48,940 DEBUG: Removing '/shared/matan/code/pass_at_k/.dvc/cache/files/md5/8f/cfcfe22919b719bf63ca8f9df092aa.dir'
2026-03-03 01:24:48,940 DEBUG: Removing '/shared/matan/code/pass_at_k/.dvc/cache/files/md5/bf/3dcf169deacee4a24a66b7626c92f0.dir'
2026-03-03 01:24:48,941 DEBUG: Removing '/shared/matan/code/pass_at_k/.dvc/cache/files/md5/60/7971874a7d57b6b0978f811b4c26a2.dir'
2026-03-03 01:24:48,941 DEBUG: Removing '/shared/matan/code/pass_at_k/.dvc/cache/files/md5/ec/6ff6278ba9ba95ba78bdbe4e117fa4.dir'
2026-03-03 01:24:48,941 DEBUG: Removing '/shared/matan/code/pass_at_k/.dvc/cache/files/md5/1e/cec8f86b36d5ec2eb58ff74a55e9f7.dir'
2026-03-03 01:24:48,941 DEBUG: Removing '/shared/matan/code/pass_at_k/.dvc/cache/files/md5/3a/06c151f5094085f299441e8e754e89.dir'
2026-03-03 01:24:48,941 DEBUG: Removing '/shared/matan/code/pass_at_k/.dvc/cache/files/md5/8d/fd9c8929831bdc095aae666029e776.dir'
2026-03-03 01:24:48,941 DEBUG: Removing '/shared/matan/code/pass_at_k/.dvc/cache/files/md5/a0/784a19a4eff25fac6d848fece99fae.dir'
2026-03-03 01:24:48,941 DEBUG: Removing '/shared/matan/code/pass_at_k/.dvc/cache/files/md5/23/e4c21324a93f04221a77a6b826c122.dir'
2026-03-03 01:24:48,941 DEBUG: Removing '/shared/matan/code/pass_at_k/.dvc/cache/files/md5/ae/995ccfe8de91e82b85b8427346c57b'
2026-03-03 01:24:48,941 DEBUG: Removing '/shared/matan/code/pass_at_k/.dvc/cache/files/md5/d7/bfe0ecfa87bf87c01070c7951d8f23'
2026-03-03 01:24:48,941 DEBUG: Removing '/shared/matan/code/pass_at_k/.dvc/cache/files/md5/9a/a9473e6c9176310c19fc05ad04ac9f'
2026-03-03 01:24:48,941 DEBUG: Removing '/shared/matan/code/pass_at_k/.dvc/cache/files/md5/9a/aa5dd616f88e88b3ee2287dd47c3f3'
2026-03-03 01:24:48,941 DEBUG: Removing '/shared/matan/code/pass_at_k/.dvc/cache/files/md5/57/95f12e815eef069e10dd289b80ad4c'
2026-03-03 01:24:48,941 DEBUG: Removing '/shared/matan/code/pass_at_k/.dvc/cache/files/md5/57/08ee87a0925280424b5caa0906752f'
2026-03-03 01:24:48,941 DEBUG: Removing '/shared/matan/code/pass_at_k/.dvc/cache/files/md5/f4/e844ebd85ebb4c8ea40a38b829d3bb'
2026-03-03 01:24:48,941 DEBUG: Removing '/shared/matan/code/pass_at_k/.dvc/cache/files/md5/09/858be7f3edb79a28906ebffe7cb0ca'
2026-03-03 01:24:49,543 DEBUG: Removing '/shared/matan/code/pass_at_k/.dvc/cache/files/md5/dc/22fa275005f40959ef0977c9bf60e5'
2026-03-03 01:24:49,544 DEBUG: Removing '/shared/matan/code/pass_at_k/.dvc/cache/files/md5/86/036365b5d9ebe80868d4bee52a6577'
2026-03-03 01:24:49,982 DEBUG: Removing '/shared/matan/code/pass_at_k/.dvc/cache/files/md5/a2/d3285f05d7c2a5e69f0be6006b027d'
2026-03-03 01:24:50,488 DEBUG: Removing '/shared/matan/code/pass_at_k/.dvc/cache/files/md5/94/cc6d07e4aecfa8ec9986e3cebee7c3'
2026-03-03 01:24:51,383 DEBUG: Removing '/shared/matan/code/pass_at_k/.dvc/cache/files/md5/de/afdabeff32caed808d2c6417c854f4'
2026-03-03 01:24:51,384 DEBUG: Removing '/shared/matan/code/pass_at_k/.dvc/cache/files/md5/9e/0446db2cd07d3442d5f0841ddfff90'
2026-03-03 01:24:51,920 DEBUG: Removing '/shared/matan/code/pass_at_k/.dvc/cache/files/md5/4e/6d7381b084bb04b0d35f8fd4b0d185'
2026-03-03 01:24:51,921 DEBUG: Removing '/shared/matan/code/pass_at_k/.dvc/cache/files/md5/01/d18457eaf5504d9ec8f4a0941cd4f8'
2026-03-03 01:24:51,921 DEBUG: Removing '/shared/matan/code/pass_at_k/.dvc/cache/files/md5/c1/b3d9c82fc61b4d097f8221e69bd777'
2026-03-03 01:24:52,769 DEBUG: Removing '/shared/matan/code/pass_at_k/.dvc/cache/files/md5/96/00cf4e65567882e1f70b64eeba39dd'
2026-03-03 01:24:52,769 DEBUG: Removing '/shared/matan/code/pass_at_k/.dvc/cache/files/md5/77/88a036f09aa57d974e16c538e50167'
2026-03-03 01:24:53,690 DEBUG: Removing '/shared/matan/code/pass_at_k/.dvc/cache/files/md5/20/361bd1c600f8e6c6f1068f53c3b077'
2026-03-03 01:24:54,485 DEBUG: Removing '/shared/matan/code/pass_at_k/.dvc/cache/files/md5/72/dacf1de43bc354dc3c521e44ed0b24'
2026-03-03 01:24:54,485 DEBUG: Removing '/shared/matan/code/pass_at_k/.dvc/cache/files/md5/64/23133b9cc1a2077b57822c30c211aa'
2026-03-03 01:24:54,486 DEBUG: Removing '/shared/matan/code/pass_at_k/.dvc/cache/files/md5/61/3b8e4a622c4a2c90e9e1245fc540d6'
Removed 34 objects from repo cache.
2026-03-03 01:24:54,487 DEBUG: Estimated remote size: 256 files
No unused 'legacy' cache to remove.
2026-03-03 01:24:54,529 DEBUG: Analytics is enabled.
2026-03-03 01:24:54,589 DEBUG: Trying to spawn ['daemon', 'analytics', '/tmp/tmpmdd9ge7h', '-v']
2026-03-03 01:24:54,599 DEBUG: Spawned ['daemon', 'analytics', '/tmp/tmpmdd9ge7h', '-v'] with pid 1047257
2026-03-02 20:24:54,886 [DEBUG] global_step_160: not cleaning (latest non-empty checkpoint)
2026-03-02 20:24:54,886 [DEBUG] Sleeping 300.0s until next poll
2026-03-02 20:29:54,980 [DEBUG] No new checkpoints to backup (already backed up: [160])
2026-03-02 20:29:54,980 [DEBUG] global_step_160: not cleaning (latest non-empty checkpoint)
2026-03-02 20:29:54,980 [DEBUG] Sleeping 300.0s until next poll
2026-03-02 20:34:55,078 [DEBUG] No new checkpoints to backup (already backed up: [160])
2026-03-02 20:34:55,079 [DEBUG] global_step_160: not cleaning (latest non-empty checkpoint)
2026-03-02 20:34:55,079 [DEBUG] Sleeping 300.0s until next poll
2026-03-02 20:39:55,178 [DEBUG] No new checkpoints to backup (already backed up: [160])
2026-03-02 20:39:55,178 [DEBUG] global_step_160: not cleaning (latest non-empty checkpoint)
2026-03-02 20:39:55,178 [DEBUG] Sleeping 300.0s until next poll
2026-03-02 20:44:55,277 [DEBUG] No new checkpoints to backup (already backed up: [160])
2026-03-02 20:44:55,277 [DEBUG] global_step_160: not cleaning (latest non-empty checkpoint)
2026-03-02 20:44:55,277 [DEBUG] Sleeping 300.0s until next poll
2026-03-02 20:49:55,364 [DEBUG] No new checkpoints to backup (already backed up: [160])
2026-03-02 20:49:55,365 [DEBUG] global_step_160: not cleaning (latest non-empty checkpoint)
2026-03-02 20:49:55,365 [DEBUG] Sleeping 300.0s until next poll
2026-03-02 20:54:55,465 [DEBUG] No new checkpoints to backup (already backed up: [160])
2026-03-02 20:54:55,465 [DEBUG] global_step_160: not cleaning (latest non-empty checkpoint)
2026-03-02 20:54:55,465 [DEBUG] Sleeping 300.0s until next poll
2026-03-02 20:59:55,565 [DEBUG] No new checkpoints to backup (already backed up: [160])
2026-03-02 20:59:55,565 [DEBUG] global_step_160: not cleaning (latest non-empty checkpoint)
2026-03-02 20:59:55,565 [DEBUG] Sleeping 300.0s until next poll
2026-03-02 21:04:55,662 [DEBUG] No new checkpoints to backup (already backed up: [160])
2026-03-02 21:04:55,662 [DEBUG] global_step_160: not cleaning (latest non-empty checkpoint)
2026-03-02 21:04:55,662 [DEBUG] Sleeping 300.0s until next poll
2026-03-02 21:09:55,759 [DEBUG] No new checkpoints to backup (already backed up: [160])
2026-03-02 21:09:55,759 [DEBUG] global_step_160: not cleaning (latest non-empty checkpoint)
2026-03-02 21:09:55,759 [DEBUG] Sleeping 300.0s until next poll
2026-03-02 21:14:55,859 [DEBUG] No new checkpoints to backup (already backed up: [160])
2026-03-02 21:14:55,859 [DEBUG] global_step_160: not cleaning (latest non-empty checkpoint)
2026-03-02 21:14:55,859 [DEBUG] Sleeping 300.0s until next poll
2026-03-02 21:19:55,952 [DEBUG] No new checkpoints to backup (already backed up: [160])
2026-03-02 21:19:55,952 [DEBUG] global_step_160: not cleaning (latest non-empty checkpoint)
2026-03-02 21:19:55,952 [DEBUG] Sleeping 300.0s until next poll
2026-03-02 21:24:56,040 [DEBUG] No new checkpoints to backup (already backed up: [160])
2026-03-02 21:24:56,040 [DEBUG] global_step_160: not cleaning (latest non-empty checkpoint)
2026-03-02 21:24:56,040 [DEBUG] Sleeping 300.0s until next poll
2026-03-02 21:29:56,140 [DEBUG] No new checkpoints to backup (already backed up: [160])
2026-03-02 21:29:56,140 [DEBUG] global_step_160: not cleaning (latest non-empty checkpoint)
2026-03-02 21:29:56,140 [DEBUG] Sleeping 300.0s until next poll
2026-03-02 21:34:56,238 [DEBUG] No new checkpoints to backup (already backed up: [160])
2026-03-02 21:34:56,238 [DEBUG] global_step_160: not cleaning (latest non-empty checkpoint)
2026-03-02 21:34:56,238 [DEBUG] Sleeping 300.0s until next poll
2026-03-02 21:39:56,336 [DEBUG] No new checkpoints to backup (already backed up: [160])
2026-03-02 21:39:56,337 [DEBUG] global_step_160: not cleaning (latest non-empty checkpoint)
2026-03-02 21:39:56,337 [DEBUG] Sleeping 300.0s until next poll
2026-03-02 21:44:56,435 [DEBUG] No new checkpoints to backup (already backed up: [160])
2026-03-02 21:44:56,436 [DEBUG] global_step_160: not cleaning (latest non-empty checkpoint)
2026-03-02 21:44:56,436 [DEBUG] Sleeping 300.0s until next poll
2026-03-02 21:49:56,534 [DEBUG] No new checkpoints to backup (already backed up: [160])
2026-03-02 21:49:56,534 [DEBUG] global_step_160: not cleaning (latest non-empty checkpoint)
2026-03-02 21:49:56,534 [DEBUG] Sleeping 300.0s until next poll
2026-03-02 21:54:56,634 [INFO] New complete checkpoints to backup: [200]
2026-03-02 21:54:56,634 [INFO] Running: dvc add logs/VerlRun/03/02/cont_cont_hidden_biomath_qwen3_4bi_22_23_2sow1vlx/checkpoints/global_step_200
2026-03-02 21:55:40,369 [DEBUG] dvc add stdout: 
2026-03-02 21:55:40,369 [INFO] Running: dvc push logs/VerlRun/03/02/cont_cont_hidden_biomath_qwen3_4bi_22_23_2sow1vlx/checkpoints/global_step_200.dvc
2026-03-02 21:55:45,170 [INFO] dvc push complete for global_step_200: Everything is up to date.
2026-03-02 21:55:45,170 [INFO] Verifying backup: dvc status --cloud logs/VerlRun/03/02/cont_cont_hidden_biomath_qwen3_4bi_22_23_2sow1vlx/checkpoints/global_step_200.dvc
2026-03-02 21:55:47,785 [INFO] global_step_200: backup confirmed
2026-03-02 21:55:47,786 [INFO] Running: dvc gc --not-in-remote -w -f -v
2026-03-02 21:56:46,146 [INFO] dvc gc complete: 2026-03-03 02:55:47,879 DEBUG: v3.66.1 (conda), CPython 3.10.19 on Linux-5.15.0-170-generic-x86_64-with-glibc2.35
2026-03-03 02:55:47,879 DEBUG: command: /home/matan/shared/.conda/envs/hope/bin/dvc gc --not-in-remote -w -f -v
2026-03-03 02:55:48,391 DEBUG: Preparing to transfer data from 's3://matan-ml-exp-bucket/dvc-storage/files/md5' to '/shared/matan/code/pass_at_k/.dvc/cache/files/md5'
2026-03-03 02:55:48,392 DEBUG: Preparing to collect status from '/shared/matan/code/pass_at_k/.dvc/cache/files/md5'
2026-03-03 02:55:48,392 DEBUG: Collecting status from '/shared/matan/code/pass_at_k/.dvc/cache/files/md5'
2026-03-03 02:55:48,392 DEBUG: Preparing to collect status from 'matan-ml-exp-bucket/dvc-storage/files/md5'
2026-03-03 02:55:48,393 DEBUG: Collecting status from 'matan-ml-exp-bucket/dvc-storage/files/md5'
2026-03-03 02:55:48,405 DEBUG: Querying 17 oids via object_exists
2026-03-03 02:55:49,373 DEBUG: Querying 0 oids via object_exists
2026-03-03 02:55:50,526 DEBUG: transfer dir: md5: 57e6ad92d563948f0c4f40fef99c2180.dir with 0 files
2026-03-03 02:55:50,817 DEBUG: Preparing to transfer data from 's3://matan-ml-exp-bucket/dvc-storage/files/md5' to '/shared/matan/code/pass_at_k/.dvc/cache/files/md5'
2026-03-03 02:55:50,817 DEBUG: Preparing to collect status from '/shared/matan/code/pass_at_k/.dvc/cache/files/md5'
2026-03-03 02:55:50,817 DEBUG: Collecting status from '/shared/matan/code/pass_at_k/.dvc/cache/files/md5'
2026-03-03 02:55:50,817 DEBUG: Preparing to collect status from 'matan-ml-exp-bucket/dvc-storage/files/md5'
2026-03-03 02:55:50,818 DEBUG: Collecting status from 'matan-ml-exp-bucket/dvc-storage/files/md5'
2026-03-03 02:55:50,831 DEBUG: Querying 17 oids via object_exists
2026-03-03 02:55:51,664 DEBUG: Querying 0 oids via object_exists
2026-03-03 02:55:52,702 DEBUG: transfer dir: md5: 1ecec8f86b36d5ec2eb58ff74a55e9f7.dir with 0 files
2026-03-03 02:55:53,025 DEBUG: Preparing to transfer data from 's3://matan-ml-exp-bucket/dvc-storage/files/md5' to '/shared/matan/code/pass_at_k/.dvc/cache/files/md5'
2026-03-03 02:55:53,025 DEBUG: Preparing to collect status from '/shared/matan/code/pass_at_k/.dvc/cache/files/md5'
2026-03-03 02:55:53,025 DEBUG: Collecting status from '/shared/matan/code/pass_at_k/.dvc/cache/files/md5'
2026-03-03 02:55:53,025 DEBUG: Preparing to collect status from 'matan-ml-exp-bucket/dvc-storage/files/md5'
2026-03-03 02:55:53,025 DEBUG: Collecting status from 'matan-ml-exp-bucket/dvc-storage/files/md5'
2026-03-03 02:55:53,039 DEBUG: Querying 17 oids via object_exists
2026-03-03 02:55:53,811 DEBUG: Querying 0 oids via object_exists
2026-03-03 02:55:54,807 DEBUG: transfer dir: md5: ec6ff6278ba9ba95ba78bdbe4e117fa4.dir with 0 files
2026-03-03 02:55:54,987 DEBUG: Preparing to transfer data from 's3://matan-ml-exp-bucket/dvc-storage/files/md5' to '/shared/matan/code/pass_at_k/.dvc/cache/files/md5'
2026-03-03 02:55:54,987 DEBUG: Preparing to collect status from '/shared/matan/code/pass_at_k/.dvc/cache/files/md5'
2026-03-03 02:55:54,987 DEBUG: Collecting status from '/shared/matan/code/pass_at_k/.dvc/cache/files/md5'
2026-03-03 02:55:54,987 DEBUG: Preparing to collect status from 'matan-ml-exp-bucket/dvc-storage/files/md5'
2026-03-03 02:55:54,987 DEBUG: Collecting status from 'matan-ml-exp-bucket/dvc-storage/files/md5'
2026-03-03 02:55:55,001 DEBUG: Querying 17 oids via object_exists
2026-03-03 02:55:55,835 DEBUG: Querying 0 oids via object_exists
2026-03-03 02:55:56,799 DEBUG: transfer dir: md5: 607971874a7d57b6b0978f811b4c26a2.dir with 0 files
2026-03-03 02:55:56,968 DEBUG: Preparing to transfer data from 's3://matan-ml-exp-bucket/dvc-storage/files/md5' to '/shared/matan/code/pass_at_k/.dvc/cache/files/md5'
2026-03-03 02:55:56,969 DEBUG: Preparing to collect status from '/shared/matan/code/pass_at_k/.dvc/cache/files/md5'
2026-03-03 02:55:56,969 DEBUG: Collecting status from '/shared/matan/code/pass_at_k/.dvc/cache/files/md5'
2026-03-03 02:55:56,969 DEBUG: Preparing to collect status from 'matan-ml-exp-bucket/dvc-storage/files/md5'
2026-03-03 02:55:56,969 DEBUG: Collecting status from 'matan-ml-exp-bucket/dvc-storage/files/md5'
2026-03-03 02:55:56,982 DEBUG: Querying 17 oids via object_exists
2026-03-03 02:55:57,596 DEBUG: Querying 0 oids via object_exists
2026-03-03 02:55:58,292 DEBUG: transfer dir: md5: 5959d041bbc0cd2361ed38d105f7e9eb.dir with 0 files
2026-03-03 02:55:58,462 DEBUG: Preparing to transfer data from 's3://matan-ml-exp-bucket/dvc-storage/files/md5' to '/shared/matan/code/pass_at_k/.dvc/cache/files/md5'
2026-03-03 02:55:58,462 DEBUG: Preparing to collect status from '/shared/matan/code/pass_at_k/.dvc/cache/files/md5'
2026-03-03 02:55:58,462 DEBUG: Collecting status from '/shared/matan/code/pass_at_k/.dvc/cache/files/md5'
2026-03-03 02:55:58,463 DEBUG: Preparing to collect status from 'matan-ml-exp-bucket/dvc-storage/files/md5'
2026-03-03 02:55:58,463 DEBUG: Collecting status from 'matan-ml-exp-bucket/dvc-storage/files/md5'
2026-03-03 02:55:58,477 DEBUG: Querying 17 oids via object_exists
2026-03-03 02:55:59,242 DEBUG: Querying 0 oids via object_exists
2026-03-03 02:56:00,177 DEBUG: transfer dir: md5: d1880853e66b0d64341b53536129addb.dir with 0 files
2026-03-03 02:56:00,345 DEBUG: Preparing to transfer data from 's3://matan-ml-exp-bucket/dvc-storage/files/md5' to '/shared/matan/code/pass_at_k/.dvc/cache/files/md5'
2026-03-03 02:56:00,345 DEBUG: Preparing to collect status from '/shared/matan/code/pass_at_k/.dvc/cache/files/md5'
2026-03-03 02:56:00,345 DEBUG: Collecting status from '/shared/matan/code/pass_at_k/.dvc/cache/files/md5'
2026-03-03 02:56:00,345 DEBUG: Preparing to collect status from 'matan-ml-exp-bucket/dvc-storage/files/md5'
2026-03-03 02:56:00,345 DEBUG: Collecting status from 'matan-ml-exp-bucket/dvc-storage/files/md5'
2026-03-03 02:56:00,357 DEBUG: Querying 17 oids via object_exists
2026-03-03 02:56:01,198 DEBUG: Querying 0 oids via object_exists
2026-03-03 02:56:02,132 DEBUG: transfer dir: md5: 8fcfcfe22919b719bf63ca8f9df092aa.dir with 0 files
2026-03-03 02:56:02,314 DEBUG: Preparing to transfer data from 's3://matan-ml-exp-bucket/dvc-storage/files/md5' to '/shared/matan/code/pass_at_k/.dvc/cache/files/md5'
2026-03-03 02:56:02,314 DEBUG: Preparing to collect status from '/shared/matan/code/pass_at_k/.dvc/cache/files/md5'
2026-03-03 02:56:02,315 DEBUG: Collecting status from '/shared/matan/code/pass_at_k/.dvc/cache/files/md5'
2026-03-03 02:56:02,315 DEBUG: Preparing to collect status from 'matan-ml-exp-bucket/dvc-storage/files/md5'
2026-03-03 02:56:02,315 DEBUG: Collecting status from 'matan-ml-exp-bucket/dvc-storage/files/md5'
2026-03-03 02:56:02,328 DEBUG: Querying 17 oids via object_exists
2026-03-03 02:56:03,092 DEBUG: Querying 1 oids via object_exists
2026-03-03 02:56:03,709 DEBUG: Querying 1 oids via object_exists
2026-03-03 02:56:04,181 DEBUG: Preparing to transfer data from 's3://matan-ml-exp-bucket/dvc-storage/files/md5' to '/shared/matan/code/pass_at_k/.dvc/cache/files/md5'
2026-03-03 02:56:04,182 DEBUG: Preparing to collect status from '/shared/matan/code/pass_at_k/.dvc/cache/files/md5'
2026-03-03 02:56:04,182 DEBUG: Collecting status from '/shared/matan/code/pass_at_k/.dvc/cache/files/md5'
2026-03-03 02:56:04,182 DEBUG: Preparing to collect status from 'matan-ml-exp-bucket/dvc-storage/files/md5'
2026-03-03 02:56:04,182 DEBUG: Collecting status from 'matan-ml-exp-bucket/dvc-storage/files/md5'
2026-03-03 02:56:04,195 DEBUG: Querying 17 oids via object_exists
2026-03-03 02:56:05,098 DEBUG: Querying 0 oids via object_exists
2026-03-03 02:56:06,022 DEBUG: transfer dir: md5: 3a06c151f5094085f299441e8e754e89.dir with 0 files
2026-03-03 02:56:06,191 DEBUG: Preparing to transfer data from 's3://matan-ml-exp-bucket/dvc-storage/files/md5' to '/shared/matan/code/pass_at_k/.dvc/cache/files/md5'
2026-03-03 02:56:06,191 DEBUG: Preparing to collect status from '/shared/matan/code/pass_at_k/.dvc/cache/files/md5'
2026-03-03 02:56:06,191 DEBUG: Collecting status from '/shared/matan/code/pass_at_k/.dvc/cache/files/md5'
2026-03-03 02:56:06,191 DEBUG: Preparing to collect status from 'matan-ml-exp-bucket/dvc-storage/files/md5'
2026-03-03 02:56:06,191 DEBUG: Collecting status from 'matan-ml-exp-bucket/dvc-storage/files/md5'
2026-03-03 02:56:06,205 DEBUG: Querying 17 oids via object_exists
2026-03-03 02:56:06,970 DEBUG: Querying 0 oids via object_exists
2026-03-03 02:56:08,080 DEBUG: transfer dir: md5: 23e4c21324a93f04221a77a6b826c122.dir with 0 files
2026-03-03 02:56:08,406 DEBUG: Preparing to transfer data from 's3://matan-ml-exp-bucket/dvc-storage/files/md5' to '/shared/matan/code/pass_at_k/.dvc/cache/files/md5'
2026-03-03 02:56:08,406 DEBUG: Preparing to collect status from '/shared/matan/code/pass_at_k/.dvc/cache/files/md5'
2026-03-03 02:56:08,406 DEBUG: Collecting status from '/shared/matan/code/pass_at_k/.dvc/cache/files/md5'
2026-03-03 02:56:08,406 DEBUG: Preparing to collect status from 'matan-ml-exp-bucket/dvc-storage/files/md5'
2026-03-03 02:56:08,406 DEBUG: Collecting status from 'matan-ml-exp-bucket/dvc-storage/files/md5'
2026-03-03 02:56:08,419 DEBUG: Querying 17 oids via object_exists
2026-03-03 02:56:09,263 DEBUG: Querying 0 oids via object_exists
2026-03-03 02:56:10,341 DEBUG: transfer dir: md5: a0784a19a4eff25fac6d848fece99fae.dir with 0 files
2026-03-03 02:56:10,515 DEBUG: Preparing to transfer data from 's3://matan-ml-exp-bucket/dvc-storage/files/md5' to '/shared/matan/code/pass_at_k/.dvc/cache/files/md5'
2026-03-03 02:56:10,515 DEBUG: Preparing to collect status from '/shared/matan/code/pass_at_k/.dvc/cache/files/md5'
2026-03-03 02:56:10,515 DEBUG: Collecting status from '/shared/matan/code/pass_at_k/.dvc/cache/files/md5'
2026-03-03 02:56:10,515 DEBUG: Preparing to collect status from 'matan-ml-exp-bucket/dvc-storage/files/md5'
2026-03-03 02:56:10,515 DEBUG: Collecting status from 'matan-ml-exp-bucket/dvc-storage/files/md5'
2026-03-03 02:56:10,529 DEBUG: Querying 17 oids via object_exists
2026-03-03 02:56:11,291 DEBUG: Querying 0 oids via object_exists
2026-03-03 02:56:12,142 DEBUG: transfer dir: md5: bf3dcf169deacee4a24a66b7626c92f0.dir with 0 files
2026-03-03 02:56:12,317 DEBUG: Preparing to transfer data from 's3://matan-ml-exp-bucket/dvc-storage/files/md5' to '/shared/matan/code/pass_at_k/.dvc/cache/files/md5'
2026-03-03 02:56:12,317 DEBUG: Preparing to collect status from '/shared/matan/code/pass_at_k/.dvc/cache/files/md5'
2026-03-03 02:56:12,317 DEBUG: Collecting status from '/shared/matan/code/pass_at_k/.dvc/cache/files/md5'
2026-03-03 02:56:12,317 DEBUG: Preparing to collect status from 'matan-ml-exp-bucket/dvc-storage/files/md5'
2026-03-03 02:56:12,317 DEBUG: Collecting status from 'matan-ml-exp-bucket/dvc-storage/files/md5'
2026-03-03 02:56:12,335 DEBUG: Querying 17 oids via object_exists
2026-03-03 02:56:13,006 DEBUG: Querying 0 oids via object_exists
2026-03-03 02:56:13,811 DEBUG: transfer dir: md5: 8dfd9c8929831bdc095aae666029e776.dir with 0 files
2026-03-03 02:56:14,127 DEBUG: Preparing to transfer data from 's3://matan-ml-exp-bucket/dvc-storage/files/md5' to '/shared/matan/code/pass_at_k/.dvc/cache/files/md5'
2026-03-03 02:56:14,127 DEBUG: Preparing to collect status from '/shared/matan/code/pass_at_k/.dvc/cache/files/md5'
2026-03-03 02:56:14,127 DEBUG: Collecting status from '/shared/matan/code/pass_at_k/.dvc/cache/files/md5'
2026-03-03 02:56:14,127 DEBUG: Preparing to collect status from 'matan-ml-exp-bucket/dvc-storage/files/md5'
2026-03-03 02:56:14,127 DEBUG: Collecting status from 'matan-ml-exp-bucket/dvc-storage/files/md5'
2026-03-03 02:56:14,139 DEBUG: Querying 17 oids via object_exists
2026-03-03 02:56:14,940 DEBUG: Querying 1 oids via object_exists
2026-03-03 02:56:15,747 DEBUG: Indexing new .dir '4e8b96e50034a5166c00668dad306d99.dir' with '23' nested files
2026-03-03 02:56:16,207 DEBUG: transfer dir: md5: 4e8b96e50034a5166c00668dad306d99.dir with 0 files
2026-03-03 02:56:16,516 DEBUG: Preparing to transfer data from 's3://matan-ml-exp-bucket/dvc-storage/files/md5' to '/shared/matan/code/pass_at_k/.dvc/cache/files/md5'
2026-03-03 02:56:16,516 DEBUG: Preparing to collect status from '/shared/matan/code/pass_at_k/.dvc/cache/files/md5'
2026-03-03 02:56:16,516 DEBUG: Collecting status from '/shared/matan/code/pass_at_k/.dvc/cache/files/md5'
2026-03-03 02:56:16,516 DEBUG: Preparing to collect status from 'matan-ml-exp-bucket/dvc-storage/files/md5'
2026-03-03 02:56:16,516 DEBUG: Collecting status from 'matan-ml-exp-bucket/dvc-storage/files/md5'
2026-03-03 02:56:16,529 DEBUG: Querying 18 oids via object_exists
2026-03-03 02:56:17,313 DEBUG: Querying 1 oids via object_exists
2026-03-03 02:56:18,218 DEBUG: Indexing new .dir 'd34c5d1cb7b8744b2ec8837be0b410f3.dir' with '23' nested files
2026-03-03 02:56:18,535 DEBUG: transfer dir: md5: d34c5d1cb7b8744b2ec8837be0b410f3.dir with 0 files
2026-03-03 02:56:18,691 DEBUG: Preparing to transfer data from 's3://matan-ml-exp-bucket/dvc-storage/files/md5' to '/shared/matan/code/pass_at_k/.dvc/cache/files/md5'
2026-03-03 02:56:18,691 DEBUG: Preparing to collect status from '/shared/matan/code/pass_at_k/.dvc/cache/files/md5'
2026-03-03 02:56:18,691 DEBUG: Collecting status from '/shared/matan/code/pass_at_k/.dvc/cache/files/md5'
2026-03-03 02:56:18,691 DEBUG: Preparing to collect status from 'matan-ml-exp-bucket/dvc-storage/files/md5'
2026-03-03 02:56:18,691 DEBUG: Collecting status from 'matan-ml-exp-bucket/dvc-storage/files/md5'
2026-03-03 02:56:18,704 DEBUG: Querying 19 oids via object_exists
2026-03-03 02:56:19,605 DEBUG: Querying 1 oids via object_exists
2026-03-03 02:56:19,909 DEBUG: Querying 1 oids via object_exists
2026-03-03 02:56:20,242 DEBUG: Preparing to transfer data from 's3://matan-ml-exp-bucket/dvc-storage/files/md5' to '/shared/matan/code/pass_at_k/.dvc/cache/files/md5'
2026-03-03 02:56:20,242 DEBUG: Preparing to collect status from '/shared/matan/code/pass_at_k/.dvc/cache/files/md5'
2026-03-03 02:56:20,242 DEBUG: Collecting status from '/shared/matan/code/pass_at_k/.dvc/cache/files/md5'
2026-03-03 02:56:20,242 DEBUG: Preparing to collect status from 'matan-ml-exp-bucket/dvc-storage/files/md5'
2026-03-03 02:56:20,242 DEBUG: Collecting status from 'matan-ml-exp-bucket/dvc-storage/files/md5'
2026-03-03 02:56:20,256 DEBUG: Querying 19 oids via object_exists
2026-03-03 02:56:21,032 DEBUG: Querying 1 oids via object_exists
2026-03-03 02:56:21,493 DEBUG: Querying 1 oids via object_exists
2026-03-03 02:56:21,800 DEBUG: Querying 310 oids via object_exists
2026-03-03 02:56:27,220 DEBUG: Querying 310 oids via object_exists
2026-03-03 02:56:45,139 DEBUG: Estimated remote size: 256 files
2026-03-03 02:56:45,140 DEBUG: Removing '/shared/matan/code/pass_at_k/.dvc/cache/files/md5/57/e6ad92d563948f0c4f40fef99c2180.dir.unpacked'
2026-03-03 02:56:45,141 DEBUG: Removing '/shared/matan/code/pass_at_k/.dvc/cache/files/md5/d1/880853e66b0d64341b53536129addb.dir.unpacked'
2026-03-03 02:56:45,142 DEBUG: Removing '/shared/matan/code/pass_at_k/.dvc/cache/files/md5/59/59d041bbc0cd2361ed38d105f7e9eb.dir.unpacked'
2026-03-03 02:56:45,142 DEBUG: Removing '/shared/matan/code/pass_at_k/.dvc/cache/files/md5/8f/cfcfe22919b719bf63ca8f9df092aa.dir.unpacked'
2026-03-03 02:56:45,143 DEBUG: Removing '/shared/matan/code/pass_at_k/.dvc/cache/files/md5/d3/4c5d1cb7b8744b2ec8837be0b410f3.dir.unpacked'
2026-03-03 02:56:45,143 DEBUG: Removing '/shared/matan/code/pass_at_k/.dvc/cache/files/md5/bf/3dcf169deacee4a24a66b7626c92f0.dir.unpacked'
2026-03-03 02:56:45,143 DEBUG: Removing '/shared/matan/code/pass_at_k/.dvc/cache/files/md5/60/7971874a7d57b6b0978f811b4c26a2.dir.unpacked'
2026-03-03 02:56:45,143 DEBUG: Removing '/shared/matan/code/pass_at_k/.dvc/cache/files/md5/ec/6ff6278ba9ba95ba78bdbe4e117fa4.dir.unpacked'
2026-03-03 02:56:45,144 DEBUG: Removing '/shared/matan/code/pass_at_k/.dvc/cache/files/md5/1e/cec8f86b36d5ec2eb58ff74a55e9f7.dir.unpacked'
2026-03-03 02:56:45,144 DEBUG: Removing '/shared/matan/code/pass_at_k/.dvc/cache/files/md5/3a/06c151f5094085f299441e8e754e89.dir.unpacked'
2026-03-03 02:56:45,144 DEBUG: Removing '/shared/matan/code/pass_at_k/.dvc/cache/files/md5/4e/8b96e50034a5166c00668dad306d99.dir.unpacked'
2026-03-03 02:56:45,144 DEBUG: Removing '/shared/matan/code/pass_at_k/.dvc/cache/files/md5/8d/fd9c8929831bdc095aae666029e776.dir.unpacked'
2026-03-03 02:56:45,144 DEBUG: Removing '/shared/matan/code/pass_at_k/.dvc/cache/files/md5/a0/784a19a4eff25fac6d848fece99fae.dir.unpacked'
2026-03-03 02:56:45,145 DEBUG: Removing '/shared/matan/code/pass_at_k/.dvc/cache/files/md5/23/e4c21324a93f04221a77a6b826c122.dir.unpacked'
2026-03-03 02:56:45,145 DEBUG: Removing '/shared/matan/code/pass_at_k/.dvc/cache/files/md5/57/e6ad92d563948f0c4f40fef99c2180.dir'
2026-03-03 02:56:45,145 DEBUG: Removing '/shared/matan/code/pass_at_k/.dvc/cache/files/md5/d1/880853e66b0d64341b53536129addb.dir'
2026-03-03 02:56:45,145 DEBUG: Removing '/shared/matan/code/pass_at_k/.dvc/cache/files/md5/59/59d041bbc0cd2361ed38d105f7e9eb.dir'
2026-03-03 02:56:45,145 DEBUG: Removing '/shared/matan/code/pass_at_k/.dvc/cache/files/md5/8f/cfcfe22919b719bf63ca8f9df092aa.dir'
2026-03-03 02:56:45,145 DEBUG: Removing '/shared/matan/code/pass_at_k/.dvc/cache/files/md5/d3/4c5d1cb7b8744b2ec8837be0b410f3.dir'
2026-03-03 02:56:45,145 DEBUG: Removing '/shared/matan/code/pass_at_k/.dvc/cache/files/md5/bf/3dcf169deacee4a24a66b7626c92f0.dir'
2026-03-03 02:56:45,145 DEBUG: Removing '/shared/matan/code/pass_at_k/.dvc/cache/files/md5/60/7971874a7d57b6b0978f811b4c26a2.dir'
2026-03-03 02:56:45,145 DEBUG: Removing '/shared/matan/code/pass_at_k/.dvc/cache/files/md5/ec/6ff6278ba9ba95ba78bdbe4e117fa4.dir'
2026-03-03 02:56:45,145 DEBUG: Removing '/shared/matan/code/pass_at_k/.dvc/cache/files/md5/1e/cec8f86b36d5ec2eb58ff74a55e9f7.dir'
2026-03-03 02:56:45,146 DEBUG: Removing '/shared/matan/code/pass_at_k/.dvc/cache/files/md5/3a/06c151f5094085f299441e8e754e89.dir'
2026-03-03 02:56:45,146 DEBUG: Removing '/shared/matan/code/pass_at_k/.dvc/cache/files/md5/4e/8b96e50034a5166c00668dad306d99.dir'
2026-03-03 02:56:45,146 DEBUG: Removing '/shared/matan/code/pass_at_k/.dvc/cache/files/md5/8d/fd9c8929831bdc095aae666029e776.dir'
2026-03-03 02:56:45,146 DEBUG: Removing '/shared/matan/code/pass_at_k/.dvc/cache/files/md5/a0/784a19a4eff25fac6d848fece99fae.dir'
2026-03-03 02:56:45,146 DEBUG: Removing '/shared/matan/code/pass_at_k/.dvc/cache/files/md5/23/e4c21324a93f04221a77a6b826c122.dir'
2026-03-03 02:56:45,146 DEBUG: Removing '/shared/matan/code/pass_at_k/.dvc/cache/files/md5/15/ecfbb7a9aedf43bd7271dda6e3d2eb'
2026-03-03 02:56:45,146 DEBUG: Removing '/shared/matan/code/pass_at_k/.dvc/cache/files/md5/b6/d904195407d983ca67b3d2d34ab5a4'
2026-03-03 02:56:45,690 DEBUG: Removing '/shared/matan/code/pass_at_k/.dvc/cache/files/md5/8b/9d46642e0e22e973150086fb43c0df'
Removed 17 objects from repo cache.
2026-03-03 02:56:45,691 DEBUG: Estimated remote size: 256 files
No unused 'legacy' cache to remove.
2026-03-03 02:56:45,709 DEBUG: Analytics is enabled.
2026-03-03 02:56:45,769 DEBUG: Trying to spawn ['daemon', 'analytics', '/tmp/tmp9a99dfcm', '-v']
2026-03-03 02:56:45,780 DEBUG: Spawned ['daemon', 'analytics', '/tmp/tmp9a99dfcm', '-v'] with pid 1655111
2026-03-02 21:56:51,242 [INFO] Cleaned global_step_160 (kept empty dir as marker)
2026-03-02 21:56:51,242 [DEBUG] global_step_200: not cleaning (latest non-empty checkpoint)
2026-03-02 21:56:51,243 [DEBUG] Sleeping 300.0s until next poll
2026-03-02 22:01:51,284 [DEBUG] No new checkpoints to backup (already backed up: [160, 200])
2026-03-02 22:01:51,284 [DEBUG] global_step_200: not cleaning (latest non-empty checkpoint)
2026-03-02 22:01:51,284 [DEBUG] Sleeping 300.0s until next poll
2026-03-02 22:06:51,384 [DEBUG] No new checkpoints to backup (already backed up: [160, 200])
2026-03-02 22:06:51,384 [DEBUG] global_step_200: not cleaning (latest non-empty checkpoint)
2026-03-02 22:06:51,384 [DEBUG] Sleeping 300.0s until next poll
2026-03-02 22:11:51,484 [DEBUG] No new checkpoints to backup (already backed up: [160, 200])
2026-03-02 22:11:51,485 [DEBUG] global_step_200: not cleaning (latest non-empty checkpoint)
2026-03-02 22:11:51,485 [DEBUG] Sleeping 300.0s until next poll
2026-03-02 22:16:51,582 [DEBUG] No new checkpoints to backup (already backed up: [160, 200])
2026-03-02 22:16:51,582 [DEBUG] global_step_200: not cleaning (latest non-empty checkpoint)
2026-03-02 22:16:51,582 [DEBUG] Sleeping 300.0s until next poll
2026-03-02 22:21:51,682 [DEBUG] No new checkpoints to backup (already backed up: [160, 200])
2026-03-02 22:21:51,683 [DEBUG] global_step_200: not cleaning (latest non-empty checkpoint)
2026-03-02 22:21:51,683 [DEBUG] Sleeping 300.0s until next poll
2026-03-02 22:26:51,780 [DEBUG] No new checkpoints to backup (already backed up: [160, 200])
2026-03-02 22:26:51,780 [DEBUG] global_step_200: not cleaning (latest non-empty checkpoint)
2026-03-02 22:26:51,780 [DEBUG] Sleeping 300.0s until next poll
2026-03-02 22:31:51,879 [DEBUG] No new checkpoints to backup (already backed up: [160, 200])
2026-03-02 22:31:51,880 [DEBUG] global_step_200: not cleaning (latest non-empty checkpoint)
2026-03-02 22:31:51,880 [DEBUG] Sleeping 300.0s until next poll
2026-03-02 22:36:51,977 [DEBUG] No new checkpoints to backup (already backed up: [160, 200])
2026-03-02 22:36:51,978 [DEBUG] global_step_200: not cleaning (latest non-empty checkpoint)
2026-03-02 22:36:51,978 [DEBUG] Sleeping 300.0s until next poll
