2026-03-01 13:12:28,574 [INFO] ============================================================
2026-03-01 13:12:28,575 [INFO] Checkpoint daemon started
2026-03-01 13:12:28,575 [INFO]   run_dir:            /shared/matan/code/pass_at_k/logs/VerlRun/03/01/hidden_biomath_qwen3_4bi_18_12_zbvd2l2n
2026-03-01 13:12:28,575 [INFO]   verl_pid:           2845505
2026-03-01 13:12:28,575 [INFO]   poll_interval:      300.0s
2026-03-01 13:12:28,575 [INFO]   clean_after_backup: True
2026-03-01 13:12:28,584 [INFO]   dvc_root:           /shared/matan/code/pass_at_k
2026-03-01 13:12:28,584 [INFO] ============================================================
2026-03-01 13:12:28,595 [DEBUG] No non-empty checkpoints found
2026-03-01 13:12:28,595 [DEBUG] Sleeping 300.0s until next poll
2026-03-01 13:17:28,700 [DEBUG] No non-empty checkpoints found
2026-03-01 13:17:28,702 [DEBUG] Sleeping 300.0s until next poll
2026-03-01 13:22:28,816 [DEBUG] No non-empty checkpoints found
2026-03-01 13:22:28,817 [DEBUG] Sleeping 300.0s until next poll
2026-03-01 13:27:28,919 [DEBUG] No non-empty checkpoints found
2026-03-01 13:27:28,921 [DEBUG] Sleeping 300.0s until next poll
2026-03-01 13:32:29,032 [DEBUG] No non-empty checkpoints found
2026-03-01 13:32:29,034 [DEBUG] Sleeping 300.0s until next poll
2026-03-01 13:37:29,148 [DEBUG] No non-empty checkpoints found
2026-03-01 13:37:29,150 [DEBUG] Sleeping 300.0s until next poll
2026-03-01 13:42:29,253 [DEBUG] No non-empty checkpoints found
2026-03-01 13:42:29,255 [DEBUG] Sleeping 300.0s until next poll
2026-03-01 13:47:29,353 [DEBUG] No non-empty checkpoints found
2026-03-01 13:47:29,355 [DEBUG] Sleeping 300.0s until next poll
2026-03-01 13:52:29,468 [DEBUG] No non-empty checkpoints found
2026-03-01 13:52:29,470 [DEBUG] Sleeping 300.0s until next poll
2026-03-01 13:57:29,572 [DEBUG] No non-empty checkpoints found
2026-03-01 13:57:29,575 [DEBUG] Sleeping 300.0s until next poll
2026-03-01 14:02:29,680 [DEBUG] No non-empty checkpoints found
2026-03-01 14:02:29,683 [DEBUG] Sleeping 300.0s until next poll
2026-03-01 14:07:29,795 [DEBUG] No non-empty checkpoints found
2026-03-01 14:07:29,796 [DEBUG] Sleeping 300.0s until next poll
2026-03-01 14:12:29,914 [DEBUG] No non-empty checkpoints found
2026-03-01 14:12:29,916 [DEBUG] Sleeping 300.0s until next poll
2026-03-01 14:17:30,016 [DEBUG] No non-empty checkpoints found
2026-03-01 14:17:30,018 [DEBUG] Sleeping 300.0s until next poll
2026-03-01 14:22:30,127 [DEBUG] No non-empty checkpoints found
2026-03-01 14:22:30,129 [DEBUG] Sleeping 300.0s until next poll
2026-03-01 14:27:30,236 [DEBUG] No non-empty checkpoints found
2026-03-01 14:27:30,238 [DEBUG] Sleeping 300.0s until next poll
2026-03-01 14:32:30,344 [DEBUG] No non-empty checkpoints found
2026-03-01 14:32:30,346 [DEBUG] Sleeping 300.0s until next poll
2026-03-01 14:37:30,449 [DEBUG] No non-empty checkpoints found
2026-03-01 14:37:30,450 [DEBUG] Sleeping 300.0s until next poll
2026-03-01 14:42:30,560 [DEBUG] No non-empty checkpoints found
2026-03-01 14:42:30,561 [DEBUG] Sleeping 300.0s until next poll
2026-03-01 14:47:30,960 [DEBUG] No non-empty checkpoints found
2026-03-01 14:47:31,001 [DEBUG] Sleeping 300.0s until next poll
2026-03-01 14:52:31,108 [DEBUG] No non-empty checkpoints found
2026-03-01 14:52:31,110 [DEBUG] Sleeping 300.0s until next poll
2026-03-01 14:57:31,228 [DEBUG] No non-empty checkpoints found
2026-03-01 14:57:31,230 [DEBUG] Sleeping 300.0s until next poll
2026-03-01 15:02:31,842 [DEBUG] New steps [40] but none confirmed complete (complete_step=None)
2026-03-01 15:02:31,895 [DEBUG] Sleeping 300.0s until next poll
2026-03-01 15:07:32,020 [INFO] New complete checkpoints to backup: [40]
2026-03-01 15:07:32,026 [INFO] Running: dvc add logs/VerlRun/03/01/hidden_biomath_qwen3_4bi_18_12_zbvd2l2n/checkpoints/global_step_40
2026-03-01 15:07:36,586 [ERROR] dvc add failed for global_step_40: ERROR: unexpected error - cannot import name '_DIR_MARK' from 'pathspec.patterns.gitwildmatch' (/home/matan/shared/.conda/envs/hope/lib/python3.10/site-packages/pathspec/patterns/gitwildmatch.py)

Having any troubles? Hit us up at https://dvc.org/support, we are always happy to help!
2026-03-01 15:07:36,587 [WARNING] DVC add/push failed for global_step_40 — will retry next poll
2026-03-01 15:07:36,587 [DEBUG] Sleeping 300.0s until next poll
2026-03-01 15:12:36,704 [INFO] New complete checkpoints to backup: [40]
2026-03-01 15:12:36,707 [INFO] Running: dvc add logs/VerlRun/03/01/hidden_biomath_qwen3_4bi_18_12_zbvd2l2n/checkpoints/global_step_40
2026-03-01 15:12:43,084 [ERROR] dvc add failed for global_step_40: ERROR: unexpected error - cannot import name '_DIR_MARK' from 'pathspec.patterns.gitwildmatch' (/home/matan/shared/.conda/envs/hope/lib/python3.10/site-packages/pathspec/patterns/gitwildmatch.py)

Having any troubles? Hit us up at https://dvc.org/support, we are always happy to help!
2026-03-01 15:12:43,084 [WARNING] DVC add/push failed for global_step_40 — will retry next poll
2026-03-01 15:12:43,084 [DEBUG] Sleeping 300.0s until next poll
2026-03-01 15:17:43,213 [INFO] New complete checkpoints to backup: [40]
2026-03-01 15:17:43,215 [INFO] Running: dvc add logs/VerlRun/03/01/hidden_biomath_qwen3_4bi_18_12_zbvd2l2n/checkpoints/global_step_40
2026-03-01 15:17:48,490 [ERROR] dvc add failed for global_step_40: ERROR: unexpected error - cannot import name '_DIR_MARK' from 'pathspec.patterns.gitwildmatch' (/home/matan/shared/.conda/envs/hope/lib/python3.10/site-packages/pathspec/patterns/gitwildmatch.py)

Having any troubles? Hit us up at https://dvc.org/support, we are always happy to help!
2026-03-01 15:17:48,490 [WARNING] DVC add/push failed for global_step_40 — will retry next poll
2026-03-01 15:17:48,490 [DEBUG] Sleeping 300.0s until next poll
2026-03-01 15:22:48,615 [INFO] New complete checkpoints to backup: [40]
2026-03-01 15:22:48,617 [INFO] Running: dvc add logs/VerlRun/03/01/hidden_biomath_qwen3_4bi_18_12_zbvd2l2n/checkpoints/global_step_40
2026-03-01 15:22:54,766 [ERROR] dvc add failed for global_step_40: ERROR: unexpected error - cannot import name '_DIR_MARK' from 'pathspec.patterns.gitwildmatch' (/home/matan/shared/.conda/envs/hope/lib/python3.10/site-packages/pathspec/patterns/gitwildmatch.py)

Having any troubles? Hit us up at https://dvc.org/support, we are always happy to help!
2026-03-01 15:22:54,766 [WARNING] DVC add/push failed for global_step_40 — will retry next poll
2026-03-01 15:22:54,766 [DEBUG] Sleeping 300.0s until next poll
2026-03-01 15:27:54,882 [INFO] New complete checkpoints to backup: [40]
2026-03-01 15:27:54,884 [INFO] Running: dvc add logs/VerlRun/03/01/hidden_biomath_qwen3_4bi_18_12_zbvd2l2n/checkpoints/global_step_40
2026-03-01 15:27:59,976 [ERROR] dvc add failed for global_step_40: ERROR: unexpected error - cannot import name '_DIR_MARK' from 'pathspec.patterns.gitwildmatch' (/home/matan/shared/.conda/envs/hope/lib/python3.10/site-packages/pathspec/patterns/gitwildmatch.py)

Having any troubles? Hit us up at https://dvc.org/support, we are always happy to help!
2026-03-01 15:27:59,976 [WARNING] DVC add/push failed for global_step_40 — will retry next poll
2026-03-01 15:27:59,976 [DEBUG] Sleeping 300.0s until next poll
2026-03-01 15:33:00,093 [INFO] New complete checkpoints to backup: [40]
2026-03-01 15:33:00,095 [INFO] Running: dvc add logs/VerlRun/03/01/hidden_biomath_qwen3_4bi_18_12_zbvd2l2n/checkpoints/global_step_40
2026-03-01 15:33:05,760 [ERROR] dvc add failed for global_step_40: ERROR: unexpected error - cannot import name '_DIR_MARK' from 'pathspec.patterns.gitwildmatch' (/home/matan/shared/.conda/envs/hope/lib/python3.10/site-packages/pathspec/patterns/gitwildmatch.py)

Having any troubles? Hit us up at https://dvc.org/support, we are always happy to help!
2026-03-01 15:33:05,761 [WARNING] DVC add/push failed for global_step_40 — will retry next poll
2026-03-01 15:33:05,761 [DEBUG] Sleeping 300.0s until next poll
2026-03-01 15:38:05,893 [INFO] New complete checkpoints to backup: [40]
2026-03-01 15:38:05,896 [INFO] Running: dvc add logs/VerlRun/03/01/hidden_biomath_qwen3_4bi_18_12_zbvd2l2n/checkpoints/global_step_40
2026-03-01 15:38:11,925 [ERROR] dvc add failed for global_step_40: ERROR: unexpected error - cannot import name '_DIR_MARK' from 'pathspec.patterns.gitwildmatch' (/home/matan/shared/.conda/envs/hope/lib/python3.10/site-packages/pathspec/patterns/gitwildmatch.py)

Having any troubles? Hit us up at https://dvc.org/support, we are always happy to help!
2026-03-01 15:38:11,926 [WARNING] DVC add/push failed for global_step_40 — will retry next poll
2026-03-01 15:38:11,926 [DEBUG] Sleeping 300.0s until next poll
2026-03-01 15:43:12,039 [INFO] New complete checkpoints to backup: [40]
2026-03-01 15:43:12,042 [INFO] Running: dvc add logs/VerlRun/03/01/hidden_biomath_qwen3_4bi_18_12_zbvd2l2n/checkpoints/global_step_40
2026-03-01 15:43:17,521 [ERROR] dvc add failed for global_step_40: ERROR: unexpected error - cannot import name '_DIR_MARK' from 'pathspec.patterns.gitwildmatch' (/home/matan/shared/.conda/envs/hope/lib/python3.10/site-packages/pathspec/patterns/gitwildmatch.py)

Having any troubles? Hit us up at https://dvc.org/support, we are always happy to help!
2026-03-01 15:43:17,521 [WARNING] DVC add/push failed for global_step_40 — will retry next poll
2026-03-01 15:43:17,521 [DEBUG] Sleeping 300.0s until next poll
2026-03-01 15:48:17,645 [INFO] New complete checkpoints to backup: [40]
2026-03-01 15:48:17,647 [INFO] Running: dvc add logs/VerlRun/03/01/hidden_biomath_qwen3_4bi_18_12_zbvd2l2n/checkpoints/global_step_40
2026-03-01 15:48:23,441 [ERROR] dvc add failed for global_step_40: ERROR: unexpected error - cannot import name '_DIR_MARK' from 'pathspec.patterns.gitwildmatch' (/home/matan/shared/.conda/envs/hope/lib/python3.10/site-packages/pathspec/patterns/gitwildmatch.py)

Having any troubles? Hit us up at https://dvc.org/support, we are always happy to help!
2026-03-01 15:48:23,441 [WARNING] DVC add/push failed for global_step_40 — will retry next poll
2026-03-01 15:48:23,441 [DEBUG] Sleeping 300.0s until next poll
2026-03-01 15:53:23,553 [INFO] New complete checkpoints to backup: [40]
2026-03-01 15:53:23,558 [INFO] Running: dvc add logs/VerlRun/03/01/hidden_biomath_qwen3_4bi_18_12_zbvd2l2n/checkpoints/global_step_40
2026-03-01 15:53:28,993 [ERROR] dvc add failed for global_step_40: ERROR: unexpected error - cannot import name '_DIR_MARK' from 'pathspec.patterns.gitwildmatch' (/home/matan/shared/.conda/envs/hope/lib/python3.10/site-packages/pathspec/patterns/gitwildmatch.py)

Having any troubles? Hit us up at https://dvc.org/support, we are always happy to help!
2026-03-01 15:53:28,993 [WARNING] DVC add/push failed for global_step_40 — will retry next poll
2026-03-01 15:53:28,993 [DEBUG] Sleeping 300.0s until next poll
2026-03-01 15:58:29,116 [INFO] New complete checkpoints to backup: [40]
2026-03-01 15:58:29,118 [INFO] Running: dvc add logs/VerlRun/03/01/hidden_biomath_qwen3_4bi_18_12_zbvd2l2n/checkpoints/global_step_40
2026-03-01 15:58:34,062 [ERROR] dvc add failed for global_step_40: ERROR: unexpected error - cannot import name '_DIR_MARK' from 'pathspec.patterns.gitwildmatch' (/home/matan/shared/.conda/envs/hope/lib/python3.10/site-packages/pathspec/patterns/gitwildmatch.py)

Having any troubles? Hit us up at https://dvc.org/support, we are always happy to help!
2026-03-01 15:58:34,062 [WARNING] DVC add/push failed for global_step_40 — will retry next poll
2026-03-01 15:58:34,062 [DEBUG] Sleeping 300.0s until next poll
2026-03-01 16:03:34,183 [INFO] New complete checkpoints to backup: [40]
2026-03-01 16:03:34,185 [INFO] Running: dvc add logs/VerlRun/03/01/hidden_biomath_qwen3_4bi_18_12_zbvd2l2n/checkpoints/global_step_40
2026-03-01 16:03:38,842 [ERROR] dvc add failed for global_step_40: ERROR: unexpected error - cannot import name '_DIR_MARK' from 'pathspec.patterns.gitwildmatch' (/home/matan/shared/.conda/envs/hope/lib/python3.10/site-packages/pathspec/patterns/gitwildmatch.py)

Having any troubles? Hit us up at https://dvc.org/support, we are always happy to help!
2026-03-01 16:03:38,843 [WARNING] DVC add/push failed for global_step_40 — will retry next poll
2026-03-01 16:03:38,843 [DEBUG] Sleeping 300.0s until next poll
2026-03-01 16:08:38,950 [INFO] New complete checkpoints to backup: [40]
2026-03-01 16:08:38,953 [INFO] Running: dvc add logs/VerlRun/03/01/hidden_biomath_qwen3_4bi_18_12_zbvd2l2n/checkpoints/global_step_40
2026-03-01 16:08:44,236 [ERROR] dvc add failed for global_step_40: ERROR: unexpected error - cannot import name '_DIR_MARK' from 'pathspec.patterns.gitwildmatch' (/home/matan/shared/.conda/envs/hope/lib/python3.10/site-packages/pathspec/patterns/gitwildmatch.py)

Having any troubles? Hit us up at https://dvc.org/support, we are always happy to help!
2026-03-01 16:08:44,236 [WARNING] DVC add/push failed for global_step_40 — will retry next poll
2026-03-01 16:08:44,236 [DEBUG] Sleeping 300.0s until next poll
2026-03-01 16:13:44,361 [INFO] New complete checkpoints to backup: [40]
2026-03-01 16:13:44,363 [INFO] Running: dvc add logs/VerlRun/03/01/hidden_biomath_qwen3_4bi_18_12_zbvd2l2n/checkpoints/global_step_40
2026-03-01 16:13:49,507 [ERROR] dvc add failed for global_step_40: ERROR: unexpected error - cannot import name '_DIR_MARK' from 'pathspec.patterns.gitwildmatch' (/home/matan/shared/.conda/envs/hope/lib/python3.10/site-packages/pathspec/patterns/gitwildmatch.py)

Having any troubles? Hit us up at https://dvc.org/support, we are always happy to help!
2026-03-01 16:13:49,507 [WARNING] DVC add/push failed for global_step_40 — will retry next poll
2026-03-01 16:13:49,507 [DEBUG] Sleeping 300.0s until next poll
2026-03-01 16:18:49,629 [INFO] New complete checkpoints to backup: [40]
2026-03-01 16:18:49,631 [INFO] Running: dvc add logs/VerlRun/03/01/hidden_biomath_qwen3_4bi_18_12_zbvd2l2n/checkpoints/global_step_40
2026-03-01 16:18:54,230 [ERROR] dvc add failed for global_step_40: ERROR: unexpected error - cannot import name '_DIR_MARK' from 'pathspec.patterns.gitwildmatch' (/home/matan/shared/.conda/envs/hope/lib/python3.10/site-packages/pathspec/patterns/gitwildmatch.py)

Having any troubles? Hit us up at https://dvc.org/support, we are always happy to help!
2026-03-01 16:18:54,230 [WARNING] DVC add/push failed for global_step_40 — will retry next poll
2026-03-01 16:18:54,230 [DEBUG] Sleeping 300.0s until next poll
2026-03-01 16:23:54,342 [INFO] New complete checkpoints to backup: [40]
2026-03-01 16:23:54,344 [INFO] Running: dvc add logs/VerlRun/03/01/hidden_biomath_qwen3_4bi_18_12_zbvd2l2n/checkpoints/global_step_40
2026-03-01 16:23:58,194 [ERROR] dvc add failed for global_step_40: ERROR: unexpected error - cannot import name '_DIR_MARK' from 'pathspec.patterns.gitwildmatch' (/home/matan/shared/.conda/envs/hope/lib/python3.10/site-packages/pathspec/patterns/gitwildmatch.py)

Having any troubles? Hit us up at https://dvc.org/support, we are always happy to help!
2026-03-01 16:23:58,195 [WARNING] DVC add/push failed for global_step_40 — will retry next poll
2026-03-01 16:23:58,195 [DEBUG] Sleeping 300.0s until next poll
2026-03-01 16:28:58,310 [INFO] New complete checkpoints to backup: [40]
2026-03-01 16:28:58,312 [INFO] Running: dvc add logs/VerlRun/03/01/hidden_biomath_qwen3_4bi_18_12_zbvd2l2n/checkpoints/global_step_40
2026-03-01 16:29:02,792 [ERROR] dvc add failed for global_step_40: ERROR: unexpected error - cannot import name '_DIR_MARK' from 'pathspec.patterns.gitwildmatch' (/home/matan/shared/.conda/envs/hope/lib/python3.10/site-packages/pathspec/patterns/gitwildmatch.py)

Having any troubles? Hit us up at https://dvc.org/support, we are always happy to help!
2026-03-01 16:29:02,792 [WARNING] DVC add/push failed for global_step_40 — will retry next poll
2026-03-01 16:29:02,792 [DEBUG] Sleeping 300.0s until next poll
2026-03-01 16:34:02,913 [INFO] New complete checkpoints to backup: [40]
2026-03-01 16:34:02,915 [INFO] Running: dvc add logs/VerlRun/03/01/hidden_biomath_qwen3_4bi_18_12_zbvd2l2n/checkpoints/global_step_40
2026-03-01 16:34:08,318 [ERROR] dvc add failed for global_step_40: ERROR: unexpected error - cannot import name '_DIR_MARK' from 'pathspec.patterns.gitwildmatch' (/home/matan/shared/.conda/envs/hope/lib/python3.10/site-packages/pathspec/patterns/gitwildmatch.py)

Having any troubles? Hit us up at https://dvc.org/support, we are always happy to help!
2026-03-01 16:34:08,318 [WARNING] DVC add/push failed for global_step_40 — will retry next poll
2026-03-01 16:34:08,318 [DEBUG] Sleeping 300.0s until next poll
2026-03-01 16:39:08,434 [INFO] New complete checkpoints to backup: [40, 80]
2026-03-01 16:39:08,438 [INFO] Running: dvc add logs/VerlRun/03/01/hidden_biomath_qwen3_4bi_18_12_zbvd2l2n/checkpoints/global_step_40
2026-03-01 16:39:09,538 [ERROR] dvc add failed for global_step_40: ERROR: unexpected error - cannot import name '_DIR_MARK' from 'pathspec.patterns.gitwildmatch' (/home/matan/shared/.conda/envs/hope/lib/python3.10/site-packages/pathspec/patterns/gitwildmatch.py)

Having any troubles? Hit us up at https://dvc.org/support, we are always happy to help!
2026-03-01 16:39:09,538 [WARNING] DVC add/push failed for global_step_40 — will retry next poll
2026-03-01 16:39:09,540 [INFO] Running: dvc add logs/VerlRun/03/01/hidden_biomath_qwen3_4bi_18_12_zbvd2l2n/checkpoints/global_step_80
2026-03-01 16:39:10,094 [ERROR] dvc add failed for global_step_80: ERROR: unexpected error - cannot import name '_DIR_MARK' from 'pathspec.patterns.gitwildmatch' (/home/matan/shared/.conda/envs/hope/lib/python3.10/site-packages/pathspec/patterns/gitwildmatch.py)

Having any troubles? Hit us up at https://dvc.org/support, we are always happy to help!
2026-03-01 16:39:10,094 [WARNING] DVC add/push failed for global_step_80 — will retry next poll
2026-03-01 16:39:10,094 [DEBUG] Sleeping 300.0s until next poll
2026-03-01 16:44:10,225 [INFO] New complete checkpoints to backup: [40, 80]
2026-03-01 16:44:10,227 [INFO] Running: dvc add logs/VerlRun/03/01/hidden_biomath_qwen3_4bi_18_12_zbvd2l2n/checkpoints/global_step_40
2026-03-01 16:44:10,969 [ERROR] dvc add failed for global_step_40: ERROR: unexpected error - cannot import name '_DIR_MARK' from 'pathspec.patterns.gitwildmatch' (/home/matan/shared/.conda/envs/hope/lib/python3.10/site-packages/pathspec/patterns/gitwildmatch.py)

Having any troubles? Hit us up at https://dvc.org/support, we are always happy to help!
2026-03-01 16:44:10,970 [WARNING] DVC add/push failed for global_step_40 — will retry next poll
2026-03-01 16:44:10,970 [INFO] Running: dvc add logs/VerlRun/03/01/hidden_biomath_qwen3_4bi_18_12_zbvd2l2n/checkpoints/global_step_80
2026-03-01 16:44:11,525 [ERROR] dvc add failed for global_step_80: ERROR: unexpected error - cannot import name '_DIR_MARK' from 'pathspec.patterns.gitwildmatch' (/home/matan/shared/.conda/envs/hope/lib/python3.10/site-packages/pathspec/patterns/gitwildmatch.py)

Having any troubles? Hit us up at https://dvc.org/support, we are always happy to help!
2026-03-01 16:44:11,525 [WARNING] DVC add/push failed for global_step_80 — will retry next poll
2026-03-01 16:44:11,525 [DEBUG] Sleeping 300.0s until next poll
2026-03-01 16:49:11,640 [INFO] New complete checkpoints to backup: [40, 80]
2026-03-01 16:49:11,643 [INFO] Running: dvc add logs/VerlRun/03/01/hidden_biomath_qwen3_4bi_18_12_zbvd2l2n/checkpoints/global_step_40
2026-03-01 16:49:12,220 [ERROR] dvc add failed for global_step_40: ERROR: unexpected error - cannot import name '_DIR_MARK' from 'pathspec.patterns.gitwildmatch' (/home/matan/shared/.conda/envs/hope/lib/python3.10/site-packages/pathspec/patterns/gitwildmatch.py)

Having any troubles? Hit us up at https://dvc.org/support, we are always happy to help!
2026-03-01 16:49:12,220 [WARNING] DVC add/push failed for global_step_40 — will retry next poll
2026-03-01 16:49:12,221 [INFO] Running: dvc add logs/VerlRun/03/01/hidden_biomath_qwen3_4bi_18_12_zbvd2l2n/checkpoints/global_step_80
2026-03-01 16:49:12,762 [ERROR] dvc add failed for global_step_80: ERROR: unexpected error - cannot import name '_DIR_MARK' from 'pathspec.patterns.gitwildmatch' (/home/matan/shared/.conda/envs/hope/lib/python3.10/site-packages/pathspec/patterns/gitwildmatch.py)

Having any troubles? Hit us up at https://dvc.org/support, we are always happy to help!
2026-03-01 16:49:12,762 [WARNING] DVC add/push failed for global_step_80 — will retry next poll
2026-03-01 16:49:12,762 [DEBUG] Sleeping 300.0s until next poll
2026-03-01 16:54:13,278 [INFO] New complete checkpoints to backup: [40, 80]
2026-03-01 16:54:13,325 [INFO] Running: dvc add logs/VerlRun/03/01/hidden_biomath_qwen3_4bi_18_12_zbvd2l2n/checkpoints/global_step_40
2026-03-01 16:55:53,634 [ERROR] dvc add failed for global_step_40: ERROR: unexpected error - cannot import name '_DIR_MARK' from 'pathspec.patterns.gitwildmatch' (/home/matan/shared/.conda/envs/hope/lib/python3.10/site-packages/pathspec/patterns/gitwildmatch.py)

Having any troubles? Hit us up at https://dvc.org/support, we are always happy to help!
2026-03-01 16:55:53,636 [WARNING] DVC add/push failed for global_step_40 — will retry next poll
2026-03-01 16:55:53,639 [INFO] Running: dvc add logs/VerlRun/03/01/hidden_biomath_qwen3_4bi_18_12_zbvd2l2n/checkpoints/global_step_80
2026-03-01 16:55:56,030 [ERROR] dvc add failed for global_step_80: ERROR: unexpected error - cannot import name '_DIR_MARK' from 'pathspec.patterns.gitwildmatch' (/home/matan/shared/.conda/envs/hope/lib/python3.10/site-packages/pathspec/patterns/gitwildmatch.py)

Having any troubles? Hit us up at https://dvc.org/support, we are always happy to help!
2026-03-01 16:55:56,030 [WARNING] DVC add/push failed for global_step_80 — will retry next poll
2026-03-01 16:55:56,030 [DEBUG] Sleeping 300.0s until next poll
2026-03-01 17:00:56,146 [INFO] New complete checkpoints to backup: [40, 80]
2026-03-01 17:00:56,148 [INFO] Running: dvc add logs/VerlRun/03/01/hidden_biomath_qwen3_4bi_18_12_zbvd2l2n/checkpoints/global_step_40
2026-03-01 17:00:58,887 [ERROR] dvc add failed for global_step_40: ERROR: unexpected error - cannot import name '_DIR_MARK' from 'pathspec.patterns.gitwildmatch' (/home/matan/shared/.conda/envs/hope/lib/python3.10/site-packages/pathspec/patterns/gitwildmatch.py)

Having any troubles? Hit us up at https://dvc.org/support, we are always happy to help!
2026-03-01 17:00:58,887 [WARNING] DVC add/push failed for global_step_40 — will retry next poll
2026-03-01 17:00:58,887 [INFO] Running: dvc add logs/VerlRun/03/01/hidden_biomath_qwen3_4bi_18_12_zbvd2l2n/checkpoints/global_step_80
2026-03-01 17:00:59,434 [ERROR] dvc add failed for global_step_80: ERROR: unexpected error - cannot import name '_DIR_MARK' from 'pathspec.patterns.gitwildmatch' (/home/matan/shared/.conda/envs/hope/lib/python3.10/site-packages/pathspec/patterns/gitwildmatch.py)

Having any troubles? Hit us up at https://dvc.org/support, we are always happy to help!
2026-03-01 17:00:59,434 [WARNING] DVC add/push failed for global_step_80 — will retry next poll
2026-03-01 17:00:59,434 [DEBUG] Sleeping 300.0s until next poll
2026-03-01 17:05:59,548 [INFO] New complete checkpoints to backup: [40, 80]
2026-03-01 17:05:59,551 [INFO] Running: dvc add logs/VerlRun/03/01/hidden_biomath_qwen3_4bi_18_12_zbvd2l2n/checkpoints/global_step_40
2026-03-01 17:06:04,053 [ERROR] dvc add failed for global_step_40: ERROR: unexpected error - cannot import name '_DIR_MARK' from 'pathspec.patterns.gitwildmatch' (/home/matan/shared/.conda/envs/hope/lib/python3.10/site-packages/pathspec/patterns/gitwildmatch.py)

Having any troubles? Hit us up at https://dvc.org/support, we are always happy to help!
2026-03-01 17:06:04,053 [WARNING] DVC add/push failed for global_step_40 — will retry next poll
2026-03-01 17:06:04,053 [INFO] Running: dvc add logs/VerlRun/03/01/hidden_biomath_qwen3_4bi_18_12_zbvd2l2n/checkpoints/global_step_80
2026-03-01 17:06:04,557 [ERROR] dvc add failed for global_step_80: ERROR: unexpected error - cannot import name '_DIR_MARK' from 'pathspec.patterns.gitwildmatch' (/home/matan/shared/.conda/envs/hope/lib/python3.10/site-packages/pathspec/patterns/gitwildmatch.py)

Having any troubles? Hit us up at https://dvc.org/support, we are always happy to help!
2026-03-01 17:06:04,557 [WARNING] DVC add/push failed for global_step_80 — will retry next poll
2026-03-01 17:06:04,557 [DEBUG] Sleeping 300.0s until next poll
2026-03-01 17:11:04,671 [INFO] New complete checkpoints to backup: [40, 80]
2026-03-01 17:11:04,673 [INFO] Running: dvc add logs/VerlRun/03/01/hidden_biomath_qwen3_4bi_18_12_zbvd2l2n/checkpoints/global_step_40
2026-03-01 17:11:08,677 [ERROR] dvc add failed for global_step_40: ERROR: unexpected error - cannot import name '_DIR_MARK' from 'pathspec.patterns.gitwildmatch' (/home/matan/shared/.conda/envs/hope/lib/python3.10/site-packages/pathspec/patterns/gitwildmatch.py)

Having any troubles? Hit us up at https://dvc.org/support, we are always happy to help!
2026-03-01 17:11:08,677 [WARNING] DVC add/push failed for global_step_40 — will retry next poll
2026-03-01 17:11:08,678 [INFO] Running: dvc add logs/VerlRun/03/01/hidden_biomath_qwen3_4bi_18_12_zbvd2l2n/checkpoints/global_step_80
2026-03-01 17:11:09,185 [ERROR] dvc add failed for global_step_80: ERROR: unexpected error - cannot import name '_DIR_MARK' from 'pathspec.patterns.gitwildmatch' (/home/matan/shared/.conda/envs/hope/lib/python3.10/site-packages/pathspec/patterns/gitwildmatch.py)

Having any troubles? Hit us up at https://dvc.org/support, we are always happy to help!
2026-03-01 17:11:09,185 [WARNING] DVC add/push failed for global_step_80 — will retry next poll
2026-03-01 17:11:09,185 [DEBUG] Sleeping 300.0s until next poll
