2026-03-02 18:43:18,841 [INFO] ============================================================
2026-03-02 18:43:18,841 [INFO] Checkpoint daemon started
2026-03-02 18:43:18,841 [INFO]   run_dir:            /shared/matan/code/pass_at_k/logs/VerlRun/03/02/cont_cont_hidden_biomath_qwen3_4bi_22_23_g5wwtnrn
2026-03-02 18:43:18,841 [INFO]   verl_pid:           3033552
2026-03-02 18:43:18,841 [INFO]   poll_interval:      300.0s
2026-03-02 18:43:18,841 [INFO]   clean_after_backup: True
2026-03-02 18:43:18,850 [INFO]   dvc_root:           /shared/matan/code/pass_at_k
2026-03-02 18:43:18,850 [INFO] ============================================================
2026-03-02 18:43:18,859 [DEBUG] No non-empty checkpoints found
2026-03-02 18:43:18,859 [DEBUG] Sleeping 300.0s until next poll
2026-03-02 18:48:18,964 [DEBUG] No non-empty checkpoints found
2026-03-02 18:48:18,965 [DEBUG] Sleeping 300.0s until next poll
2026-03-02 18:53:19,069 [DEBUG] No non-empty checkpoints found
2026-03-02 18:53:19,071 [DEBUG] Sleeping 300.0s until next poll
2026-03-02 18:58:19,175 [DEBUG] No non-empty checkpoints found
2026-03-02 18:58:19,177 [DEBUG] Sleeping 300.0s until next poll
2026-03-02 19:03:19,278 [DEBUG] No non-empty checkpoints found
2026-03-02 19:03:19,280 [DEBUG] Sleeping 300.0s until next poll
2026-03-02 19:08:19,383 [DEBUG] No non-empty checkpoints found
2026-03-02 19:08:19,385 [DEBUG] Sleeping 300.0s until next poll
2026-03-02 19:13:19,486 [DEBUG] No non-empty checkpoints found
2026-03-02 19:13:19,487 [DEBUG] Sleeping 300.0s until next poll
2026-03-02 19:18:19,580 [DEBUG] No non-empty checkpoints found
2026-03-02 19:18:19,582 [DEBUG] Sleeping 300.0s until next poll
2026-03-02 19:23:19,693 [DEBUG] No non-empty checkpoints found
2026-03-02 19:23:19,695 [DEBUG] Sleeping 300.0s until next poll
2026-03-02 19:28:19,796 [DEBUG] No non-empty checkpoints found
2026-03-02 19:28:19,798 [DEBUG] Sleeping 300.0s until next poll
2026-03-02 19:33:19,910 [DEBUG] No non-empty checkpoints found
2026-03-02 19:33:19,912 [DEBUG] Sleeping 300.0s until next poll
2026-03-02 19:38:20,021 [DEBUG] No non-empty checkpoints found
2026-03-02 19:38:20,022 [DEBUG] Sleeping 300.0s until next poll
2026-03-02 19:43:21,049 [DEBUG] New steps [280] but none confirmed complete (complete_step=None)
2026-03-02 19:43:21,106 [DEBUG] Sleeping 300.0s until next poll
2026-03-02 19:48:21,229 [INFO] New complete checkpoints to backup: [280]
2026-03-02 19:48:21,237 [INFO] Running: dvc add logs/VerlRun/03/02/cont_cont_hidden_biomath_qwen3_4bi_22_23_g5wwtnrn/checkpoints/global_step_280
2026-03-02 19:52:51,403 [DEBUG] dvc add stdout: 
2026-03-02 19:52:51,405 [INFO] Running: dvc push logs/VerlRun/03/02/cont_cont_hidden_biomath_qwen3_4bi_22_23_g5wwtnrn/checkpoints/global_step_280.dvc
2026-03-02 20:00:08,006 [INFO] dvc push complete for global_step_280: 14 files pushed
2026-03-02 20:00:08,009 [INFO] Verifying backup: dvc status --cloud logs/VerlRun/03/02/cont_cont_hidden_biomath_qwen3_4bi_22_23_g5wwtnrn/checkpoints/global_step_280.dvc
2026-03-02 20:00:21,019 [INFO] global_step_280: backup confirmed
2026-03-02 20:00:21,019 [INFO] Running: dvc gc --not-in-remote -w -f -v
2026-03-02 20:01:33,632 [INFO] dvc gc complete: 2026-03-03 01:00:21,186 DEBUG: v3.66.1 (conda), CPython 3.10.19 on Linux-5.15.0-161-generic-x86_64-with-glibc2.35
2026-03-03 01:00:21,186 DEBUG: command: /home/matan/shared/.conda/envs/hope/bin/dvc gc --not-in-remote -w -f -v
2026-03-03 01:00:23,461 DEBUG: Preparing to transfer data from 's3://matan-ml-exp-bucket/dvc-storage/files/md5' to '/shared/matan/code/pass_at_k/.dvc/cache/files/md5'
2026-03-03 01:00:23,461 DEBUG: Preparing to collect status from '/shared/matan/code/pass_at_k/.dvc/cache/files/md5'
2026-03-03 01:00:23,461 DEBUG: Collecting status from '/shared/matan/code/pass_at_k/.dvc/cache/files/md5'
2026-03-03 01:00:23,462 DEBUG: Preparing to collect status from 'matan-ml-exp-bucket/dvc-storage/files/md5'
2026-03-03 01:00:23,462 DEBUG: Collecting status from 'matan-ml-exp-bucket/dvc-storage/files/md5'
2026-03-03 01:00:23,464 DEBUG: Querying 7 oids via object_exists
2026-03-03 01:00:25,506 DEBUG: Querying 0 oids via object_exists
2026-03-03 01:00:26,703 DEBUG: transfer dir: md5: 57e6ad92d563948f0c4f40fef99c2180.dir with 0 files
2026-03-03 01:00:27,067 DEBUG: Preparing to transfer data from 's3://matan-ml-exp-bucket/dvc-storage/files/md5' to '/shared/matan/code/pass_at_k/.dvc/cache/files/md5'
2026-03-03 01:00:27,067 DEBUG: Preparing to collect status from '/shared/matan/code/pass_at_k/.dvc/cache/files/md5'
2026-03-03 01:00:27,067 DEBUG: Collecting status from '/shared/matan/code/pass_at_k/.dvc/cache/files/md5'
2026-03-03 01:00:27,067 DEBUG: Preparing to collect status from 'matan-ml-exp-bucket/dvc-storage/files/md5'
2026-03-03 01:00:27,067 DEBUG: Collecting status from 'matan-ml-exp-bucket/dvc-storage/files/md5'
2026-03-03 01:00:27,069 DEBUG: Querying 7 oids via object_exists
2026-03-03 01:00:28,977 DEBUG: Querying 1 oids via object_exists
2026-03-03 01:00:29,468 DEBUG: Indexing new .dir '1ecec8f86b36d5ec2eb58ff74a55e9f7.dir' with '29' nested files
2026-03-03 01:00:29,992 DEBUG: transfer dir: md5: 1ecec8f86b36d5ec2eb58ff74a55e9f7.dir with 0 files
2026-03-03 01:00:30,185 DEBUG: Preparing to transfer data from 's3://matan-ml-exp-bucket/dvc-storage/files/md5' to '/shared/matan/code/pass_at_k/.dvc/cache/files/md5'
2026-03-03 01:00:30,185 DEBUG: Preparing to collect status from '/shared/matan/code/pass_at_k/.dvc/cache/files/md5'
2026-03-03 01:00:30,185 DEBUG: Collecting status from '/shared/matan/code/pass_at_k/.dvc/cache/files/md5'
2026-03-03 01:00:30,185 DEBUG: Preparing to collect status from 'matan-ml-exp-bucket/dvc-storage/files/md5'
2026-03-03 01:00:30,185 DEBUG: Collecting status from 'matan-ml-exp-bucket/dvc-storage/files/md5'
2026-03-03 01:00:30,187 DEBUG: Querying 8 oids via object_exists
2026-03-03 01:00:32,157 DEBUG: Querying 1 oids via object_exists
2026-03-03 01:00:33,153 DEBUG: Indexing new .dir 'ec6ff6278ba9ba95ba78bdbe4e117fa4.dir' with '8' nested files
2026-03-03 01:00:33,616 DEBUG: transfer dir: md5: ec6ff6278ba9ba95ba78bdbe4e117fa4.dir with 0 files
2026-03-03 01:00:33,998 DEBUG: Preparing to transfer data from 's3://matan-ml-exp-bucket/dvc-storage/files/md5' to '/shared/matan/code/pass_at_k/.dvc/cache/files/md5'
2026-03-03 01:00:33,998 DEBUG: Preparing to collect status from '/shared/matan/code/pass_at_k/.dvc/cache/files/md5'
2026-03-03 01:00:33,998 DEBUG: Collecting status from '/shared/matan/code/pass_at_k/.dvc/cache/files/md5'
2026-03-03 01:00:33,998 DEBUG: Preparing to collect status from 'matan-ml-exp-bucket/dvc-storage/files/md5'
2026-03-03 01:00:33,998 DEBUG: Collecting status from 'matan-ml-exp-bucket/dvc-storage/files/md5'
2026-03-03 01:00:34,000 DEBUG: Querying 9 oids via object_exists
2026-03-03 01:00:35,950 DEBUG: Querying 0 oids via object_exists
2026-03-03 01:00:37,029 DEBUG: transfer dir: md5: 607971874a7d57b6b0978f811b4c26a2.dir with 0 files
2026-03-03 01:00:37,240 DEBUG: Preparing to transfer data from 's3://matan-ml-exp-bucket/dvc-storage/files/md5' to '/shared/matan/code/pass_at_k/.dvc/cache/files/md5'
2026-03-03 01:00:37,240 DEBUG: Preparing to collect status from '/shared/matan/code/pass_at_k/.dvc/cache/files/md5'
2026-03-03 01:00:37,240 DEBUG: Collecting status from '/shared/matan/code/pass_at_k/.dvc/cache/files/md5'
2026-03-03 01:00:37,240 DEBUG: Preparing to collect status from 'matan-ml-exp-bucket/dvc-storage/files/md5'
2026-03-03 01:00:37,240 DEBUG: Collecting status from 'matan-ml-exp-bucket/dvc-storage/files/md5'
2026-03-03 01:00:37,242 DEBUG: Querying 9 oids via object_exists
2026-03-03 01:00:39,214 DEBUG: Querying 0 oids via object_exists
2026-03-03 01:00:40,297 DEBUG: transfer dir: md5: 5959d041bbc0cd2361ed38d105f7e9eb.dir with 0 files
2026-03-03 01:00:40,655 DEBUG: Preparing to transfer data from 's3://matan-ml-exp-bucket/dvc-storage/files/md5' to '/shared/matan/code/pass_at_k/.dvc/cache/files/md5'
2026-03-03 01:00:40,655 DEBUG: Preparing to collect status from '/shared/matan/code/pass_at_k/.dvc/cache/files/md5'
2026-03-03 01:00:40,655 DEBUG: Collecting status from '/shared/matan/code/pass_at_k/.dvc/cache/files/md5'
2026-03-03 01:00:40,655 DEBUG: Preparing to collect status from 'matan-ml-exp-bucket/dvc-storage/files/md5'
2026-03-03 01:00:40,655 DEBUG: Collecting status from 'matan-ml-exp-bucket/dvc-storage/files/md5'
2026-03-03 01:00:40,657 DEBUG: Querying 9 oids via object_exists
2026-03-03 01:00:42,840 DEBUG: Querying 1 oids via object_exists
2026-03-03 01:00:43,485 DEBUG: Indexing new .dir '8fcfcfe22919b719bf63ca8f9df092aa.dir' with '23' nested files
2026-03-03 01:00:44,109 DEBUG: transfer dir: md5: 8fcfcfe22919b719bf63ca8f9df092aa.dir with 0 files
2026-03-03 01:00:44,495 DEBUG: Preparing to transfer data from 's3://matan-ml-exp-bucket/dvc-storage/files/md5' to '/shared/matan/code/pass_at_k/.dvc/cache/files/md5'
2026-03-03 01:00:44,495 DEBUG: Preparing to collect status from '/shared/matan/code/pass_at_k/.dvc/cache/files/md5'
2026-03-03 01:00:44,496 DEBUG: Collecting status from '/shared/matan/code/pass_at_k/.dvc/cache/files/md5'
2026-03-03 01:00:44,496 DEBUG: Preparing to collect status from 'matan-ml-exp-bucket/dvc-storage/files/md5'
2026-03-03 01:00:44,496 DEBUG: Collecting status from 'matan-ml-exp-bucket/dvc-storage/files/md5'
2026-03-03 01:00:44,498 DEBUG: Querying 10 oids via object_exists
2026-03-03 01:00:46,479 DEBUG: Querying 0 oids via object_exists
2026-03-03 01:00:47,568 DEBUG: transfer dir: md5: 23e4c21324a93f04221a77a6b826c122.dir with 0 files
2026-03-03 01:00:47,783 DEBUG: Preparing to transfer data from 's3://matan-ml-exp-bucket/dvc-storage/files/md5' to '/shared/matan/code/pass_at_k/.dvc/cache/files/md5'
2026-03-03 01:00:47,783 DEBUG: Preparing to collect status from '/shared/matan/code/pass_at_k/.dvc/cache/files/md5'
2026-03-03 01:00:47,783 DEBUG: Collecting status from '/shared/matan/code/pass_at_k/.dvc/cache/files/md5'
2026-03-03 01:00:47,783 DEBUG: Preparing to collect status from 'matan-ml-exp-bucket/dvc-storage/files/md5'
2026-03-03 01:00:47,783 DEBUG: Collecting status from 'matan-ml-exp-bucket/dvc-storage/files/md5'
2026-03-03 01:00:47,786 DEBUG: Querying 10 oids via object_exists
2026-03-03 01:00:49,597 DEBUG: Querying 0 oids via object_exists
2026-03-03 01:00:50,864 DEBUG: transfer dir: md5: a0784a19a4eff25fac6d848fece99fae.dir with 0 files
2026-03-03 01:00:51,222 DEBUG: Preparing to transfer data from 's3://matan-ml-exp-bucket/dvc-storage/files/md5' to '/shared/matan/code/pass_at_k/.dvc/cache/files/md5'
2026-03-03 01:00:51,222 DEBUG: Preparing to collect status from '/shared/matan/code/pass_at_k/.dvc/cache/files/md5'
2026-03-03 01:00:51,222 DEBUG: Collecting status from '/shared/matan/code/pass_at_k/.dvc/cache/files/md5'
2026-03-03 01:00:51,222 DEBUG: Preparing to collect status from 'matan-ml-exp-bucket/dvc-storage/files/md5'
2026-03-03 01:00:51,222 DEBUG: Collecting status from 'matan-ml-exp-bucket/dvc-storage/files/md5'
2026-03-03 01:00:51,224 DEBUG: Querying 10 oids via object_exists
2026-03-03 01:00:53,293 DEBUG: Querying 0 oids via object_exists
2026-03-03 01:00:54,265 DEBUG: transfer dir: md5: bf3dcf169deacee4a24a66b7626c92f0.dir with 0 files
2026-03-03 01:00:54,637 DEBUG: Preparing to transfer data from 's3://matan-ml-exp-bucket/dvc-storage/files/md5' to '/shared/matan/code/pass_at_k/.dvc/cache/files/md5'
2026-03-03 01:00:54,637 DEBUG: Preparing to collect status from '/shared/matan/code/pass_at_k/.dvc/cache/files/md5'
2026-03-03 01:00:54,637 DEBUG: Collecting status from '/shared/matan/code/pass_at_k/.dvc/cache/files/md5'
2026-03-03 01:00:54,637 DEBUG: Preparing to collect status from 'matan-ml-exp-bucket/dvc-storage/files/md5'
2026-03-03 01:00:54,637 DEBUG: Collecting status from 'matan-ml-exp-bucket/dvc-storage/files/md5'
2026-03-03 01:00:54,639 DEBUG: Querying 10 oids via object_exists
2026-03-03 01:00:56,500 DEBUG: Querying 1 oids via object_exists
2026-03-03 01:00:57,038 DEBUG: Querying 1 oids via object_exists
2026-03-03 01:00:57,506 DEBUG: Preparing to transfer data from 's3://matan-ml-exp-bucket/dvc-storage/files/md5' to '/shared/matan/code/pass_at_k/.dvc/cache/files/md5'
2026-03-03 01:00:57,506 DEBUG: Preparing to collect status from '/shared/matan/code/pass_at_k/.dvc/cache/files/md5'
2026-03-03 01:00:57,506 DEBUG: Collecting status from '/shared/matan/code/pass_at_k/.dvc/cache/files/md5'
2026-03-03 01:00:57,507 DEBUG: Preparing to collect status from 'matan-ml-exp-bucket/dvc-storage/files/md5'
2026-03-03 01:00:57,507 DEBUG: Collecting status from 'matan-ml-exp-bucket/dvc-storage/files/md5'
2026-03-03 01:00:57,509 DEBUG: Querying 10 oids via object_exists
2026-03-03 01:00:59,045 DEBUG: Querying 1 oids via object_exists
2026-03-03 01:00:59,584 DEBUG: Querying 1 oids via object_exists
2026-03-03 01:01:00,042 DEBUG: Querying 262 oids via object_exists
2026-03-03 01:01:06,402 DEBUG: Querying 262 oids via object_exists
2026-03-03 01:01:23,844 DEBUG: Estimated remote size: 256 files
2026-03-03 01:01:23,924 DEBUG: Removing '/shared/matan/code/pass_at_k/.dvc/cache/files/md5/57/e6ad92d563948f0c4f40fef99c2180.dir.unpacked'
2026-03-03 01:01:24,116 DEBUG: Removing '/shared/matan/code/pass_at_k/.dvc/cache/files/md5/59/59d041bbc0cd2361ed38d105f7e9eb.dir.unpacked'
2026-03-03 01:01:24,169 DEBUG: Removing '/shared/matan/code/pass_at_k/.dvc/cache/files/md5/8f/cfcfe22919b719bf63ca8f9df092aa.dir.unpacked'
2026-03-03 01:01:24,262 DEBUG: Removing '/shared/matan/code/pass_at_k/.dvc/cache/files/md5/bf/3dcf169deacee4a24a66b7626c92f0.dir.unpacked'
2026-03-03 01:01:24,295 DEBUG: Removing '/shared/matan/code/pass_at_k/.dvc/cache/files/md5/60/7971874a7d57b6b0978f811b4c26a2.dir.unpacked'
2026-03-03 01:01:24,305 DEBUG: Removing '/shared/matan/code/pass_at_k/.dvc/cache/files/md5/ec/6ff6278ba9ba95ba78bdbe4e117fa4.dir.unpacked'
2026-03-03 01:01:24,317 DEBUG: Removing '/shared/matan/code/pass_at_k/.dvc/cache/files/md5/1e/cec8f86b36d5ec2eb58ff74a55e9f7.dir.unpacked'
2026-03-03 01:01:24,348 DEBUG: Removing '/shared/matan/code/pass_at_k/.dvc/cache/files/md5/8d/fd9c8929831bdc095aae666029e776.dir.unpacked'
2026-03-03 01:01:24,397 DEBUG: Removing '/shared/matan/code/pass_at_k/.dvc/cache/files/md5/a0/784a19a4eff25fac6d848fece99fae.dir.unpacked'
2026-03-03 01:01:24,455 DEBUG: Removing '/shared/matan/code/pass_at_k/.dvc/cache/files/md5/23/e4c21324a93f04221a77a6b826c122.dir.unpacked'
2026-03-03 01:01:24,461 DEBUG: Removing '/shared/matan/code/pass_at_k/.dvc/cache/files/md5/57/e6ad92d563948f0c4f40fef99c2180.dir'
2026-03-03 01:01:24,463 DEBUG: Removing '/shared/matan/code/pass_at_k/.dvc/cache/files/md5/59/59d041bbc0cd2361ed38d105f7e9eb.dir'
2026-03-03 01:01:24,465 DEBUG: Removing '/shared/matan/code/pass_at_k/.dvc/cache/files/md5/8f/cfcfe22919b719bf63ca8f9df092aa.dir'
2026-03-03 01:01:24,467 DEBUG: Removing '/shared/matan/code/pass_at_k/.dvc/cache/files/md5/bf/3dcf169deacee4a24a66b7626c92f0.dir'
2026-03-03 01:01:24,471 DEBUG: Removing '/shared/matan/code/pass_at_k/.dvc/cache/files/md5/60/7971874a7d57b6b0978f811b4c26a2.dir'
2026-03-03 01:01:24,473 DEBUG: Removing '/shared/matan/code/pass_at_k/.dvc/cache/files/md5/ec/6ff6278ba9ba95ba78bdbe4e117fa4.dir'
2026-03-03 01:01:24,476 DEBUG: Removing '/shared/matan/code/pass_at_k/.dvc/cache/files/md5/1e/cec8f86b36d5ec2eb58ff74a55e9f7.dir'
2026-03-03 01:01:24,478 DEBUG: Removing '/shared/matan/code/pass_at_k/.dvc/cache/files/md5/8d/fd9c8929831bdc095aae666029e776.dir'
2026-03-03 01:01:24,483 DEBUG: Removing '/shared/matan/code/pass_at_k/.dvc/cache/files/md5/a0/784a19a4eff25fac6d848fece99fae.dir'
2026-03-03 01:01:24,487 DEBUG: Removing '/shared/matan/code/pass_at_k/.dvc/cache/files/md5/23/e4c21324a93f04221a77a6b826c122.dir'
2026-03-03 01:01:24,489 DEBUG: Removing '/shared/matan/code/pass_at_k/.dvc/cache/files/md5/b8/ba888052549ceb80c139f52072d4d0'
2026-03-03 01:01:24,491 DEBUG: Removing '/shared/matan/code/pass_at_k/.dvc/cache/files/md5/07/ce3e369b8de6acdc6286fe73aee4fa'
2026-03-03 01:01:25,529 DEBUG: Removing '/shared/matan/code/pass_at_k/.dvc/cache/files/md5/d7/bfe0ecfa87bf87c01070c7951d8f23'
2026-03-03 01:01:25,532 DEBUG: Removing '/shared/matan/code/pass_at_k/.dvc/cache/files/md5/57/95f12e815eef069e10dd289b80ad4c'
2026-03-03 01:01:25,534 DEBUG: Removing '/shared/matan/code/pass_at_k/.dvc/cache/files/md5/57/08ee87a0925280424b5caa0906752f'
2026-03-03 01:01:25,537 DEBUG: Removing '/shared/matan/code/pass_at_k/.dvc/cache/files/md5/15/e47265e72bfc65987dbbd7023a1738'
2026-03-03 01:01:26,564 DEBUG: Removing '/shared/matan/code/pass_at_k/.dvc/cache/files/md5/5f/a1a50f66abdf32242a720c7928e68d'
2026-03-03 01:01:27,130 DEBUG: Removing '/shared/matan/code/pass_at_k/.dvc/cache/files/md5/f4/e844ebd85ebb4c8ea40a38b829d3bb'
2026-03-03 01:01:27,134 DEBUG: Removing '/shared/matan/code/pass_at_k/.dvc/cache/files/md5/8c/e9684e14b4cba53ac32b11b927c78e'
2026-03-03 01:01:27,685 DEBUG: Removing '/shared/matan/code/pass_at_k/.dvc/cache/files/md5/e8/2eaf39fea32547ab88f47a9dfe6223'
2026-03-03 01:01:27,688 DEBUG: Removing '/shared/matan/code/pass_at_k/.dvc/cache/files/md5/32/d12f94833429f10c66c3669c86073b'
2026-03-03 01:01:27,691 DEBUG: Removing '/shared/matan/code/pass_at_k/.dvc/cache/files/md5/4a/e852e8a395cfdc9ef469b97797ae68'
2026-03-03 01:01:28,345 DEBUG: Removing '/shared/matan/code/pass_at_k/.dvc/cache/files/md5/0c/2f0348d6e044990e095dcd126a6449'
2026-03-03 01:01:28,859 DEBUG: Removing '/shared/matan/code/pass_at_k/.dvc/cache/files/md5/84/c2e8e8eed7cb22880cd9d021d374ab'
2026-03-03 01:01:29,817 DEBUG: Removing '/shared/matan/code/pass_at_k/.dvc/cache/files/md5/de/afdabeff32caed808d2c6417c854f4'
2026-03-03 01:01:29,820 DEBUG: Removing '/shared/matan/code/pass_at_k/.dvc/cache/files/md5/a8/bdf3208e82d2b1a917722b2a397ffc'
2026-03-03 01:01:30,816 DEBUG: Removing '/shared/matan/code/pass_at_k/.dvc/cache/files/md5/4e/6d7381b084bb04b0d35f8fd4b0d185'
2026-03-03 01:01:30,819 DEBUG: Removing '/shared/matan/code/pass_at_k/.dvc/cache/files/md5/01/d18457eaf5504d9ec8f4a0941cd4f8'
2026-03-03 01:01:30,821 DEBUG: Removing '/shared/matan/code/pass_at_k/.dvc/cache/files/md5/96/5e830be1e24fc1ca256d0b67b00bb3'
2026-03-03 01:01:30,824 DEBUG: Removing '/shared/matan/code/pass_at_k/.dvc/cache/files/md5/34/2011ca8ef689f94303bc8b909d825e'
2026-03-03 01:01:30,827 DEBUG: Removing '/shared/matan/code/pass_at_k/.dvc/cache/files/md5/72/dacf1de43bc354dc3c521e44ed0b24'
2026-03-03 01:01:30,830 DEBUG: Removing '/shared/matan/code/pass_at_k/.dvc/cache/files/md5/64/23133b9cc1a2077b57822c30c211aa'
2026-03-03 01:01:30,835 DEBUG: Removing '/shared/matan/code/pass_at_k/.dvc/cache/files/md5/61/3b8e4a622c4a2c90e9e1245fc540d6'
Removed 33 objects from repo cache.
2026-03-03 01:01:30,838 DEBUG: Estimated remote size: 256 files
No unused 'legacy' cache to remove.
2026-03-03 01:01:31,457 DEBUG: Analytics is enabled.
2026-03-03 01:01:33,421 DEBUG: Trying to spawn ['daemon', 'analytics', '/tmp/tmpt7u619jh', '-v']
2026-03-03 01:01:33,430 DEBUG: Spawned ['daemon', 'analytics', '/tmp/tmpt7u619jh', '-v'] with pid 3150907
2026-03-02 20:01:33,652 [DEBUG] global_step_280: not cleaning (latest non-empty checkpoint)
2026-03-02 20:01:33,652 [DEBUG] Sleeping 300.0s until next poll
2026-03-02 20:06:33,769 [DEBUG] No new checkpoints to backup (already backed up: [280])
2026-03-02 20:06:33,775 [DEBUG] global_step_280: not cleaning (latest non-empty checkpoint)
2026-03-02 20:06:33,775 [DEBUG] Sleeping 300.0s until next poll
2026-03-02 20:11:33,902 [DEBUG] No new checkpoints to backup (already backed up: [280])
2026-03-02 20:11:33,906 [DEBUG] global_step_280: not cleaning (latest non-empty checkpoint)
2026-03-02 20:11:33,906 [DEBUG] Sleeping 300.0s until next poll
2026-03-02 20:16:34,026 [DEBUG] No new checkpoints to backup (already backed up: [280])
2026-03-02 20:16:34,030 [DEBUG] global_step_280: not cleaning (latest non-empty checkpoint)
2026-03-02 20:16:34,030 [DEBUG] Sleeping 300.0s until next poll
2026-03-02 20:21:34,144 [DEBUG] No new checkpoints to backup (already backed up: [280])
2026-03-02 20:21:34,148 [DEBUG] global_step_280: not cleaning (latest non-empty checkpoint)
2026-03-02 20:21:34,148 [DEBUG] Sleeping 300.0s until next poll
2026-03-02 20:26:34,275 [DEBUG] No new checkpoints to backup (already backed up: [280])
2026-03-02 20:26:34,280 [DEBUG] global_step_280: not cleaning (latest non-empty checkpoint)
2026-03-02 20:26:34,280 [DEBUG] Sleeping 300.0s until next poll
2026-03-02 20:31:34,403 [DEBUG] No new checkpoints to backup (already backed up: [280])
2026-03-02 20:31:34,409 [DEBUG] global_step_280: not cleaning (latest non-empty checkpoint)
2026-03-02 20:31:34,409 [DEBUG] Sleeping 300.0s until next poll
2026-03-02 20:36:36,019 [DEBUG] New steps [320] but none confirmed complete (complete_step=280)
2026-03-02 20:36:46,348 [INFO] Cleaned global_step_280 (kept empty dir as marker)
2026-03-02 20:36:46,349 [DEBUG] Sleeping 300.0s until next poll
2026-03-02 20:41:46,488 [INFO] New complete checkpoints to backup: [320]
2026-03-02 20:41:46,492 [INFO] Running: dvc add logs/VerlRun/03/02/cont_cont_hidden_biomath_qwen3_4bi_22_23_g5wwtnrn/checkpoints/global_step_320
2026-03-02 20:46:32,274 [DEBUG] dvc add stdout: 
2026-03-02 20:46:32,275 [INFO] Running: dvc push logs/VerlRun/03/02/cont_cont_hidden_biomath_qwen3_4bi_22_23_g5wwtnrn/checkpoints/global_step_320.dvc
2026-03-02 20:53:57,525 [INFO] dvc push complete for global_step_320: 14 files pushed
2026-03-02 20:53:57,527 [INFO] Verifying backup: dvc status --cloud logs/VerlRun/03/02/cont_cont_hidden_biomath_qwen3_4bi_22_23_g5wwtnrn/checkpoints/global_step_320.dvc
2026-03-02 20:54:13,303 [INFO] global_step_320: backup confirmed
2026-03-02 20:54:13,303 [INFO] Running: dvc gc --not-in-remote -w -f -v
2026-03-02 20:54:48,267 [INFO] dvc gc complete: 2026-03-03 01:54:13,508 DEBUG: v3.66.1 (conda), CPython 3.10.19 on Linux-5.15.0-161-generic-x86_64-with-glibc2.35
2026-03-03 01:54:13,508 DEBUG: command: /home/matan/shared/.conda/envs/hope/bin/dvc gc --not-in-remote -w -f -v
2026-03-03 01:54:16,105 DEBUG: Preparing to transfer data from 's3://matan-ml-exp-bucket/dvc-storage/files/md5' to '/shared/matan/code/pass_at_k/.dvc/cache/files/md5'
2026-03-03 01:54:16,105 DEBUG: Preparing to collect status from '/shared/matan/code/pass_at_k/.dvc/cache/files/md5'
2026-03-03 01:54:16,105 DEBUG: Collecting status from '/shared/matan/code/pass_at_k/.dvc/cache/files/md5'
2026-03-03 01:54:16,106 DEBUG: Preparing to collect status from 'matan-ml-exp-bucket/dvc-storage/files/md5'
2026-03-03 01:54:16,106 DEBUG: Collecting status from 'matan-ml-exp-bucket/dvc-storage/files/md5'
2026-03-03 01:54:16,109 DEBUG: Querying 11 oids via object_exists
2026-03-03 01:54:18,296 DEBUG: Querying 1 oids via object_exists
2026-03-03 01:54:18,596 DEBUG: Querying 1 oids via object_exists
2026-03-03 01:54:19,221 DEBUG: Preparing to transfer data from 's3://matan-ml-exp-bucket/dvc-storage/files/md5' to '/shared/matan/code/pass_at_k/.dvc/cache/files/md5'
2026-03-03 01:54:19,221 DEBUG: Preparing to collect status from '/shared/matan/code/pass_at_k/.dvc/cache/files/md5'
2026-03-03 01:54:19,221 DEBUG: Collecting status from '/shared/matan/code/pass_at_k/.dvc/cache/files/md5'
2026-03-03 01:54:19,221 DEBUG: Preparing to collect status from 'matan-ml-exp-bucket/dvc-storage/files/md5'
2026-03-03 01:54:19,221 DEBUG: Collecting status from 'matan-ml-exp-bucket/dvc-storage/files/md5'
2026-03-03 01:54:19,224 DEBUG: Querying 11 oids via object_exists
2026-03-03 01:54:21,009 DEBUG: Querying 1 oids via object_exists
2026-03-03 01:54:21,468 DEBUG: Querying 1 oids via object_exists
2026-03-03 01:54:21,805 DEBUG: Querying 300 oids via object_exists
2026-03-03 01:54:28,413 DEBUG: Querying 300 oids via object_exists
2026-03-03 01:54:46,657 DEBUG: Estimated remote size: 256 files
2026-03-03 01:54:47,292 DEBUG: Removing '/shared/matan/code/pass_at_k/.dvc/cache/files/md5/4e/8b96e50034a5166c00668dad306d99.dir.unpacked'
2026-03-03 01:54:47,492 DEBUG: Removing '/shared/matan/code/pass_at_k/.dvc/cache/files/md5/4e/8b96e50034a5166c00668dad306d99.dir'
Removed 1 objects from repo cache.
2026-03-03 01:54:47,496 DEBUG: Estimated remote size: 256 files
No unused 'legacy' cache to remove.
2026-03-03 01:54:48,000 DEBUG: Analytics is enabled.
2026-03-03 01:54:48,052 DEBUG: Trying to spawn ['daemon', 'analytics', '/tmp/tmpvnbvgnru', '-v']
2026-03-03 01:54:48,060 DEBUG: Spawned ['daemon', 'analytics', '/tmp/tmpvnbvgnru', '-v'] with pid 3222508
2026-03-02 20:54:48,283 [DEBUG] global_step_320: not cleaning (latest non-empty checkpoint)
2026-03-02 20:54:48,283 [DEBUG] Sleeping 300.0s until next poll
2026-03-02 20:59:48,407 [DEBUG] No new checkpoints to backup (already backed up: [280, 320])
2026-03-02 20:59:48,416 [DEBUG] global_step_320: not cleaning (latest non-empty checkpoint)
2026-03-02 20:59:48,416 [DEBUG] Sleeping 300.0s until next poll
2026-03-02 21:04:48,547 [DEBUG] No new checkpoints to backup (already backed up: [280, 320])
2026-03-02 21:04:48,553 [DEBUG] global_step_320: not cleaning (latest non-empty checkpoint)
2026-03-02 21:04:48,553 [DEBUG] Sleeping 300.0s until next poll
2026-03-02 21:09:48,687 [DEBUG] No new checkpoints to backup (already backed up: [280, 320])
2026-03-02 21:09:48,698 [DEBUG] global_step_320: not cleaning (latest non-empty checkpoint)
2026-03-02 21:09:48,698 [DEBUG] Sleeping 300.0s until next poll
2026-03-02 21:14:48,821 [DEBUG] No new checkpoints to backup (already backed up: [280, 320])
2026-03-02 21:14:48,829 [DEBUG] global_step_320: not cleaning (latest non-empty checkpoint)
2026-03-02 21:14:48,829 [DEBUG] Sleeping 300.0s until next poll
2026-03-02 21:19:48,955 [DEBUG] No new checkpoints to backup (already backed up: [280, 320])
2026-03-02 21:19:48,962 [DEBUG] global_step_320: not cleaning (latest non-empty checkpoint)
2026-03-02 21:19:48,962 [DEBUG] Sleeping 300.0s until next poll
2026-03-02 21:24:49,086 [DEBUG] No new checkpoints to backup (already backed up: [280, 320])
2026-03-02 21:24:49,097 [DEBUG] global_step_320: not cleaning (latest non-empty checkpoint)
2026-03-02 21:24:49,097 [DEBUG] Sleeping 300.0s until next poll
2026-03-02 21:29:49,219 [DEBUG] No new checkpoints to backup (already backed up: [280, 320])
2026-03-02 21:29:49,229 [DEBUG] global_step_320: not cleaning (latest non-empty checkpoint)
2026-03-02 21:29:49,229 [DEBUG] Sleeping 300.0s until next poll
2026-03-02 21:34:50,514 [DEBUG] New steps [360] but none confirmed complete (complete_step=320)
2026-03-02 21:34:58,835 [INFO] Cleaned global_step_320 (kept empty dir as marker)
2026-03-02 21:34:58,835 [DEBUG] Sleeping 300.0s until next poll
2026-03-02 21:39:58,974 [INFO] New complete checkpoints to backup: [360]
2026-03-02 21:39:58,977 [INFO] Running: dvc add logs/VerlRun/03/02/cont_cont_hidden_biomath_qwen3_4bi_22_23_g5wwtnrn/checkpoints/global_step_360
2026-03-02 21:44:57,821 [DEBUG] dvc add stdout: 
2026-03-02 21:44:57,823 [INFO] Running: dvc push logs/VerlRun/03/02/cont_cont_hidden_biomath_qwen3_4bi_22_23_g5wwtnrn/checkpoints/global_step_360.dvc
2026-03-02 21:53:58,695 [INFO] dvc push complete for global_step_360: 10 files pushed
2026-03-02 21:53:58,697 [INFO] Verifying backup: dvc status --cloud logs/VerlRun/03/02/cont_cont_hidden_biomath_qwen3_4bi_22_23_g5wwtnrn/checkpoints/global_step_360.dvc
2026-03-02 21:54:14,520 [INFO] global_step_360: backup confirmed
2026-03-02 21:54:14,520 [INFO] Running: dvc gc --not-in-remote -w -f -v
2026-03-02 21:55:51,007 [INFO] dvc gc complete: 2026-03-03 02:54:14,701 DEBUG: v3.66.1 (conda), CPython 3.10.19 on Linux-5.15.0-161-generic-x86_64-with-glibc2.35
2026-03-03 02:54:14,701 DEBUG: command: /home/matan/shared/.conda/envs/hope/bin/dvc gc --not-in-remote -w -f -v
2026-03-03 02:54:17,221 DEBUG: Preparing to transfer data from 's3://matan-ml-exp-bucket/dvc-storage/files/md5' to '/shared/matan/code/pass_at_k/.dvc/cache/files/md5'
2026-03-03 02:54:17,222 DEBUG: Preparing to collect status from '/shared/matan/code/pass_at_k/.dvc/cache/files/md5'
2026-03-03 02:54:17,222 DEBUG: Collecting status from '/shared/matan/code/pass_at_k/.dvc/cache/files/md5'
2026-03-03 02:54:17,222 DEBUG: Preparing to collect status from 'matan-ml-exp-bucket/dvc-storage/files/md5'
2026-03-03 02:54:17,222 DEBUG: Collecting status from 'matan-ml-exp-bucket/dvc-storage/files/md5'
2026-03-03 02:54:17,225 DEBUG: Querying 12 oids via object_exists
2026-03-03 02:54:19,822 DEBUG: Querying 0 oids via object_exists
2026-03-03 02:54:20,579 DEBUG: transfer dir: md5: 57e6ad92d563948f0c4f40fef99c2180.dir with 0 files
2026-03-03 02:54:20,835 DEBUG: Preparing to transfer data from 's3://matan-ml-exp-bucket/dvc-storage/files/md5' to '/shared/matan/code/pass_at_k/.dvc/cache/files/md5'
2026-03-03 02:54:20,835 DEBUG: Preparing to collect status from '/shared/matan/code/pass_at_k/.dvc/cache/files/md5'
2026-03-03 02:54:20,835 DEBUG: Collecting status from '/shared/matan/code/pass_at_k/.dvc/cache/files/md5'
2026-03-03 02:54:20,836 DEBUG: Preparing to collect status from 'matan-ml-exp-bucket/dvc-storage/files/md5'
2026-03-03 02:54:20,836 DEBUG: Collecting status from 'matan-ml-exp-bucket/dvc-storage/files/md5'
2026-03-03 02:54:20,838 DEBUG: Querying 12 oids via object_exists
2026-03-03 02:54:23,068 DEBUG: Querying 0 oids via object_exists
2026-03-03 02:54:23,775 DEBUG: transfer dir: md5: 1ecec8f86b36d5ec2eb58ff74a55e9f7.dir with 0 files
2026-03-03 02:54:24,053 DEBUG: Preparing to transfer data from 's3://matan-ml-exp-bucket/dvc-storage/files/md5' to '/shared/matan/code/pass_at_k/.dvc/cache/files/md5'
2026-03-03 02:54:24,053 DEBUG: Preparing to collect status from '/shared/matan/code/pass_at_k/.dvc/cache/files/md5'
2026-03-03 02:54:24,053 DEBUG: Collecting status from '/shared/matan/code/pass_at_k/.dvc/cache/files/md5'
2026-03-03 02:54:24,054 DEBUG: Preparing to collect status from 'matan-ml-exp-bucket/dvc-storage/files/md5'
2026-03-03 02:54:24,054 DEBUG: Collecting status from 'matan-ml-exp-bucket/dvc-storage/files/md5'
2026-03-03 02:54:24,056 DEBUG: Querying 12 oids via object_exists
2026-03-03 02:54:26,083 DEBUG: Querying 0 oids via object_exists
2026-03-03 02:54:26,772 DEBUG: transfer dir: md5: ec6ff6278ba9ba95ba78bdbe4e117fa4.dir with 0 files
2026-03-03 02:54:27,042 DEBUG: Preparing to transfer data from 's3://matan-ml-exp-bucket/dvc-storage/files/md5' to '/shared/matan/code/pass_at_k/.dvc/cache/files/md5'
2026-03-03 02:54:27,043 DEBUG: Preparing to collect status from '/shared/matan/code/pass_at_k/.dvc/cache/files/md5'
2026-03-03 02:54:27,043 DEBUG: Collecting status from '/shared/matan/code/pass_at_k/.dvc/cache/files/md5'
2026-03-03 02:54:27,043 DEBUG: Preparing to collect status from 'matan-ml-exp-bucket/dvc-storage/files/md5'
2026-03-03 02:54:27,043 DEBUG: Collecting status from 'matan-ml-exp-bucket/dvc-storage/files/md5'
2026-03-03 02:54:27,045 DEBUG: Querying 12 oids via object_exists
2026-03-03 02:54:29,277 DEBUG: Querying 0 oids via object_exists
2026-03-03 02:54:29,957 DEBUG: transfer dir: md5: 607971874a7d57b6b0978f811b4c26a2.dir with 0 files
2026-03-03 02:54:30,163 DEBUG: Preparing to transfer data from 's3://matan-ml-exp-bucket/dvc-storage/files/md5' to '/shared/matan/code/pass_at_k/.dvc/cache/files/md5'
2026-03-03 02:54:30,164 DEBUG: Preparing to collect status from '/shared/matan/code/pass_at_k/.dvc/cache/files/md5'
2026-03-03 02:54:30,164 DEBUG: Collecting status from '/shared/matan/code/pass_at_k/.dvc/cache/files/md5'
2026-03-03 02:54:30,164 DEBUG: Preparing to collect status from 'matan-ml-exp-bucket/dvc-storage/files/md5'
2026-03-03 02:54:30,164 DEBUG: Collecting status from 'matan-ml-exp-bucket/dvc-storage/files/md5'
2026-03-03 02:54:30,166 DEBUG: Querying 12 oids via object_exists
2026-03-03 02:54:32,216 DEBUG: Querying 0 oids via object_exists
2026-03-03 02:54:32,775 DEBUG: transfer dir: md5: 5959d041bbc0cd2361ed38d105f7e9eb.dir with 0 files
2026-03-03 02:54:32,967 DEBUG: Preparing to transfer data from 's3://matan-ml-exp-bucket/dvc-storage/files/md5' to '/shared/matan/code/pass_at_k/.dvc/cache/files/md5'
2026-03-03 02:54:32,967 DEBUG: Preparing to collect status from '/shared/matan/code/pass_at_k/.dvc/cache/files/md5'
2026-03-03 02:54:32,967 DEBUG: Collecting status from '/shared/matan/code/pass_at_k/.dvc/cache/files/md5'
2026-03-03 02:54:32,967 DEBUG: Preparing to collect status from 'matan-ml-exp-bucket/dvc-storage/files/md5'
2026-03-03 02:54:32,967 DEBUG: Collecting status from 'matan-ml-exp-bucket/dvc-storage/files/md5'
2026-03-03 02:54:32,969 DEBUG: Querying 12 oids via object_exists
2026-03-03 02:54:35,112 DEBUG: Querying 1 oids via object_exists
2026-03-03 02:54:35,550 DEBUG: Indexing new .dir 'd1880853e66b0d64341b53536129addb.dir' with '23' nested files
2026-03-03 02:54:36,088 DEBUG: transfer dir: md5: d1880853e66b0d64341b53536129addb.dir with 0 files
2026-03-03 02:54:36,441 DEBUG: Preparing to transfer data from 's3://matan-ml-exp-bucket/dvc-storage/files/md5' to '/shared/matan/code/pass_at_k/.dvc/cache/files/md5'
2026-03-03 02:54:36,441 DEBUG: Preparing to collect status from '/shared/matan/code/pass_at_k/.dvc/cache/files/md5'
2026-03-03 02:54:36,441 DEBUG: Collecting status from '/shared/matan/code/pass_at_k/.dvc/cache/files/md5'
2026-03-03 02:54:36,441 DEBUG: Preparing to collect status from 'matan-ml-exp-bucket/dvc-storage/files/md5'
2026-03-03 02:54:36,442 DEBUG: Collecting status from 'matan-ml-exp-bucket/dvc-storage/files/md5'
2026-03-03 02:54:36,444 DEBUG: Querying 13 oids via object_exists
2026-03-03 02:54:38,827 DEBUG: Querying 0 oids via object_exists
2026-03-03 02:54:39,373 DEBUG: transfer dir: md5: 8fcfcfe22919b719bf63ca8f9df092aa.dir with 0 files
2026-03-03 02:54:39,705 DEBUG: Preparing to transfer data from 's3://matan-ml-exp-bucket/dvc-storage/files/md5' to '/shared/matan/code/pass_at_k/.dvc/cache/files/md5'
2026-03-03 02:54:39,706 DEBUG: Preparing to collect status from '/shared/matan/code/pass_at_k/.dvc/cache/files/md5'
2026-03-03 02:54:39,706 DEBUG: Collecting status from '/shared/matan/code/pass_at_k/.dvc/cache/files/md5'
2026-03-03 02:54:39,706 DEBUG: Preparing to collect status from 'matan-ml-exp-bucket/dvc-storage/files/md5'
2026-03-03 02:54:39,706 DEBUG: Collecting status from 'matan-ml-exp-bucket/dvc-storage/files/md5'
2026-03-03 02:54:39,708 DEBUG: Querying 13 oids via object_exists
2026-03-03 02:54:42,005 DEBUG: Querying 1 oids via object_exists
2026-03-03 02:54:42,651 DEBUG: Indexing new .dir '3a06c151f5094085f299441e8e754e89.dir' with '23' nested files
2026-03-03 02:54:43,099 DEBUG: transfer dir: md5: 3a06c151f5094085f299441e8e754e89.dir with 0 files
2026-03-03 02:54:43,284 DEBUG: Preparing to transfer data from 's3://matan-ml-exp-bucket/dvc-storage/files/md5' to '/shared/matan/code/pass_at_k/.dvc/cache/files/md5'
2026-03-03 02:54:43,284 DEBUG: Preparing to collect status from '/shared/matan/code/pass_at_k/.dvc/cache/files/md5'
2026-03-03 02:54:43,284 DEBUG: Collecting status from '/shared/matan/code/pass_at_k/.dvc/cache/files/md5'
2026-03-03 02:54:43,284 DEBUG: Preparing to collect status from 'matan-ml-exp-bucket/dvc-storage/files/md5'
2026-03-03 02:54:43,284 DEBUG: Collecting status from 'matan-ml-exp-bucket/dvc-storage/files/md5'
2026-03-03 02:54:43,287 DEBUG: Querying 14 oids via object_exists
2026-03-03 02:54:45,680 DEBUG: Querying 0 oids via object_exists
2026-03-03 02:54:46,412 DEBUG: transfer dir: md5: 23e4c21324a93f04221a77a6b826c122.dir with 0 files
2026-03-03 02:54:46,617 DEBUG: Preparing to transfer data from 's3://matan-ml-exp-bucket/dvc-storage/files/md5' to '/shared/matan/code/pass_at_k/.dvc/cache/files/md5'
2026-03-03 02:54:46,617 DEBUG: Preparing to collect status from '/shared/matan/code/pass_at_k/.dvc/cache/files/md5'
2026-03-03 02:54:46,617 DEBUG: Collecting status from '/shared/matan/code/pass_at_k/.dvc/cache/files/md5'
2026-03-03 02:54:46,617 DEBUG: Preparing to collect status from 'matan-ml-exp-bucket/dvc-storage/files/md5'
2026-03-03 02:54:46,617 DEBUG: Collecting status from 'matan-ml-exp-bucket/dvc-storage/files/md5'
2026-03-03 02:54:46,620 DEBUG: Querying 14 oids via object_exists
2026-03-03 02:54:48,658 DEBUG: Querying 0 oids via object_exists
2026-03-03 02:54:49,404 DEBUG: transfer dir: md5: a0784a19a4eff25fac6d848fece99fae.dir with 0 files
2026-03-03 02:54:49,596 DEBUG: Preparing to transfer data from 's3://matan-ml-exp-bucket/dvc-storage/files/md5' to '/shared/matan/code/pass_at_k/.dvc/cache/files/md5'
2026-03-03 02:54:49,596 DEBUG: Preparing to collect status from '/shared/matan/code/pass_at_k/.dvc/cache/files/md5'
2026-03-03 02:54:49,596 DEBUG: Collecting status from '/shared/matan/code/pass_at_k/.dvc/cache/files/md5'
2026-03-03 02:54:49,596 DEBUG: Preparing to collect status from 'matan-ml-exp-bucket/dvc-storage/files/md5'
2026-03-03 02:54:49,597 DEBUG: Collecting status from 'matan-ml-exp-bucket/dvc-storage/files/md5'
2026-03-03 02:54:49,599 DEBUG: Querying 14 oids via object_exists
2026-03-03 02:54:51,708 DEBUG: Querying 0 oids via object_exists
2026-03-03 02:54:52,475 DEBUG: transfer dir: md5: bf3dcf169deacee4a24a66b7626c92f0.dir with 0 files
2026-03-03 02:54:52,815 DEBUG: Preparing to transfer data from 's3://matan-ml-exp-bucket/dvc-storage/files/md5' to '/shared/matan/code/pass_at_k/.dvc/cache/files/md5'
2026-03-03 02:54:52,815 DEBUG: Preparing to collect status from '/shared/matan/code/pass_at_k/.dvc/cache/files/md5'
2026-03-03 02:54:52,815 DEBUG: Collecting status from '/shared/matan/code/pass_at_k/.dvc/cache/files/md5'
2026-03-03 02:54:52,815 DEBUG: Preparing to collect status from 'matan-ml-exp-bucket/dvc-storage/files/md5'
2026-03-03 02:54:52,815 DEBUG: Collecting status from 'matan-ml-exp-bucket/dvc-storage/files/md5'
2026-03-03 02:54:52,818 DEBUG: Querying 14 oids via object_exists
2026-03-03 02:54:55,072 DEBUG: Querying 0 oids via object_exists
2026-03-03 02:54:55,925 DEBUG: transfer dir: md5: 8dfd9c8929831bdc095aae666029e776.dir with 0 files
2026-03-03 02:54:56,264 DEBUG: Preparing to transfer data from 's3://matan-ml-exp-bucket/dvc-storage/files/md5' to '/shared/matan/code/pass_at_k/.dvc/cache/files/md5'
2026-03-03 02:54:56,264 DEBUG: Preparing to collect status from '/shared/matan/code/pass_at_k/.dvc/cache/files/md5'
2026-03-03 02:54:56,264 DEBUG: Collecting status from '/shared/matan/code/pass_at_k/.dvc/cache/files/md5'
2026-03-03 02:54:56,264 DEBUG: Preparing to collect status from 'matan-ml-exp-bucket/dvc-storage/files/md5'
2026-03-03 02:54:56,264 DEBUG: Collecting status from 'matan-ml-exp-bucket/dvc-storage/files/md5'
2026-03-03 02:54:56,267 DEBUG: Querying 14 oids via object_exists
2026-03-03 02:54:58,317 DEBUG: Querying 0 oids via object_exists
2026-03-03 02:54:59,019 DEBUG: transfer dir: md5: 4e8b96e50034a5166c00668dad306d99.dir with 0 files
2026-03-03 02:54:59,358 DEBUG: Preparing to transfer data from 's3://matan-ml-exp-bucket/dvc-storage/files/md5' to '/shared/matan/code/pass_at_k/.dvc/cache/files/md5'
2026-03-03 02:54:59,358 DEBUG: Preparing to collect status from '/shared/matan/code/pass_at_k/.dvc/cache/files/md5'
2026-03-03 02:54:59,359 DEBUG: Collecting status from '/shared/matan/code/pass_at_k/.dvc/cache/files/md5'
2026-03-03 02:54:59,359 DEBUG: Preparing to collect status from 'matan-ml-exp-bucket/dvc-storage/files/md5'
2026-03-03 02:54:59,359 DEBUG: Collecting status from 'matan-ml-exp-bucket/dvc-storage/files/md5'
2026-03-03 02:54:59,361 DEBUG: Querying 14 oids via object_exists
2026-03-03 02:55:01,508 DEBUG: Querying 1 oids via object_exists
2026-03-03 02:55:01,794 DEBUG: Querying 1 oids via object_exists
2026-03-03 02:55:02,090 DEBUG: Preparing to transfer data from 's3://matan-ml-exp-bucket/dvc-storage/files/md5' to '/shared/matan/code/pass_at_k/.dvc/cache/files/md5'
2026-03-03 02:55:02,090 DEBUG: Preparing to collect status from '/shared/matan/code/pass_at_k/.dvc/cache/files/md5'
2026-03-03 02:55:02,090 DEBUG: Collecting status from '/shared/matan/code/pass_at_k/.dvc/cache/files/md5'
2026-03-03 02:55:02,090 DEBUG: Preparing to collect status from 'matan-ml-exp-bucket/dvc-storage/files/md5'
2026-03-03 02:55:02,090 DEBUG: Collecting status from 'matan-ml-exp-bucket/dvc-storage/files/md5'
2026-03-03 02:55:02,092 DEBUG: Querying 14 oids via object_exists
2026-03-03 02:55:04,320 DEBUG: Querying 1 oids via object_exists
2026-03-03 02:55:04,584 DEBUG: Querying 1 oids via object_exists
2026-03-03 02:55:05,061 DEBUG: Querying 310 oids via object_exists
2026-03-03 02:55:11,448 DEBUG: Querying 310 oids via object_exists
2026-03-03 02:55:35,182 DEBUG: Estimated remote size: 256 files
2026-03-03 02:55:35,252 DEBUG: Removing '/shared/matan/code/pass_at_k/.dvc/cache/files/md5/ba/62f8ee5b8ee63336a426c43f322623.dir.unpacked'
2026-03-03 02:55:35,302 DEBUG: Removing '/shared/matan/code/pass_at_k/.dvc/cache/files/md5/57/e6ad92d563948f0c4f40fef99c2180.dir.unpacked'
2026-03-03 02:55:35,366 DEBUG: Removing '/shared/matan/code/pass_at_k/.dvc/cache/files/md5/d1/880853e66b0d64341b53536129addb.dir.unpacked'
2026-03-03 02:55:35,647 DEBUG: Removing '/shared/matan/code/pass_at_k/.dvc/cache/files/md5/59/59d041bbc0cd2361ed38d105f7e9eb.dir.unpacked'
2026-03-03 02:55:35,754 DEBUG: Removing '/shared/matan/code/pass_at_k/.dvc/cache/files/md5/8f/cfcfe22919b719bf63ca8f9df092aa.dir.unpacked'
2026-03-03 02:55:35,827 DEBUG: Removing '/shared/matan/code/pass_at_k/.dvc/cache/files/md5/d3/4c5d1cb7b8744b2ec8837be0b410f3.dir.unpacked'
2026-03-03 02:55:35,872 DEBUG: Removing '/shared/matan/code/pass_at_k/.dvc/cache/files/md5/bf/3dcf169deacee4a24a66b7626c92f0.dir.unpacked'
2026-03-03 02:55:35,924 DEBUG: Removing '/shared/matan/code/pass_at_k/.dvc/cache/files/md5/60/7971874a7d57b6b0978f811b4c26a2.dir.unpacked'
2026-03-03 02:55:35,935 DEBUG: Removing '/shared/matan/code/pass_at_k/.dvc/cache/files/md5/ec/6ff6278ba9ba95ba78bdbe4e117fa4.dir.unpacked'
2026-03-03 02:55:35,948 DEBUG: Removing '/shared/matan/code/pass_at_k/.dvc/cache/files/md5/1e/cec8f86b36d5ec2eb58ff74a55e9f7.dir.unpacked'
2026-03-03 02:55:35,974 DEBUG: Removing '/shared/matan/code/pass_at_k/.dvc/cache/files/md5/3a/06c151f5094085f299441e8e754e89.dir.unpacked'
2026-03-03 02:55:35,986 DEBUG: Removing '/shared/matan/code/pass_at_k/.dvc/cache/files/md5/4e/8b96e50034a5166c00668dad306d99.dir.unpacked'
2026-03-03 02:55:36,008 DEBUG: Removing '/shared/matan/code/pass_at_k/.dvc/cache/files/md5/8d/fd9c8929831bdc095aae666029e776.dir.unpacked'
2026-03-03 02:55:36,109 DEBUG: Removing '/shared/matan/code/pass_at_k/.dvc/cache/files/md5/a0/784a19a4eff25fac6d848fece99fae.dir.unpacked'
2026-03-03 02:55:36,201 DEBUG: Removing '/shared/matan/code/pass_at_k/.dvc/cache/files/md5/23/e4c21324a93f04221a77a6b826c122.dir.unpacked'
2026-03-03 02:55:36,212 DEBUG: Removing '/shared/matan/code/pass_at_k/.dvc/cache/files/md5/ba/62f8ee5b8ee63336a426c43f322623.dir'
2026-03-03 02:55:36,215 DEBUG: Removing '/shared/matan/code/pass_at_k/.dvc/cache/files/md5/57/e6ad92d563948f0c4f40fef99c2180.dir'
2026-03-03 02:55:36,220 DEBUG: Removing '/shared/matan/code/pass_at_k/.dvc/cache/files/md5/d1/880853e66b0d64341b53536129addb.dir'
2026-03-03 02:55:36,224 DEBUG: Removing '/shared/matan/code/pass_at_k/.dvc/cache/files/md5/59/59d041bbc0cd2361ed38d105f7e9eb.dir'
2026-03-03 02:55:36,229 DEBUG: Removing '/shared/matan/code/pass_at_k/.dvc/cache/files/md5/8f/cfcfe22919b719bf63ca8f9df092aa.dir'
2026-03-03 02:55:36,233 DEBUG: Removing '/shared/matan/code/pass_at_k/.dvc/cache/files/md5/d3/4c5d1cb7b8744b2ec8837be0b410f3.dir'
2026-03-03 02:55:36,236 DEBUG: Removing '/shared/matan/code/pass_at_k/.dvc/cache/files/md5/bf/3dcf169deacee4a24a66b7626c92f0.dir'
2026-03-03 02:55:36,240 DEBUG: Removing '/shared/matan/code/pass_at_k/.dvc/cache/files/md5/60/7971874a7d57b6b0978f811b4c26a2.dir'
2026-03-03 02:55:36,245 DEBUG: Removing '/shared/matan/code/pass_at_k/.dvc/cache/files/md5/ec/6ff6278ba9ba95ba78bdbe4e117fa4.dir'
2026-03-03 02:55:36,250 DEBUG: Removing '/shared/matan/code/pass_at_k/.dvc/cache/files/md5/1e/cec8f86b36d5ec2eb58ff74a55e9f7.dir'
2026-03-03 02:55:36,254 DEBUG: Removing '/shared/matan/code/pass_at_k/.dvc/cache/files/md5/3a/06c151f5094085f299441e8e754e89.dir'
2026-03-03 02:55:36,258 DEBUG: Removing '/shared/matan/code/pass_at_k/.dvc/cache/files/md5/4e/8b96e50034a5166c00668dad306d99.dir'
2026-03-03 02:55:36,263 DEBUG: Removing '/shared/matan/code/pass_at_k/.dvc/cache/files/md5/8d/fd9c8929831bdc095aae666029e776.dir'
2026-03-03 02:55:36,267 DEBUG: Removing '/shared/matan/code/pass_at_k/.dvc/cache/files/md5/a0/784a19a4eff25fac6d848fece99fae.dir'
2026-03-03 02:55:36,272 DEBUG: Removing '/shared/matan/code/pass_at_k/.dvc/cache/files/md5/23/e4c21324a93f04221a77a6b826c122.dir'
2026-03-03 02:55:36,276 DEBUG: Removing '/shared/matan/code/pass_at_k/.dvc/cache/files/md5/b8/.U6u8kDbKULRAwoFu0vEAug.tmp'
2026-03-03 02:55:36,278 DEBUG: Removing '/shared/matan/code/pass_at_k/.dvc/cache/files/md5/07/adb85f905ef9ea1b8f0979202efe45'
2026-03-03 02:55:36,282 DEBUG: Removing '/shared/matan/code/pass_at_k/.dvc/cache/files/md5/07/661530df3c52537323008a6a1f03d8'
2026-03-03 02:55:36,284 DEBUG: Removing '/shared/matan/code/pass_at_k/.dvc/cache/files/md5/d7/bfe0ecfa87bf87c01070c7951d8f23'
2026-03-03 02:55:36,286 DEBUG: Removing '/shared/matan/code/pass_at_k/.dvc/cache/files/md5/ba/e95f723d44061dcd79ad40a54ca8c9'
2026-03-03 02:55:36,783 DEBUG: Removing '/shared/matan/code/pass_at_k/.dvc/cache/files/md5/57/95f12e815eef069e10dd289b80ad4c'
2026-03-03 02:55:36,786 DEBUG: Removing '/shared/matan/code/pass_at_k/.dvc/cache/files/md5/57/08ee87a0925280424b5caa0906752f'
2026-03-03 02:55:36,788 DEBUG: Removing '/shared/matan/code/pass_at_k/.dvc/cache/files/md5/27/88bdf14c5b12885b61d52e57031e8a'
2026-03-03 02:55:36,790 DEBUG: Removing '/shared/matan/code/pass_at_k/.dvc/cache/files/md5/f4/e844ebd85ebb4c8ea40a38b829d3bb'
2026-03-03 02:55:36,793 DEBUG: Removing '/shared/matan/code/pass_at_k/.dvc/cache/files/md5/0b/fcf557628bcf36f6cefac35172edee'
2026-03-03 02:55:37,556 DEBUG: Removing '/shared/matan/code/pass_at_k/.dvc/cache/files/md5/35/b4f7396dd1a0dec068558af72db324'
2026-03-03 02:55:38,846 DEBUG: Removing '/shared/matan/code/pass_at_k/.dvc/cache/files/md5/b0/d276863a8b3ef21f6f59df251dbcd4'
2026-03-03 02:55:38,852 DEBUG: Removing '/shared/matan/code/pass_at_k/.dvc/cache/files/md5/16/c14e8b6c0621a3dd19a1b353bf3313'
2026-03-03 02:55:39,680 DEBUG: Removing '/shared/matan/code/pass_at_k/.dvc/cache/files/md5/c6/6c5f4e178b457beb79b21d387caa27'
2026-03-03 02:55:39,685 DEBUG: Removing '/shared/matan/code/pass_at_k/.dvc/cache/files/md5/2e/eddeef1478bf116987cd326defd2d8'
2026-03-03 02:55:40,301 DEBUG: Removing '/shared/matan/code/pass_at_k/.dvc/cache/files/md5/43/90f63095eeb7873f778c23eddecce1'
2026-03-03 02:55:41,012 DEBUG: Removing '/shared/matan/code/pass_at_k/.dvc/cache/files/md5/97/5679f24cca01d390537cd71ed23128'
2026-03-03 02:55:41,628 DEBUG: Removing '/shared/matan/code/pass_at_k/.dvc/cache/files/md5/d2/146eb5e7003506c32cdedb83814298'
2026-03-03 02:55:42,225 DEBUG: Removing '/shared/matan/code/pass_at_k/.dvc/cache/files/md5/a1/8ddbf70847c9d473d4efc8c610ae77'
2026-03-03 02:55:43,469 DEBUG: Removing '/shared/matan/code/pass_at_k/.dvc/cache/files/md5/a1/fb23077af280c223f468f1b47d9969'
2026-03-03 02:55:44,687 DEBUG: Removing '/shared/matan/code/pass_at_k/.dvc/cache/files/md5/de/afdabeff32caed808d2c6417c854f4'
2026-03-03 02:55:44,690 DEBUG: Removing '/shared/matan/code/pass_at_k/.dvc/cache/files/md5/60/59c0870ea037ce7054f49fb59b5fa8'
2026-03-03 02:55:44,693 DEBUG: Removing '/shared/matan/code/pass_at_k/.dvc/cache/files/md5/ec/8a137b0ee14810204fb94de8d6611f'
2026-03-03 02:55:45,832 DEBUG: Removing '/shared/matan/code/pass_at_k/.dvc/cache/files/md5/e2/f06eb73eab24fafb27e8116353180b'
2026-03-03 02:55:45,837 DEBUG: Removing '/shared/matan/code/pass_at_k/.dvc/cache/files/md5/4e/6d7381b084bb04b0d35f8fd4b0d185'
2026-03-03 02:55:45,841 DEBUG: Removing '/shared/matan/code/pass_at_k/.dvc/cache/files/md5/01/d18457eaf5504d9ec8f4a0941cd4f8'
2026-03-03 02:55:45,844 DEBUG: Removing '/shared/matan/code/pass_at_k/.dvc/cache/files/md5/e1/34f901ed94d94dab1667e5354a93be'
2026-03-03 02:55:46,613 DEBUG: Removing '/shared/matan/code/pass_at_k/.dvc/cache/files/md5/77/8dc4d9834dcf8e8d8b098c7f0b1a94'
2026-03-03 02:55:47,039 DEBUG: Removing '/shared/matan/code/pass_at_k/.dvc/cache/files/md5/72/dacf1de43bc354dc3c521e44ed0b24'
2026-03-03 02:55:47,042 DEBUG: Removing '/shared/matan/code/pass_at_k/.dvc/cache/files/md5/18/c5340f7c321a065d192eea8e5ccc1a'
2026-03-03 02:55:47,046 DEBUG: Removing '/shared/matan/code/pass_at_k/.dvc/cache/files/md5/64/23133b9cc1a2077b57822c30c211aa'
2026-03-03 02:55:47,050 DEBUG: Removing '/shared/matan/code/pass_at_k/.dvc/cache/files/md5/61/3b8e4a622c4a2c90e9e1245fc540d6'
2026-03-03 02:55:47,053 DEBUG: Removing '/shared/matan/code/pass_at_k/.dvc/cache/files/md5/1a/2415a7627fa2439db005f73014fcf4'
Removed 48 objects from repo cache.
2026-03-03 02:55:47,799 DEBUG: Estimated remote size: 256 files
2026-03-03 02:55:47,894 DEBUG: '/shared/matan/code/pass_at_k/.dvc/cache/files/md5/15/ecfbb7a9aedf43bd7271dda6e3d2eb' doesn't look like a cache file, skipping
2026-03-03 02:55:47,900 DEBUG: '/shared/matan/code/pass_at_k/.dvc/cache/files/md5/b6/d904195407d983ca67b3d2d34ab5a4' doesn't look like a cache file, skipping
2026-03-03 02:55:48,241 DEBUG: '/shared/matan/code/pass_at_k/.dvc/cache/files/md5/8b/9d46642e0e22e973150086fb43c0df' doesn't look like a cache file, skipping
No unused 'legacy' cache to remove.
2026-03-03 02:55:48,422 DEBUG: Analytics is enabled.
2026-03-03 02:55:50,726 DEBUG: Trying to spawn ['daemon', 'analytics', '/tmp/tmpcywcgbak', '-v']
2026-03-03 02:55:50,736 DEBUG: Spawned ['daemon', 'analytics', '/tmp/tmpcywcgbak', '-v'] with pid 3302729
2026-03-02 21:55:51,034 [DEBUG] global_step_360: not cleaning (latest non-empty checkpoint)
2026-03-02 21:55:51,034 [DEBUG] Sleeping 300.0s until next poll
2026-03-02 22:00:51,166 [DEBUG] No new checkpoints to backup (already backed up: [280, 320, 360])
2026-03-02 22:00:51,180 [DEBUG] global_step_360: not cleaning (latest non-empty checkpoint)
2026-03-02 22:00:51,180 [DEBUG] Sleeping 300.0s until next poll
2026-03-02 22:05:51,314 [DEBUG] No new checkpoints to backup (already backed up: [280, 320, 360])
2026-03-02 22:05:51,327 [DEBUG] global_step_360: not cleaning (latest non-empty checkpoint)
2026-03-02 22:05:51,327 [DEBUG] Sleeping 300.0s until next poll
2026-03-02 22:10:51,454 [DEBUG] No new checkpoints to backup (already backed up: [280, 320, 360])
2026-03-02 22:10:51,463 [DEBUG] global_step_360: not cleaning (latest non-empty checkpoint)
2026-03-02 22:10:51,463 [DEBUG] Sleeping 300.0s until next poll
2026-03-02 22:15:51,583 [DEBUG] No new checkpoints to backup (already backed up: [280, 320, 360])
2026-03-02 22:15:51,597 [DEBUG] global_step_360: not cleaning (latest non-empty checkpoint)
2026-03-02 22:15:51,597 [DEBUG] Sleeping 300.0s until next poll
2026-03-02 22:20:51,730 [DEBUG] No new checkpoints to backup (already backed up: [280, 320, 360])
2026-03-02 22:20:51,739 [DEBUG] global_step_360: not cleaning (latest non-empty checkpoint)
2026-03-02 22:20:51,739 [DEBUG] Sleeping 300.0s until next poll
2026-03-02 22:25:51,870 [DEBUG] No new checkpoints to backup (already backed up: [280, 320, 360])
2026-03-02 22:25:51,882 [DEBUG] global_step_360: not cleaning (latest non-empty checkpoint)
2026-03-02 22:25:51,882 [DEBUG] Sleeping 300.0s until next poll
2026-03-02 22:30:52,011 [DEBUG] No new checkpoints to backup (already backed up: [280, 320, 360])
2026-03-02 22:30:52,020 [DEBUG] global_step_360: not cleaning (latest non-empty checkpoint)
2026-03-02 22:30:52,020 [DEBUG] Sleeping 300.0s until next poll
2026-03-02 22:35:52,139 [INFO] New complete checkpoints to backup: [400]
2026-03-02 22:35:52,144 [INFO] Running: dvc add logs/VerlRun/03/02/cont_cont_hidden_biomath_qwen3_4bi_22_23_g5wwtnrn/checkpoints/global_step_400
2026-03-02 22:40:47,162 [DEBUG] dvc add stdout: 
2026-03-02 22:40:47,164 [INFO] Running: dvc push logs/VerlRun/03/02/cont_cont_hidden_biomath_qwen3_4bi_22_23_g5wwtnrn/checkpoints/global_step_400.dvc
