2026-03-03 11:15:38,619 [INFO] ============================================================
2026-03-03 11:15:38,619 [INFO] Checkpoint daemon started
2026-03-03 11:15:38,619 [INFO]   run_dir:            /shared/matan/code/pass_at_k/logs/VerlRun/03/03/cont_hidden_wmonitor_backdoor_qwen3_8b_r_16_15_brkxloto
2026-03-03 11:15:38,619 [INFO]   verl_pid:           3019380
2026-03-03 11:15:38,619 [INFO]   poll_interval:      300.0s
2026-03-03 11:15:38,619 [INFO]   clean_after_backup: True
2026-03-03 11:15:38,619 [INFO]   dvc_root:           /shared/matan/code/pass_at_k
2026-03-03 11:15:38,619 [INFO] ============================================================
2026-03-03 11:15:38,620 [DEBUG] No non-empty checkpoints found
2026-03-03 11:15:38,620 [DEBUG] Sleeping 300.0s until next poll
2026-03-03 11:20:38,718 [DEBUG] No non-empty checkpoints found
2026-03-03 11:20:38,718 [DEBUG] Sleeping 300.0s until next poll
2026-03-03 11:25:38,818 [DEBUG] No non-empty checkpoints found
2026-03-03 11:25:38,818 [DEBUG] Sleeping 300.0s until next poll
2026-03-03 11:30:38,918 [DEBUG] No non-empty checkpoints found
2026-03-03 11:30:38,919 [DEBUG] Sleeping 300.0s until next poll
2026-03-03 11:35:39,018 [DEBUG] No non-empty checkpoints found
2026-03-03 11:35:39,018 [DEBUG] Sleeping 300.0s until next poll
2026-03-03 11:40:39,118 [DEBUG] No non-empty checkpoints found
2026-03-03 11:40:39,118 [DEBUG] Sleeping 300.0s until next poll
2026-03-03 11:45:39,218 [DEBUG] No non-empty checkpoints found
2026-03-03 11:45:39,218 [DEBUG] Sleeping 300.0s until next poll
2026-03-03 11:50:39,315 [DEBUG] No non-empty checkpoints found
2026-03-03 11:50:39,316 [DEBUG] Sleeping 300.0s until next poll
2026-03-03 11:55:39,415 [DEBUG] No non-empty checkpoints found
2026-03-03 11:55:39,415 [DEBUG] Sleeping 300.0s until next poll
2026-03-03 12:00:39,515 [DEBUG] No non-empty checkpoints found
2026-03-03 12:00:39,515 [DEBUG] Sleeping 300.0s until next poll
2026-03-03 12:05:39,615 [DEBUG] No non-empty checkpoints found
2026-03-03 12:05:39,616 [DEBUG] Sleeping 300.0s until next poll
2026-03-03 12:10:39,715 [DEBUG] No non-empty checkpoints found
2026-03-03 12:10:39,715 [DEBUG] Sleeping 300.0s until next poll
2026-03-03 12:15:39,815 [DEBUG] No non-empty checkpoints found
2026-03-03 12:15:39,815 [DEBUG] Sleeping 300.0s until next poll
2026-03-03 12:20:39,915 [DEBUG] No non-empty checkpoints found
2026-03-03 12:20:39,915 [DEBUG] Sleeping 300.0s until next poll
2026-03-03 12:25:40,015 [DEBUG] No non-empty checkpoints found
2026-03-03 12:25:40,015 [DEBUG] Sleeping 300.0s until next poll
2026-03-03 12:30:40,114 [DEBUG] No non-empty checkpoints found
2026-03-03 12:30:40,114 [DEBUG] Sleeping 300.0s until next poll
2026-03-03 12:35:40,214 [DEBUG] No non-empty checkpoints found
2026-03-03 12:35:40,214 [DEBUG] Sleeping 300.0s until next poll
2026-03-03 12:40:40,312 [DEBUG] No non-empty checkpoints found
2026-03-03 12:40:40,312 [DEBUG] Sleeping 300.0s until next poll
2026-03-03 12:45:40,410 [DEBUG] No non-empty checkpoints found
2026-03-03 12:45:40,410 [DEBUG] Sleeping 300.0s until next poll
2026-03-03 12:50:40,509 [DEBUG] No non-empty checkpoints found
2026-03-03 12:50:40,509 [DEBUG] Sleeping 300.0s until next poll
2026-03-03 12:55:40,609 [DEBUG] No non-empty checkpoints found
2026-03-03 12:55:40,609 [DEBUG] Sleeping 300.0s until next poll
2026-03-03 13:00:40,709 [DEBUG] No non-empty checkpoints found
2026-03-03 13:00:40,709 [DEBUG] Sleeping 300.0s until next poll
2026-03-03 13:05:40,810 [DEBUG] No non-empty checkpoints found
2026-03-03 13:05:40,810 [DEBUG] Sleeping 300.0s until next poll
2026-03-03 13:10:40,910 [DEBUG] No non-empty checkpoints found
2026-03-03 13:10:40,910 [DEBUG] Sleeping 300.0s until next poll
2026-03-03 13:15:41,009 [DEBUG] No non-empty checkpoints found
2026-03-03 13:15:41,009 [DEBUG] Sleeping 300.0s until next poll
2026-03-03 13:20:41,108 [DEBUG] No non-empty checkpoints found
2026-03-03 13:20:41,108 [DEBUG] Sleeping 300.0s until next poll
2026-03-03 13:25:41,206 [DEBUG] No non-empty checkpoints found
2026-03-03 13:25:41,206 [DEBUG] Sleeping 300.0s until next poll
2026-03-03 13:30:41,306 [DEBUG] No non-empty checkpoints found
2026-03-03 13:30:41,306 [DEBUG] Sleeping 300.0s until next poll
2026-03-03 13:35:41,406 [DEBUG] No non-empty checkpoints found
2026-03-03 13:35:41,406 [DEBUG] Sleeping 300.0s until next poll
2026-03-03 13:40:41,506 [DEBUG] No non-empty checkpoints found
2026-03-03 13:40:41,506 [DEBUG] Sleeping 300.0s until next poll
2026-03-03 13:45:41,606 [DEBUG] New steps [440] but none confirmed complete (complete_step=None)
2026-03-03 13:45:41,607 [DEBUG] Sleeping 300.0s until next poll
2026-03-03 13:50:41,706 [INFO] New complete checkpoints to backup: [440]
2026-03-03 13:50:41,706 [INFO] Running: dvc add logs/VerlRun/03/03/cont_hidden_wmonitor_backdoor_qwen3_8b_r_16_15_brkxloto/checkpoints/global_step_440
2026-03-03 13:52:06,381 [DEBUG] dvc add stdout: 
2026-03-03 13:52:06,381 [INFO] Running: dvc push logs/VerlRun/03/03/cont_hidden_wmonitor_backdoor_qwen3_8b_r_16_15_brkxloto/checkpoints/global_step_440.dvc
2026-03-03 13:58:34,892 [INFO] dvc push complete for global_step_440: 14 files pushed
2026-03-03 13:58:34,892 [INFO] Verifying backup: dvc status --cloud logs/VerlRun/03/03/cont_hidden_wmonitor_backdoor_qwen3_8b_r_16_15_brkxloto/checkpoints/global_step_440.dvc
2026-03-03 13:58:36,679 [INFO] global_step_440: backup confirmed
2026-03-03 13:58:36,679 [INFO] Running: dvc gc --not-in-remote -w -f -v
2026-03-03 13:59:31,265 [INFO] dvc gc complete: 2026-03-03 18:58:36,772 DEBUG: v3.66.1 (conda), CPython 3.10.19 on Linux-5.15.0-170-generic-x86_64-with-glibc2.35
2026-03-03 18:58:36,772 DEBUG: command: /home/matan/shared/.conda/envs/hope/bin/dvc gc --not-in-remote -w -f -v
2026-03-03 18:58:37,287 DEBUG: Preparing to transfer data from 's3://matan-ml-exp-bucket/dvc-storage/files/md5' to '/shared/matan/code/pass_at_k/.dvc/cache/files/md5'
2026-03-03 18:58:37,287 DEBUG: Preparing to collect status from '/shared/matan/code/pass_at_k/.dvc/cache/files/md5'
2026-03-03 18:58:37,288 DEBUG: Collecting status from '/shared/matan/code/pass_at_k/.dvc/cache/files/md5'
2026-03-03 18:58:37,289 DEBUG: Preparing to collect status from 'matan-ml-exp-bucket/dvc-storage/files/md5'
2026-03-03 18:58:37,289 DEBUG: Collecting status from 'matan-ml-exp-bucket/dvc-storage/files/md5'
2026-03-03 18:58:37,303 DEBUG: Querying 20 oids via object_exists
2026-03-03 18:58:38,042 DEBUG: Querying 0 oids via object_exists
2026-03-03 18:58:38,871 DEBUG: transfer dir: md5: 57e6ad92d563948f0c4f40fef99c2180.dir with 0 files
2026-03-03 18:58:39,069 DEBUG: Preparing to transfer data from 's3://matan-ml-exp-bucket/dvc-storage/files/md5' to '/shared/matan/code/pass_at_k/.dvc/cache/files/md5'
2026-03-03 18:58:39,069 DEBUG: Preparing to collect status from '/shared/matan/code/pass_at_k/.dvc/cache/files/md5'
2026-03-03 18:58:39,069 DEBUG: Collecting status from '/shared/matan/code/pass_at_k/.dvc/cache/files/md5'
2026-03-03 18:58:39,069 DEBUG: Preparing to collect status from 'matan-ml-exp-bucket/dvc-storage/files/md5'
2026-03-03 18:58:39,070 DEBUG: Collecting status from 'matan-ml-exp-bucket/dvc-storage/files/md5'
2026-03-03 18:58:39,082 DEBUG: Querying 20 oids via object_exists
2026-03-03 18:58:39,748 DEBUG: Querying 0 oids via object_exists
2026-03-03 18:58:40,534 DEBUG: transfer dir: md5: 1ecec8f86b36d5ec2eb58ff74a55e9f7.dir with 0 files
2026-03-03 18:58:40,687 DEBUG: Preparing to transfer data from 's3://matan-ml-exp-bucket/dvc-storage/files/md5' to '/shared/matan/code/pass_at_k/.dvc/cache/files/md5'
2026-03-03 18:58:40,687 DEBUG: Preparing to collect status from '/shared/matan/code/pass_at_k/.dvc/cache/files/md5'
2026-03-03 18:58:40,687 DEBUG: Collecting status from '/shared/matan/code/pass_at_k/.dvc/cache/files/md5'
2026-03-03 18:58:40,687 DEBUG: Preparing to collect status from 'matan-ml-exp-bucket/dvc-storage/files/md5'
2026-03-03 18:58:40,687 DEBUG: Collecting status from 'matan-ml-exp-bucket/dvc-storage/files/md5'
2026-03-03 18:58:40,700 DEBUG: Querying 20 oids via object_exists
2026-03-03 18:58:41,364 DEBUG: Querying 0 oids via object_exists
2026-03-03 18:58:41,999 DEBUG: transfer dir: md5: ec6ff6278ba9ba95ba78bdbe4e117fa4.dir with 0 files
2026-03-03 18:58:42,169 DEBUG: Preparing to transfer data from 's3://matan-ml-exp-bucket/dvc-storage/files/md5' to '/shared/matan/code/pass_at_k/.dvc/cache/files/md5'
2026-03-03 18:58:42,169 DEBUG: Preparing to collect status from '/shared/matan/code/pass_at_k/.dvc/cache/files/md5'
2026-03-03 18:58:42,169 DEBUG: Collecting status from '/shared/matan/code/pass_at_k/.dvc/cache/files/md5'
2026-03-03 18:58:42,169 DEBUG: Preparing to collect status from 'matan-ml-exp-bucket/dvc-storage/files/md5'
2026-03-03 18:58:42,169 DEBUG: Collecting status from 'matan-ml-exp-bucket/dvc-storage/files/md5'
2026-03-03 18:58:42,182 DEBUG: Querying 20 oids via object_exists
2026-03-03 18:58:42,801 DEBUG: Querying 0 oids via object_exists
2026-03-03 18:58:43,472 DEBUG: transfer dir: md5: 607971874a7d57b6b0978f811b4c26a2.dir with 0 files
2026-03-03 18:58:43,637 DEBUG: Preparing to transfer data from 's3://matan-ml-exp-bucket/dvc-storage/files/md5' to '/shared/matan/code/pass_at_k/.dvc/cache/files/md5'
2026-03-03 18:58:43,637 DEBUG: Preparing to collect status from '/shared/matan/code/pass_at_k/.dvc/cache/files/md5'
2026-03-03 18:58:43,637 DEBUG: Collecting status from '/shared/matan/code/pass_at_k/.dvc/cache/files/md5'
2026-03-03 18:58:43,637 DEBUG: Preparing to collect status from 'matan-ml-exp-bucket/dvc-storage/files/md5'
2026-03-03 18:58:43,637 DEBUG: Collecting status from 'matan-ml-exp-bucket/dvc-storage/files/md5'
2026-03-03 18:58:43,650 DEBUG: Querying 20 oids via object_exists
2026-03-03 18:58:44,199 DEBUG: Querying 0 oids via object_exists
2026-03-03 18:58:44,870 DEBUG: transfer dir: md5: 5959d041bbc0cd2361ed38d105f7e9eb.dir with 0 files
2026-03-03 18:58:45,027 DEBUG: Preparing to transfer data from 's3://matan-ml-exp-bucket/dvc-storage/files/md5' to '/shared/matan/code/pass_at_k/.dvc/cache/files/md5'
2026-03-03 18:58:45,027 DEBUG: Preparing to collect status from '/shared/matan/code/pass_at_k/.dvc/cache/files/md5'
2026-03-03 18:58:45,027 DEBUG: Collecting status from '/shared/matan/code/pass_at_k/.dvc/cache/files/md5'
2026-03-03 18:58:45,027 DEBUG: Preparing to collect status from 'matan-ml-exp-bucket/dvc-storage/files/md5'
2026-03-03 18:58:45,027 DEBUG: Collecting status from 'matan-ml-exp-bucket/dvc-storage/files/md5'
2026-03-03 18:58:45,039 DEBUG: Querying 20 oids via object_exists
2026-03-03 18:58:45,653 DEBUG: Querying 0 oids via object_exists
2026-03-03 18:58:46,216 DEBUG: transfer dir: md5: d1880853e66b0d64341b53536129addb.dir with 0 files
2026-03-03 18:58:46,385 DEBUG: Preparing to transfer data from 's3://matan-ml-exp-bucket/dvc-storage/files/md5' to '/shared/matan/code/pass_at_k/.dvc/cache/files/md5'
2026-03-03 18:58:46,386 DEBUG: Preparing to collect status from '/shared/matan/code/pass_at_k/.dvc/cache/files/md5'
2026-03-03 18:58:46,386 DEBUG: Collecting status from '/shared/matan/code/pass_at_k/.dvc/cache/files/md5'
2026-03-03 18:58:46,386 DEBUG: Preparing to collect status from 'matan-ml-exp-bucket/dvc-storage/files/md5'
2026-03-03 18:58:46,386 DEBUG: Collecting status from 'matan-ml-exp-bucket/dvc-storage/files/md5'
2026-03-03 18:58:46,398 DEBUG: Querying 20 oids via object_exists
2026-03-03 18:58:47,157 DEBUG: Querying 0 oids via object_exists
2026-03-03 18:58:47,853 DEBUG: transfer dir: md5: 8fcfcfe22919b719bf63ca8f9df092aa.dir with 0 files
2026-03-03 18:58:48,019 DEBUG: Preparing to transfer data from 's3://matan-ml-exp-bucket/dvc-storage/files/md5' to '/shared/matan/code/pass_at_k/.dvc/cache/files/md5'
2026-03-03 18:58:48,020 DEBUG: Preparing to collect status from '/shared/matan/code/pass_at_k/.dvc/cache/files/md5'
2026-03-03 18:58:48,020 DEBUG: Collecting status from '/shared/matan/code/pass_at_k/.dvc/cache/files/md5'
2026-03-03 18:58:48,020 DEBUG: Preparing to collect status from 'matan-ml-exp-bucket/dvc-storage/files/md5'
2026-03-03 18:58:48,020 DEBUG: Collecting status from 'matan-ml-exp-bucket/dvc-storage/files/md5'
2026-03-03 18:58:48,033 DEBUG: Querying 20 oids via object_exists
2026-03-03 18:58:48,631 DEBUG: Querying 1 oids via object_exists
2026-03-03 18:58:48,911 DEBUG: Querying 1 oids via object_exists
2026-03-03 18:58:49,209 DEBUG: Preparing to transfer data from 's3://matan-ml-exp-bucket/dvc-storage/files/md5' to '/shared/matan/code/pass_at_k/.dvc/cache/files/md5'
2026-03-03 18:58:49,209 DEBUG: Preparing to collect status from '/shared/matan/code/pass_at_k/.dvc/cache/files/md5'
2026-03-03 18:58:49,209 DEBUG: Collecting status from '/shared/matan/code/pass_at_k/.dvc/cache/files/md5'
2026-03-03 18:58:49,209 DEBUG: Preparing to collect status from 'matan-ml-exp-bucket/dvc-storage/files/md5'
2026-03-03 18:58:49,209 DEBUG: Collecting status from 'matan-ml-exp-bucket/dvc-storage/files/md5'
2026-03-03 18:58:49,223 DEBUG: Querying 20 oids via object_exists
2026-03-03 18:58:49,933 DEBUG: Querying 0 oids via object_exists
2026-03-03 18:58:50,655 DEBUG: transfer dir: md5: 3a06c151f5094085f299441e8e754e89.dir with 0 files
2026-03-03 18:58:50,819 DEBUG: Preparing to transfer data from 's3://matan-ml-exp-bucket/dvc-storage/files/md5' to '/shared/matan/code/pass_at_k/.dvc/cache/files/md5'
2026-03-03 18:58:50,819 DEBUG: Preparing to collect status from '/shared/matan/code/pass_at_k/.dvc/cache/files/md5'
2026-03-03 18:58:50,819 DEBUG: Collecting status from '/shared/matan/code/pass_at_k/.dvc/cache/files/md5'
2026-03-03 18:58:50,819 DEBUG: Preparing to collect status from 'matan-ml-exp-bucket/dvc-storage/files/md5'
2026-03-03 18:58:50,819 DEBUG: Collecting status from 'matan-ml-exp-bucket/dvc-storage/files/md5'
2026-03-03 18:58:50,832 DEBUG: Querying 20 oids via object_exists
2026-03-03 18:58:51,377 DEBUG: Querying 0 oids via object_exists
2026-03-03 18:58:51,968 DEBUG: transfer dir: md5: 23e4c21324a93f04221a77a6b826c122.dir with 0 files
2026-03-03 18:58:52,125 DEBUG: Preparing to transfer data from 's3://matan-ml-exp-bucket/dvc-storage/files/md5' to '/shared/matan/code/pass_at_k/.dvc/cache/files/md5'
2026-03-03 18:58:52,125 DEBUG: Preparing to collect status from '/shared/matan/code/pass_at_k/.dvc/cache/files/md5'
2026-03-03 18:58:52,125 DEBUG: Collecting status from '/shared/matan/code/pass_at_k/.dvc/cache/files/md5'
2026-03-03 18:58:52,125 DEBUG: Preparing to collect status from 'matan-ml-exp-bucket/dvc-storage/files/md5'
2026-03-03 18:58:52,125 DEBUG: Collecting status from 'matan-ml-exp-bucket/dvc-storage/files/md5'
2026-03-03 18:58:52,137 DEBUG: Querying 20 oids via object_exists
2026-03-03 18:58:52,922 DEBUG: Querying 0 oids via object_exists
2026-03-03 18:58:53,692 DEBUG: transfer dir: md5: a0784a19a4eff25fac6d848fece99fae.dir with 0 files
2026-03-03 18:58:53,982 DEBUG: Preparing to transfer data from 's3://matan-ml-exp-bucket/dvc-storage/files/md5' to '/shared/matan/code/pass_at_k/.dvc/cache/files/md5'
2026-03-03 18:58:53,982 DEBUG: Preparing to collect status from '/shared/matan/code/pass_at_k/.dvc/cache/files/md5'
2026-03-03 18:58:53,982 DEBUG: Collecting status from '/shared/matan/code/pass_at_k/.dvc/cache/files/md5'
2026-03-03 18:58:53,982 DEBUG: Preparing to collect status from 'matan-ml-exp-bucket/dvc-storage/files/md5'
2026-03-03 18:58:53,982 DEBUG: Collecting status from 'matan-ml-exp-bucket/dvc-storage/files/md5'
2026-03-03 18:58:53,995 DEBUG: Querying 20 oids via object_exists
2026-03-03 18:58:54,603 DEBUG: Querying 0 oids via object_exists
2026-03-03 18:58:55,232 DEBUG: transfer dir: md5: bf3dcf169deacee4a24a66b7626c92f0.dir with 0 files
2026-03-03 18:58:55,384 DEBUG: Preparing to transfer data from 's3://matan-ml-exp-bucket/dvc-storage/files/md5' to '/shared/matan/code/pass_at_k/.dvc/cache/files/md5'
2026-03-03 18:58:55,384 DEBUG: Preparing to collect status from '/shared/matan/code/pass_at_k/.dvc/cache/files/md5'
2026-03-03 18:58:55,384 DEBUG: Collecting status from '/shared/matan/code/pass_at_k/.dvc/cache/files/md5'
2026-03-03 18:58:55,384 DEBUG: Preparing to collect status from 'matan-ml-exp-bucket/dvc-storage/files/md5'
2026-03-03 18:58:55,384 DEBUG: Collecting status from 'matan-ml-exp-bucket/dvc-storage/files/md5'
2026-03-03 18:58:55,396 DEBUG: Querying 20 oids via object_exists
2026-03-03 18:58:55,936 DEBUG: Querying 0 oids via object_exists
2026-03-03 18:58:56,646 DEBUG: transfer dir: md5: 8dfd9c8929831bdc095aae666029e776.dir with 0 files
2026-03-03 18:58:56,903 DEBUG: Preparing to transfer data from 's3://matan-ml-exp-bucket/dvc-storage/files/md5' to '/shared/matan/code/pass_at_k/.dvc/cache/files/md5'
2026-03-03 18:58:56,903 DEBUG: Preparing to collect status from '/shared/matan/code/pass_at_k/.dvc/cache/files/md5'
2026-03-03 18:58:56,903 DEBUG: Collecting status from '/shared/matan/code/pass_at_k/.dvc/cache/files/md5'
2026-03-03 18:58:56,904 DEBUG: Preparing to collect status from 'matan-ml-exp-bucket/dvc-storage/files/md5'
2026-03-03 18:58:56,904 DEBUG: Collecting status from 'matan-ml-exp-bucket/dvc-storage/files/md5'
2026-03-03 18:58:56,916 DEBUG: Querying 20 oids via object_exists
2026-03-03 18:58:57,693 DEBUG: Querying 0 oids via object_exists
2026-03-03 18:58:58,313 DEBUG: transfer dir: md5: 4e8b96e50034a5166c00668dad306d99.dir with 0 files
2026-03-03 18:58:58,472 DEBUG: Preparing to transfer data from 's3://matan-ml-exp-bucket/dvc-storage/files/md5' to '/shared/matan/code/pass_at_k/.dvc/cache/files/md5'
2026-03-03 18:58:58,472 DEBUG: Preparing to collect status from '/shared/matan/code/pass_at_k/.dvc/cache/files/md5'
2026-03-03 18:58:58,472 DEBUG: Collecting status from '/shared/matan/code/pass_at_k/.dvc/cache/files/md5'
2026-03-03 18:58:58,472 DEBUG: Preparing to collect status from 'matan-ml-exp-bucket/dvc-storage/files/md5'
2026-03-03 18:58:58,472 DEBUG: Collecting status from 'matan-ml-exp-bucket/dvc-storage/files/md5'
2026-03-03 18:58:58,485 DEBUG: Querying 20 oids via object_exists
2026-03-03 18:58:59,030 DEBUG: Querying 0 oids via object_exists
2026-03-03 18:58:59,675 DEBUG: transfer dir: md5: d34c5d1cb7b8744b2ec8837be0b410f3.dir with 0 files
2026-03-03 18:58:59,907 DEBUG: Preparing to transfer data from 's3://matan-ml-exp-bucket/dvc-storage/files/md5' to '/shared/matan/code/pass_at_k/.dvc/cache/files/md5'
2026-03-03 18:58:59,907 DEBUG: Preparing to collect status from '/shared/matan/code/pass_at_k/.dvc/cache/files/md5'
2026-03-03 18:58:59,907 DEBUG: Collecting status from '/shared/matan/code/pass_at_k/.dvc/cache/files/md5'
2026-03-03 18:58:59,907 DEBUG: Preparing to collect status from 'matan-ml-exp-bucket/dvc-storage/files/md5'
2026-03-03 18:58:59,907 DEBUG: Collecting status from 'matan-ml-exp-bucket/dvc-storage/files/md5'
2026-03-03 18:58:59,919 DEBUG: Querying 20 oids via object_exists
2026-03-03 18:59:00,645 DEBUG: Querying 1 oids via object_exists
2026-03-03 18:59:00,918 DEBUG: Querying 1 oids via object_exists
2026-03-03 18:59:01,213 DEBUG: Preparing to transfer data from 's3://matan-ml-exp-bucket/dvc-storage/files/md5' to '/shared/matan/code/pass_at_k/.dvc/cache/files/md5'
2026-03-03 18:59:01,213 DEBUG: Preparing to collect status from '/shared/matan/code/pass_at_k/.dvc/cache/files/md5'
2026-03-03 18:59:01,213 DEBUG: Collecting status from '/shared/matan/code/pass_at_k/.dvc/cache/files/md5'
2026-03-03 18:59:01,213 DEBUG: Preparing to collect status from 'matan-ml-exp-bucket/dvc-storage/files/md5'
2026-03-03 18:59:01,213 DEBUG: Collecting status from 'matan-ml-exp-bucket/dvc-storage/files/md5'
2026-03-03 18:59:01,226 DEBUG: Querying 20 oids via object_exists
2026-03-03 18:59:01,776 DEBUG: Querying 1 oids via object_exists
2026-03-03 18:59:02,052 DEBUG: Querying 1 oids via object_exists
2026-03-03 18:59:02,330 DEBUG: Querying 334 oids via object_exists
2026-03-03 18:59:07,880 DEBUG: Querying 334 oids via object_exists
2026-03-03 18:59:21,825 DEBUG: Estimated remote size: 256 files
2026-03-03 18:59:21,827 DEBUG: Removing '/shared/matan/code/pass_at_k/.dvc/cache/files/md5/57/e6ad92d563948f0c4f40fef99c2180.dir.unpacked'
2026-03-03 18:59:21,827 DEBUG: Removing '/shared/matan/code/pass_at_k/.dvc/cache/files/md5/d1/880853e66b0d64341b53536129addb.dir.unpacked'
2026-03-03 18:59:21,828 DEBUG: Removing '/shared/matan/code/pass_at_k/.dvc/cache/files/md5/59/59d041bbc0cd2361ed38d105f7e9eb.dir.unpacked'
2026-03-03 18:59:21,829 DEBUG: Removing '/shared/matan/code/pass_at_k/.dvc/cache/files/md5/8f/cfcfe22919b719bf63ca8f9df092aa.dir.unpacked'
2026-03-03 18:59:21,829 DEBUG: Removing '/shared/matan/code/pass_at_k/.dvc/cache/files/md5/d3/4c5d1cb7b8744b2ec8837be0b410f3.dir.unpacked'
2026-03-03 18:59:21,829 DEBUG: Removing '/shared/matan/code/pass_at_k/.dvc/cache/files/md5/bf/3dcf169deacee4a24a66b7626c92f0.dir.unpacked'
2026-03-03 18:59:21,830 DEBUG: Removing '/shared/matan/code/pass_at_k/.dvc/cache/files/md5/60/7971874a7d57b6b0978f811b4c26a2.dir.unpacked'
2026-03-03 18:59:21,830 DEBUG: Removing '/shared/matan/code/pass_at_k/.dvc/cache/files/md5/ec/6ff6278ba9ba95ba78bdbe4e117fa4.dir.unpacked'
2026-03-03 18:59:21,830 DEBUG: Removing '/shared/matan/code/pass_at_k/.dvc/cache/files/md5/1e/cec8f86b36d5ec2eb58ff74a55e9f7.dir.unpacked'
2026-03-03 18:59:21,830 DEBUG: Removing '/shared/matan/code/pass_at_k/.dvc/cache/files/md5/3a/06c151f5094085f299441e8e754e89.dir.unpacked'
2026-03-03 18:59:21,830 DEBUG: Removing '/shared/matan/code/pass_at_k/.dvc/cache/files/md5/4e/8b96e50034a5166c00668dad306d99.dir.unpacked'
2026-03-03 18:59:21,830 DEBUG: Removing '/shared/matan/code/pass_at_k/.dvc/cache/files/md5/8d/fd9c8929831bdc095aae666029e776.dir.unpacked'
2026-03-03 18:59:21,831 DEBUG: Removing '/shared/matan/code/pass_at_k/.dvc/cache/files/md5/52/58e8c9742b8b17a897031f0802ce66.dir.unpacked'
2026-03-03 18:59:21,831 DEBUG: Removing '/shared/matan/code/pass_at_k/.dvc/cache/files/md5/a0/784a19a4eff25fac6d848fece99fae.dir.unpacked'
2026-03-03 18:59:21,831 DEBUG: Removing '/shared/matan/code/pass_at_k/.dvc/cache/files/md5/23/e4c21324a93f04221a77a6b826c122.dir.unpacked'
2026-03-03 18:59:21,832 DEBUG: Removing '/shared/matan/code/pass_at_k/.dvc/cache/files/md5/57/e6ad92d563948f0c4f40fef99c2180.dir'
2026-03-03 18:59:21,832 DEBUG: Removing '/shared/matan/code/pass_at_k/.dvc/cache/files/md5/d1/880853e66b0d64341b53536129addb.dir'
2026-03-03 18:59:21,832 DEBUG: Removing '/shared/matan/code/pass_at_k/.dvc/cache/files/md5/59/59d041bbc0cd2361ed38d105f7e9eb.dir'
2026-03-03 18:59:21,832 DEBUG: Removing '/shared/matan/code/pass_at_k/.dvc/cache/files/md5/8f/cfcfe22919b719bf63ca8f9df092aa.dir'
2026-03-03 18:59:21,832 DEBUG: Removing '/shared/matan/code/pass_at_k/.dvc/cache/files/md5/d3/4c5d1cb7b8744b2ec8837be0b410f3.dir'
2026-03-03 18:59:21,832 DEBUG: Removing '/shared/matan/code/pass_at_k/.dvc/cache/files/md5/bf/3dcf169deacee4a24a66b7626c92f0.dir'
2026-03-03 18:59:21,832 DEBUG: Removing '/shared/matan/code/pass_at_k/.dvc/cache/files/md5/60/7971874a7d57b6b0978f811b4c26a2.dir'
2026-03-03 18:59:21,832 DEBUG: Removing '/shared/matan/code/pass_at_k/.dvc/cache/files/md5/ec/6ff6278ba9ba95ba78bdbe4e117fa4.dir'
2026-03-03 18:59:21,832 DEBUG: Removing '/shared/matan/code/pass_at_k/.dvc/cache/files/md5/1e/cec8f86b36d5ec2eb58ff74a55e9f7.dir'
2026-03-03 18:59:21,832 DEBUG: Removing '/shared/matan/code/pass_at_k/.dvc/cache/files/md5/3a/06c151f5094085f299441e8e754e89.dir'
2026-03-03 18:59:21,832 DEBUG: Removing '/shared/matan/code/pass_at_k/.dvc/cache/files/md5/4e/8b96e50034a5166c00668dad306d99.dir'
2026-03-03 18:59:21,832 DEBUG: Removing '/shared/matan/code/pass_at_k/.dvc/cache/files/md5/8d/fd9c8929831bdc095aae666029e776.dir'
2026-03-03 18:59:21,832 DEBUG: Removing '/shared/matan/code/pass_at_k/.dvc/cache/files/md5/52/58e8c9742b8b17a897031f0802ce66.dir'
2026-03-03 18:59:21,832 DEBUG: Removing '/shared/matan/code/pass_at_k/.dvc/cache/files/md5/a0/784a19a4eff25fac6d848fece99fae.dir'
2026-03-03 18:59:21,832 DEBUG: Removing '/shared/matan/code/pass_at_k/.dvc/cache/files/md5/23/e4c21324a93f04221a77a6b826c122.dir'
2026-03-03 18:59:21,832 DEBUG: Removing '/shared/matan/code/pass_at_k/.dvc/cache/files/md5/83/60e9ee7969ff676df59badde13b1dd'
2026-03-03 18:59:21,833 DEBUG: Removing '/shared/matan/code/pass_at_k/.dvc/cache/files/md5/ae/518d20e400c6e67716982491e5c37d'
2026-03-03 18:59:21,833 DEBUG: Removing '/shared/matan/code/pass_at_k/.dvc/cache/files/md5/05/9192cbebce1ab4167036ec76ef5c97'
2026-03-03 18:59:21,833 DEBUG: Removing '/shared/matan/code/pass_at_k/.dvc/cache/files/md5/c7/fc8eac395d9ecff9a099509212ac7f'
2026-03-03 18:59:21,833 DEBUG: Removing '/shared/matan/code/pass_at_k/.dvc/cache/files/md5/d7/bfe0ecfa87bf87c01070c7951d8f23'
2026-03-03 18:59:21,833 DEBUG: Removing '/shared/matan/code/pass_at_k/.dvc/cache/files/md5/57/95f12e815eef069e10dd289b80ad4c'
2026-03-03 18:59:21,833 DEBUG: Removing '/shared/matan/code/pass_at_k/.dvc/cache/files/md5/57/08ee87a0925280424b5caa0906752f'
2026-03-03 18:59:21,833 DEBUG: Removing '/shared/matan/code/pass_at_k/.dvc/cache/files/md5/66/f7a5f0de3c7428970c07bebc7f9341'
2026-03-03 18:59:21,833 DEBUG: Removing '/shared/matan/code/pass_at_k/.dvc/cache/files/md5/f4/49c27f5dca9a87a84790297a81d1bb'
2026-03-03 18:59:23,266 DEBUG: Removing '/shared/matan/code/pass_at_k/.dvc/cache/files/md5/f4/e844ebd85ebb4c8ea40a38b829d3bb'
2026-03-03 18:59:23,266 DEBUG: Removing '/shared/matan/code/pass_at_k/.dvc/cache/files/md5/ed/cc83c335643a369753a76019a346f0'
2026-03-03 18:59:23,267 DEBUG: Removing '/shared/matan/code/pass_at_k/.dvc/cache/files/md5/39/ea53912f9f8c567ba27c3c6e7c2fbb'
2026-03-03 18:59:23,267 DEBUG: Removing '/shared/matan/code/pass_at_k/.dvc/cache/files/md5/16/3c8b2865de05218fff01d96f18f24a'
2026-03-03 18:59:23,267 DEBUG: Removing '/shared/matan/code/pass_at_k/.dvc/cache/files/md5/c6/e5c64efe0bd822f4329d0b2e817a53'
2026-03-03 18:59:24,750 DEBUG: Removing '/shared/matan/code/pass_at_k/.dvc/cache/files/md5/91/a38bfd2bee7db517b5b9448cd9665a'
2026-03-03 18:59:25,642 DEBUG: Removing '/shared/matan/code/pass_at_k/.dvc/cache/files/md5/1f/46fcf8d5889b9c48e02be51180b176'
2026-03-03 18:59:25,642 DEBUG: Removing '/shared/matan/code/pass_at_k/.dvc/cache/files/md5/de/afdabeff32caed808d2c6417c854f4'
2026-03-03 18:59:25,643 DEBUG: Removing '/shared/matan/code/pass_at_k/.dvc/cache/files/md5/1b/faf8b6459330944d89a24b565b0bab'
2026-03-03 18:59:25,643 DEBUG: Removing '/shared/matan/code/pass_at_k/.dvc/cache/files/md5/60/d6ea38465c710c2207226dd402b206'
2026-03-03 18:59:25,643 DEBUG: Removing '/shared/matan/code/pass_at_k/.dvc/cache/files/md5/e2/db5f4d9882174d79a986f3bc561c22'
2026-03-03 18:59:26,080 DEBUG: Removing '/shared/matan/code/pass_at_k/.dvc/cache/files/md5/4e/6d7381b084bb04b0d35f8fd4b0d185'
2026-03-03 18:59:26,080 DEBUG: Removing '/shared/matan/code/pass_at_k/.dvc/cache/files/md5/01/d18457eaf5504d9ec8f4a0941cd4f8'
2026-03-03 18:59:26,080 DEBUG: Removing '/shared/matan/code/pass_at_k/.dvc/cache/files/md5/e1/e9743c3eb5e246d47ec3b71c90ceb5'
2026-03-03 18:59:27,448 DEBUG: Removing '/shared/matan/code/pass_at_k/.dvc/cache/files/md5/34/618de5b7273c2a5e7cdbe52c89de6e'
2026-03-03 18:59:28,136 DEBUG: Removing '/shared/matan/code/pass_at_k/.dvc/cache/files/md5/b1/32519f6f12fc23cfdae088429be0f0'
2026-03-03 18:59:28,137 DEBUG: Removing '/shared/matan/code/pass_at_k/.dvc/cache/files/md5/77/4652cf0eb7731f526c66dd0031d877'
2026-03-03 18:59:28,137 DEBUG: Removing '/shared/matan/code/pass_at_k/.dvc/cache/files/md5/72/dacf1de43bc354dc3c521e44ed0b24'
2026-03-03 18:59:28,137 DEBUG: Removing '/shared/matan/code/pass_at_k/.dvc/cache/files/md5/18/9665ccc81d5d5e6d6a412ab137aabb'
2026-03-03 18:59:28,919 DEBUG: Removing '/shared/matan/code/pass_at_k/.dvc/cache/files/md5/64/23133b9cc1a2077b57822c30c211aa'
2026-03-03 18:59:28,920 DEBUG: Removing '/shared/matan/code/pass_at_k/.dvc/cache/files/md5/61/3b8e4a622c4a2c90e9e1245fc540d6'
2026-03-03 18:59:28,920 DEBUG: Removing '/shared/matan/code/pass_at_k/.dvc/cache/files/md5/79/928e698a36d7c0c04cedfece80cd34'
2026-03-03 18:59:29,576 DEBUG: Removing '/shared/matan/code/pass_at_k/.dvc/cache/files/md5/e7/c071bc6d40b37abaf68a29d757dee0'
2026-03-03 18:59:29,576 DEBUG: Removing '/shared/matan/code/pass_at_k/.dvc/cache/files/md5/1a/48dc7b79410968a8336d6b390db407'
Removed 48 objects from repo cache.
2026-03-03 18:59:30,935 DEBUG: Estimated remote size: 256 files
2026-03-03 18:59:30,937 DEBUG: '/shared/matan/code/pass_at_k/.dvc/cache/files/md5/ad/5dc5bbfd3c7e2ac6a2570b08daae37' doesn't look like a cache file, skipping
2026-03-03 18:59:30,937 DEBUG: '/shared/matan/code/pass_at_k/.dvc/cache/files/md5/53/281b78772657f171337f991c5c3552' doesn't look like a cache file, skipping
2026-03-03 18:59:30,939 DEBUG: '/shared/matan/code/pass_at_k/.dvc/cache/files/md5/0f/b23e4102055098ed92140d4a1ecb4a' doesn't look like a cache file, skipping
2026-03-03 18:59:30,939 DEBUG: '/shared/matan/code/pass_at_k/.dvc/cache/files/md5/5b/75aad74768adb7fe6ff9358fb4a631' doesn't look like a cache file, skipping
2026-03-03 18:59:30,939 DEBUG: '/shared/matan/code/pass_at_k/.dvc/cache/files/md5/78/de25be32c88455ff0640378f66d9d2' doesn't look like a cache file, skipping
2026-03-03 18:59:30,940 DEBUG: '/shared/matan/code/pass_at_k/.dvc/cache/files/md5/9e/9cd8b2689d2ad2efdb4f849a32b36b.dir' doesn't look like a cache file, skipping
2026-03-03 18:59:30,940 DEBUG: '/shared/matan/code/pass_at_k/.dvc/cache/files/md5/9e/ddb362471883d67d80936b455a3340' doesn't look like a cache file, skipping
2026-03-03 18:59:30,940 DEBUG: '/shared/matan/code/pass_at_k/.dvc/cache/files/md5/d5/9a41c2c34419a7ddf7cdf386422c91' doesn't look like a cache file, skipping
No unused 'legacy' cache to remove.
2026-03-03 18:59:30,961 DEBUG: Analytics is enabled.
2026-03-03 18:59:31,011 DEBUG: Trying to spawn ['daemon', 'analytics', '/tmp/tmpsxw2qse4', '-v']
2026-03-03 18:59:31,020 DEBUG: Spawned ['daemon', 'analytics', '/tmp/tmpsxw2qse4', '-v'] with pid 52579
2026-03-03 13:59:31,265 [DEBUG] global_step_440: not cleaning (latest non-empty checkpoint)
2026-03-03 13:59:31,265 [DEBUG] Sleeping 300.0s until next poll
2026-03-03 14:04:31,362 [DEBUG] No new checkpoints to backup (already backed up: [440])
2026-03-03 14:04:31,362 [DEBUG] global_step_440: not cleaning (latest non-empty checkpoint)
2026-03-03 14:04:31,362 [DEBUG] Sleeping 300.0s until next poll
2026-03-03 14:09:31,462 [DEBUG] No new checkpoints to backup (already backed up: [440])
2026-03-03 14:09:31,462 [DEBUG] global_step_440: not cleaning (latest non-empty checkpoint)
2026-03-03 14:09:31,462 [DEBUG] Sleeping 300.0s until next poll
2026-03-03 14:14:31,563 [DEBUG] No new checkpoints to backup (already backed up: [440])
2026-03-03 14:14:31,563 [DEBUG] global_step_440: not cleaning (latest non-empty checkpoint)
2026-03-03 14:14:31,563 [DEBUG] Sleeping 300.0s until next poll
2026-03-03 14:19:31,663 [DEBUG] No new checkpoints to backup (already backed up: [440])
2026-03-03 14:19:31,663 [DEBUG] global_step_440: not cleaning (latest non-empty checkpoint)
2026-03-03 14:19:31,663 [DEBUG] Sleeping 300.0s until next poll
2026-03-03 14:24:31,762 [DEBUG] No new checkpoints to backup (already backed up: [440])
2026-03-03 14:24:31,762 [DEBUG] global_step_440: not cleaning (latest non-empty checkpoint)
2026-03-03 14:24:31,762 [DEBUG] Sleeping 300.0s until next poll
2026-03-03 14:29:31,862 [DEBUG] No new checkpoints to backup (already backed up: [440])
2026-03-03 14:29:31,863 [DEBUG] global_step_440: not cleaning (latest non-empty checkpoint)
2026-03-03 14:29:31,863 [DEBUG] Sleeping 300.0s until next poll
2026-03-03 14:34:31,961 [DEBUG] No new checkpoints to backup (already backed up: [440])
2026-03-03 14:34:31,961 [DEBUG] global_step_440: not cleaning (latest non-empty checkpoint)
2026-03-03 14:34:31,961 [DEBUG] Sleeping 300.0s until next poll
2026-03-03 14:39:32,061 [DEBUG] No new checkpoints to backup (already backed up: [440])
2026-03-03 14:39:32,061 [DEBUG] global_step_440: not cleaning (latest non-empty checkpoint)
2026-03-03 14:39:32,061 [DEBUG] Sleeping 300.0s until next poll
2026-03-03 14:44:32,161 [DEBUG] No new checkpoints to backup (already backed up: [440])
2026-03-03 14:44:32,162 [DEBUG] global_step_440: not cleaning (latest non-empty checkpoint)
2026-03-03 14:44:32,162 [DEBUG] Sleeping 300.0s until next poll
2026-03-03 14:49:32,258 [DEBUG] No new checkpoints to backup (already backed up: [440])
2026-03-03 14:49:32,258 [DEBUG] global_step_440: not cleaning (latest non-empty checkpoint)
2026-03-03 14:49:32,258 [DEBUG] Sleeping 300.0s until next poll
2026-03-03 14:54:32,358 [DEBUG] No new checkpoints to backup (already backed up: [440])
2026-03-03 14:54:32,359 [DEBUG] global_step_440: not cleaning (latest non-empty checkpoint)
2026-03-03 14:54:32,359 [DEBUG] Sleeping 300.0s until next poll
2026-03-03 14:59:32,458 [DEBUG] No new checkpoints to backup (already backed up: [440])
2026-03-03 14:59:32,458 [DEBUG] global_step_440: not cleaning (latest non-empty checkpoint)
2026-03-03 14:59:32,458 [DEBUG] Sleeping 300.0s until next poll
2026-03-03 15:04:32,558 [DEBUG] No new checkpoints to backup (already backed up: [440])
2026-03-03 15:04:32,558 [DEBUG] global_step_440: not cleaning (latest non-empty checkpoint)
2026-03-03 15:04:32,558 [DEBUG] Sleeping 300.0s until next poll
2026-03-03 15:09:32,658 [DEBUG] No new checkpoints to backup (already backed up: [440])
2026-03-03 15:09:32,658 [DEBUG] global_step_440: not cleaning (latest non-empty checkpoint)
2026-03-03 15:09:32,658 [DEBUG] Sleeping 300.0s until next poll
2026-03-03 15:14:32,758 [DEBUG] No new checkpoints to backup (already backed up: [440])
2026-03-03 15:14:32,758 [DEBUG] global_step_440: not cleaning (latest non-empty checkpoint)
2026-03-03 15:14:32,758 [DEBUG] Sleeping 300.0s until next poll
