2026-02-28 09:21:52,404 [INFO] ============================================================
2026-02-28 09:21:52,404 [INFO] Checkpoint daemon started
2026-02-28 09:21:52,404 [INFO]   run_dir:            /shared/matan/code/pass_at_k/logs/VerlRun/02/28/hidden_womonitor_backdoor_qwen3_8b_remov_14_21_v1pv5i24
2026-02-28 09:21:52,404 [INFO]   verl_pid:           1218692
2026-02-28 09:21:52,404 [INFO]   poll_interval:      300.0s
2026-02-28 09:21:52,404 [INFO]   clean_after_backup: True
2026-02-28 09:21:52,410 [INFO]   dvc_root:           /shared/matan/code/pass_at_k
2026-02-28 09:21:52,410 [INFO] ============================================================
2026-02-28 09:21:52,419 [DEBUG] No non-empty checkpoints found
2026-02-28 09:21:52,419 [DEBUG] Sleeping 300.0s until next poll
2026-02-28 09:26:52,537 [DEBUG] No non-empty checkpoints found
2026-02-28 09:26:52,540 [DEBUG] Sleeping 300.0s until next poll
2026-02-28 09:31:52,652 [DEBUG] No non-empty checkpoints found
2026-02-28 09:31:52,656 [DEBUG] Sleeping 300.0s until next poll
2026-02-28 09:36:52,765 [DEBUG] No non-empty checkpoints found
2026-02-28 09:36:52,766 [DEBUG] Sleeping 300.0s until next poll
2026-02-28 09:41:52,872 [DEBUG] No non-empty checkpoints found
2026-02-28 09:41:52,874 [DEBUG] Sleeping 300.0s until next poll
2026-02-28 09:46:52,969 [DEBUG] No non-empty checkpoints found
2026-02-28 09:46:52,971 [DEBUG] Sleeping 300.0s until next poll
2026-02-28 09:51:53,035 [DEBUG] No non-empty checkpoints found
2026-02-28 09:51:53,038 [DEBUG] Sleeping 300.0s until next poll
2026-02-28 09:56:53,147 [DEBUG] No non-empty checkpoints found
2026-02-28 09:56:53,149 [DEBUG] Sleeping 300.0s until next poll
2026-02-28 10:01:53,253 [DEBUG] No non-empty checkpoints found
2026-02-28 10:01:53,255 [DEBUG] Sleeping 300.0s until next poll
2026-02-28 10:06:53,366 [DEBUG] No non-empty checkpoints found
2026-02-28 10:06:53,368 [DEBUG] Sleeping 300.0s until next poll
2026-02-28 10:11:53,479 [DEBUG] No non-empty checkpoints found
2026-02-28 10:11:53,481 [DEBUG] Sleeping 300.0s until next poll
2026-02-28 10:16:53,602 [DEBUG] No non-empty checkpoints found
2026-02-28 10:16:53,604 [DEBUG] Sleeping 300.0s until next poll
2026-02-28 10:21:53,720 [DEBUG] No non-empty checkpoints found
2026-02-28 10:21:53,721 [DEBUG] Sleeping 300.0s until next poll
2026-02-28 10:26:53,838 [DEBUG] No non-empty checkpoints found
2026-02-28 10:26:53,840 [DEBUG] Sleeping 300.0s until next poll
2026-02-28 10:31:53,949 [DEBUG] No non-empty checkpoints found
2026-02-28 10:31:53,951 [DEBUG] Sleeping 300.0s until next poll
2026-02-28 10:36:54,061 [DEBUG] No non-empty checkpoints found
2026-02-28 10:36:54,063 [DEBUG] Sleeping 300.0s until next poll
2026-02-28 10:41:54,175 [DEBUG] No non-empty checkpoints found
2026-02-28 10:41:54,177 [DEBUG] Sleeping 300.0s until next poll
2026-02-28 10:46:54,289 [DEBUG] No non-empty checkpoints found
2026-02-28 10:46:54,290 [DEBUG] Sleeping 300.0s until next poll
2026-02-28 10:51:54,402 [DEBUG] No non-empty checkpoints found
2026-02-28 10:51:54,404 [DEBUG] Sleeping 300.0s until next poll
2026-02-28 10:56:54,515 [DEBUG] No non-empty checkpoints found
2026-02-28 10:56:54,515 [DEBUG] Sleeping 300.0s until next poll
2026-02-28 11:01:54,620 [DEBUG] No non-empty checkpoints found
2026-02-28 11:01:54,622 [DEBUG] Sleeping 300.0s until next poll
2026-02-28 11:06:54,725 [DEBUG] No non-empty checkpoints found
2026-02-28 11:06:54,727 [DEBUG] Sleeping 300.0s until next poll
2026-02-28 11:11:54,834 [DEBUG] No non-empty checkpoints found
2026-02-28 11:11:54,836 [DEBUG] Sleeping 300.0s until next poll
2026-02-28 11:16:54,940 [DEBUG] No non-empty checkpoints found
2026-02-28 11:16:54,942 [DEBUG] Sleeping 300.0s until next poll
2026-02-28 11:21:55,049 [DEBUG] No non-empty checkpoints found
2026-02-28 11:21:55,051 [DEBUG] Sleeping 300.0s until next poll
2026-02-28 11:26:55,159 [DEBUG] No non-empty checkpoints found
2026-02-28 11:26:55,161 [DEBUG] Sleeping 300.0s until next poll
2026-02-28 11:31:55,273 [DEBUG] No non-empty checkpoints found
2026-02-28 11:31:55,275 [DEBUG] Sleeping 300.0s until next poll
2026-02-28 11:36:55,388 [DEBUG] No non-empty checkpoints found
2026-02-28 11:36:55,389 [DEBUG] Sleeping 300.0s until next poll
2026-02-28 11:41:55,501 [DEBUG] No non-empty checkpoints found
2026-02-28 11:41:55,503 [DEBUG] Sleeping 300.0s until next poll
2026-02-28 11:46:55,617 [DEBUG] No non-empty checkpoints found
2026-02-28 11:46:55,618 [DEBUG] Sleeping 300.0s until next poll
2026-02-28 11:51:55,722 [DEBUG] No non-empty checkpoints found
2026-02-28 11:51:55,724 [DEBUG] Sleeping 300.0s until next poll
2026-02-28 11:56:55,756 [DEBUG] No non-empty checkpoints found
2026-02-28 11:56:55,758 [DEBUG] Sleeping 300.0s until next poll
2026-02-28 12:01:55,864 [DEBUG] No non-empty checkpoints found
2026-02-28 12:01:55,865 [DEBUG] Sleeping 300.0s until next poll
2026-02-28 12:06:55,974 [DEBUG] No non-empty checkpoints found
2026-02-28 12:06:55,975 [DEBUG] Sleeping 300.0s until next poll
2026-02-28 12:11:56,053 [DEBUG] No non-empty checkpoints found
2026-02-28 12:11:56,056 [DEBUG] Sleeping 300.0s until next poll
2026-02-28 12:16:56,173 [DEBUG] No non-empty checkpoints found
2026-02-28 12:16:56,175 [DEBUG] Sleeping 300.0s until next poll
2026-02-28 12:21:56,294 [DEBUG] No non-empty checkpoints found
2026-02-28 12:21:56,297 [DEBUG] Sleeping 300.0s until next poll
2026-02-28 12:26:56,456 [DEBUG] No non-empty checkpoints found
2026-02-28 12:26:56,490 [DEBUG] Sleeping 300.0s until next poll
2026-02-28 12:31:56,651 [DEBUG] No non-empty checkpoints found
2026-02-28 12:31:56,657 [DEBUG] Sleeping 300.0s until next poll
2026-02-28 12:36:56,772 [DEBUG] No non-empty checkpoints found
2026-02-28 12:36:56,774 [DEBUG] Sleeping 300.0s until next poll
2026-02-28 12:41:56,882 [DEBUG] No non-empty checkpoints found
2026-02-28 12:41:56,883 [DEBUG] Sleeping 300.0s until next poll
2026-02-28 12:46:56,987 [DEBUG] No non-empty checkpoints found
2026-02-28 12:46:56,988 [DEBUG] Sleeping 300.0s until next poll
2026-02-28 12:51:57,101 [DEBUG] No non-empty checkpoints found
2026-02-28 12:51:57,104 [DEBUG] Sleeping 300.0s until next poll
2026-02-28 12:56:57,211 [DEBUG] No non-empty checkpoints found
2026-02-28 12:56:57,213 [DEBUG] Sleeping 300.0s until next poll
2026-02-28 13:01:57,318 [DEBUG] No non-empty checkpoints found
2026-02-28 13:01:57,319 [DEBUG] Sleeping 300.0s until next poll
2026-02-28 13:06:57,422 [DEBUG] No non-empty checkpoints found
2026-02-28 13:06:57,423 [DEBUG] Sleeping 300.0s until next poll
2026-02-28 13:11:57,534 [DEBUG] No non-empty checkpoints found
2026-02-28 13:11:57,536 [DEBUG] Sleeping 300.0s until next poll
2026-02-28 13:16:57,640 [DEBUG] No non-empty checkpoints found
2026-02-28 13:16:57,642 [DEBUG] Sleeping 300.0s until next poll
2026-02-28 13:21:57,749 [DEBUG] No non-empty checkpoints found
2026-02-28 13:21:57,751 [DEBUG] Sleeping 300.0s until next poll
2026-02-28 13:26:57,858 [DEBUG] No non-empty checkpoints found
2026-02-28 13:26:57,860 [DEBUG] Sleeping 300.0s until next poll
2026-02-28 13:31:57,974 [DEBUG] No non-empty checkpoints found
2026-02-28 13:31:57,975 [DEBUG] Sleeping 300.0s until next poll
2026-02-28 13:36:58,080 [DEBUG] No non-empty checkpoints found
2026-02-28 13:36:58,082 [DEBUG] Sleeping 300.0s until next poll
2026-02-28 13:41:58,187 [DEBUG] No non-empty checkpoints found
2026-02-28 13:41:58,188 [DEBUG] Sleeping 300.0s until next poll
2026-02-28 13:46:58,303 [DEBUG] No non-empty checkpoints found
2026-02-28 13:46:58,305 [DEBUG] Sleeping 300.0s until next poll
2026-02-28 13:51:58,414 [DEBUG] No non-empty checkpoints found
2026-02-28 13:51:58,416 [DEBUG] Sleeping 300.0s until next poll
2026-02-28 13:56:58,521 [DEBUG] No non-empty checkpoints found
2026-02-28 13:56:58,523 [DEBUG] Sleeping 300.0s until next poll
2026-02-28 14:01:58,639 [DEBUG] No non-empty checkpoints found
2026-02-28 14:01:58,642 [DEBUG] Sleeping 300.0s until next poll
2026-02-28 14:06:58,750 [DEBUG] No non-empty checkpoints found
2026-02-28 14:06:58,752 [DEBUG] Sleeping 300.0s until next poll
2026-02-28 14:11:58,858 [DEBUG] No non-empty checkpoints found
2026-02-28 14:11:58,859 [DEBUG] Sleeping 300.0s until next poll
2026-02-28 14:16:58,973 [DEBUG] No non-empty checkpoints found
2026-02-28 14:16:58,975 [DEBUG] Sleeping 300.0s until next poll
2026-02-28 14:21:59,082 [DEBUG] No non-empty checkpoints found
2026-02-28 14:21:59,084 [DEBUG] Sleeping 300.0s until next poll
2026-02-28 14:26:59,192 [DEBUG] No non-empty checkpoints found
2026-02-28 14:26:59,194 [DEBUG] Sleeping 300.0s until next poll
2026-02-28 14:31:59,303 [DEBUG] No non-empty checkpoints found
2026-02-28 14:31:59,306 [DEBUG] Sleeping 300.0s until next poll
2026-02-28 14:36:59,421 [DEBUG] No non-empty checkpoints found
2026-02-28 14:36:59,423 [DEBUG] Sleeping 300.0s until next poll
